03-06 14:38:26.081  1728  1743 I DeepNoDisturbP: notifyUidState
03-06 14:38:26.081  1728  1743 I BrowserChrP: notifyUidState
03-06 14:38:26.088  1317  1581 V ActivityManager: startProcess: name=com.huawei.cryptosms.service app=null knownToBeDead=true thread=null pid=-1
03-06 14:38:26.114  1317  1343 I ActivityManager: Start proc 14216:com.huawei.cryptosms.service/1000 for service com.huawei.cryptosms.service/.CryptoService
03-06 14:38:26.115  1317  1706 E ProcessInfoCollector: getProcessInfo: failed to find this proc 
03-06 14:38:26.133 14216 14216 D ActivityThread: Attach thread to application
03-06 14:38:26.177 14216 14216 I         : RegisterNatives OK!
03-06 14:38:26.270  1317  1317 V ProcessCleaner: cleanupPackageNotifications, userId=0|[com.huawei.cryptosms.service]
03-06 14:38:26.574  1317  1513 I HwAudioServiceEx: check HiRes Icon false
03-06 14:38:26.606  1317  1468 D HwGameAssistantController: Keycontrol mode is 0 for user 0
03-06 14:38:26.638  1317 13002 I ActivityManager: Killing 14216:com.huawei.cryptosms.service/1000 (adj 900): iAwareF[LowMem](cch-client-act)
03-06 14:38:26.643  1317  1535 D ActivityManager: cleanUpApplicationRecord app: ProcessRecord{149928e 14216:com.huawei.cryptosms.service/1000}, app.bad: false, restarting: false, allowRestart: false
03-06 14:38:26.649  1728  1743 I BoosterSwitchP: notifyUidState do nothing
03-06 14:38:26.649  1728  1743 I DeepNoDisturbP: notifyUidState
03-06 14:38:26.649  1728  1743 I BrowserChrP: notifyUidState
03-06 14:38:26.658  1317  1468 D HwGameAssistantController: Keycontrol mode is 0 for user 0
03-06 14:38:26.667  1317 11994 V WindowManager: removeIfPossible: Window{9647442 u0 PopupWindow:daa50ae}
03-06 14:38:26.668  1317 11994 V WindowManager: postWindowRemoveCleanupLocked: Window{9647442 u0 PopupWindow:daa50ae}
03-06 14:38:26.668  1317 11994 V WindowManager: Removing Window{9647442 u0 PopupWindow:daa50ae} from AppWindowToken{c485d79 token=Token{d439a40 ActivityRecord{efc41c3 u0 io.framework7.classroom/com.talkplus.LoginActivity t35762}}}
03-06 14:38:26.671  1317  1341 I StatusBarDisable: setFlags what=0 which=1 pkg=Window{9647442 u0 PopupWindow:daa50ae}
03-06 14:38:26.674  1317 11994 V HwPhoneWindowManager: updateSystemUiColorLw window=Window{875dda3 u0 io.framework7.classroom/com.talkplus.LoginActivity},EmuiStyle=0,StatusBarColor=0xff000000,NavigationBarColor=0xff000000, mForceNotchStatusBar=false
03-06 14:38:26.675  1619  1653 I CommandQueue: updateBarBgColor
03-06 14:38:26.675  1619  1653 D CommandQueue: CommandQueue, setBarBackgroundColor
03-06 14:38:26.675  1317  1341 I StatusBarDisable: setFlags what=0 which=1 pkg=Window{875dda3 u0 io.framework7.classroom/com.talkplus.LoginActivity}
03-06 14:38:26.685  1317  1341 I StatusBarDisable: setFlags what=0 which=1 pkg=Window{875dda3 u0 io.framework7.classroom/com.talkplus.LoginActivity}
03-06 14:38:26.705  1317  1581 V ActivityManager: startProcess: name=com.huawei.cryptosms.service app=null knownToBeDead=true thread=null pid=-1
03-06 14:38:26.733  1317  1343 I ActivityManager: Start proc 14236:com.huawei.cryptosms.service/1000 for service com.huawei.cryptosms.service/.CryptoService
03-06 14:38:26.734  1317  1706 E ProcessInfoCollector: getProcessInfo: failed to find this proc 
03-06 14:38:26.757 14236 14236 D ActivityThread: Attach thread to application
03-06 14:38:26.804 14236 14236 I         : RegisterNatives OK!
03-06 14:38:26.843  1317  1317 V ProcessCleaner: cleanupPackageNotifications, userId=0|[com.huawei.cryptosms.service]
03-06 14:38:26.934  1317  1581 V WindowManager: Adding Window{b066c0 u0 PopupWindow:daa50ae} to Window{875dda3 u0 io.framework7.classroom/com.talkplus.LoginActivity}
03-06 14:38:26.940  1317  1341 I StatusBarDisable: setFlags what=0 which=1 pkg=Window{b066c0 u0 PopupWindow:daa50ae}
03-06 14:38:26.942  1317  1581 V WindowManager: addWindow: Window{b066c0 u0 PopupWindow:daa50ae}
03-06 14:38:26.959  1317  1581 V WindowManager_visibility: updateAllDrawn Add AppWindowToken{c485d79 token=Token{d439a40 ActivityRecord{efc41c3 u0 io.framework7.classroom/com.talkplus.LoginActivity t35762}}}
03-06 14:38:26.959  1317  1341 I StatusBarDisable: setFlags what=0 which=1 pkg=Window{b066c0 u0 PopupWindow:daa50ae}
03-06 14:38:26.959  1317  1581 V WindowManager_visibility: updateAllDrawn allDrawn=false interesting=1 drawn=1 relaunchCount=0 for AppWindowToken{c485d79 token=Token{d439a40 ActivityRecord{efc41c3 u0 io.framework7.classroom/com.talkplus.LoginActivity t35762}}}
03-06 14:38:26.962  1317  1341 I StatusBarDisable: setFlags what=0 which=1 pkg=Window{b066c0 u0 PopupWindow:daa50ae}
03-06 14:38:26.994  1317  1581 V WindowManager_visibility: updateAllDrawn Add AppWindowToken{c485d79 token=Token{d439a40 ActivityRecord{efc41c3 u0 io.framework7.classroom/com.talkplus.LoginActivity t35762}}}
03-06 14:38:26.995  1317  1341 I StatusBarDisable: setFlags what=0 which=1 pkg=Window{b066c0 u0 PopupWindow:daa50ae}
03-06 14:38:26.995  1317  1581 V WindowManager_visibility: updateAllDrawn allDrawn=false interesting=2 drawn=1 relaunchCount=0 for AppWindowToken{c485d79 token=Token{d439a40 ActivityRecord{efc41c3 u0 io.framework7.classroom/com.talkplus.LoginActivity t35762}}}
03-06 14:38:27.022  1317  1341 I StatusBarDisable: setFlags what=0 which=1 pkg=Window{b066c0 u0 PopupWindow:daa50ae}
03-06 14:38:27.022  1317  1436 V WindowManager_visibility: updateAllDrawn Add AppWindowToken{c485d79 token=Token{d439a40 ActivityRecord{efc41c3 u0 io.framework7.classroom/com.talkplus.LoginActivity t35762}}}
03-06 14:38:27.024  1317  1436 V WindowManager_visibility: updateAllDrawn allDrawn=false interesting=2 drawn=2 relaunchCount=0 for AppWindowToken{c485d79 token=Token{d439a40 ActivityRecord{efc41c3 u0 io.framework7.classroom/com.talkplus.LoginActivity t35762}}}
03-06 14:38:27.040  1317  1341 I StatusBarDisable: setFlags what=0 which=1 pkg=Window{b066c0 u0 PopupWindow:daa50ae}
03-06 14:38:27.040  1317  1341 I StatusBarDisable: setFlags what=0 which=1 pkg=Window{b066c0 u0 PopupWindow:daa50ae}
03-06 14:38:27.150  1317  1513 I HwAudioServiceEx: check HiRes Icon false
03-06 14:38:27.180  1317 13002 I ActivityManager: Killing 14236:com.huawei.cryptosms.service/1000 (adj 900): iAwareF[LowMem](cch-client-act)
03-06 14:38:27.182  1317  1535 D ActivityManager: cleanUpApplicationRecord app: ProcessRecord{dfdc0fd 14236:com.huawei.cryptosms.service/1000}, app.bad: false, restarting: false, allowRestart: false
03-06 14:38:27.193  1728  9379 I BoosterSwitchP: notifyUidState do nothing
03-06 14:38:27.193  1728  9379 I DeepNoDisturbP: notifyUidState
03-06 14:38:27.193  1728  9379 I BrowserChrP: notifyUidState
03-06 14:38:27.204  1317 14165 V ActivityManager: startProcess: name=com.huawei.cryptosms.service app=null knownToBeDead=true thread=null pid=-1
03-06 14:38:27.230  1317  1343 I ActivityManager: Start proc 14260:com.huawei.cryptosms.service/1000 for service com.huawei.cryptosms.service/.CryptoService
03-06 14:38:27.234  1317  1706 E ProcessInfoCollector: getProcessInfo: failed to find this proc 
03-06 14:38:27.245 14260 14260 D ActivityThread: Attach thread to application
03-06 14:38:27.293 14260 14260 I         : RegisterNatives OK!
03-06 14:38:27.382  1317  1317 V ProcessCleaner: cleanupPackageNotifications, userId=0|[com.huawei.cryptosms.service]
03-06 14:38:27.509  1317  1468 D HwGameAssistantController: Keycontrol mode is 0 for user 0
03-06 14:38:27.558  1317  1468 D HwGameAssistantController: Keycontrol mode is 0 for user 0
03-06 14:38:27.569  1317 11994 V WindowManager: removeIfPossible: Window{b066c0 u0 PopupWindow:daa50ae}
03-06 14:38:27.571  1317 11994 V WindowManager: postWindowRemoveCleanupLocked: Window{b066c0 u0 PopupWindow:daa50ae}
03-06 14:38:27.571  1317 11994 V WindowManager: Removing Window{b066c0 u0 PopupWindow:daa50ae} from AppWindowToken{c485d79 token=Token{d439a40 ActivityRecord{efc41c3 u0 io.framework7.classroom/com.talkplus.LoginActivity t35762}}}
03-06 14:38:27.575  1317  1341 I StatusBarDisable: setFlags what=0 which=1 pkg=Window{b066c0 u0 PopupWindow:daa50ae}
03-06 14:38:27.585  1317 11994 V HwPhoneWindowManager: updateSystemUiColorLw window=Window{875dda3 u0 io.framework7.classroom/com.talkplus.LoginActivity},EmuiStyle=0,StatusBarColor=0xff000000,NavigationBarColor=0xff000000, mForceNotchStatusBar=false
03-06 14:38:27.586  1619  1636 I CommandQueue: updateBarBgColor
03-06 14:38:27.586  1619  1636 D CommandQueue: CommandQueue, setBarBackgroundColor
03-06 14:38:27.587  1317  1341 I StatusBarDisable: setFlags what=0 which=1 pkg=Window{875dda3 u0 io.framework7.classroom/com.talkplus.LoginActivity}
03-06 14:38:27.593  1317  1341 I StatusBarDisable: setFlags what=0 which=1 pkg=Window{875dda3 u0 io.framework7.classroom/com.talkplus.LoginActivity}
03-06 14:38:27.695  1317  1513 I HwAudioServiceEx: check HiRes Icon false
03-06 14:38:27.742  1317 13002 I ActivityManager: Killing 14260:com.huawei.cryptosms.service/1000 (adj 900): iAwareF[LowMem](cch-client-act)
03-06 14:38:27.743  1317  1535 D ActivityManager: cleanUpApplicationRecord app: ProcessRecord{1fbf416 14260:com.huawei.cryptosms.service/1000}, app.bad: false, restarting: false, allowRestart: false
03-06 14:38:27.752  1728  9379 I BoosterSwitchP: notifyUidState do nothing
03-06 14:38:27.752  1728  9379 I DeepNoDisturbP: notifyUidState
03-06 14:38:27.752  1728  9379 I BrowserChrP: notifyUidState
03-06 14:38:27.760  1317 10464 V ActivityManager: startProcess: name=com.huawei.cryptosms.service app=null knownToBeDead=true thread=null pid=-1
03-06 14:38:27.777  1317  1343 I ActivityManager: Start proc 14282:com.huawei.cryptosms.service/1000 for service com.huawei.cryptosms.service/.CryptoService
03-06 14:38:27.778  1317  1706 E ProcessInfoCollector: getProcessInfo: failed to find this proc 
03-06 14:38:27.799 14282 14282 D ActivityThread: Attach thread to application
03-06 14:38:27.843 14282 14282 I         : RegisterNatives OK!
03-06 14:38:27.943  1317  1317 V ProcessCleaner: cleanupPackageNotifications, userId=0|[com.huawei.cryptosms.service]
03-06 14:38:27.992  1317 10464 V WindowManager: Adding Window{aaadd08 u0 PopupWindow:daa50ae} to Window{875dda3 u0 io.framework7.classroom/com.talkplus.LoginActivity}
03-06 14:38:27.999  1317  1341 I StatusBarDisable: setFlags what=0 which=1 pkg=Window{aaadd08 u0 PopupWindow:daa50ae}
03-06 14:38:28.000  1317 10464 V WindowManager: addWindow: Window{aaadd08 u0 PopupWindow:daa50ae}
03-06 14:38:28.015  1317 10464 V WindowManager_visibility: updateAllDrawn Add AppWindowToken{c485d79 token=Token{d439a40 ActivityRecord{efc41c3 u0 io.framework7.classroom/com.talkplus.LoginActivity t35762}}}
03-06 14:38:28.015  1317  1341 I StatusBarDisable: setFlags what=0 which=1 pkg=Window{aaadd08 u0 PopupWindow:daa50ae}
03-06 14:38:28.016  1317 10464 V WindowManager_visibility: updateAllDrawn allDrawn=false interesting=1 drawn=1 relaunchCount=0 for AppWindowToken{c485d79 token=Token{d439a40 ActivityRecord{efc41c3 u0 io.framework7.classroom/com.talkplus.LoginActivity t35762}}}
03-06 14:38:28.018  1317  1341 I StatusBarDisable: setFlags what=0 which=1 pkg=Window{aaadd08 u0 PopupWindow:daa50ae}
03-06 14:38:28.031  1317 14165 V WindowManager_visibility: updateAllDrawn Add AppWindowToken{c485d79 token=Token{d439a40 ActivityRecord{efc41c3 u0 io.framework7.classroom/com.talkplus.LoginActivity t35762}}}
03-06 14:38:28.031  1317  1341 I StatusBarDisable: setFlags what=0 which=1 pkg=Window{aaadd08 u0 PopupWindow:daa50ae}
03-06 14:38:28.032  1317 14165 V WindowManager_visibility: updateAllDrawn allDrawn=false interesting=2 drawn=1 relaunchCount=0 for AppWindowToken{c485d79 token=Token{d439a40 ActivityRecord{efc41c3 u0 io.framework7.classroom/com.talkplus.LoginActivity t35762}}}
03-06 14:38:28.066  1317  1436 V WindowManager_visibility: updateAllDrawn Add AppWindowToken{c485d79 token=Token{d439a40 ActivityRecord{efc41c3 u0 io.framework7.classroom/com.talkplus.LoginActivity t35762}}}
03-06 14:38:28.066  1317  1341 I StatusBarDisable: setFlags what=0 which=1 pkg=Window{aaadd08 u0 PopupWindow:daa50ae}
03-06 14:38:28.067  1317  1436 V WindowManager_visibility: updateAllDrawn allDrawn=false interesting=2 drawn=2 relaunchCount=0 for AppWindowToken{c485d79 token=Token{d439a40 ActivityRecord{efc41c3 u0 io.framework7.classroom/com.talkplus.LoginActivity t35762}}}
03-06 14:38:28.069  1317  1341 I StatusBarDisable: setFlags what=0 which=1 pkg=Window{aaadd08 u0 PopupWindow:daa50ae}
03-06 14:38:28.076  1317  1341 I StatusBarDisable: setFlags what=0 which=1 pkg=Window{aaadd08 u0 PopupWindow:daa50ae}
03-06 14:38:28.249  1317  1513 I HwAudioServiceEx: check HiRes Icon false
03-06 14:38:28.283  1317 13002 I ActivityManager: Killing 14282:com.huawei.cryptosms.service/1000 (adj 900): iAwareF[LowMem](cch-client-act)
03-06 14:38:28.286  1317  1535 D ActivityManager: cleanUpApplicationRecord app: ProcessRecord{f351325 14282:com.huawei.cryptosms.service/1000}, app.bad: false, restarting: false, allowRestart: false
03-06 14:38:28.303  1728  9379 I BoosterSwitchP: notifyUidState do nothing
03-06 14:38:28.303  1728  9379 I DeepNoDisturbP: notifyUidState
03-06 14:38:28.303  1728  9379 I BrowserChrP: notifyUidState
03-06 14:38:28.308  1317 10464 V ActivityManager: startProcess: name=com.huawei.cryptosms.service app=null knownToBeDead=true thread=null pid=-1
03-06 14:38:28.337  1317  1343 I ActivityManager: Start proc 14307:com.huawei.cryptosms.service/1000 for service com.huawei.cryptosms.service/.CryptoService
03-06 14:38:28.337  1317  1706 E ProcessInfoCollector: getProcessInfo: failed to find this proc 
03-06 14:38:28.353 14307 14307 D ActivityThread: Attach thread to application
03-06 14:38:28.402 14307 14307 I         : RegisterNatives OK!
03-06 14:38:28.472  1317  1468 D HwGameAssistantController: Keycontrol mode is 0 for user 0
03-06 14:38:28.485  1317  1317 V ProcessCleaner: cleanupPackageNotifications, userId=0|[com.huawei.cryptosms.service]
03-06 14:38:28.554  1317  1468 D HwGameAssistantController: Keycontrol mode is 0 for user 0
03-06 14:38:28.569  1317  2056 V WindowManager: removeIfPossible: Window{aaadd08 u0 PopupWindow:daa50ae}
03-06 14:38:28.571  1317  2056 V WindowManager: postWindowRemoveCleanupLocked: Window{aaadd08 u0 PopupWindow:daa50ae}
03-06 14:38:28.571  1317  2056 V WindowManager: Removing Window{aaadd08 u0 PopupWindow:daa50ae} from AppWindowToken{c485d79 token=Token{d439a40 ActivityRecord{efc41c3 u0 io.framework7.classroom/com.talkplus.LoginActivity t35762}}}
03-06 14:38:28.577  1317  1341 I StatusBarDisable: setFlags what=0 which=1 pkg=Window{aaadd08 u0 PopupWindow:daa50ae}
03-06 14:38:28.583  1317  2056 V HwPhoneWindowManager: updateSystemUiColorLw window=Window{875dda3 u0 io.framework7.classroom/com.talkplus.LoginActivity},EmuiStyle=0,StatusBarColor=0xff000000,NavigationBarColor=0xff000000, mForceNotchStatusBar=false
03-06 14:38:28.591  1619  1636 I CommandQueue: updateBarBgColor
03-06 14:38:28.591  1619  1636 D CommandQueue: CommandQueue, setBarBackgroundColor
03-06 14:38:28.592  1317  1341 I StatusBarDisable: setFlags what=0 which=1 pkg=Window{875dda3 u0 io.framework7.classroom/com.talkplus.LoginActivity}
03-06 14:38:28.596  1317  1341 I StatusBarDisable: setFlags what=0 which=1 pkg=Window{875dda3 u0 io.framework7.classroom/com.talkplus.LoginActivity}
03-06 14:38:28.642  1317  2295 V WindowManager: Adding Window{4638aa u0 PopupWindow:daa50ae} to Window{875dda3 u0 io.framework7.classroom/com.talkplus.LoginActivity}
03-06 14:38:28.655  1317  1341 I StatusBarDisable: setFlags what=0 which=1 pkg=Window{4638aa u0 PopupWindow:daa50ae}
03-06 14:38:28.656  1317  2295 V WindowManager: addWindow: Window{4638aa u0 PopupWindow:daa50ae}
03-06 14:38:28.668  1317  2056 V WindowManager_visibility: updateAllDrawn Add AppWindowToken{c485d79 token=Token{d439a40 ActivityRecord{efc41c3 u0 io.framework7.classroom/com.talkplus.LoginActivity t35762}}}
03-06 14:38:28.668  1317  1341 I StatusBarDisable: setFlags what=0 which=1 pkg=Window{4638aa u0 PopupWindow:daa50ae}
03-06 14:38:28.669  1317  2056 V WindowManager_visibility: updateAllDrawn allDrawn=false interesting=1 drawn=1 relaunchCount=0 for AppWindowToken{c485d79 token=Token{d439a40 ActivityRecord{efc41c3 u0 io.framework7.classroom/com.talkplus.LoginActivity t35762}}}
03-06 14:38:28.673  1317  1341 I StatusBarDisable: setFlags what=0 which=1 pkg=Window{4638aa u0 PopupWindow:daa50ae}
03-06 14:38:28.709  1317  2056 V WindowManager_visibility: updateAllDrawn Add AppWindowToken{c485d79 token=Token{d439a40 ActivityRecord{efc41c3 u0 io.framework7.classroom/com.talkplus.LoginActivity t35762}}}
03-06 14:38:28.709  1317  1341 I StatusBarDisable: setFlags what=0 which=1 pkg=Window{4638aa u0 PopupWindow:daa50ae}
03-06 14:38:28.709  1317  2056 V WindowManager_visibility: updateAllDrawn allDrawn=false interesting=2 drawn=1 relaunchCount=0 for AppWindowToken{c485d79 token=Token{d439a40 ActivityRecord{efc41c3 u0 io.framework7.classroom/com.talkplus.LoginActivity t35762}}}
03-06 14:38:28.735  1317  1436 V WindowManager_visibility: updateAllDrawn Add AppWindowToken{c485d79 token=Token{d439a40 ActivityRecord{efc41c3 u0 io.framework7.classroom/com.talkplus.LoginActivity t35762}}}
03-06 14:38:28.735  1317  1341 I StatusBarDisable: setFlags what=0 which=1 pkg=Window{4638aa u0 PopupWindow:daa50ae}
03-06 14:38:28.736  1317  1436 V WindowManager_visibility: updateAllDrawn allDrawn=false interesting=2 drawn=2 relaunchCount=0 for AppWindowToken{c485d79 token=Token{d439a40 ActivityRecord{efc41c3 u0 io.framework7.classroom/com.talkplus.LoginActivity t35762}}}
03-06 14:38:28.739  1317  1341 I StatusBarDisable: setFlags what=0 which=1 pkg=Window{4638aa u0 PopupWindow:daa50ae}
03-06 14:38:28.746  1317  1341 I StatusBarDisable: setFlags what=0 which=1 pkg=Window{4638aa u0 PopupWindow:daa50ae}
03-06 14:38:28.792  1317  1513 I HwAudioServiceEx: check HiRes Icon false
03-06 14:38:28.838  1317 13002 I ActivityManager: Killing 14307:com.huawei.cryptosms.service/1000 (adj 900): iAwareF[LowMem](cch-client-act)
03-06 14:38:28.842  1317  1535 D ActivityManager: cleanUpApplicationRecord app: ProcessRecord{853b09e 14307:com.huawei.cryptosms.service/1000}, app.bad: false, restarting: false, allowRestart: false
03-06 14:38:28.848  1728  9379 I BoosterSwitchP: notifyUidState do nothing
03-06 14:38:28.848  1728  9379 I DeepNoDisturbP: notifyUidState
03-06 14:38:28.848  1728  9379 I BrowserChrP: notifyUidState
03-06 14:38:28.856  1317 11994 V ActivityManager: startProcess: name=com.huawei.cryptosms.service app=null knownToBeDead=true thread=null pid=-1
03-06 14:38:28.898  1317  1343 I ActivityManager: Start proc 14327:com.huawei.cryptosms.service/1000 for service com.huawei.cryptosms.service/.CryptoService
03-06 14:38:28.898  1317  1706 E ProcessInfoCollector: getProcessInfo: failed to find this proc 
03-06 14:38:28.904 14327 14327 D ActivityThread: Attach thread to application
03-06 14:38:28.946 14327 14327 I         : RegisterNatives OK!
03-06 14:38:29.042  1317  1317 V ProcessCleaner: cleanupPackageNotifications, userId=0|[com.huawei.cryptosms.service]
03-06 14:38:29.133  1317  1468 D HwGameAssistantController: Keycontrol mode is 0 for user 0
03-06 14:38:29.202  1317  1468 D HwGameAssistantController: Keycontrol mode is 0 for user 0
03-06 14:38:29.215  1317  2297 V WindowManager: removeIfPossible: Window{4638aa u0 PopupWindow:daa50ae}
03-06 14:38:29.216  1317  2297 V WindowManager: postWindowRemoveCleanupLocked: Window{4638aa u0 PopupWindow:daa50ae}
03-06 14:38:29.217  1317  2297 V WindowManager: Removing Window{4638aa u0 PopupWindow:daa50ae} from AppWindowToken{c485d79 token=Token{d439a40 ActivityRecord{efc41c3 u0 io.framework7.classroom/com.talkplus.LoginActivity t35762}}}
03-06 14:38:29.221  1317  1341 I StatusBarDisable: setFlags what=0 which=1 pkg=Window{4638aa u0 PopupWindow:daa50ae}
03-06 14:38:29.232  1317  2297 V HwPhoneWindowManager: updateSystemUiColorLw window=Window{875dda3 u0 io.framework7.classroom/com.talkplus.LoginActivity},EmuiStyle=0,StatusBarColor=0xff000000,NavigationBarColor=0xff000000, mForceNotchStatusBar=false
03-06 14:38:29.233  1619  1636 I CommandQueue: updateBarBgColor
03-06 14:38:29.233  1619  1636 D CommandQueue: CommandQueue, setBarBackgroundColor
03-06 14:38:29.233  1317  1341 I StatusBarDisable: setFlags what=0 which=1 pkg=Window{875dda3 u0 io.framework7.classroom/com.talkplus.LoginActivity}
03-06 14:38:29.244  1317  1341 I StatusBarDisable: setFlags what=0 which=1 pkg=Window{875dda3 u0 io.framework7.classroom/com.talkplus.LoginActivity}
03-06 14:38:29.349  1317  1513 I HwAudioServiceEx: check HiRes Icon false
03-06 14:38:29.379  1317 13002 I ActivityManager: Killing 14327:com.huawei.cryptosms.service/1000 (adj 900): iAwareF[LowMem](cch-client-act)
03-06 14:38:29.381  1317  1535 D ActivityManager: cleanUpApplicationRecord app: ProcessRecord{7d53650 14327:com.huawei.cryptosms.service/1000}, app.bad: false, restarting: false, allowRestart: false
03-06 14:38:29.386  1728  1743 I BoosterSwitchP: notifyUidState do nothing
03-06 14:38:29.386  1728  1743 I DeepNoDisturbP: notifyUidState
03-06 14:38:29.386  1728  1743 I BrowserChrP: notifyUidState
03-06 14:38:29.401  1317  2295 V ActivityManager: startProcess: name=com.huawei.cryptosms.service app=null knownToBeDead=true thread=null pid=-1
03-06 14:38:29.452 14353 14353 D ActivityThread: Attach thread to application
03-06 14:38:29.453  1317  1343 I ActivityManager: Start proc 14353:com.huawei.cryptosms.service/1000 for service com.huawei.cryptosms.service/.CryptoService
03-06 14:38:29.454  1317  1706 E ProcessInfoCollector: getProcessInfo: failed to find this proc 
03-06 14:38:29.512 14353 14353 I         : RegisterNatives OK!
03-06 14:38:29.581  1317  1317 V ProcessCleaner: cleanupPackageNotifications, userId=0|[com.huawei.cryptosms.service]
03-06 14:38:29.670  1317  2297 V WindowManager: Adding Window{7860b2 u0 PopupWindow:daa50ae} to Window{875dda3 u0 io.framework7.classroom/com.talkplus.LoginActivity}
03-06 14:38:29.677  1317  1341 I StatusBarDisable: setFlags what=0 which=1 pkg=Window{7860b2 u0 PopupWindow:daa50ae}
03-06 14:38:29.678  1317  2297 V WindowManager: addWindow: Window{7860b2 u0 PopupWindow:daa50ae}
03-06 14:38:29.692  1317  2297 V WindowManager_visibility: updateAllDrawn Add AppWindowToken{c485d79 token=Token{d439a40 ActivityRecord{efc41c3 u0 io.framework7.classroom/com.talkplus.LoginActivity t35762}}}
03-06 14:38:29.693  1317  1341 I StatusBarDisable: setFlags what=0 which=1 pkg=Window{7860b2 u0 PopupWindow:daa50ae}
03-06 14:38:29.693  1317  2297 V WindowManager_visibility: updateAllDrawn allDrawn=false interesting=1 drawn=1 relaunchCount=0 for AppWindowToken{c485d79 token=Token{d439a40 ActivityRecord{efc41c3 u0 io.framework7.classroom/com.talkplus.LoginActivity t35762}}}
03-06 14:38:29.696  1317  1341 I StatusBarDisable: setFlags what=0 which=1 pkg=Window{7860b2 u0 PopupWindow:daa50ae}
03-06 14:38:29.719  1317 11994 V WindowManager_visibility: updateAllDrawn Add AppWindowToken{c485d79 token=Token{d439a40 ActivityRecord{efc41c3 u0 io.framework7.classroom/com.talkplus.LoginActivity t35762}}}
03-06 14:38:29.719  1317  1341 I StatusBarDisable: setFlags what=0 which=1 pkg=Window{7860b2 u0 PopupWindow:daa50ae}
03-06 14:38:29.720  1317 11994 V WindowManager_visibility: updateAllDrawn allDrawn=false interesting=2 drawn=1 relaunchCount=0 for AppWindowToken{c485d79 token=Token{d439a40 ActivityRecord{efc41c3 u0 io.framework7.classroom/com.talkplus.LoginActivity t35762}}}
03-06 14:38:29.745  1317  1436 V WindowManager_visibility: updateAllDrawn Add AppWindowToken{c485d79 token=Token{d439a40 ActivityRecord{efc41c3 u0 io.framework7.classroom/com.talkplus.LoginActivity t35762}}}
03-06 14:38:29.745  1317  1341 I StatusBarDisable: setFlags what=0 which=1 pkg=Window{7860b2 u0 PopupWindow:daa50ae}
03-06 14:38:29.746  1317  1436 V WindowManager_visibility: updateAllDrawn allDrawn=false interesting=2 drawn=2 relaunchCount=0 for AppWindowToken{c485d79 token=Token{d439a40 ActivityRecord{efc41c3 u0 io.framework7.classroom/com.talkplus.LoginActivity t35762}}}
03-06 14:38:29.750  1317  1341 I StatusBarDisable: setFlags what=0 which=1 pkg=Window{7860b2 u0 PopupWindow:daa50ae}
03-06 14:38:29.755  1317  1341 I StatusBarDisable: setFlags what=0 which=1 pkg=Window{7860b2 u0 PopupWindow:daa50ae}
03-06 14:38:29.888  1317  1513 I HwAudioServiceEx: check HiRes Icon false
03-06 14:38:29.924  1317 13002 I ActivityManager: Killing 14353:com.huawei.cryptosms.service/1000 (adj 900): iAwareF[LowMem](cch-client-act)
03-06 14:38:29.927  1317  1535 D ActivityManager: cleanUpApplicationRecord app: ProcessRecord{2c39c67 14353:com.huawei.cryptosms.service/1000}, app.bad: false, restarting: false, allowRestart: false
03-06 14:38:29.931  1728  9379 I BoosterSwitchP: notifyUidState do nothing
03-06 14:38:29.932  1728  9379 I DeepNoDisturbP: notifyUidState
03-06 14:38:29.932  1728  9379 I BrowserChrP: notifyUidState
03-06 14:38:29.960  1317  1581 V ActivityManager: startProcess: name=com.huawei.cryptosms.service app=null knownToBeDead=true thread=null pid=-1
03-06 14:38:29.983  1317  1343 I ActivityManager: Start proc 14375:com.huawei.cryptosms.service/1000 for service com.huawei.cryptosms.service/.CryptoService
03-06 14:38:29.984  1317  1706 E ProcessInfoCollector: getProcessInfo: failed to find this proc 
03-06 14:38:30.007 14375 14375 D ActivityThread: Attach thread to application
03-06 14:38:30.061 14375 14375 I         : RegisterNatives OK!
03-06 14:38:30.125  1317  1317 V ProcessCleaner: cleanupPackageNotifications, userId=0|[com.huawei.cryptosms.service]
03-06 14:38:30.346  1728  1858 I HidataAppQoeP: handleStateChanged reason=6
03-06 14:38:30.353  1728  1858 I PreDnsQuery: handleStateChanged reason=6
03-06 14:38:30.358  1728  1858 I BrowserChrP: handleStateChanged
03-06 14:38:30.433  1317  1513 I HwAudioServiceEx: check HiRes Icon false
03-06 14:38:30.472  1317 13002 I ActivityManager: Killing 14375:com.huawei.cryptosms.service/1000 (adj 900): iAwareF[LowMem](cch-client-act)
03-06 14:38:30.474  1317  1535 D ActivityManager: cleanUpApplicationRecord app: ProcessRecord{63f9298 14375:com.huawei.cryptosms.service/1000}, app.bad: false, restarting: false, allowRestart: false
03-06 14:38:30.478  1728  5241 I BoosterSwitchP: notifyUidState do nothing
03-06 14:38:30.478  1728  5241 I DeepNoDisturbP: notifyUidState
03-06 14:38:30.478  1728  5241 I BrowserChrP: notifyUidState
03-06 14:38:30.499  1317 11994 V ActivityManager: startProcess: name=com.huawei.cryptosms.service app=null knownToBeDead=true thread=null pid=-1
03-06 14:38:30.511  1317  1317 V BroadcastQueue: Finished with ordered broadcast BroadcastRecord{b9c53dc u0 telephony.dataconnection.DNS_MONITOR_ACTION}
03-06 14:38:30.539  1317  1343 I ActivityManager: Start proc 14403:com.huawei.cryptosms.service/1000 for service com.huawei.cryptosms.service/.CryptoService
03-06 14:38:30.543  1317  1706 E ProcessInfoCollector: getProcessInfo: failed to find this proc 
03-06 14:38:30.566  1317 11994 V WindowManager: removeIfPossible: Window{7860b2 u0 PopupWindow:daa50ae}
03-06 14:38:30.566 14403 14403 D ActivityThread: Attach thread to application
03-06 14:38:30.567  1317 11994 V WindowManager: postWindowRemoveCleanupLocked: Window{7860b2 u0 PopupWindow:daa50ae}
03-06 14:38:30.567  1317 11994 V WindowManager: Removing Window{7860b2 u0 PopupWindow:daa50ae} from AppWindowToken{c485d79 token=Token{d439a40 ActivityRecord{efc41c3 u0 io.framework7.classroom/com.talkplus.LoginActivity t35762}}}
03-06 14:38:30.570  1317  1341 I StatusBarDisable: setFlags what=0 which=1 pkg=Window{7860b2 u0 PopupWindow:daa50ae}
03-06 14:38:30.573  1317 11994 V HwPhoneWindowManager: updateSystemUiColorLw window=Window{875dda3 u0 io.framework7.classroom/com.talkplus.LoginActivity},EmuiStyle=0,StatusBarColor=0xff000000,NavigationBarColor=0xff000000, mForceNotchStatusBar=false
03-06 14:38:30.574  1619  1653 I CommandQueue: updateBarBgColor
03-06 14:38:30.574  1619  1653 D CommandQueue: CommandQueue, setBarBackgroundColor
03-06 14:38:30.574  1317  1341 I StatusBarDisable: setFlags what=0 which=1 pkg=Window{875dda3 u0 io.framework7.classroom/com.talkplus.LoginActivity}
03-06 14:38:30.584  1317  1341 I StatusBarDisable: setFlags what=0 which=1 pkg=Window{875dda3 u0 io.framework7.classroom/com.talkplus.LoginActivity}
03-06 14:38:30.625 14403 14403 I         : RegisterNatives OK!
03-06 14:38:30.674  1317  1317 V ProcessCleaner: cleanupPackageNotifications, userId=0|[com.huawei.cryptosms.service]
03-06 14:38:30.916  1317  2295 V WindowManager: Adding Window{e5e2012 u0 PopupWindow:daa50ae} to Window{875dda3 u0 io.framework7.classroom/com.talkplus.LoginActivity}
03-06 14:38:30.920  1317  1341 I StatusBarDisable: setFlags what=0 which=1 pkg=Window{e5e2012 u0 PopupWindow:daa50ae}
03-06 14:38:30.922  1317  2295 V WindowManager: addWindow: Window{e5e2012 u0 PopupWindow:daa50ae}
03-06 14:38:30.941  1317  2295 V WindowManager_visibility: updateAllDrawn Add AppWindowToken{c485d79 token=Token{d439a40 ActivityRecord{efc41c3 u0 io.framework7.classroom/com.talkplus.LoginActivity t35762}}}
03-06 14:38:30.942  1317  1341 I StatusBarDisable: setFlags what=0 which=1 pkg=Window{e5e2012 u0 PopupWindow:daa50ae}
03-06 14:38:30.943  1317  2295 V WindowManager_visibility: updateAllDrawn allDrawn=false interesting=1 drawn=1 relaunchCount=0 for AppWindowToken{c485d79 token=Token{d439a40 ActivityRecord{efc41c3 u0 io.framework7.classroom/com.talkplus.LoginActivity t35762}}}
03-06 14:38:30.951  1317  1341 I StatusBarDisable: setFlags what=0 which=1 pkg=Window{e5e2012 u0 PopupWindow:daa50ae}
03-06 14:38:30.981  1317 11994 V WindowManager_visibility: updateAllDrawn Add AppWindowToken{c485d79 token=Token{d439a40 ActivityRecord{efc41c3 u0 io.framework7.classroom/com.talkplus.LoginActivity t35762}}}
03-06 14:38:30.984  1317 11994 V WindowManager_visibility: updateAllDrawn allDrawn=false interesting=2 drawn=1 relaunchCount=0 for AppWindowToken{c485d79 token=Token{d439a40 ActivityRecord{efc41c3 u0 io.framework7.classroom/com.talkplus.LoginActivity t35762}}}
03-06 14:38:30.983  1317  1341 I StatusBarDisable: setFlags what=0 which=1 pkg=Window{e5e2012 u0 PopupWindow:daa50ae}
03-06 14:38:30.985  1317  1513 I HwAudioServiceEx: check HiRes Icon false
03-06 14:38:31.033  1317 13002 I ActivityManager: Killing 14403:com.huawei.cryptosms.service/1000 (adj 900): iAwareF[LowMem](cch-client-act)
03-06 14:38:31.034  1317  1535 D ActivityManager: cleanUpApplicationRecord app: ProcessRecord{153baae 14403:com.huawei.cryptosms.service/1000}, app.bad: false, restarting: false, allowRestart: false
03-06 14:38:31.037  1317  1436 V WindowManager_visibility: updateAllDrawn Add AppWindowToken{c485d79 token=Token{d439a40 ActivityRecord{efc41c3 u0 io.framework7.classroom/com.talkplus.LoginActivity t35762}}}
03-06 14:38:31.038  1317  1341 I StatusBarDisable: setFlags what=0 which=1 pkg=Window{e5e2012 u0 PopupWindow:daa50ae}
03-06 14:38:31.038  1317  1436 V WindowManager_visibility: updateAllDrawn allDrawn=false interesting=2 drawn=2 relaunchCount=0 for AppWindowToken{c485d79 token=Token{d439a40 ActivityRecord{efc41c3 u0 io.framework7.classroom/com.talkplus.LoginActivity t35762}}}
03-06 14:38:31.039  1728  9379 I BoosterSwitchP: notifyUidState do nothing
03-06 14:38:31.039  1728  9379 I DeepNoDisturbP: notifyUidState
03-06 14:38:31.039  1728  9379 I BrowserChrP: notifyUidState
03-06 14:38:31.041  1317  1341 I StatusBarDisable: setFlags what=0 which=1 pkg=Window{e5e2012 u0 PopupWindow:daa50ae}
03-06 14:38:31.052  1317  1341 I StatusBarDisable: setFlags what=0 which=1 pkg=Window{e5e2012 u0 PopupWindow:daa50ae}
03-06 14:38:31.088  1317  1581 V ActivityManager: startProcess: name=com.huawei.cryptosms.service app=null knownToBeDead=true thread=null pid=-1
03-06 14:38:31.120  1317  1343 I ActivityManager: Start proc 14433:com.huawei.cryptosms.service/1000 for service com.huawei.cryptosms.service/.CryptoService
03-06 14:38:31.121  1317  1706 E ProcessInfoCollector: getProcessInfo: failed to find this proc 
03-06 14:38:31.132 14433 14433 D ActivityThread: Attach thread to application
03-06 14:38:31.185 14433 14433 I         : RegisterNatives OK!
03-06 14:38:31.233  1317  1317 V ProcessCleaner: cleanupPackageNotifications, userId=0|[com.huawei.cryptosms.service]
03-06 14:38:31.538  1317  1513 I HwAudioServiceEx: check HiRes Icon false
03-06 14:38:31.578  1317 13002 I ActivityManager: Killing 14433:com.huawei.cryptosms.service/1000 (adj 900): iAwareF[LowMem](cch-client-act)
03-06 14:38:31.580  1317  1535 D ActivityManager: cleanUpApplicationRecord app: ProcessRecord{8fa2b5e 14433:com.huawei.cryptosms.service/1000}, app.bad: false, restarting: false, allowRestart: false
03-06 14:38:31.587  1728  5241 I BoosterSwitchP: notifyUidState do nothing
03-06 14:38:31.587  1728  5241 I DeepNoDisturbP: notifyUidState
03-06 14:38:31.587  1728  5241 I BrowserChrP: notifyUidState
03-06 14:38:31.598  1317  2056 V ActivityManager: startProcess: name=com.huawei.cryptosms.service app=null knownToBeDead=true thread=null pid=-1
03-06 14:38:31.631  1317  1343 I ActivityManager: Start proc 14454:com.huawei.cryptosms.service/1000 for service com.huawei.cryptosms.service/.CryptoService
03-06 14:38:31.632  1317  1706 E ProcessInfoCollector: getProcessInfo: failed to find this proc 
03-06 14:38:31.658 14454 14454 D ActivityThread: Attach thread to application
03-06 14:38:31.714 14454 14454 I         : RegisterNatives OK!
03-06 14:38:31.737  1317 11994 V BroadcastQueue: Finished with ordered broadcast BroadcastRecord{451b310 u0 com.android.internal.telephony.data-stall}
03-06 14:38:31.781  1317  1317 V ProcessCleaner: cleanupPackageNotifications, userId=0|[com.huawei.cryptosms.service]
03-06 14:38:32.087  1317  1513 I HwAudioServiceEx: check HiRes Icon false
03-06 14:38:32.124  1317 13002 I ActivityManager: Killing 14454:com.huawei.cryptosms.service/1000 (adj 900): iAwareF[LowMem](cch-client-act)
03-06 14:38:32.126  1317  1535 D ActivityManager: cleanUpApplicationRecord app: ProcessRecord{af030a4 14454:com.huawei.cryptosms.service/1000}, app.bad: false, restarting: false, allowRestart: false
03-06 14:38:32.132  1728  5241 I BoosterSwitchP: notifyUidState do nothing
03-06 14:38:32.132  1728  5241 I DeepNoDisturbP: notifyUidState
03-06 14:38:32.132  1728  5241 I BrowserChrP: notifyUidState
03-06 14:38:32.144  1317  2295 V ActivityManager: startProcess: name=com.huawei.cryptosms.service app=null knownToBeDead=true thread=null pid=-1
03-06 14:38:32.170  1317  1343 I ActivityManager: Start proc 14482:com.huawei.cryptosms.service/1000 for service com.huawei.cryptosms.service/.CryptoService
03-06 14:38:32.171  1317  1706 E ProcessInfoCollector: getProcessInfo: failed to find this proc 
03-06 14:38:32.191 14482 14482 D ActivityThread: Attach thread to application
03-06 14:38:32.241 14482 14482 I         : RegisterNatives OK!
03-06 14:38:32.325  1317  1317 V ProcessCleaner: cleanupPackageNotifications, userId=0|[com.huawei.cryptosms.service]
03-06 14:38:32.629  1317  1513 I HwAudioServiceEx: check HiRes Icon false
03-06 14:38:32.671  1317 13002 I ActivityManager: Killing 14482:com.huawei.cryptosms.service/1000 (adj 900): iAwareF[LowMem](cch-client-act)
03-06 14:38:32.672  1317  1535 D ActivityManager: cleanUpApplicationRecord app: ProcessRecord{e9eb541 14482:com.huawei.cryptosms.service/1000}, app.bad: false, restarting: false, allowRestart: false
03-06 14:38:32.689  1728  5241 I BoosterSwitchP: notifyUidState do nothing
03-06 14:38:32.689  1728  5241 I DeepNoDisturbP: notifyUidState
03-06 14:38:32.689  1728  5241 I BrowserChrP: notifyUidState
03-06 14:38:32.711  1317  1581 V ActivityManager: startProcess: name=com.huawei.cryptosms.service app=null knownToBeDead=true thread=null pid=-1
03-06 14:38:32.738  1317  1343 I ActivityManager: Start proc 14507:com.huawei.cryptosms.service/1000 for service com.huawei.cryptosms.service/.CryptoService
03-06 14:38:32.739  1317  1706 E ProcessInfoCollector: getProcessInfo: failed to find this proc 
03-06 14:38:32.755 14507 14507 D ActivityThread: Attach thread to application
03-06 14:38:32.796 14507 14507 I         : RegisterNatives OK!
03-06 14:38:32.872  1317  1317 V ProcessCleaner: cleanupPackageNotifications, userId=0|[com.huawei.cryptosms.service]
03-06 14:38:33.176  1317  1513 I HwAudioServiceEx: check HiRes Icon false
03-06 14:38:33.226  1317 13002 I ActivityManager: Killing 14507:com.huawei.cryptosms.service/1000 (adj 900): iAwareF[LowMem](cch-client-act)
03-06 14:38:33.227  1317  1535 D ActivityManager: cleanUpApplicationRecord app: ProcessRecord{c73551f 14507:com.huawei.cryptosms.service/1000}, app.bad: false, restarting: false, allowRestart: false
03-06 14:38:33.230  1728  1743 I BoosterSwitchP: notifyUidState do nothing
03-06 14:38:33.230  1728  1743 I DeepNoDisturbP: notifyUidState
03-06 14:38:33.230  1728  1743 I BrowserChrP: notifyUidState
03-06 14:38:33.248  1317 11994 V ActivityManager: startProcess: name=com.huawei.cryptosms.service app=null knownToBeDead=true thread=null pid=-1
03-06 14:38:33.275  1317  1343 I ActivityManager: Start proc 14541:com.huawei.cryptosms.service/1000 for service com.huawei.cryptosms.service/.CryptoService
03-06 14:38:33.275  1317  1706 E ProcessInfoCollector: getProcessInfo: failed to find this proc 
03-06 14:38:33.294 14541 14541 D ActivityThread: Attach thread to application
03-06 14:38:33.334 14541 14541 I         : RegisterNatives OK!
03-06 14:38:33.428  1317  1317 V ProcessCleaner: cleanupPackageNotifications, userId=0|[com.huawei.cryptosms.service]
03-06 14:38:33.735  1317  1513 I HwAudioServiceEx: check HiRes Icon false
03-06 14:38:33.779  1317 13002 I ActivityManager: Killing 14541:com.huawei.cryptosms.service/1000 (adj 900): iAwareF[LowMem](cch-client-act)
03-06 14:38:33.782  1317  1535 D ActivityManager: cleanUpApplicationRecord app: ProcessRecord{43866ed 14541:com.huawei.cryptosms.service/1000}, app.bad: false, restarting: false, allowRestart: false
03-06 14:38:33.785  1728  5241 I BoosterSwitchP: notifyUidState do nothing
03-06 14:38:33.785  1728  5241 I DeepNoDisturbP: notifyUidState
03-06 14:38:33.785  1728  5241 I BrowserChrP: notifyUidState
03-06 14:38:33.800  1317  2295 V ActivityManager: startProcess: name=com.huawei.cryptosms.service app=null knownToBeDead=true thread=null pid=-1
03-06 14:38:33.829  1317  1343 I ActivityManager: Start proc 14563:com.huawei.cryptosms.service/1000 for service com.huawei.cryptosms.service/.CryptoService
03-06 14:38:33.829  1317  1706 E ProcessInfoCollector: getProcessInfo: failed to find this proc 
03-06 14:38:33.848 14563 14563 D ActivityThread: Attach thread to application
03-06 14:38:33.898 14563 14563 I         : RegisterNatives OK!
03-06 14:38:33.982  1317  1317 V ProcessCleaner: cleanupPackageNotifications, userId=0|[com.huawei.cryptosms.service]
03-06 14:38:34.280   737   890 I storaged: storaged_t::event: storage_info refreshed.
03-06 14:38:34.285  1317  1513 I HwAudioServiceEx: check HiRes Icon false
03-06 14:38:34.314  1317 13002 I ActivityManager: Killing 13550:com.huawei.gameassistant/u0a15 (adj 900): iAwareF[LowMem](cch-empty)
03-06 14:38:34.315  1317  1535 D ActivityManager: cleanUpApplicationRecord app: ProcessRecord{4963c74 13550:com.huawei.gameassistant/u0a15}, app.bad: false, restarting: false, allowRestart: false
03-06 14:38:34.329  1728  5241 I BoosterSwitchP: notifyUidState do nothing
03-06 14:38:34.329  1728  5241 I DeepNoDisturbP: notifyUidState
03-06 14:38:34.329  1728  5241 I BrowserChrP: notifyUidState
03-06 14:38:34.343  1317 13002 I ActivityManager: Killing 14563:com.huawei.cryptosms.service/1000 (adj 900): iAwareF[LowMem](cch-client-act)
03-06 14:38:34.345  1317  1535 D ActivityManager: cleanUpApplicationRecord app: ProcessRecord{dc0922b 14563:com.huawei.cryptosms.service/1000}, app.bad: false, restarting: false, allowRestart: false
03-06 14:38:34.354  1728  1743 I BoosterSwitchP: notifyUidState do nothing
03-06 14:38:34.354  1728  1743 I DeepNoDisturbP: notifyUidState
03-06 14:38:34.354  1728  1743 I BrowserChrP: notifyUidState
03-06 14:38:34.410  1317  2056 V ActivityManager: startProcess: name=com.huawei.cryptosms.service app=null knownToBeDead=true thread=null pid=-1
03-06 14:38:34.437  1317  1343 I ActivityManager: Start proc 14598:com.huawei.cryptosms.service/1000 for service com.huawei.cryptosms.service/.CryptoService
03-06 14:38:34.438  1317  1706 E ProcessInfoCollector: getProcessInfo: failed to find this proc 
03-06 14:38:34.452 14598 14598 D ActivityThread: Attach thread to application
03-06 14:38:34.505 14598 14598 I         : RegisterNatives OK!
03-06 14:38:34.515  1317  1317 V ProcessCleaner: cleanupPackageNotifications, userId=0|[com.huawei.gameassistant]
03-06 14:38:34.529  1317  1317 V SettingsProvider: Notifying for 0: content://settings/system/spline_delta
03-06 14:38:34.534  1317  1317 V SettingsProvider: Notifying for 0: content://settings/system/spline_offset_brightness_last
03-06 14:38:34.535  1317  1317 V SettingsProvider: Notifying for 0: content://settings/system/spline_last_lux_default_brightness
03-06 14:38:34.543  1317  1317 V SettingsProvider: Notifying for 0: content://settings/system/spline_ambient_lux
03-06 14:38:34.543  1317  1317 V ProcessCleaner: cleanupPackageNotifications, userId=0|[com.huawei.gameassistant]
03-06 14:38:34.545  1317  1317 V SettingsProvider: Notifying for 0: content://settings/system/screen_brightness
03-06 14:38:34.546  1317  1317 V ProcessCleaner: cleanupPackageNotifications, userId=0|[com.huawei.cryptosms.service]
03-06 14:38:34.547  1317  1317 V SettingsProvider: Notifying for 0: content://settings/system/screen_auto_brightness_adj
03-06 14:38:34.553  1317  1355 D HwNormalizedRampAnimator: hbm_dimming target=1647 rate=60 duration=20.0
03-06 14:38:34.557  1317  1317 V SettingsProvider: Notifying for 0: content://settings/system/screen_brightness
03-06 14:38:34.820  1317  1513 I HwAudioServiceEx: check HiRes Icon false
03-06 14:38:34.823  1317  1317 V SettingsProvider: Notifying for 0: content://settings/system/screen_auto_brightness
03-06 14:38:34.829  1317  1317 V SettingsProvider: Notifying for 0: content://settings/system/screen_brightness
03-06 14:38:34.848  1317  1513 I HwAudioServiceEx: check HiRes Icon false
03-06 14:38:34.889  1317 13002 I ActivityManager: Killing 14598:com.huawei.cryptosms.service/1000 (adj 900): iAwareF[LowMem](cch-client-act)
03-06 14:38:34.891  1317  1535 D ActivityManager: cleanUpApplicationRecord app: ProcessRecord{4487a59 14598:com.huawei.cryptosms.service/1000}, app.bad: false, restarting: false, allowRestart: false
03-06 14:38:34.896  1728  1743 I BoosterSwitchP: notifyUidState do nothing
03-06 14:38:34.896  1728  1743 I DeepNoDisturbP: notifyUidState
03-06 14:38:34.896  1728  1743 I BrowserChrP: notifyUidState
03-06 14:38:34.939  1317 14165 V ActivityManager: startProcess: name=com.huawei.cryptosms.service app=null knownToBeDead=true thread=null pid=-1
03-06 14:38:34.979  1317  1343 I ActivityManager: Start proc 14626:com.huawei.cryptosms.service/1000 for service com.huawei.cryptosms.service/.CryptoService
03-06 14:38:34.980  1317  1706 E ProcessInfoCollector: getProcessInfo: failed to find this proc 
03-06 14:38:34.991 14626 14626 D ActivityThread: Attach thread to application
03-06 14:38:35.036 14626 14626 I         : RegisterNatives OK!
03-06 14:38:35.090  1317  1317 V SettingsProvider: Notifying for 0: content://settings/system/screen_auto_brightness
03-06 14:38:35.091  1317  1317 V SettingsProvider: Notifying for 0: content://settings/system/screen_brightness
03-06 14:38:35.091  1317  1317 V ProcessCleaner: cleanupPackageNotifications, userId=0|[com.huawei.cryptosms.service]
03-06 14:38:35.394  1317  1513 I HwAudioServiceEx: check HiRes Icon false
03-06 14:38:35.395  1317  1317 V SettingsProvider: Notifying for 0: content://settings/system/screen_auto_brightness
03-06 14:38:35.405  1317  1317 V SettingsProvider: Notifying for 0: content://settings/system/screen_brightness
03-06 14:38:35.445  1317 13002 I ActivityManager: Killing 14626:com.huawei.cryptosms.service/1000 (adj 900): iAwareF[LowMem](cch-client-act)
03-06 14:38:35.446  1317  1535 D ActivityManager: cleanUpApplicationRecord app: ProcessRecord{14c9ef7 14626:com.huawei.cryptosms.service/1000}, app.bad: false, restarting: false, allowRestart: false
03-06 14:38:35.453  1728  1743 I BoosterSwitchP: notifyUidState do nothing
03-06 14:38:35.453  1728  1743 I DeepNoDisturbP: notifyUidState
03-06 14:38:35.453  1728  1743 I BrowserChrP: notifyUidState
03-06 14:38:35.495  1317  2056 V ActivityManager: startProcess: name=com.huawei.cryptosms.service app=null knownToBeDead=true thread=null pid=-1
03-06 14:38:35.526  1317  1343 I ActivityManager: Start proc 14655:com.huawei.cryptosms.service/1000 for service com.huawei.cryptosms.service/.CryptoService
03-06 14:38:35.527  1317  1706 E ProcessInfoCollector: getProcessInfo: failed to find this proc 
03-06 14:38:35.550 14655 14655 D ActivityThread: Attach thread to application
03-06 14:38:35.608 14655 14655 I         : RegisterNatives OK!
03-06 14:38:35.647  1317  1317 V ProcessCleaner: cleanupPackageNotifications, userId=0|[com.huawei.cryptosms.service]
03-06 14:38:35.673  1317  1317 V SettingsProvider: Notifying for 0: content://settings/system/screen_auto_brightness
03-06 14:38:35.677  1317  1317 V SettingsProvider: Notifying for 0: content://settings/system/screen_brightness
03-06 14:38:35.951  1317  1513 I HwAudioServiceEx: check HiRes Icon false
03-06 14:38:35.957  1317  1317 V SettingsProvider: Notifying for 0: content://settings/system/screen_auto_brightness
03-06 14:38:35.960  1317  1317 V SettingsProvider: Notifying for 0: content://settings/system/screen_brightness
03-06 14:38:35.986  1317 13002 I ActivityManager: Killing 14655:com.huawei.cryptosms.service/1000 (adj 900): iAwareF[LowMem](cch-client-act)
03-06 14:38:35.987  1317  1535 D ActivityManager: cleanUpApplicationRecord app: ProcessRecord{13e3b85 14655:com.huawei.cryptosms.service/1000}, app.bad: false, restarting: false, allowRestart: false
03-06 14:38:35.994  1728  1743 I BoosterSwitchP: notifyUidState do nothing
03-06 14:38:35.994  1728  1743 I DeepNoDisturbP: notifyUidState
03-06 14:38:35.994  1728  1743 I BrowserChrP: notifyUidState
03-06 14:38:36.024  1317  1581 V ActivityManager: startProcess: name=com.huawei.cryptosms.service app=null knownToBeDead=true thread=null pid=-1
03-06 14:38:36.058  1317  1343 I ActivityManager: Start proc 14686:com.huawei.cryptosms.service/1000 for service com.huawei.cryptosms.service/.CryptoService
03-06 14:38:36.059  1317  1706 E ProcessInfoCollector: getProcessInfo: failed to find this proc 
03-06 14:38:36.068 14686 14686 D ActivityThread: Attach thread to application
03-06 14:38:36.119 14686 14686 I         : RegisterNatives OK!
03-06 14:38:36.191  1317  1317 V ProcessCleaner: cleanupPackageNotifications, userId=0|[com.huawei.cryptosms.service]
03-06 14:38:36.253  1317  1317 V SettingsProvider: Notifying for 0: content://settings/system/screen_auto_brightness
03-06 14:38:36.254  1317  1317 V SettingsProvider: Notifying for 0: content://settings/system/screen_brightness
03-06 14:38:36.355  1728  1858 I HidataAppQoeP: handleStateChanged reason=6
03-06 14:38:36.367  1728  1858 I PreDnsQuery: handleStateChanged reason=6
03-06 14:38:36.370  1728  1858 I BrowserChrP: handleStateChanged
03-06 14:38:36.492  1317  1513 I HwAudioServiceEx: check HiRes Icon false
03-06 14:38:36.514  1317  1317 V BroadcastQueue: Finished with ordered broadcast BroadcastRecord{6de5c18 u0 telephony.dataconnection.DNS_MONITOR_ACTION}
03-06 14:38:36.553  1317  1317 V SettingsProvider: Notifying for 0: content://settings/system/screen_auto_brightness
03-06 14:38:36.555  1317  1317 V SettingsProvider: Notifying for 0: content://settings/system/screen_brightness
03-06 14:38:36.561  1317 13002 I ActivityManager: Killing 14686:com.huawei.cryptosms.service/1000 (adj 900): iAwareF[LowMem](cch-client-act)
03-06 14:38:36.563  1317  1535 D ActivityManager: cleanUpApplicationRecord app: ProcessRecord{28f2783 14686:com.huawei.cryptosms.service/1000}, app.bad: false, restarting: false, allowRestart: false
03-06 14:38:36.573  1728  9379 I BoosterSwitchP: notifyUidState do nothing
03-06 14:38:36.573  1728  9379 I DeepNoDisturbP: notifyUidState
03-06 14:38:36.573  1728  9379 I BrowserChrP: notifyUidState
03-06 14:38:36.579  1317  2056 V ActivityManager: startProcess: name=com.huawei.cryptosms.service app=null knownToBeDead=true thread=null pid=-1
03-06 14:38:36.618  1317  1343 I ActivityManager: Start proc 14714:com.huawei.cryptosms.service/1000 for service com.huawei.cryptosms.service/.CryptoService
03-06 14:38:36.619  1317  1706 E ProcessInfoCollector: getProcessInfo: failed to find this proc 
03-06 14:38:36.637 14714 14714 D ActivityThread: Attach thread to application
03-06 14:38:36.687 14714 14714 I         : RegisterNatives OK!
03-06 14:38:36.763  1317  1317 V ProcessCleaner: cleanupPackageNotifications, userId=0|[com.huawei.cryptosms.service]
03-06 14:38:36.852  1317  1317 V SettingsProvider: Notifying for 0: content://settings/system/screen_auto_brightness
03-06 14:38:36.856  1317  1317 V SettingsProvider: Notifying for 0: content://settings/system/screen_brightness
03-06 14:38:37.070  1317  1513 I HwAudioServiceEx: check HiRes Icon false
03-06 14:38:37.106  1317 13002 I ActivityManager: Killing 14714:com.huawei.cryptosms.service/1000 (adj 900): iAwareF[LowMem](cch-client-act)
03-06 14:38:37.107  1317  1535 D ActivityManager: cleanUpApplicationRecord app: ProcessRecord{594e4d7 14714:com.huawei.cryptosms.service/1000}, app.bad: false, restarting: false, allowRestart: false
03-06 14:38:37.112  1728  1743 I BoosterSwitchP: notifyUidState do nothing
03-06 14:38:37.112  1728  1743 I DeepNoDisturbP: notifyUidState
03-06 14:38:37.112  1728  1743 I BrowserChrP: notifyUidState
03-06 14:38:37.123  1317 10464 V ActivityManager: startProcess: name=com.huawei.cryptosms.service app=null knownToBeDead=true thread=null pid=-1
03-06 14:38:37.161  1317  1343 I ActivityManager: Start proc 14757:com.huawei.cryptosms.service/1000 for service com.huawei.cryptosms.service/.CryptoService
