03-06 14:38:45.633 13446 15429 W System.err: 	at com.android.okhttp.internal.huc.HttpURLConnectionImpl.connect(HttpURLConnectionImpl.java:127)
03-06 14:38:45.633 13446 15429 W System.err: 	at com.android.okhttp.internal.huc.HttpURLConnectionImpl.getOutputStream(HttpURLConnectionImpl.java:258)
03-06 14:38:45.633 13446 15429 W System.err: 	at com.talkcloud.utils.AsyncHttpURLConnection.sendHttpMessage(AsyncHttpURLConnection.java:105)
03-06 14:38:45.633 13446 15429 W System.err: 	at com.talkcloud.utils.AsyncHttpURLConnection.access$000(AsyncHttpURLConnection.java:26)
03-06 14:38:45.633 13446 15429 W System.err: 	at com.talkcloud.utils.AsyncHttpURLConnection$1.run(AsyncHttpURLConnection.java:63)
03-06 14:38:45.633 13446 15429 W System.err: 	at java.lang.Thread.run(Thread.java:784)
03-06 14:38:45.633 13446 15429 E [tk-sdk]: sendHttpMessage exceptionhttp://global.talk-cloud.net:80/ClientAPI/checkroomCleartext HTTP traffic to global.talk-cloud.net not permitted
03-06 14:38:45.651   740 13748 E IppAlgoSmartAE: [ff00962_64E] doSmartAEAlgo() failed to getSceneMode
03-06 14:38:45.651   740 13748 D contrastCal: ae_gain:2512, ae_iso:490, frame_rate:19, frameWidth:1280, frameHeight:720
03-06 14:38:45.651   740  1158 D EnvImpl : [HWA_CAM3]getPackageName :  io.framework7.classroom
03-06 14:38:45.651   740 13748 I contrastCal: [smartAf]contrast_cal_process: giNumFlagDoAF = 27, focus_stage = 0
03-06 14:38:45.651   740  1158 I HwaUtils: [ff00962_64I] getProductExtendName() path=MHA
03-06 14:38:45.651   740  1158 I HwaUtils: [ff00962_64I] getOneCfgFile() path=NULL
03-06 14:38:45.651   740  1158 I HwaDMapIpp: [ff00962_64I] checkNeedSwapCalibrationData() ConfigFile NULL
03-06 14:38:45.651   740  1158 D Misc____: [ff00962_64D] enter loadRequest
03-06 14:38:45.651   740  1158 D EnvImpl : [HWA_CAM3]getPackageName :  io.framework7.classroom
03-06 14:38:45.651   740  1158 D IppAlgoFilter: [HWA_CAM3]loadPreviewRequest() REQUEST_DMAP_SWAP, status:0
03-06 14:38:45.651   740  1158 D EnvImpl : [HWA_CAM3]getPackageName :  io.framework7.classroom
03-06 14:38:45.651   740  1158 I chatty  : uid=1013(media) pl#2 identical 1 line
03-06 14:38:45.651   740  1158 D EnvImpl : [HWA_CAM3]getPackageName :  io.framework7.classroom
03-06 14:38:45.652   740 13736 I YuvCalculate: mono_mode: 0, ae_stable: [0, 0], colorDis: 0, buf_cnt:1
03-06 14:38:45.652   740 13734 E DeviceBaseImpl: [HWA_CAM3]getAfObjectDistance get ANDROID_HW_AF_OBJECT_DISTANCD fail
03-06 14:38:45.652   740 13734 D Misc____: [ff00962_64D] onProcessFrame(666), afDistance(0.000000)
03-06 14:38:45.655   740 13738 I GRALLOC : LockFlexLayout: baseFormat: 11, yStride: 1920, ySize: 2073600, uOffset: 2073600,  uStride: 1920
03-06 14:38:45.657   740 13738 I GRALLOC : LockFlexLayout: baseFormat: 11, yStride: 1920, ySize: 2073600, uOffset: 2073600,  uStride: 1920
03-06 14:38:45.659  3485 12980 I [HwRecSys]-Notification-NotificationController: requestNotificationModelClassify  resultInt : 8
03-06 14:38:45.659  3485 12980 I [HwRecSys]-Notification-NotificationController: doNotificationCollect getLabelByModels label:8
03-06 14:38:45.659   740 13736 I YuvCalculate: onSubAlgoProcess() yuv lum calc, main_lum:0, aux_lum:0, sat:0, green:0, blue:488, expo0:[0, 0x0, 0], expo1:[0, 0x0, 0]
03-06 14:38:45.659  3485 12980 I [HwRecSys]HwRecSysAidlInterfaceStub: doNotificationCollect ->  finally remote Num - 1 !
03-06 14:38:45.660  1317 11994 I HwNotificationManagerService: doNotificationCollect: pkg=com.tencent.news, uid=10062, hw_type=8, hw_btw=false
03-06 14:38:45.660 13446 15430 W System.err: java.io.IOException: Cleartext HTTP traffic to global.talk-cloud.net not permitted
03-06 14:38:45.660  1317 11994 I NotificationService: enqueueNotificationInternal Channel Info : pkg=com.tencent.news id=463215046 importance =3
03-06 14:38:45.660 13446 15430 W System.err: 	at com.android.okhttp.HttpHandler$CleartextURLFilter.checkURLPermitted(HttpHandler.java:115)
03-06 14:38:45.660 13446 15430 W System.err: 	at com.android.okhttp.internal.huc.HttpURLConnectionImpl.execute(HttpURLConnectionImpl.java:458)
03-06 14:38:45.660 13446 15430 W System.err: 	at com.android.okhttp.internal.huc.HttpURLConnectionImpl.connect(HttpURLConnectionImpl.java:127)
03-06 14:38:45.660 13446 15430 W System.err: 	at com.android.okhttp.internal.huc.HttpURLConnectionImpl.getOutputStream(HttpURLConnectionImpl.java:258)
03-06 14:38:45.660 13446 15430 W System.err: 	at com.talkcloud.utils.AsyncHttpURLConnection.sendHttpMessage(AsyncHttpURLConnection.java:105)
03-06 14:38:45.660 13446 15430 W System.err: 	at com.talkcloud.utils.AsyncHttpURLConnection.access$000(AsyncHttpURLConnection.java:26)
03-06 14:38:45.660 13446 15430 W System.err: 	at com.talkcloud.utils.AsyncHttpURLConnection$1.run(AsyncHttpURLConnection.java:63)
03-06 14:38:45.660 13446 15430 W System.err: 	at java.lang.Thread.run(Thread.java:784)
03-06 14:38:45.660 13446 15430 E [tk-sdk]: sendHttpMessage exceptionhttp://global.talk-cloud.net:80/ClientAPI/checkroomCleartext HTTP traffic to global.talk-cloud.net not permitted
03-06 14:38:45.660   722 13719 I Camera3-Stream: getBuffer: Stream 0, 0xf392b600: Already dequeued max output buffers (7), wait for next returned one.
03-06 14:38:45.661 15384 15410 I PushLogNC90100304: [Thread-2-15862]BadgeClassName :com.tencent.news.activity.SplashActivityPackageName: com.huawei.android.pushagentDispPkgName: com.tencent.newsBadgeAddNum1(pushagent/PushNotification.java:137)
03-06 14:38:45.662 13446 15432 W System.err: java.io.IOException: Cleartext HTTP traffic to global.talk-cloud.net not permitted
03-06 14:38:45.662 13446 15432 W System.err: 	at com.android.okhttp.HttpHandler$CleartextURLFilter.checkURLPermitted(HttpHandler.java:115)
03-06 14:38:45.662 13446 15432 W System.err: 	at com.android.okhttp.internal.huc.HttpURLConnectionImpl.execute(HttpURLConnectionImpl.java:458)
03-06 14:38:45.662 13446 15432 W System.err: 	at com.android.okhttp.internal.huc.HttpURLConnectionImpl.connect(HttpURLConnectionImpl.java:127)
03-06 14:38:45.662 13446 15432 W System.err: 	at com.android.okhttp.internal.huc.HttpURLConnectionImpl.getOutputStream(HttpURLConnectionImpl.java:258)
03-06 14:38:45.662 13446 15432 W System.err: 	at com.talkcloud.utils.AsyncHttpURLConnection.sendHttpMessage(AsyncHttpURLConnection.java:105)
03-06 14:38:45.662 13446 15432 W System.err: 	at com.talkcloud.utils.AsyncHttpURLConnection.access$000(AsyncHttpURLConnection.java:26)
03-06 14:38:45.662 13446 15432 W System.err: 	at com.talkcloud.utils.AsyncHttpURLConnection$1.run(AsyncHttpURLConnection.java:63)
03-06 14:38:45.662 13446 15432 W System.err: 	at java.lang.Thread.run(Thread.java:784)
03-06 14:38:45.662 13446 15432 E [tk-sdk]: sendHttpMessage exceptionhttp://global.talk-cloud.net:80/ClientAPI/checkroomCleartext HTTP traffic to global.talk-cloud.net not permitted
03-06 14:38:45.662 13446 15433 W System.err: java.io.IOException: Cleartext HTTP traffic to global.talk-cloud.net not permitted
03-06 14:38:45.662 13446 15433 W System.err: 	at com.android.okhttp.HttpHandler$CleartextURLFilter.checkURLPermitted(HttpHandler.java:115)
03-06 14:38:45.662 13446 15433 W System.err: 	at com.android.okhttp.internal.huc.HttpURLConnectionImpl.execute(HttpURLConnectionImpl.java:458)
03-06 14:38:45.662 13446 15433 W System.err: 	at com.android.okhttp.internal.huc.HttpURLConnectionImpl.connect(HttpURLConnectionImpl.java:127)
03-06 14:38:45.662 13446 15433 W System.err: 	at com.android.okhttp.internal.huc.HttpURLConnectionImpl.getOutputStream(HttpURLConnectionImpl.java:258)
03-06 14:38:45.662 13446 15433 W System.err: 	at com.talkcloud.utils.AsyncHttpURLConnection.sendHttpMessage(AsyncHttpURLConnection.java:105)
03-06 14:38:45.662 13446 15433 W System.err: 	at com.talkcloud.utils.AsyncHttpURLConnection.access$000(AsyncHttpURLConnection.java:26)
03-06 14:38:45.662 13446 15433 W System.err: 	at com.talkcloud.utils.AsyncHttpURLConnection$1.run(AsyncHttpURLConnection.java:63)
03-06 14:38:45.662 13446 15433 W System.err: 	at java.lang.Thread.run(Thread.java:784)
03-06 14:38:45.662 13446 15433 E [tk-sdk]: sendHttpMessage exceptionhttp://global.talk-cloud.net:80/ClientAPI/checkroomCleartext HTTP traffic to global.talk-cloud.net not permitted
03-06 14:38:45.663 13446 15435 W System.err: java.io.IOException: Cleartext HTTP traffic to global.talk-cloud.net not permitted
03-06 14:38:45.663 13446 15435 W System.err: 	at com.android.okhttp.HttpHandler$CleartextURLFilter.checkURLPermitted(HttpHandler.java:115)
03-06 14:38:45.663 13446 15435 W System.err: 	at com.android.okhttp.internal.huc.HttpURLConnectionImpl.execute(HttpURLConnectionImpl.java:458)
03-06 14:38:45.663 13446 15435 W System.err: 	at com.android.okhttp.internal.huc.HttpURLConnectionImpl.connect(HttpURLConnectionImpl.java:127)
03-06 14:38:45.663 13446 15435 W System.err: 	at com.android.okhttp.internal.huc.HttpURLConnectionImpl.getOutputStream(HttpURLConnectionImpl.java:258)
03-06 14:38:45.663 13446 15435 W System.err: 	at com.talkcloud.utils.AsyncHttpURLConnection.sendHttpMessage(AsyncHttpURLConnection.java:105)
03-06 14:38:45.663 13446 15435 W System.err: 	at com.talkcloud.utils.AsyncHttpURLConnection.access$000(AsyncHttpURLConnection.java:26)
03-06 14:38:45.663 13446 15435 W System.err: 	at com.talkcloud.utils.AsyncHttpURLConnection$1.run(AsyncHttpURLConnection.java:63)
03-06 14:38:45.663 13446 15435 W System.err: 	at java.lang.Thread.run(Thread.java:784)
03-06 14:38:45.663 13446 15435 E [tk-sdk]: sendHttpMessage exceptionhttp://global.talk-cloud.net:80/ClientAPI/checkroomCleartext HTTP traffic to global.talk-cloud.net not permitted
03-06 14:38:45.663 13446 13446 I [tk-sdk]: step1Checkroom ret=11
03-06 14:38:45.664 13446 15436 W System.err: java.io.IOException: Cleartext HTTP traffic to global.talk-cloud.net not permitted
03-06 14:38:45.664 13446 15436 W System.err: 	at com.android.okhttp.HttpHandler$CleartextURLFilter.checkURLPermitted(HttpHandler.java:115)
03-06 14:38:45.664 13446 15436 W System.err: 	at com.android.okhttp.internal.huc.HttpURLConnectionImpl.execute(HttpURLConnectionImpl.java:458)
03-06 14:38:45.664 13446 15436 W System.err: 	at com.android.okhttp.internal.huc.HttpURLConnectionImpl.connect(HttpURLConnectionImpl.java:127)
03-06 14:38:45.664 13446 15436 W System.err: 	at com.android.okhttp.internal.huc.HttpURLConnectionImpl.getOutputStream(HttpURLConnectionImpl.java:258)
03-06 14:38:45.664 13446 15436 W System.err: 	at com.talkcloud.utils.AsyncHttpURLConnection.sendHttpMessage(AsyncHttpURLConnection.java:105)
03-06 14:38:45.664 13446 15436 W System.err: 	at com.talkcloud.utils.AsyncHttpURLConnection.access$000(AsyncHttpURLConnection.java:26)
03-06 14:38:45.664 13446 15436 W System.err: 	at com.talkcloud.utils.AsyncHttpURLConnection$1.run(AsyncHttpURLConnection.java:63)
03-06 14:38:45.664 13446 15436 W System.err: 	at java.lang.Thread.run(Thread.java:784)
03-06 14:38:45.664 13446 15436 E [tk-sdk]: sendHttpMessage exceptionhttp://global.talk-cloud.net:80/ClientAPI/checkroomCleartext HTTP traffic to global.talk-cloud.net not permitted
03-06 14:38:45.664 15384 15401 W FileLogNode: backup the log file. mLogFile.length() + line.length(): 270827 LIMIT_FILE_SIZE :10485760false
03-06 14:38:45.665 15384 15401 W FileLogNode: backup the log file
03-06 14:38:45.665   740 13736 I AntiBanding: onSubAlgoProcess() mAlgoCtx.continue_detect_cnt :0, mAlgoCtx.succ_detect_cnt : 0, mAlgoCtx.motion_flag = 0, detect_result:0, frequency_detected = 0,cur_expo = 50000
03-06 14:38:45.665 13446 13446 I [tk-sdk]: step1Checkroom ret=11
03-06 14:38:45.665 15384 15401 W FileLogNode: nc log write success
03-06 14:38:45.666   722 13725 I GRALLOC : LockFlexLayout: baseFormat: 11, yStride: 1920, ySize: 2073600, uOffset: 2073600,  uStride: 1920
03-06 14:38:45.667 15384 15410 I PushLogNC90100304: [Thread-2-15862]refresh(pushagent/BadgeUtil.java:45)
03-06 14:38:45.667 15384 15410 I PushLogNC90100304: [Thread-2-15862]existnum 0,new num 1(pushagent/BadgeUtil.java:129)
03-06 14:38:45.667 13446 15434 W System.err: java.io.IOException: Cleartext HTTP traffic to global.talk-cloud.net not permitted
03-06 14:38:45.667 13446 15434 W System.err: 	at com.android.okhttp.HttpHandler$CleartextURLFilter.checkURLPermitted(HttpHandler.java:115)
03-06 14:38:45.667 13446 15434 W System.err: 	at com.android.okhttp.internal.huc.HttpURLConnectionImpl.execute(HttpURLConnectionImpl.java:458)
03-06 14:38:45.667 13446 15434 W System.err: 	at com.android.okhttp.internal.huc.HttpURLConnectionImpl.connect(HttpURLConnectionImpl.java:127)
03-06 14:38:45.667 13446 15434 W System.err: 	at com.android.okhttp.internal.huc.HttpURLConnectionImpl.getOutputStream(HttpURLConnectionImpl.java:258)
03-06 14:38:45.667 13446 15434 W System.err: 	at com.talkcloud.utils.AsyncHttpURLConnection.sendHttpMessage(AsyncHttpURLConnection.java:105)
03-06 14:38:45.667 13446 15434 W System.err: 	at com.talkcloud.utils.AsyncHttpURLConnection.access$000(AsyncHttpURLConnection.java:26)
03-06 14:38:45.667 13446 15434 W System.err: 	at com.talkcloud.utils.AsyncHttpURLConnection$1.run(AsyncHttpURLConnection.java:63)
03-06 14:38:45.667 13446 15434 W System.err: 	at java.lang.Thread.run(Thread.java:784)
03-06 14:38:45.668 13446 15434 E [tk-sdk]: sendHttpMessage exceptionhttp://global.talk-cloud.net:80/ClientAPI/checkroomCleartext HTTP traffic to global.talk-cloud.net not permitted
03-06 14:38:45.668 15384 15410 I PushLogNC90100304: [Thread-2-15862] init NC BI reporter.(pushagent/BIReporter.java:50)
03-06 14:38:45.668 15384 15401 W FileLogNode: backup the log file. mLogFile.length() + line.length(): 270976 LIMIT_FILE_SIZE :10485760false
03-06 14:38:45.668 15384 15401 W FileLogNode: backup the log file
03-06 14:38:45.668 15384 15401 W FileLogNode: nc log write success
03-06 14:38:45.668 15384 15401 W FileLogNode: backup the log file. mLogFile.length() + line.length(): 271092 LIMIT_FILE_SIZE :10485760false
03-06 14:38:45.668 15384 15401 W FileLogNode: backup the log file
03-06 14:38:45.669 15384 15401 W FileLogNode: nc log write success
03-06 14:38:45.669 15384 15401 W FileLogNode: backup the log file. mLogFile.length() + line.length(): 271215 LIMIT_FILE_SIZE :10485760false
03-06 14:38:45.669 15384 15401 W FileLogNode: backup the log file
03-06 14:38:45.669 15384 15401 W FileLogNode: nc log write success
03-06 14:38:45.677  1317  1317 D NotificationService: mGameDndStatus is:false ,isGameDndSwitchOn is:false
03-06 14:38:45.678   517  2712 D LibteecGlobal@2.0: openSession: opMem is null or size is 0
03-06 14:38:45.678 15406 15406 E libteec : teec_init open session OK
03-06 14:38:45.679  1317  1317 V HwNotificationManagerService: isHwSoundAllow pkg=com.tencent.news, channelId=com.huawei.android.pushagent, userId=0, cfg=3
03-06 14:38:45.680  1800  1917 I AppManager: app:com.tencent.news Notification update time:92723668
03-06 14:38:45.681 15406 15406 E HwCryptoMessageService: MutiCardFactory error:isMtkGeminiSupport() method:FeatureOption.MTK_GEMINI_SUPPORT, exception = java.lang.ClassNotFoundException: com.mediatek.common.featureoption.FeatureOption
03-06 14:38:45.684  1317  1317 V AudioManager: getStreamVolume  streamType: 5 volume: 0
03-06 14:38:45.685  1317  1317 V HwNotificationManagerService: isHwVibrateAllow pkg=com.tencent.news, channelId=com.huawei.android.pushagent, userId=0, cfg=3
03-06 14:38:45.685  1317  1317 V AudioManager: isAudioFocusExclusive...
03-06 14:38:45.685  1317  1317 V AudioManager: getStreamVolume  streamType: 5 volume: 0
03-06 14:38:45.689 15384 15410 I hianalytics: [2020-03-06 14:38:45.688 I/hianalytics/hianalytics 15384:15862 null:2]
03-06 14:38:45.689 15384 15410 I hianalytics:  
03-06 14:38:45.689 15384 15410 I hianalytics: ============================================================================
03-06 14:38:45.689 15384 15410 I hianalytics: ====== HiAnalytics-2.1.4.301
03-06 14:38:45.689 15384 15410 I hianalytics: ============================================================================
03-06 14:38:45.689 15384 15410 I PushLogNC90100304: [Thread-2-15862]Report BI event, cmd =cosa, msgid = -1946149383, eventId = 0,notifyId= 463215046(pushagent/BIReporter.java:101)
03-06 14:38:45.689 15384 15401 W FileLogNode: backup the log file. mLogFile.length() + line.length(): 271397 LIMIT_FILE_SIZE :10485760false
03-06 14:38:45.690 15384 15401 W FileLogNode: backup the log file
03-06 14:38:45.690 15384 15401 W FileLogNode: nc log write success
03-06 14:38:45.691 15384 15410 I HiAnalytics/event: [2020-03-06 14:38:45.690 I/hianalytics/HiAnalytics/event 15384:15862 null:13] HiAnalyticsInstance.onEvent(int type, String eventId, Map<String, String> mapValue) is execute.TAG: _default_config_tag,TYPE: 0
03-06 14:38:45.691 15384 15410 I HiAnalytics/event: [2020-03-06 14:38:45.691 I/hianalytics/HiAnalytics/event 15384:15862 null:13] HiAnalyticsInstance.onReport() is execute.TAG: _default_config_tag,TYPE: -1
03-06 14:38:45.691 15384 15410 I HiAnalytics/event: [2020-03-06 14:38:45.691 I/hianalytics/HiAnalytics/event 15384:15862 null:18] onReport: Before calling runtaskhandler()
03-06 14:38:45.691 15384 15410 I PushLogNC90100304: [Thread-2-15862]report success(pushagent/BIReporter.java:130)
03-06 14:38:45.692 15384 15401 W FileLogNode: backup the log file. mLogFile.length() + line.length(): 271534 LIMIT_FILE_SIZE :10485760false
03-06 14:38:45.692 15384 15401 W FileLogNode: backup the log file
03-06 14:38:45.692 15384 15401 W FileLogNode: nc log write success
03-06 14:38:45.692 15406 15406 E HwCryptoMessageService: ConfigInfo error:getSimIMSI(int subid) method get imsi FAILED that subid = 1
03-06 14:38:45.696 15406 15406 I chatty  : uid=1000(system) identical 2 lines
03-06 14:38:45.698 15406 15406 E HwCryptoMessageService: ConfigInfo error:getSimIMSI(int subid) method get imsi FAILED that subid = 1
03-06 14:38:45.702   740  1158 D EnvImpl : [HWA_CAM3]getPackageName :  io.framework7.classroom
03-06 14:38:45.702   740  1158 I HwaUtils: [ff00962_64I] getProductExtendName() path=MHA
03-06 14:38:45.702   740  1158 I HwaUtils: [ff00962_64I] getOneCfgFile() path=NULL
03-06 14:38:45.702   740  1158 I HwaDMapIpp: [ff00962_64I] checkNeedSwapCalibrationData() ConfigFile NULL
03-06 14:38:45.702   740  1158 D Misc____: [ff00962_64D] enter loadRequest
03-06 14:38:45.702   740  1158 D EnvImpl : [HWA_CAM3]getPackageName :  io.framework7.classroom
03-06 14:38:45.702   740  1158 D IppAlgoFilter: [HWA_CAM3]loadPreviewRequest() REQUEST_DMAP_SWAP, status:0
03-06 14:38:45.702   740  1158 D EnvImpl : [HWA_CAM3]getPackageName :  io.framework7.classroom
03-06 14:38:45.702   740  1158 I chatty  : uid=1013(media) pl#2 identical 1 line
03-06 14:38:45.702   740  1158 D EnvImpl : [HWA_CAM3]getPackageName :  io.framework7.classroom
03-06 14:38:45.703 15406 15406 E HwCryptoMessageService: ConfigInfo error:getSimIMSI(int subid) method get imsi FAILED that subid = 1
03-06 14:38:45.703 15406 15406 E HwCryptoMessageService: ConfigInfo error:setSubConfig(int subid, SubConfig sc) method bad parameter for imsi is null
03-06 14:38:45.704   740 13748 E IppAlgoSmartAE: [ff00962_64E] doSmartAEAlgo() failed to getSceneMode
03-06 14:38:45.704   740 13748 D contrastCal: ae_gain:2416, ae_iso:471, frame_rate:19, frameWidth:1280, frameHeight:720
03-06 14:38:45.704   740 13748 I contrastCal: [smartAf]contrast_cal_process: giNumFlagDoAF = 28, focus_stage = 0
03-06 14:38:45.704   740 13736 I YuvCalculate: mono_mode: 0, ae_stable: [0, 0], colorDis: 0, buf_cnt:1
03-06 14:38:45.705   740 13734 E DeviceBaseImpl: [HWA_CAM3]getAfObjectDistance get ANDROID_HW_AF_OBJECT_DISTANCD fail
03-06 14:38:45.705   740 13734 D Misc____: [ff00962_64D] onProcessFrame(666), afDistance(0.000000)
03-06 14:38:45.710   740 13738 I GRALLOC : LockFlexLayout: baseFormat: 11, yStride: 1920, ySize: 2073600, uOffset: 2073600,  uStride: 1920
03-06 14:38:45.710   740 13736 I YuvCalculate: onSubAlgoProcess() yuv lum calc, main_lum:0, aux_lum:0, sat:0, green:0, blue:528, expo0:[0, 0x0, 0], expo1:[0, 0x0, 0]
03-06 14:38:45.712   740 13738 I GRALLOC : LockFlexLayout: baseFormat: 11, yStride: 1920, ySize: 2073600, uOffset: 2073600,  uStride: 1920
03-06 14:38:45.712 15384 15439 I InitInfoV2support: [2020-03-06 14:38:45.711 I/hianalytics/InitInfoV2support 15384:15867 null:39] No backup data needed to be processed
03-06 14:38:45.712 15384 15439 I InitInfoV2support: [2020-03-06 14:38:45.712 I/hianalytics/InitInfoV2support 15384:15867 null:41] cached data by HASDKV2 has already handled.
03-06 14:38:45.713   722 13719 I Camera3-Stream: getBuffer: Stream 2, 0xf392d700: Already dequeued max output buffers (7), wait for next returned one.
03-06 14:38:45.714   722 13725 I GRALLOC : LockFlexLayout: baseFormat: 11, yStride: 1920, ySize: 2073600, uOffset: 2073600,  uStride: 1920
03-06 14:38:45.716   740 13736 I AntiBanding: onSubAlgoProcess() mAlgoCtx.continue_detect_cnt :1, mAlgoCtx.succ_detect_cnt : 0, mAlgoCtx.motion_flag = 0, detect_result:0, frequency_detected = 7,cur_expo = 50000
03-06 14:38:45.719  1619  1619 I NotificationInflation1: start: entry=214564763
03-06 14:38:45.724  1761  1966 E BDLog   : BD.FilterImpl:com.android.systemui 344 times= 200 over threshold
03-06 14:38:45.724  1761  1966 E BDLog   : BD.FilterImpl:com.android.systemui, 344 is illLegal
03-06 14:38:45.731  1619  2571 I FakeShadowView: radius12
03-06 14:38:45.732  1619  1619 I NotificationInflation1: finish: entry=214564763
03-06 14:38:45.733  1619  1619 I NotificationInflation2: start: entry=214564763
03-06 14:38:45.733  1619  2601 I GlobalContext: Runnable for SerialExecutor
03-06 14:38:45.734  1619  2601 I NotificationInflation4: doInBackground is begin
03-06 14:38:45.735  1619  2601 I HwNotificationEx: new HwNotificationEx
03-06 14:38:45.735  1619  2601 I HwNotificationEx: isPureColorIcon
03-06 14:38:45.735  1619  2601 I HwNotificationEx: mHWColorUtil is null get it agin
03-06 14:38:45.740  4320  4320 E HwCryptoMessageService: CryptoMessageManager error:bindService success
03-06 14:38:45.740  4320  4320 D CryptoMessageServiceProxy: start ConnectCallBack connectSuccess method
03-06 14:38:45.740  4320  4320 D CryptoMessageServiceProxy: start method tryConnect
03-06 14:38:45.740  4320  4383 D CryptoMessageServiceProxy: Binder linttodeath is success
03-06 14:38:45.742  4320  4383 D CryptoMessageServiceProxy: registerCallback() method register callback success, count is: 0
03-06 14:38:45.745 15406 15406 E HwCryptoMessageService: ConfigInfo error:getSimIMSI(int subid) method get imsi FAILED that subid = 1
03-06 14:38:45.749  1619  2601 I HwNotificationEx: isPureColorIcon
03-06 14:38:45.750  1619  2601 I chatty  : uid=10040(com.huawei.HwMultiScreenShot) SystemUIThreadF identical 2 lines
03-06 14:38:45.750  1619  2601 I HwNotificationEx: isPureColorIcon
03-06 14:38:45.750  1619  2601 I NotificationInflation5: doInBackground is end
03-06 14:38:45.751  1619  1619 I NotificationInflation2: finish: entry=214564763
03-06 14:38:45.751  1619  1619 I NotificationInflation3: start: entry=214564763
03-06 14:38:45.751   740  1158 D EnvImpl : [HWA_CAM3]getPackageName :  io.framework7.classroom
03-06 14:38:45.751   740  1158 I HwaUtils: [ff00962_64I] getProductExtendName() path=MHA
03-06 14:38:45.751   740  1158 I HwaUtils: [ff00962_64I] getOneCfgFile() path=NULL
03-06 14:38:45.751   740  1158 I HwaDMapIpp: [ff00962_64I] checkNeedSwapCalibrationData() ConfigFile NULL
03-06 14:38:45.751   740  1158 D Misc____: [ff00962_64D] enter loadRequest
03-06 14:38:45.751   740  1158 D EnvImpl : [HWA_CAM3]getPackageName :  io.framework7.classroom
03-06 14:38:45.751   740  1158 D IppAlgoFilter: [HWA_CAM3]loadPreviewRequest() REQUEST_DMAP_SWAP, status:0
03-06 14:38:45.751   740 13748 E IppAlgoSmartAE: [ff00962_64E] doSmartAEAlgo() failed to getSceneMode
03-06 14:38:45.751   740  1158 D EnvImpl : [HWA_CAM3]getPackageName :  io.framework7.classroom
03-06 14:38:45.751   740  1158 I chatty  : uid=1013(media) pl#2 identical 1 line
03-06 14:38:45.751   740  1158 D EnvImpl : [HWA_CAM3]getPackageName :  io.framework7.classroom
03-06 14:38:45.751   740 13748 D contrastCal: ae_gain:2174, ae_iso:424, frame_rate:20, frameWidth:1280, frameHeight:720
03-06 14:38:45.751   740 13748 I contrastCal: [smartAf]contrast_cal_process: giNumFlagDoAF = 29, focus_stage = 0
03-06 14:38:45.752   740 13736 I YuvCalculate: mono_mode: 0, ae_stable: [0, 0], colorDis: 0, buf_cnt:1
03-06 14:38:45.752   740 13734 E DeviceBaseImpl: [HWA_CAM3]getAfObjectDistance get ANDROID_HW_AF_OBJECT_DISTANCD fail
03-06 14:38:45.752   740 13734 D Misc____: [ff00962_64D] onProcessFrame(666), afDistance(0.000000)
03-06 14:38:45.754   740 13738 I GRALLOC : LockFlexLayout: baseFormat: 11, yStride: 1920, ySize: 2073600, uOffset: 2073600,  uStride: 1920
03-06 14:38:45.754   740 13736 I YuvCalculate: onSubAlgoProcess() yuv lum calc, main_lum:0, aux_lum:0, sat:0, green:0, blue:713, expo0:[0, 0x0, 0], expo1:[0, 0x0, 0]
03-06 14:38:45.754   740 13736 I AntiBanding: onSubAlgoProcess() mAlgoCtx.continue_detect_cnt :2, mAlgoCtx.succ_detect_cnt : 0, mAlgoCtx.motion_flag = 0, detect_result:0, frequency_detected = 0,cur_expo = 40000
03-06 14:38:45.756   740 13738 I GRALLOC : LockFlexLayout: baseFormat: 11, yStride: 1920, ySize: 2073600, uOffset: 2073600,  uStride: 1920
03-06 14:38:45.757   722 13719 I Camera3-Stream: getBuffer: Stream 2, 0xf392d700: Already dequeued max output buffers (7), wait for next returned one.
03-06 14:38:45.758   722 13725 I GRALLOC : LockFlexLayout: baseFormat: 11, yStride: 1920, ySize: 2073600, uOffset: 2073600,  uStride: 1920
03-06 14:38:45.759  1619 15452 W HwPhoneLayoutInflater: onCreateView : ClassNotFoundException, In this case we want to let the base class take a crack at it
03-06 14:38:45.759  1619 15451 W HwPhoneLayoutInflater: onCreateView : ClassNotFoundException, In this case we want to let the base class take a crack at it
03-06 14:38:45.759  1619 15453 W HwPhoneLayoutInflater: onCreateView : ClassNotFoundException, In this case we want to let the base class take a crack at it
03-06 14:38:45.759  1619 15451 W HwPhoneLayoutInflater: onCreateView : ClassNotFoundException, In this case we want to let the base class take a crack at it
03-06 14:38:45.759  1619 15452 W HwPhoneLayoutInflater: onCreateView : ClassNotFoundException, In this case we want to let the base class take a crack at it
03-06 14:38:45.759  1619 15453 W HwPhoneLayoutInflater: onCreateView : ClassNotFoundException, In this case we want to let the base class take a crack at it
03-06 14:38:45.760  1619 15454 W HwPhoneLayoutInflater: onCreateView : ClassNotFoundException, In this case we want to let the base class take a crack at it
03-06 14:38:45.761  1619 15454 W HwPhoneLayoutInflater: onCreateView : ClassNotFoundException, In this case we want to let the base class take a crack at it
03-06 14:38:45.769  1619 15451 W HwPhoneLayoutInflater: onCreateView : ClassNotFoundException, In this case we want to let the base class take a crack at it
03-06 14:38:45.770  1619 15452 W HwPhoneLayoutInflater: onCreateView : ClassNotFoundException, In this case we want to let the base class take a crack at it
03-06 14:38:45.770  1619 15453 W HwPhoneLayoutInflater: onCreateView : ClassNotFoundException, In this case we want to let the base class take a crack at it
03-06 14:38:45.770  1619 15451 W HwPhoneLayoutInflater: onCreateView : ClassNotFoundException, In this case we want to let the base class take a crack at it
03-06 14:38:45.770  1619 15452 W HwPhoneLayoutInflater: onCreateView : ClassNotFoundException, In this case we want to let the base class take a crack at it
03-06 14:38:45.770  1619 15453 W HwPhoneLayoutInflater: onCreateView : ClassNotFoundException, In this case we want to let the base class take a crack at it
03-06 14:38:45.770  1619 15454 W HwPhoneLayoutInflater: onCreateView : ClassNotFoundException, In this case we want to let the base class take a crack at it
03-06 14:38:45.770  1619 15454 W HwPhoneLayoutInflater: onCreateView : ClassNotFoundException, In this case we want to let the base class take a crack at it
03-06 14:38:45.771  1619 15452 W HwPhoneLayoutInflater: onCreateView : ClassNotFoundException, In this case we want to let the base class take a crack at it
03-06 14:38:45.771  1619 15451 W HwPhoneLayoutInflater: onCreateView : ClassNotFoundException, In this case we want to let the base class take a crack at it
03-06 14:38:45.771  1619 15453 W HwPhoneLayoutInflater: onCreateView : ClassNotFoundException, In this case we want to let the base class take a crack at it
03-06 14:38:45.771  1619 15454 W HwPhoneLayoutInflater: onCreateView : ClassNotFoundException, In this case we want to let the base class take a crack at it
03-06 14:38:45.776  1619 15453 W HwPhoneLayoutInflater: onCreateView : ClassNotFoundException, In this case we want to let the base class take a crack at it
03-06 14:38:45.776  1619 15451 W HwPhoneLayoutInflater: onCreateView : ClassNotFoundException, In this case we want to let the base class take a crack at it
03-06 14:38:45.776  1619 15452 W HwPhoneLayoutInflater: onCreateView : ClassNotFoundException, In this case we want to let the base class take a crack at it
03-06 14:38:45.776  1619 15454 W HwPhoneLayoutInflater: onCreateView : ClassNotFoundException, In this case we want to let the base class take a crack at it
03-06 14:38:45.777  1619 15454 W HwPhoneLayoutInflater: onCreateView : ClassNotFoundException, In this case we want to let the base class take a crack at it
03-06 14:38:45.777  1619 15451 W HwPhoneLayoutInflater: onCreateView : ClassNotFoundException, In this case we want to let the base class take a crack at it
03-06 14:38:45.777  1619 15452 W HwPhoneLayoutInflater: onCreateView : ClassNotFoundException, In this case we want to let the base class take a crack at it
03-06 14:38:45.777  1619 15453 W HwPhoneLayoutInflater: onCreateView : ClassNotFoundException, In this case we want to let the base class take a crack at it
03-06 14:38:45.788  1619  1980 D NetworkController.MobileSignalController(0): mSimSubId:0 onDataActivity: direction=3
03-06 14:38:45.796  1619 15454 W HwPhoneLayoutInflater: onCreateView : ClassNotFoundException, In this case we want to let the base class take a crack at it
03-06 14:38:45.798  1619 15454 I chatty  : uid=10040(com.huawei.HwMultiScreenShot) InflaterThread identical 2 lines
03-06 14:38:45.799  1619 15454 W HwPhoneLayoutInflater: onCreateView : ClassNotFoundException, In this case we want to let the base class take a crack at it
03-06 14:38:45.799  1619  1619 D HwCustMobileSignalControllerImpl: updateDataType, mDataNetType: 13, isCAstate: false
03-06 14:38:45.799  1619 15454 W HwPhoneLayoutInflater: onCreateView : ClassNotFoundException, In this case we want to let the base class take a crack at it
03-06 14:38:45.800  1619 15454 I chatty  : uid=10040(com.huawei.HwMultiScreenShot) InflaterThread identical 1 line
03-06 14:38:45.800  1619 15454 W HwPhoneLayoutInflater: onCreateView : ClassNotFoundException, In this case we want to let the base class take a crack at it
03-06 14:38:45.801   740  1158 D EnvImpl : [HWA_CAM3]getPackageName :  io.framework7.classroom
03-06 14:38:45.801   740  1158 I HwaUtils: [ff00962_64I] getProductExtendName() path=MHA
03-06 14:38:45.801   740  1158 I HwaUtils: [ff00962_64I] getOneCfgFile() path=NULL
03-06 14:38:45.801   740  1158 I HwaDMapIpp: [ff00962_64I] checkNeedSwapCalibrationData() ConfigFile NULL
03-06 14:38:45.801   740  1158 D Misc____: [ff00962_64D] enter loadRequest
03-06 14:38:45.801   740  1158 D EnvImpl : [HWA_CAM3]getPackageName :  io.framework7.classroom
03-06 14:38:45.801   740  1158 D IppAlgoFilter: [HWA_CAM3]loadPreviewRequest() REQUEST_DMAP_SWAP, status:0
03-06 14:38:45.801   740  1158 D EnvImpl : [HWA_CAM3]getPackageName :  io.framework7.classroom
03-06 14:38:45.801   740  1158 I chatty  : uid=1013(media) pl#2 identical 1 line
03-06 14:38:45.801   740  1158 D EnvImpl : [HWA_CAM3]getPackageName :  io.framework7.classroom
03-06 14:38:45.801   740 13748 E IppAlgoSmartAE: [ff00962_64E] doSmartAEAlgo() failed to getSceneMode
03-06 14:38:45.801   740 13748 D contrastCal: ae_gain:2004, ae_iso:391, frame_rate:20, frameWidth:1280, frameHeight:720
03-06 14:38:45.801   740 13748 I contrastCal: [smartAf]contrast_cal_process: giNumFlagDoAF = 30, focus_stage = 0
03-06 14:38:45.801   740 13736 I YuvCalculate: mono_mode: 0, ae_stable: [0, 0], colorDis: 0, buf_cnt:1
03-06 14:38:45.801  1619  1619 D NetWorkUtils: is3GCalling is false,mCdmaSlot is -1
03-06 14:38:45.801  1619  1619 D NetWorkUtils: mVSimCurCardType is -1
03-06 14:38:45.802   740 13734 E DeviceBaseImpl: [HWA_CAM3]getAfObjectDistance get ANDROID_HW_AF_OBJECT_DISTANCD fail
03-06 14:38:45.802   740 13734 D Misc____: [ff00962_64D] onProcessFrame(666), afDistance(0.000000)
03-06 14:38:45.802  1619  1619 D NetWorkUtils: is3GCalling is false,mCdmaSlot is -1
03-06 14:38:45.802  1619  1619 D NetWorkUtils: mVSimCurCardType is -1
03-06 14:38:45.802  1619  1619 D NetWorkUtils: is3GCalling is false,mCdmaSlot is -1
03-06 14:38:45.802  1619  1619 D NetWorkUtils: mVSimCurCardType is -1
03-06 14:38:45.803   740 13736 I YuvCalculate: onSubAlgoProcess() yuv lum calc, main_lum:0, aux_lum:0, sat:0, green:0, blue:662, expo0:[0, 0x0, 0], expo1:[0, 0x0, 0]
03-06 14:38:45.806   740 13738 I GRALLOC : LockFlexLayout: baseFormat: 11, yStride: 1920, ySize: 2073600, uOffset: 2073600,  uStride: 1920
03-06 14:38:45.807   740 13738 I GRALLOC : LockFlexLayout: baseFormat: 11, yStride: 1920, ySize: 2073600, uOffset: 2073600,  uStride: 1920
03-06 14:38:45.808   722 13725 I GRALLOC : LockFlexLayout: baseFormat: 11, yStride: 1920, ySize: 2073600, uOffset: 2073600,  uStride: 1920
03-06 14:38:45.809   722 13719 I Camera3-Stream: getBuffer: Stream 0, 0xf392b600: Already dequeued max output buffers (7), wait for next returned one.
03-06 14:38:45.811  1619  1619 I NotificationInflation3: finish: entry=214564763
03-06 14:38:45.818  1619  1619 W NotificationViewHierarchyManager: updateNotificationShade activeNotificationSize=30;hasFaceDT: false; Detected:false
03-06 14:38:45.851   740 13748 E IppAlgoSmartAE: [ff00962_64E] doSmartAEAlgo() failed to getSceneMode
03-06 14:38:45.851   740  1158 D EnvImpl : [HWA_CAM3]getPackageName :  io.framework7.classroom
03-06 14:38:45.851   740  1158 I HwaUtils: [ff00962_64I] getProductExtendName() path=MHA
03-06 14:38:45.851   740  1158 I HwaUtils: [ff00962_64I] getOneCfgFile() path=NULL
03-06 14:38:45.851   740  1158 I HwaDMapIpp: [ff00962_64I] checkNeedSwapCalibrationData() ConfigFile NULL
03-06 14:38:45.851   740 13748 D contrastCal: ae_gain:1729, ae_iso:337, frame_rate:20, frameWidth:1280, frameHeight:720
03-06 14:38:45.851   740 13748 I contrastCal: [smartAf]contrast_cal_process: giNumFlagDoAF = 31, focus_stage = 0
03-06 14:38:45.851   740  1158 D Misc____: [ff00962_64D] enter loadRequest
03-06 14:38:45.851   740  1158 D EnvImpl : [HWA_CAM3]getPackageName :  io.framework7.classroom
03-06 14:38:45.851   740  1158 D IppAlgoFilter: [HWA_CAM3]loadPreviewRequest() REQUEST_DMAP_SWAP, status:0
03-06 14:38:45.851   740  1158 D EnvImpl : [HWA_CAM3]getPackageName :  io.framework7.classroom
03-06 14:38:45.851   740  1158 I chatty  : uid=1013(media) pl#2 identical 1 line
03-06 14:38:45.851   740  1158 D EnvImpl : [HWA_CAM3]getPackageName :  io.framework7.classroom
03-06 14:38:45.852   740 13734 E DeviceBaseImpl: [HWA_CAM3]getAfObjectDistance get ANDROID_HW_AF_OBJECT_DISTANCD fail
03-06 14:38:45.852   740 13734 D Misc____: [ff00962_64D] onProcessFrame(666), afDistance(0.000000)
03-06 14:38:45.855   740 13738 I GRALLOC : LockFlexLayout: baseFormat: 11, yStride: 1920, ySize: 2073600, uOffset: 2073600,  uStride: 1920
03-06 14:38:45.856   740 13738 I GRALLOC : LockFlexLayout: baseFormat: 11, yStride: 1920, ySize: 2073600, uOffset: 2073600,  uStride: 1920
03-06 14:38:45.857   740 13736 I YuvCalculate: mono_mode: 0, ae_stable: [0, 0], colorDis: 0, buf_cnt:1
03-06 14:38:45.858   722 13725 I GRALLOC : LockFlexLayout: baseFormat: 11, yStride: 1920, ySize: 2073600, uOffset: 2073600,  uStride: 1920
03-06 14:38:45.860 15384 15439 I HiAnalytics/event: [2020-03-06 14:38:45.859 I/hianalytics/HiAnalytics/event 15384:15867 null:13] run report.TAG : _default_config_tag,TYPE: allType
03-06 14:38:45.860   722 13719 I Camera3-Stream: getBuffer: Stream 0, 0xf392b600: Already dequeued max output buffers (7), wait for next returned one.
03-06 14:38:45.860   740 13736 I YuvCalculate: onSubAlgoProcess() yuv lum calc, main_lum:0, aux_lum:0, sat:0, green:0, blue:570, expo0:[0, 0x0, 0], expo1:[0, 0x0, 0]
03-06 14:38:45.863   740 13736 I AntiBanding: onSubAlgoProcess() mAlgoCtx.continue_detect_cnt :0, mAlgoCtx.succ_detect_cnt : 0, mAlgoCtx.motion_flag = 0, detect_result:0, frequency_detected = 0,cur_expo = 30000
03-06 14:38:45.868 15384 15439 W ActionData: [2020-03-06 14:38:45.868 W/hianalytics/ActionData 15384:15867 null:15] No data from cache sp!
03-06 14:38:45.869 15384 15439 I EventDataHandler: [2020-03-06 14:38:45.869 I/hianalytics/EventDataHandler 15384:15867 null:4] handler event report...
03-06 14:38:45.870 15384 15439 I EventDataHandler: [2020-03-06 14:38:45.870 I/hianalytics/EventDataHandler 15384:15867 null:125] Update data cached into backup,spKey: _default_config_tag#bb58fcc70519438cbfa82b5dd18afee5
03-06 14:38:45.880 15384 15439 I SharedPreferenceUtil: [2020-03-06 14:38:45.879 I/hianalytics/SharedPreferenceUtil 15384:15867 null:24] clear data file : eventTag : _default_config_tag
03-06 14:38:45.884 15384 15457 I HiAnalytics/event: [2020-03-06 14:38:45.883 I/hianalytics/HiAnalytics/event 15384:15874 null:13]  begin to send event data TYPE : oper, TAG : _default_config_tag ,reqID:bb58fcc70519438cbfa82b5dd18afee5
03-06 14:38:45.885 15384 15457 I HianalyticsSDK: [2020-03-06 14:38:45.885 I/hianalytics/HianalyticsSDK 15384:15874 null:19] getAndroidId(): to getConfigByType()
03-06 14:38:45.888  1317  1317 V SettingsProvider: Notifying for 0: content://settings/system/screen_auto_brightness
03-06 14:38:45.889 15384 15457 I DataSendTask: [2020-03-06 14:38:45.888 I/hianalytics/DataSendTask 15384:15874 null:68] Record the data reqID being reported,reqID: _default_config_tag#bb58fcc70519438cbfa82b5dd18afee5
03-06 14:38:45.889  1619  1619 I HwBrightnessUtils: APS brightness=33.0,ConvertToPercentage=0.30150273
03-06 14:38:45.890   618   618 I audio_hw_primary: usb_ext_get_parameters: check show hires (false)
03-06 14:38:45.890  1619  1866 I EventCenter: ContentChange for slot: 1
03-06 14:38:45.890  1619  1866 I EventCenter: ContentChange for slot: 1
03-06 14:38:45.890 15384 15457 I HiAnalytics/event: [2020-03-06 14:38:45.890 I/hianalytics/HiAnalytics/event 15384:15874 null:13] sendData RequestId : bb58fcc70519438cbfa82b5dd18afee5
03-06 14:38:45.890   639 27428 I hash_map_utils: key: 'typec_need_show_hires' value: ''
03-06 14:38:45.890   639 27428 I bt_a2dp_hw: adev_get_parameters: audio a2dp receive kvpairs typec_need_show_hires ,but need not handle
03-06 14:38:45.891  1317  1513 I HwAudioServiceEx: check HiRes Icon false
03-06 14:38:45.892  1317  1317 V SettingsProvider: Notifying for 0: content://settings/system/screen_brightness
03-06 14:38:45.892  1317  1513 W ActivityManager: Sending non-protected broadcast huawei.intent.action.hideHiResIcon from system 1317:system/1000 pkg android
03-06 14:38:45.892  1317  1513 W ActivityManager: Sending non-protected broadcast huawei.intent.action.hideHiResIcon from system 1317:system/1000 pkg android
03-06 14:38:45.896 15384 15457 D NetworkSecurityConfig: No Network Security Config specified, using platform default
03-06 14:38:45.901   740 13748 E IppAlgoSmartAE: [ff00962_64E] doSmartAEAlgo() failed to getSceneMode
03-06 14:38:45.901   740 13748 D contrastCal: ae_gain:1522, ae_iso:297, frame_rate:20, frameWidth:1280, frameHeight:720
03-06 14:38:45.901   740  1158 D EnvImpl : [HWA_CAM3]getPackageName :  io.framework7.classroom
03-06 14:38:45.901   740 13748 I contrastCal: [smartAf]contrast_cal_process: giNumFlagDoAF = 32, focus_stage = 0
03-06 14:38:45.901   740  1158 I HwaUtils: [ff00962_64I] getProductExtendName() path=MHA
03-06 14:38:45.901   740  1158 I HwaUtils: [ff00962_64I] getOneCfgFile() path=NULL
03-06 14:38:45.901   740  1158 I HwaDMapIpp: [ff00962_64I] checkNeedSwapCalibrationData() ConfigFile NULL
03-06 14:38:45.902   740  1158 D Misc____: [ff00962_64D] enter loadRequest
03-06 14:38:45.902   740  1158 D EnvImpl : [HWA_CAM3]getPackageName :  io.framework7.classroom
03-06 14:38:45.902   740  1158 D IppAlgoFilter: [HWA_CAM3]loadPreviewRequest() REQUEST_DMAP_SWAP, status:0
03-06 14:38:45.902   740  1158 D EnvImpl : [HWA_CAM3]getPackageName :  io.framework7.classroom
03-06 14:38:45.902   740  1158 I chatty  : uid=1013(media) pl#2 identical 1 line
03-06 14:38:45.902   740  1158 D EnvImpl : [HWA_CAM3]getPackageName :  io.framework7.classroom
03-06 14:38:45.902   740 13734 E DeviceBaseImpl: [HWA_CAM3]getAfObjectDistance get ANDROID_HW_AF_OBJECT_DISTANCD fail
03-06 14:38:45.902   740 13734 D Misc____: [ff00962_64D] onProcessFrame(666), afDistance(0.000000)
03-06 14:38:45.903   740 13736 I YuvCalculate: mono_mode: 0, ae_stable: [0, 0], colorDis: 0, buf_cnt:1
03-06 14:38:45.905   740 13736 I YuvCalculate: onSubAlgoProcess() yuv lum calc, main_lum:0, aux_lum:0, sat:0, green:0, blue:408, expo0:[0, 0x0, 0], expo1:[0, 0x0, 0]
03-06 14:38:45.906  1317 13002 W AwareLog: AwareMem_Kill: updateGroupList process: not kill critical frequent=com.huawei.cryptosms.service, uid=1000
03-06 14:38:45.906  1317 13002 W AwareLog: AwareMem_Kill: updateGroupList package: move high frequent=com.huawei.android.pushagent, uid=10062
03-06 14:38:45.907   740 13736 I AntiBanding: onSubAlgoProcess() mAlgoCtx.continue_detect_cnt :1, mAlgoCtx.succ_detect_cnt : 0, mAlgoCtx.motion_flag = 0, detect_result:0, frequency_detected = 7,cur_expo = 30000
03-06 14:38:45.909   740 13738 I GRALLOC : LockFlexLayout: baseFormat: 11, yStride: 1920, ySize: 2073600, uOffset: 2073600,  uStride: 1920
03-06 14:38:45.911   740 13738 I GRALLOC : LockFlexLayout: baseFormat: 11, yStride: 1920, ySize: 2073600, uOffset: 2073600,  uStride: 1920
03-06 14:38:45.912   722 13725 I GRALLOC : LockFlexLayout: baseFormat: 11, yStride: 1920, ySize: 2073600, uOffset: 2073600,  uStride: 1920
03-06 14:38:45.915 13446 15458 W System.err: java.io.IOException: Cleartext HTTP traffic to global.talk-cloud.net not permitted
03-06 14:38:45.915 13446 15458 W System.err: 	at com.android.okhttp.HttpHandler$CleartextURLFilter.checkURLPermitted(HttpHandler.java:115)
03-06 14:38:45.915 13446 15458 W System.err: 	at com.android.okhttp.internal.huc.HttpURLConnectionImpl.execute(HttpURLConnectionImpl.java:458)
03-06 14:38:45.915 13446 15458 W System.err: 	at com.android.okhttp.internal.huc.HttpURLConnectionImpl.connect(HttpURLConnectionImpl.java:127)
03-06 14:38:45.915 13446 15458 W System.err: 	at com.android.okhttp.internal.huc.HttpURLConnectionImpl.getOutputStream(HttpURLConnectionImpl.java:258)
03-06 14:38:45.915 13446 15458 W System.err: 	at com.talkcloud.utils.AsyncHttpURLConnection.sendHttpMessage(AsyncHttpURLConnection.java:105)
03-06 14:38:45.915 13446 15458 W System.err: 	at com.talkcloud.utils.AsyncHttpURLConnection.access$000(AsyncHttpURLConnection.java:26)
03-06 14:38:45.915 13446 15458 W System.err: 	at com.talkcloud.utils.AsyncHttpURLConnection$1.run(AsyncHttpURLConnection.java:63)
03-06 14:38:45.915 13446 15458 W System.err: 	at java.lang.Thread.run(Thread.java:784)
03-06 14:38:45.915 13446 15458 E [tk-sdk]: sendHttpMessage exceptionhttp://global.talk-cloud.net:80/ClientAPI/checkroomCleartext HTTP traffic to global.talk-cloud.net not permitted
03-06 14:38:45.919  1317 13002 I ActivityManager: Killing 15384:com.huawei.android.pushagent/u0a62 (adj 900): iAwareF[LowMem](cch-empty)
03-06 14:38:45.920 13446 15459 W System.err: java.io.IOException: Cleartext HTTP traffic to global.talk-cloud.net not permitted
03-06 14:38:45.920  1317  1535 D ActivityManager: cleanUpApplicationRecord app: ProcessRecord{6e03340 15384:com.huawei.android.pushagent/u0a62}, app.bad: false, restarting: false, allowRestart: false
03-06 14:38:45.920 13446 15459 W System.err: 	at com.android.okhttp.HttpHandler$CleartextURLFilter.checkURLPermitted(HttpHandler.java:115)
03-06 14:38:45.920 13446 15459 W System.err: 	at com.android.okhttp.internal.huc.HttpURLConnectionImpl.execute(HttpURLConnectionImpl.java:458)
03-06 14:38:45.920 13446 15459 W System.err: 	at com.android.okhttp.internal.huc.HttpURLConnectionImpl.connect(HttpURLConnectionImpl.java:127)
03-06 14:38:45.920 13446 15459 W System.err: 	at com.android.okhttp.internal.huc.HttpURLConnectionImpl.getOutputStream(HttpURLConnectionImpl.java:258)
03-06 14:38:45.920 13446 15459 W System.err: 	at com.talkcloud.utils.AsyncHttpURLConnection.sendHttpMessage(AsyncHttpURLConnection.java:105)
03-06 14:38:45.920 13446 15459 W System.err: 	at com.talkcloud.utils.AsyncHttpURLConnection.access$000(AsyncHttpURLConnection.java:26)
03-06 14:38:45.921 13446 15459 W System.err: 	at com.talkcloud.utils.AsyncHttpURLConnection$1.run(AsyncHttpURLConnection.java:63)
03-06 14:38:45.921 13446 15459 W System.err: 	at java.lang.Thread.run(Thread.java:784)
03-06 14:38:45.921 13446 15459 E [tk-sdk]: sendHttpMessage exceptionhttp://global.talk-cloud.net:80/ClientAPI/checkroomCleartext HTTP traffic to global.talk-cloud.net not permitted
03-06 14:38:45.921 13446 15460 W System.err: java.io.IOException: Cleartext HTTP traffic to global.talk-cloud.net not permitted
03-06 14:38:45.921 13446 15460 W System.err: 	at com.android.okhttp.HttpHandler$CleartextURLFilter.checkURLPermitted(HttpHandler.java:115)
03-06 14:38:45.921 13446 15460 W System.err: 	at com.android.okhttp.internal.huc.HttpURLConnectionImpl.execute(HttpURLConnectionImpl.java:458)
03-06 14:38:45.921 13446 15460 W System.err: 	at com.android.okhttp.internal.huc.HttpURLConnectionImpl.connect(HttpURLConnectionImpl.java:127)
03-06 14:38:45.921 13446 15460 W System.err: 	at com.android.okhttp.internal.huc.HttpURLConnectionImpl.getOutputStream(HttpURLConnectionImpl.java:258)
03-06 14:38:45.921 13446 15460 W System.err: 	at com.talkcloud.utils.AsyncHttpURLConnection.sendHttpMessage(AsyncHttpURLConnection.java:105)
03-06 14:38:45.921 13446 15460 W System.err: 	at com.talkcloud.utils.AsyncHttpURLConnection.access$000(AsyncHttpURLConnection.java:26)
03-06 14:38:45.921 13446 15460 W System.err: 	at com.talkcloud.utils.AsyncHttpURLConnection$1.run(AsyncHttpURLConnection.java:63)
03-06 14:38:45.921 13446 15460 W System.err: 	at java.lang.Thread.run(Thread.java:784)
03-06 14:38:45.921  1317  1344 W libprocessgroup: kill(-15384, 9) failed: No such process
03-06 14:38:45.921 13446 15460 E [tk-sdk]: sendHttpMessage exceptionhttp://global.talk-cloud.net:80/ClientAPI/checkroomCleartext HTTP traffic to global.talk-cloud.net not permitted
03-06 14:38:45.921 13446 13446 I [tk-sdk]: step1Checkroom ret=11
03-06 14:38:45.922 13446 15461 W System.err: java.io.IOException: Cleartext HTTP traffic to global.talk-cloud.net not permitted
03-06 14:38:45.922 13446 15461 W System.err: 	at com.android.okhttp.HttpHandler$CleartextURLFilter.checkURLPermitted(HttpHandler.java:115)
03-06 14:38:45.922 13446 15461 W System.err: 	at com.android.okhttp.internal.huc.HttpURLConnectionImpl.execute(HttpURLConnectionImpl.java:458)
03-06 14:38:45.922 13446 15461 W System.err: 	at com.android.okhttp.internal.huc.HttpURLConnectionImpl.connect(HttpURLConnectionImpl.java:127)
03-06 14:38:45.922 13446 15461 W System.err: 	at com.android.okhttp.internal.huc.HttpURLConnectionImpl.getOutputStream(HttpURLConnectionImpl.java:258)
03-06 14:38:45.922 13446 15461 W System.err: 	at com.talkcloud.utils.AsyncHttpURLConnection.sendHttpMessage(AsyncHttpURLConnection.java:105)
03-06 14:38:45.922 13446 15461 W System.err: 	at com.talkcloud.utils.AsyncHttpURLConnection.access$000(AsyncHttpURLConnection.java:26)
03-06 14:38:45.922 13446 15461 W System.err: 	at com.talkcloud.utils.AsyncHttpURLConnection$1.run(AsyncHttpURLConnection.java:63)
03-06 14:38:45.922 13446 15461 W System.err: 	at java.lang.Thread.run(Thread.java:784)
03-06 14:38:45.922 13446 15461 E [tk-sdk]: sendHttpMessage exceptionhttp://global.talk-cloud.net:80/ClientAPI/checkroomCleartext HTTP traffic to global.talk-cloud.net not permitted
03-06 14:38:45.926  1317  1462 W AwareLog: SchedLevelBoost: onProcessDied config not set!
03-06 14:38:45.926 13446 15463 W System.err: java.io.IOException: Cleartext HTTP traffic to global.talk-cloud.net not permitted
03-06 14:38:45.926 13446 15463 W System.err: 	at com.android.okhttp.HttpHandler$CleartextURLFilter.checkURLPermitted(HttpHandler.java:115)
03-06 14:38:45.927 13446 15463 W System.err: 	at com.android.okhttp.internal.huc.HttpURLConnectionImpl.execute(HttpURLConnectionImpl.java:458)
03-06 14:38:45.927 13446 15463 W System.err: 	at com.android.okhttp.internal.huc.HttpURLConnectionImpl.connect(HttpURLConnectionImpl.java:127)
03-06 14:38:45.927 13446 15463 W System.err: 	at com.android.okhttp.internal.huc.HttpURLConnectionImpl.getOutputStream(HttpURLConnectionImpl.java:258)
03-06 14:38:45.927 13446 15463 W System.err: 	at com.talkcloud.utils.AsyncHttpURLConnection.sendHttpMessage(AsyncHttpURLConnection.java:105)
03-06 14:38:45.927 13446 15463 W System.err: 	at com.talkcloud.utils.AsyncHttpURLConnection.access$000(AsyncHttpURLConnection.java:26)
03-06 14:38:45.927 13446 15463 W System.err: 	at com.talkcloud.utils.AsyncHttpURLConnection$1.run(AsyncHttpURLConnection.java:63)
03-06 14:38:45.927 13446 15463 W System.err: 	at java.lang.Thread.run(Thread.java:784)
03-06 14:38:45.927 13446 15463 E [tk-sdk]: sendHttpMessage exceptionhttp://global.talk-cloud.net:80/ClientAPI/checkroomCleartext HTTP traffic to global.talk-cloud.net not permitted
03-06 14:38:45.927 13446 15462 W System.err: java.io.IOException: Cleartext HTTP traffic to global.talk-cloud.net not permitted
03-06 14:38:45.927 13446 15462 W System.err: 	at com.android.okhttp.HttpHandler$CleartextURLFilter.checkURLPermitted(HttpHandler.java:115)
03-06 14:38:45.927 13446 15462 W System.err: 	at com.android.okhttp.internal.huc.HttpURLConnectionImpl.execute(HttpURLConnectionImpl.java:458)
