03-06 14:38:47.259   517  2712 D LibteecGlobal@2.0: initializeContext: getCallingPid=15629
03-06 14:38:47.259   722 13719 I Camera3-Stream: getBuffer: Stream 0, 0xf392b600: Already dequeued max output buffers (7), wait for next returned one.
03-06 14:38:47.261   722 13725 I GRALLOC : LockFlexLayout: baseFormat: 11, yStride: 1920, ySize: 2073600, uOffset: 2073600,  uStride: 1920
03-06 14:38:47.262   517  2712 D LibteecGlobal@2.0: openSession: opMem is null or size is 0
03-06 14:38:47.265   740 13736 I YuvCalculate: onSubAlgoProcess() yuv lum calc, main_lum:0, aux_lum:0, sat:0, green:0, blue:0, expo0:[0, 0x0, 0], expo1:[0, 0x0, 0]
03-06 14:38:47.269   740 13736 I AntiBanding: onSubAlgoProcess() mAlgoCtx.continue_detect_cnt :0, mAlgoCtx.succ_detect_cnt : 0, mAlgoCtx.motion_flag = 0, detect_result:0, frequency_detected = 0,cur_expo = 50000
03-06 14:38:47.303   740 13748 E IppAlgoSmartAE: [ff00962_64E] doSmartAEAlgo() failed to getSceneMode
03-06 14:38:47.304   740 13748 D contrastCal: ae_gain:3119, ae_iso:609, frame_rate:19, frameWidth:1280, frameHeight:720
03-06 14:38:47.304   740 13748 I contrastCal: [smartAf]contrast_cal_process: giNumFlagDoAF = 60, focus_stage = 0
03-06 14:38:47.304   740  1158 D EnvImpl : [HWA_CAM3]getPackageName :  io.framework7.classroom
03-06 14:38:47.304   740  1158 I HwaUtils: [ff00962_64I] getProductExtendName() path=MHA
03-06 14:38:47.304   740  1158 I HwaUtils: [ff00962_64I] getOneCfgFile() path=NULL
03-06 14:38:47.304   740  1158 I HwaDMapIpp: [ff00962_64I] checkNeedSwapCalibrationData() ConfigFile NULL
03-06 14:38:47.304   740  1158 D Misc____: [ff00962_64D] enter loadRequest
03-06 14:38:47.304   740  1158 D EnvImpl : [HWA_CAM3]getPackageName :  io.framework7.classroom
03-06 14:38:47.304   740  1158 D IppAlgoFilter: [HWA_CAM3]loadPreviewRequest() REQUEST_DMAP_SWAP, status:0
03-06 14:38:47.304   740  1158 D EnvImpl : [HWA_CAM3]getPackageName :  io.framework7.classroom
03-06 14:38:47.304   740  1158 I chatty  : uid=1013(media) pl#2 identical 1 line
03-06 14:38:47.304   740  1158 D EnvImpl : [HWA_CAM3]getPackageName :  io.framework7.classroom
03-06 14:38:47.305   740 13736 I YuvCalculate: mono_mode: 0, ae_stable: [0, 0], colorDis: 0, buf_cnt:1
03-06 14:38:47.305   740 13734 E DeviceBaseImpl: [HWA_CAM3]getAfObjectDistance get ANDROID_HW_AF_OBJECT_DISTANCD fail
03-06 14:38:47.305   740 13734 D Misc____: [ff00962_64D] onProcessFrame(666), afDistance(0.000000)
03-06 14:38:47.311   740 13736 I YuvCalculate: onSubAlgoProcess() yuv lum calc, main_lum:0, aux_lum:0, sat:0, green:0, blue:5, expo0:[0, 0x0, 0], expo1:[0, 0x0, 0]
03-06 14:38:47.312   740 13738 I GRALLOC : LockFlexLayout: baseFormat: 11, yStride: 1920, ySize: 2073600, uOffset: 2073600,  uStride: 1920
03-06 14:38:47.313   740 13738 I GRALLOC : LockFlexLayout: baseFormat: 11, yStride: 1920, ySize: 2073600, uOffset: 2073600,  uStride: 1920
03-06 14:38:47.314   722 13719 I Camera3-Stream: getBuffer: Stream 0, 0xf392b600: Already dequeued max output buffers (7), wait for next returned one.
03-06 14:38:47.317   740 13736 I AntiBanding: onSubAlgoProcess() mAlgoCtx.continue_detect_cnt :1, mAlgoCtx.succ_detect_cnt : 0, mAlgoCtx.motion_flag = 0, detect_result:0, frequency_detected = 7,cur_expo = 50000
03-06 14:38:47.317   722 13725 I GRALLOC : LockFlexLayout: baseFormat: 11, yStride: 1920, ySize: 2073600, uOffset: 2073600,  uStride: 1920
03-06 14:38:47.319  1619  1866 I EventCenter: ContentChange for slot: 1
03-06 14:38:47.320  1317  1317 V SettingsProvider: Notifying for 0: content://settings/system/screen_auto_brightness
03-06 14:38:47.324  1317  1317 V SettingsProvider: Notifying for 0: content://settings/system/screen_brightness
03-06 14:38:47.322  1619  1866 I EventCenter: ContentChange for slot: 1
03-06 14:38:47.325  1619  1619 I HwBrightnessUtils: APS brightness=29.0,ConvertToPercentage=0.2776395
03-06 14:38:47.327   517  2712 D LibteecGlobal@2.0: openSession: opMem is null or size is 0
03-06 14:38:47.327 15629 15629 E libteec : teec_init open session OK
03-06 14:38:47.335 15629 15629 E HwCryptoMessageService: MutiCardFactory error:isMtkGeminiSupport() method:FeatureOption.MTK_GEMINI_SUPPORT, exception = java.lang.ClassNotFoundException: com.mediatek.common.featureoption.FeatureOption
03-06 14:38:47.347 15629 15629 E HwCryptoMessageService: ConfigInfo error:getSimIMSI(int subid) method get imsi FAILED that subid = 1
03-06 14:38:47.350 15629 15629 I chatty  : uid=1000(system) identical 1 line
03-06 14:38:47.352 15629 15629 E HwCryptoMessageService: ConfigInfo error:getSimIMSI(int subid) method get imsi FAILED that subid = 1
03-06 14:38:47.354   740  1158 D EnvImpl : [HWA_CAM3]getPackageName :  io.framework7.classroom
03-06 14:38:47.354   740  1158 I HwaUtils: [ff00962_64I] getProductExtendName() path=MHA
03-06 14:38:47.354   740  1158 I HwaUtils: [ff00962_64I] getOneCfgFile() path=NULL
03-06 14:38:47.354   740  1158 I HwaDMapIpp: [ff00962_64I] checkNeedSwapCalibrationData() ConfigFile NULL
03-06 14:38:47.354   740  1158 D Misc____: [ff00962_64D] enter loadRequest
03-06 14:38:47.354   740  1158 D EnvImpl : [HWA_CAM3]getPackageName :  io.framework7.classroom
03-06 14:38:47.354   740  1158 D IppAlgoFilter: [HWA_CAM3]loadPreviewRequest() REQUEST_DMAP_SWAP, status:0
03-06 14:38:47.354   740  1158 D EnvImpl : [HWA_CAM3]getPackageName :  io.framework7.classroom
03-06 14:38:47.354   740  1158 I chatty  : uid=1013(media) pl#2 identical 1 line
03-06 14:38:47.354   740  1158 D EnvImpl : [HWA_CAM3]getPackageName :  io.framework7.classroom
03-06 14:38:47.355 15629 15629 E HwCryptoMessageService: ConfigInfo error:getSimIMSI(int subid) method get imsi FAILED that subid = 1
03-06 14:38:47.356 15629 15629 E HwCryptoMessageService: ConfigInfo error:getSimIMSI(int subid) method get imsi FAILED that subid = 1
03-06 14:38:47.357 15629 15629 E HwCryptoMessageService: ConfigInfo error:setSubConfig(int subid, SubConfig sc) method bad parameter for imsi is null
03-06 14:38:47.359   740 13748 E IppAlgoSmartAE: [ff00962_64E] doSmartAEAlgo() failed to getSceneMode
03-06 14:38:47.359   740 13748 D contrastCal: ae_gain:3174, ae_iso:619, frame_rate:19, frameWidth:1280, frameHeight:720
03-06 14:38:47.359   740 13748 I contrastCal: [smartAf]contrast_cal_process: giNumFlagDoAF = 61, focus_stage = 0
03-06 14:38:47.359   740 13736 I YuvCalculate: mono_mode: 0, ae_stable: [0, 0], colorDis: 0, buf_cnt:1
03-06 14:38:47.360   740 13738 I GRALLOC : LockFlexLayout: baseFormat: 11, yStride: 1920, ySize: 2073600, uOffset: 2073600,  uStride: 1920
03-06 14:38:47.361   740 13738 I GRALLOC : LockFlexLayout: baseFormat: 11, yStride: 1920, ySize: 2073600, uOffset: 2073600,  uStride: 1920
03-06 14:38:47.361   740 13736 I YuvCalculate: onSubAlgoProcess() yuv lum calc, main_lum:0, aux_lum:0, sat:0, green:0, blue:206, expo0:[0, 0x0, 0], expo1:[0, 0x0, 0]
03-06 14:38:47.361   740 13736 I AntiBanding: onSubAlgoProcess() mAlgoCtx.continue_detect_cnt :2, mAlgoCtx.succ_detect_cnt : 0, mAlgoCtx.motion_flag = 0, detect_result:0, frequency_detected = 0,cur_expo = 50000
03-06 14:38:47.362   722 13719 I Camera3-Stream: getBuffer: Stream 2, 0xf392d700: Already dequeued max output buffers (7), wait for next returned one.
03-06 14:38:47.362   740 13734 E DeviceBaseImpl: [HWA_CAM3]getAfObjectDistance get ANDROID_HW_AF_OBJECT_DISTANCD fail
03-06 14:38:47.362   740 13734 D Misc____: [ff00962_64D] onProcessFrame(666), afDistance(0.000000)
03-06 14:38:47.363   722 13725 I GRALLOC : LockFlexLayout: baseFormat: 11, yStride: 1920, ySize: 2073600, uOffset: 2073600,  uStride: 1920
03-06 14:38:47.379  4320  4320 E HwCryptoMessageService: CryptoMessageManager error:bindService success
03-06 14:38:47.379  4320  4320 D CryptoMessageServiceProxy: start ConnectCallBack connectSuccess method
03-06 14:38:47.379  4320  4320 D CryptoMessageServiceProxy: start method tryConnect
03-06 14:38:47.380  4320  4383 D CryptoMessageServiceProxy: Binder linttodeath is success
03-06 14:38:47.383  4320  4383 D CryptoMessageServiceProxy: registerCallback() method register callback success, count is: 0
03-06 14:38:47.385 15629 15629 E HwCryptoMessageService: ConfigInfo error:getSimIMSI(int subid) method get imsi FAILED that subid = 1
03-06 14:38:47.395   754  2938 E LOGSERVER_UTILS: [Erecovery]readEvent: eRecEventManager readEvent 0
03-06 14:38:47.404   740  1158 D EnvImpl : [HWA_CAM3]getPackageName :  io.framework7.classroom
03-06 14:38:47.404   740 13748 E IppAlgoSmartAE: [ff00962_64E] doSmartAEAlgo() failed to getSceneMode
03-06 14:38:47.404   740  1158 I HwaUtils: [ff00962_64I] getProductExtendName() path=MHA
03-06 14:38:47.404   740  1158 I HwaUtils: [ff00962_64I] getOneCfgFile() path=NULL
03-06 14:38:47.404   740 13748 D contrastCal: ae_gain:2418, ae_iso:472, frame_rate:19, frameWidth:1280, frameHeight:720
03-06 14:38:47.404   740  1158 I HwaDMapIpp: [ff00962_64I] checkNeedSwapCalibrationData() ConfigFile NULL
03-06 14:38:47.404   740 13748 I contrastCal: [smartAf]contrast_cal_process: giNumFlagDoAF = 62, focus_stage = 0
03-06 14:38:47.404   740  1158 D Misc____: [ff00962_64D] enter loadRequest
03-06 14:38:47.404   740  1158 D EnvImpl : [HWA_CAM3]getPackageName :  io.framework7.classroom
03-06 14:38:47.404   740  1158 D IppAlgoFilter: [HWA_CAM3]loadPreviewRequest() REQUEST_DMAP_SWAP, status:0
03-06 14:38:47.404   740  1158 D EnvImpl : [HWA_CAM3]getPackageName :  io.framework7.classroom
03-06 14:38:47.404   740  1158 I chatty  : uid=1013(media) pl#2 identical 1 line
03-06 14:38:47.404   740  1158 D EnvImpl : [HWA_CAM3]getPackageName :  io.framework7.classroom
03-06 14:38:47.408   740 13734 E DeviceBaseImpl: [HWA_CAM3]getAfObjectDistance get ANDROID_HW_AF_OBJECT_DISTANCD fail
03-06 14:38:47.408   740 13734 D Misc____: [ff00962_64D] onProcessFrame(666), afDistance(0.000000)
03-06 14:38:47.408   740 13736 I YuvCalculate: mono_mode: 0, ae_stable: [0, 0], colorDis: 0, buf_cnt:1
03-06 14:38:47.409   740 13736 I YuvCalculate: onSubAlgoProcess() yuv lum calc, main_lum:0, aux_lum:0, sat:0, green:0, blue:287, expo0:[0, 0x0, 0], expo1:[0, 0x0, 0]
03-06 14:38:47.410   740 13738 I GRALLOC : LockFlexLayout: baseFormat: 11, yStride: 1920, ySize: 2073600, uOffset: 2073600,  uStride: 1920
03-06 14:38:47.411   740 13738 I GRALLOC : LockFlexLayout: baseFormat: 11, yStride: 1920, ySize: 2073600, uOffset: 2073600,  uStride: 1920
03-06 14:38:47.412   722 13719 I Camera3-Stream: getBuffer: Stream 2, 0xf392d700: Already dequeued max output buffers (7), wait for next returned one.
03-06 14:38:47.413   722 13725 I GRALLOC : LockFlexLayout: baseFormat: 11, yStride: 1920, ySize: 2073600, uOffset: 2073600,  uStride: 1920
03-06 14:38:47.454   740 13748 E IppAlgoSmartAE: [ff00962_64E] doSmartAEAlgo() failed to getSceneMode
03-06 14:38:47.454   740 13748 D contrastCal: ae_gain:2295, ae_iso:448, frame_rate:19, frameWidth:1280, frameHeight:720
03-06 14:38:47.454   740  1158 D EnvImpl : [HWA_CAM3]getPackageName :  io.framework7.classroom
03-06 14:38:47.454   740 13748 I contrastCal: [smartAf]contrast_cal_process: giNumFlagDoAF = 63, focus_stage = 0
03-06 14:38:47.454   740  1158 I HwaUtils: [ff00962_64I] getProductExtendName() path=MHA
03-06 14:38:47.454   740  1158 I HwaUtils: [ff00962_64I] getOneCfgFile() path=NULL
03-06 14:38:47.454   740  1158 I HwaDMapIpp: [ff00962_64I] checkNeedSwapCalibrationData() ConfigFile NULL
03-06 14:38:47.454   740  1158 D Misc____: [ff00962_64D] enter loadRequest
03-06 14:38:47.454   740 13736 I YuvCalculate: mono_mode: 0, ae_stable: [0, 0], colorDis: 0, buf_cnt:1
03-06 14:38:47.454   740  1158 D EnvImpl : [HWA_CAM3]getPackageName :  io.framework7.classroom
03-06 14:38:47.454   740  1158 D IppAlgoFilter: [HWA_CAM3]loadPreviewRequest() REQUEST_DMAP_SWAP, status:0
03-06 14:38:47.454   740  1158 D EnvImpl : [HWA_CAM3]getPackageName :  io.framework7.classroom
03-06 14:38:47.454   740  1158 I chatty  : uid=1013(media) pl#2 identical 1 line
03-06 14:38:47.454   740  1158 D EnvImpl : [HWA_CAM3]getPackageName :  io.framework7.classroom
03-06 14:38:47.456   740 13736 I YuvCalculate: onSubAlgoProcess() yuv lum calc, main_lum:0, aux_lum:0, sat:0, green:0, blue:274, expo0:[0, 0x0, 0], expo1:[0, 0x0, 0]
03-06 14:38:47.456   740 13734 E DeviceBaseImpl: [HWA_CAM3]getAfObjectDistance get ANDROID_HW_AF_OBJECT_DISTANCD fail
03-06 14:38:47.456   740 13734 D Misc____: [ff00962_64D] onProcessFrame(666), afDistance(0.000000)
03-06 14:38:47.458   740 13736 I AntiBanding: onSubAlgoProcess() mAlgoCtx.continue_detect_cnt :0, mAlgoCtx.succ_detect_cnt : 0, mAlgoCtx.motion_flag = 0, detect_result:0, frequency_detected = 0,cur_expo = 50000
03-06 14:38:47.458   740 13738 I GRALLOC : LockFlexLayout: baseFormat: 11, yStride: 1920, ySize: 2073600, uOffset: 2073600,  uStride: 1920
03-06 14:38:47.459   740 13738 I GRALLOC : LockFlexLayout: baseFormat: 11, yStride: 1920, ySize: 2073600, uOffset: 2073600,  uStride: 1920
03-06 14:38:47.460   722 13719 I Camera3-Stream: getBuffer: Stream 2, 0xf392d700: Already dequeued max output buffers (7), wait for next returned one.
03-06 14:38:47.460   722 13719 I Camera3-Stream: getBuffer: Stream 0, 0xf392b600: Already dequeued max output buffers (7), wait for next returned one.
03-06 14:38:47.461   722 13725 I GRALLOC : LockFlexLayout: baseFormat: 11, yStride: 1920, ySize: 2073600, uOffset: 2073600,  uStride: 1920
03-06 14:38:47.504   740 13748 E IppAlgoSmartAE: [ff00962_64E] doSmartAEAlgo() failed to getSceneMode
03-06 14:38:47.504   740 13748 D contrastCal: ae_gain:2380, ae_iso:464, frame_rate:20, frameWidth:1280, frameHeight:720
03-06 14:38:47.504   740 13748 I contrastCal: [smartAf]contrast_cal_process: giNumFlagDoAF = 64, focus_stage = 0
03-06 14:38:47.504   740  1158 D EnvImpl : [HWA_CAM3]getPackageName :  io.framework7.classroom
03-06 14:38:47.505   740  1158 I HwaUtils: [ff00962_64I] getProductExtendName() path=MHA
03-06 14:38:47.505   740  1158 I HwaUtils: [ff00962_64I] getOneCfgFile() path=NULL
03-06 14:38:47.505   740  1158 I HwaDMapIpp: [ff00962_64I] checkNeedSwapCalibrationData() ConfigFile NULL
03-06 14:38:47.505   740  1158 D Misc____: [ff00962_64D] enter loadRequest
03-06 14:38:47.505   740  1158 D EnvImpl : [HWA_CAM3]getPackageName :  io.framework7.classroom
03-06 14:38:47.505   740  1158 D IppAlgoFilter: [HWA_CAM3]loadPreviewRequest() REQUEST_DMAP_SWAP, status:0
03-06 14:38:47.505   740  1158 D EnvImpl : [HWA_CAM3]getPackageName :  io.framework7.classroom
03-06 14:38:47.505   740  1158 I chatty  : uid=1013(media) pl#2 identical 1 line
03-06 14:38:47.505   740  1158 D EnvImpl : [HWA_CAM3]getPackageName :  io.framework7.classroom
03-06 14:38:47.506   740 13734 E DeviceBaseImpl: [HWA_CAM3]getAfObjectDistance get ANDROID_HW_AF_OBJECT_DISTANCD fail
03-06 14:38:47.507   740 13734 D Misc____: [ff00962_64D] onProcessFrame(666), afDistance(0.000000)
03-06 14:38:47.507   740 13736 I YuvCalculate: mono_mode: 0, ae_stable: [0, 0], colorDis: 0, buf_cnt:1
03-06 14:38:47.512   740 13738 I GRALLOC : LockFlexLayout: baseFormat: 11, yStride: 1920, ySize: 2073600, uOffset: 2073600,  uStride: 1920
03-06 14:38:47.513   740 13736 I YuvCalculate: onSubAlgoProcess() yuv lum calc, main_lum:0, aux_lum:0, sat:0, green:0, blue:9, expo0:[0, 0x0, 0], expo1:[0, 0x0, 0]
03-06 14:38:47.513   740 13738 I GRALLOC : LockFlexLayout: baseFormat: 11, yStride: 1920, ySize: 2073600, uOffset: 2073600,  uStride: 1920
03-06 14:38:47.514   722 13725 I GRALLOC : LockFlexLayout: baseFormat: 11, yStride: 1920, ySize: 2073600, uOffset: 2073600,  uStride: 1920
03-06 14:38:47.517   722 13719 I Camera3-Stream: getBuffer: Stream 0, 0xf392b600: Already dequeued max output buffers (7), wait for next returned one.
03-06 14:38:47.523   740 13736 I AntiBanding: onSubAlgoProcess() mAlgoCtx.continue_detect_cnt :1, mAlgoCtx.succ_detect_cnt : 0, mAlgoCtx.motion_flag = 0, detect_result:0, frequency_detected = 7,cur_expo = 40000
03-06 14:38:47.554   740 13748 E IppAlgoSmartAE: [ff00962_64E] doSmartAEAlgo() failed to getSceneMode
03-06 14:38:47.554   740 13748 D contrastCal: ae_gain:2266, ae_iso:442, frame_rate:20, frameWidth:1280, frameHeight:720
03-06 14:38:47.554   740  1158 D EnvImpl : [HWA_CAM3]getPackageName :  io.framework7.classroom
03-06 14:38:47.554   740 13748 I contrastCal: [smartAf]contrast_cal_process: giNumFlagDoAF = 65, focus_stage = 0
03-06 14:38:47.554   740  1158 I HwaUtils: [ff00962_64I] getProductExtendName() path=MHA
03-06 14:38:47.554   740  1158 I HwaUtils: [ff00962_64I] getOneCfgFile() path=NULL
03-06 14:38:47.554   740  1158 I HwaDMapIpp: [ff00962_64I] checkNeedSwapCalibrationData() ConfigFile NULL
03-06 14:38:47.554   740  1158 D Misc____: [ff00962_64D] enter loadRequest
03-06 14:38:47.554   740  1158 D EnvImpl : [HWA_CAM3]getPackageName :  io.framework7.classroom
03-06 14:38:47.554   740  1158 D IppAlgoFilter: [HWA_CAM3]loadPreviewRequest() REQUEST_DMAP_SWAP, status:0
03-06 14:38:47.554   740  1158 D EnvImpl : [HWA_CAM3]getPackageName :  io.framework7.classroom
03-06 14:38:47.554   740  1158 I chatty  : uid=1013(media) pl#2 identical 1 line
03-06 14:38:47.554   740  1158 D EnvImpl : [HWA_CAM3]getPackageName :  io.framework7.classroom
03-06 14:38:47.555   740 13734 E DeviceBaseImpl: [HWA_CAM3]getAfObjectDistance get ANDROID_HW_AF_OBJECT_DISTANCD fail
03-06 14:38:47.555   618   618 I audio_hw_primary: usb_ext_get_parameters: check show hires (false)
03-06 14:38:47.555   740 13734 D Misc____: [ff00962_64D] onProcessFrame(666), afDistance(0.000000)
03-06 14:38:47.556   740 13736 I YuvCalculate: mono_mode: 0, ae_stable: [0, 0], colorDis: 0, buf_cnt:1
03-06 14:38:47.558   639   639 I hash_map_utils: key: 'typec_need_show_hires' value: ''
03-06 14:38:47.558   639   639 I bt_a2dp_hw: adev_get_parameters: audio a2dp receive kvpairs typec_need_show_hires ,but need not handle
03-06 14:38:47.562  1317  1513 I HwAudioServiceEx: check HiRes Icon false
03-06 14:38:47.563   740 13736 I YuvCalculate: onSubAlgoProcess() yuv lum calc, main_lum:0, aux_lum:0, sat:0, green:0, blue:0, expo0:[0, 0x0, 0], expo1:[0, 0x0, 0]
03-06 14:38:47.563   740 13736 I AntiBanding: onSubAlgoProcess() mAlgoCtx.continue_detect_cnt :2, mAlgoCtx.succ_detect_cnt : 0, mAlgoCtx.motion_flag = 0, detect_result:0, frequency_detected = 0,cur_expo = 40000
03-06 14:38:47.563  1317  1513 W ActivityManager: Sending non-protected broadcast huawei.intent.action.hideHiResIcon from system 1317:system/1000 pkg android
03-06 14:38:47.563  1317  1513 W ActivityManager: Sending non-protected broadcast huawei.intent.action.hideHiResIcon from system 1317:system/1000 pkg android
03-06 14:38:47.565   740 13738 I GRALLOC : LockFlexLayout: baseFormat: 11, yStride: 1920, ySize: 2073600, uOffset: 2073600,  uStride: 1920
03-06 14:38:47.566   740 13738 I GRALLOC : LockFlexLayout: baseFormat: 11, yStride: 1920, ySize: 2073600, uOffset: 2073600,  uStride: 1920
03-06 14:38:47.569   722 13719 I Camera3-Stream: getBuffer: Stream 2, 0xf392d700: Already dequeued max output buffers (7), wait for next returned one.
03-06 14:38:47.570   722 13725 I GRALLOC : LockFlexLayout: baseFormat: 11, yStride: 1920, ySize: 2073600, uOffset: 2073600,  uStride: 1920
03-06 14:38:47.584  1317 13002 W AwareLog: AwareMem_Kill: updateGroupList process: not kill critical frequent=com.huawei.cryptosms.service, uid=1000
03-06 14:38:47.584  1317 13002 W AwareLog: AwareMem_Kill: execKillGroup: null procGroups
03-06 14:38:47.595  1317 13002 W AwareLog: AwareMem_Kill: updateGroupList process: not kill critical frequent=com.huawei.cryptosms.service, uid=1000
03-06 14:38:47.604   740  1158 D EnvImpl : [HWA_CAM3]getPackageName :  io.framework7.classroom
03-06 14:38:47.604   740  1158 I HwaUtils: [ff00962_64I] getProductExtendName() path=MHA
03-06 14:38:47.604   740  1158 I HwaUtils: [ff00962_64I] getOneCfgFile() path=NULL
03-06 14:38:47.604   740  1158 I HwaDMapIpp: [ff00962_64I] checkNeedSwapCalibrationData() ConfigFile NULL
03-06 14:38:47.604   740  1158 D Misc____: [ff00962_64D] enter loadRequest
03-06 14:38:47.604   740  1158 D EnvImpl : [HWA_CAM3]getPackageName :  io.framework7.classroom
03-06 14:38:47.604   740  1158 D IppAlgoFilter: [HWA_CAM3]loadPreviewRequest() REQUEST_DMAP_SWAP, status:0
03-06 14:38:47.605   740  1158 D EnvImpl : [HWA_CAM3]getPackageName :  io.framework7.classroom
03-06 14:38:47.605   740  1158 I chatty  : uid=1013(media) pl#2 identical 1 line
03-06 14:38:47.605   740  1158 D EnvImpl : [HWA_CAM3]getPackageName :  io.framework7.classroom
03-06 14:38:47.605   740 13748 E IppAlgoSmartAE: [ff00962_64E] doSmartAEAlgo() failed to getSceneMode
03-06 14:38:47.605   740 13748 D contrastCal: ae_gain:2286, ae_iso:446, frame_rate:20, frameWidth:1280, frameHeight:720
03-06 14:38:47.605   740 13748 I contrastCal: [smartAf]contrast_cal_process: giNumFlagDoAF = 66, focus_stage = 0
03-06 14:38:47.605   740 13736 I YuvCalculate: mono_mode: 0, ae_stable: [0, 0], colorDis: 0, buf_cnt:1
03-06 14:38:47.606   740 13734 E DeviceBaseImpl: [HWA_CAM3]getAfObjectDistance get ANDROID_HW_AF_OBJECT_DISTANCD fail
03-06 14:38:47.606   740 13734 D Misc____: [ff00962_64D] onProcessFrame(666), afDistance(0.000000)
03-06 14:38:47.611   740 13738 I GRALLOC : LockFlexLayout: baseFormat: 11, yStride: 1920, ySize: 2073600, uOffset: 2073600,  uStride: 1920
03-06 14:38:47.611   740 13736 I YuvCalculate: onSubAlgoProcess() yuv lum calc, main_lum:0, aux_lum:0, sat:0, green:0, blue:17, expo0:[0, 0x0, 0], expo1:[0, 0x0, 0]
03-06 14:38:47.611   740 13738 I GRALLOC : LockFlexLayout: baseFormat: 11, yStride: 1920, ySize: 2073600, uOffset: 2073600,  uStride: 1920
03-06 14:38:47.613   722 13719 I Camera3-Stream: getBuffer: Stream 2, 0xf392d700: Already dequeued max output buffers (7), wait for next returned one.
03-06 14:38:47.613  1317 13002 I ActivityManager: Killing 15629:com.huawei.cryptosms.service/1000 (adj 900): iAwareF[LowMem](cch-client-act)
03-06 14:38:47.615  1317  1344 W libprocessgroup: kill(-15629, 9) failed: No such process
03-06 14:38:47.616   722 13725 I GRALLOC : LockFlexLayout: baseFormat: 11, yStride: 1920, ySize: 2073600, uOffset: 2073600,  uStride: 1920
03-06 14:38:47.616  1317  1535 D ActivityManager: cleanUpApplicationRecord app: ProcessRecord{5e10a15 15629:com.huawei.cryptosms.service/1000}, app.bad: false, restarting: false, allowRestart: false
03-06 14:38:47.621  1317  1462 W AwareLog: SchedLevelBoost: onProcessDied config not set!
03-06 14:38:47.621  1728  9379 I BoosterSwitchP: notifyUidState do nothing
03-06 14:38:47.621  1728  9379 I DeepNoDisturbP: notifyUidState
03-06 14:38:47.621  1728  9379 I BrowserChrP: notifyUidState
03-06 14:38:47.623  1728  9379 E HsmCoreServiceImpl: onTransact in code is: 102
03-06 14:38:47.623  1728  9379 W MediaProcessHandler: processOp uid 1000 is not concerned!
03-06 14:38:47.623  1728  9379 I MediaProcessHandler: executedCallBack opType: 1 mMediaStatusObservers.size=0
03-06 14:38:47.638 13446 15658 W System.err: java.io.IOException: Cleartext HTTP traffic to global.talk-cloud.net not permitted
03-06 14:38:47.638 13446 15658 W System.err: 	at com.android.okhttp.HttpHandler$CleartextURLFilter.checkURLPermitted(HttpHandler.java:115)
03-06 14:38:47.638 13446 15658 W System.err: 	at com.android.okhttp.internal.huc.HttpURLConnectionImpl.execute(HttpURLConnectionImpl.java:458)
03-06 14:38:47.638 13446 15658 W System.err: 	at com.android.okhttp.internal.huc.HttpURLConnectionImpl.connect(HttpURLConnectionImpl.java:127)
03-06 14:38:47.638 13446 15658 W System.err: 	at com.android.okhttp.internal.huc.HttpURLConnectionImpl.getOutputStream(HttpURLConnectionImpl.java:258)
03-06 14:38:47.638 13446 15658 W System.err: 	at com.talkcloud.utils.AsyncHttpURLConnection.sendHttpMessage(AsyncHttpURLConnection.java:105)
03-06 14:38:47.638 13446 15658 W System.err: 	at com.talkcloud.utils.AsyncHttpURLConnection.access$000(AsyncHttpURLConnection.java:26)
03-06 14:38:47.639 13446 15658 W System.err: 	at com.talkcloud.utils.AsyncHttpURLConnection$1.run(AsyncHttpURLConnection.java:63)
03-06 14:38:47.639 13446 15658 W System.err: 	at java.lang.Thread.run(Thread.java:784)
03-06 14:38:47.639 13446 15658 E [tk-sdk]: sendHttpMessage exceptionhttp://global.talk-cloud.net:80/ClientAPI/checkroomCleartext HTTP traffic to global.talk-cloud.net not permitted
03-06 14:38:47.639 13446 15659 W System.err: java.io.IOException: Cleartext HTTP traffic to global.talk-cloud.net not permitted
03-06 14:38:47.639 13446 15659 W System.err: 	at com.android.okhttp.HttpHandler$CleartextURLFilter.checkURLPermitted(HttpHandler.java:115)
03-06 14:38:47.639 13446 15659 W System.err: 	at com.android.okhttp.internal.huc.HttpURLConnectionImpl.execute(HttpURLConnectionImpl.java:458)
03-06 14:38:47.639 13446 15659 W System.err: 	at com.android.okhttp.internal.huc.HttpURLConnectionImpl.connect(HttpURLConnectionImpl.java:127)
03-06 14:38:47.639 13446 15659 W System.err: 	at com.android.okhttp.internal.huc.HttpURLConnectionImpl.getOutputStream(HttpURLConnectionImpl.java:258)
03-06 14:38:47.639 13446 15659 W System.err: 	at com.talkcloud.utils.AsyncHttpURLConnection.sendHttpMessage(AsyncHttpURLConnection.java:105)
03-06 14:38:47.639 13446 15659 W System.err: 	at com.talkcloud.utils.AsyncHttpURLConnection.access$000(AsyncHttpURLConnection.java:26)
03-06 14:38:47.639 13446 15659 W System.err: 	at com.talkcloud.utils.AsyncHttpURLConnection$1.run(AsyncHttpURLConnection.java:63)
03-06 14:38:47.639 13446 15659 W System.err: 	at java.lang.Thread.run(Thread.java:784)
03-06 14:38:47.639 13446 15659 E [tk-sdk]: sendHttpMessage exceptionhttp://global.talk-cloud.net:80/ClientAPI/checkroomCleartext HTTP traffic to global.talk-cloud.net not permitted
03-06 14:38:47.640 13446 13446 I [tk-sdk]: step1Checkroom ret=11
03-06 14:38:47.649  1800  2147 I PG_DBS_CPU: parseCpuInfo, abnormal cpu time, time: 10072660, uid: 1000, name: system_server, strTime: 1007266
03-06 14:38:47.650  1800  2147 I PG_DBS_MAIN: calcSharedUidCpuList, abnormal cpu time, time: 10072660, uid: 1000, name: system_server
03-06 14:38:47.655   740  1158 D EnvImpl : [HWA_CAM3]getPackageName :  io.framework7.classroom
03-06 14:38:47.655   740  1158 I HwaUtils: [ff00962_64I] getProductExtendName() path=MHA
03-06 14:38:47.655   740  1158 I HwaUtils: [ff00962_64I] getOneCfgFile() path=NULL
03-06 14:38:47.655   740  1158 I HwaDMapIpp: [ff00962_64I] checkNeedSwapCalibrationData() ConfigFile NULL
03-06 14:38:47.658 13446 15660 W System.err: java.io.IOException: Cleartext HTTP traffic to global.talk-cloud.net not permitted
03-06 14:38:47.658 13446 15660 W System.err: 	at com.android.okhttp.HttpHandler$CleartextURLFilter.checkURLPermitted(HttpHandler.java:115)
03-06 14:38:47.658 13446 15660 W System.err: 	at com.android.okhttp.internal.huc.HttpURLConnectionImpl.execute(HttpURLConnectionImpl.java:458)
03-06 14:38:47.658 13446 15660 W System.err: 	at com.android.okhttp.internal.huc.HttpURLConnectionImpl.connect(HttpURLConnectionImpl.java:127)
03-06 14:38:47.658 13446 15660 W System.err: 	at com.android.okhttp.internal.huc.HttpURLConnectionImpl.getOutputStream(HttpURLConnectionImpl.java:258)
03-06 14:38:47.658 13446 15660 W System.err: 	at com.talkcloud.utils.AsyncHttpURLConnection.sendHttpMessage(AsyncHttpURLConnection.java:105)
03-06 14:38:47.658 13446 15660 W System.err: 	at com.talkcloud.utils.AsyncHttpURLConnection.access$000(AsyncHttpURLConnection.java:26)
03-06 14:38:47.658 13446 15660 W System.err: 	at com.talkcloud.utils.AsyncHttpURLConnection$1.run(AsyncHttpURLConnection.java:63)
03-06 14:38:47.658 13446 15660 W System.err: 	at java.lang.Thread.run(Thread.java:784)
03-06 14:38:47.658 13446 15660 E [tk-sdk]: sendHttpMessage exceptionhttp://global.talk-cloud.net:80/ClientAPI/checkroomCleartext HTTP traffic to global.talk-cloud.net not permitted
03-06 14:38:47.659 13446 15661 W System.err: java.io.IOException: Cleartext HTTP traffic to global.talk-cloud.net not permitted
03-06 14:38:47.659 13446 15661 W System.err: 	at com.android.okhttp.HttpHandler$CleartextURLFilter.checkURLPermitted(HttpHandler.java:115)
03-06 14:38:47.659   740  1158 D Misc____: [ff00962_64D] enter loadRequest
03-06 14:38:47.659 13446 15661 W System.err: 	at com.android.okhttp.internal.huc.HttpURLConnectionImpl.execute(HttpURLConnectionImpl.java:458)
03-06 14:38:47.659 13446 15661 W System.err: 	at com.android.okhttp.internal.huc.HttpURLConnectionImpl.connect(HttpURLConnectionImpl.java:127)
03-06 14:38:47.659 13446 15661 W System.err: 	at com.android.okhttp.internal.huc.HttpURLConnectionImpl.getOutputStream(HttpURLConnectionImpl.java:258)
03-06 14:38:47.659   740  1158 D EnvImpl : [HWA_CAM3]getPackageName :  io.framework7.classroom
03-06 14:38:47.659 13446 15661 W System.err: 	at com.talkcloud.utils.AsyncHttpURLConnection.sendHttpMessage(AsyncHttpURLConnection.java:105)
03-06 14:38:47.659   740  1158 D IppAlgoFilter: [HWA_CAM3]loadPreviewRequest() REQUEST_DMAP_SWAP, status:0
03-06 14:38:47.659 13446 15661 W System.err: 	at com.talkcloud.utils.AsyncHttpURLConnection.access$000(AsyncHttpURLConnection.java:26)
03-06 14:38:47.659 13446 15661 W System.err: 	at com.talkcloud.utils.AsyncHttpURLConnection$1.run(AsyncHttpURLConnection.java:63)
03-06 14:38:47.659 13446 15661 W System.err: 	at java.lang.Thread.run(Thread.java:784)
03-06 14:38:47.659   740  1158 D EnvImpl : [HWA_CAM3]getPackageName :  io.framework7.classroom
03-06 14:38:47.659   740  1158 I chatty  : uid=1013(media) pl#2 identical 1 line
03-06 14:38:47.659   740  1158 D EnvImpl : [HWA_CAM3]getPackageName :  io.framework7.classroom
03-06 14:38:47.659 13446 15661 E [tk-sdk]: sendHttpMessage exceptionhttp://global.talk-cloud.net:80/ClientAPI/checkroomCleartext HTTP traffic to global.talk-cloud.net not permitted
03-06 14:38:47.659   740 13748 E IppAlgoSmartAE: [ff00962_64E] doSmartAEAlgo() failed to getSceneMode
03-06 14:38:47.659   740 13748 D contrastCal: ae_gain:2263, ae_iso:441, frame_rate:20, frameWidth:1280, frameHeight:720
03-06 14:38:47.660   740 13748 I contrastCal: [smartAf]contrast_cal_process: giNumFlagDoAF = 67, focus_stage = 0
03-06 14:38:47.660   740 13736 I YuvCalculate: mono_mode: 0, ae_stable: [0, 0], colorDis: 0, buf_cnt:1
03-06 14:38:47.660 13446 13446 I [tk-sdk]: step1Checkroom ret=11
03-06 14:38:47.660  1317  1344 W libprocessgroup: kill(-15629, 9) failed: No such process
03-06 14:38:47.660 13446 15662 W System.err: java.io.IOException: Cleartext HTTP traffic to global.talk-cloud.net not permitted
03-06 14:38:47.661 13446 15662 W System.err: 	at com.android.okhttp.HttpHandler$CleartextURLFilter.checkURLPermitted(HttpHandler.java:115)
03-06 14:38:47.661 13446 15662 W System.err: 	at com.android.okhttp.internal.huc.HttpURLConnectionImpl.execute(HttpURLConnectionImpl.java:458)
03-06 14:38:47.661 13446 15662 W System.err: 	at com.android.okhttp.internal.huc.HttpURLConnectionImpl.connect(HttpURLConnectionImpl.java:127)
03-06 14:38:47.661 13446 15662 W System.err: 	at com.android.okhttp.internal.huc.HttpURLConnectionImpl.getOutputStream(HttpURLConnectionImpl.java:258)
03-06 14:38:47.661 13446 15662 W System.err: 	at com.talkcloud.utils.AsyncHttpURLConnection.sendHttpMessage(AsyncHttpURLConnection.java:105)
03-06 14:38:47.661 13446 15662 W System.err: 	at com.talkcloud.utils.AsyncHttpURLConnection.access$000(AsyncHttpURLConnection.java:26)
03-06 14:38:47.661 13446 15662 W System.err: 	at com.talkcloud.utils.AsyncHttpURLConnection$1.run(AsyncHttpURLConnection.java:63)
03-06 14:38:47.661 13446 15662 W System.err: 	at java.lang.Thread.run(Thread.java:784)
03-06 14:38:47.661 13446 15662 E [tk-sdk]: sendHttpMessage exceptionhttp://global.talk-cloud.net:80/ClientAPI/checkroomCleartext HTTP traffic to global.talk-cloud.net not permitted
03-06 14:38:47.661   740 13734 E DeviceBaseImpl: [HWA_CAM3]getAfObjectDistance get ANDROID_HW_AF_OBJECT_DISTANCD fail
03-06 14:38:47.661   740 13734 D Misc____: [ff00962_64D] onProcessFrame(666), afDistance(0.000000)
03-06 14:38:47.665   740 13736 I YuvCalculate: onSubAlgoProcess() yuv lum calc, main_lum:0, aux_lum:0, sat:0, green:0, blue:10, expo0:[0, 0x0, 0], expo1:[0, 0x0, 0]
03-06 14:38:47.666 13446 15663 W System.err: java.io.IOException: Cleartext HTTP traffic to global.talk-cloud.net not permitted
03-06 14:38:47.666 13446 15663 W System.err: 	at com.android.okhttp.HttpHandler$CleartextURLFilter.checkURLPermitted(HttpHandler.java:115)
03-06 14:38:47.666 13446 15663 W System.err: 	at com.android.okhttp.internal.huc.HttpURLConnectionImpl.execute(HttpURLConnectionImpl.java:458)
03-06 14:38:47.666 13446 15663 W System.err: 	at com.android.okhttp.internal.huc.HttpURLConnectionImpl.connect(HttpURLConnectionImpl.java:127)
03-06 14:38:47.666 13446 15663 W System.err: 	at com.android.okhttp.internal.huc.HttpURLConnectionImpl.getOutputStream(HttpURLConnectionImpl.java:258)
03-06 14:38:47.666 13446 15663 W System.err: 	at com.talkcloud.utils.AsyncHttpURLConnection.sendHttpMessage(AsyncHttpURLConnection.java:105)
03-06 14:38:47.666 13446 15663 W System.err: 	at com.talkcloud.utils.AsyncHttpURLConnection.access$000(AsyncHttpURLConnection.java:26)
03-06 14:38:47.666 13446 15663 W System.err: 	at com.talkcloud.utils.AsyncHttpURLConnection$1.run(AsyncHttpURLConnection.java:63)
03-06 14:38:47.666 13446 15663 W System.err: 	at java.lang.Thread.run(Thread.java:784)
03-06 14:38:47.666 13446 15663 E [tk-sdk]: sendHttpMessage exceptionhttp://global.talk-cloud.net:80/ClientAPI/checkroomCleartext HTTP traffic to global.talk-cloud.net not permitted
03-06 14:38:47.668   740 13738 I GRALLOC : LockFlexLayout: baseFormat: 11, yStride: 1920, ySize: 2073600, uOffset: 2073600,  uStride: 1920
03-06 14:38:47.670 13446 15665 W System.err: java.io.IOException: Cleartext HTTP traffic to global.talk-cloud.net not permitted
03-06 14:38:47.670 13446 15665 W System.err: 	at com.android.okhttp.HttpHandler$CleartextURLFilter.checkURLPermitted(HttpHandler.java:115)
03-06 14:38:47.670 13446 15665 W System.err: 	at com.android.okhttp.internal.huc.HttpURLConnectionImpl.execute(HttpURLConnectionImpl.java:458)
03-06 14:38:47.670   740 13738 I GRALLOC : LockFlexLayout: baseFormat: 11, yStride: 1920, ySize: 2073600, uOffset: 2073600,  uStride: 1920
03-06 14:38:47.670 13446 15665 W System.err: 	at com.android.okhttp.internal.huc.HttpURLConnectionImpl.connect(HttpURLConnectionImpl.java:127)
03-06 14:38:47.670 13446 15665 W System.err: 	at com.android.okhttp.internal.huc.HttpURLConnectionImpl.getOutputStream(HttpURLConnectionImpl.java:258)
03-06 14:38:47.670 13446 15665 W System.err: 	at com.talkcloud.utils.AsyncHttpURLConnection.sendHttpMessage(AsyncHttpURLConnection.java:105)
03-06 14:38:47.670 13446 15665 W System.err: 	at com.talkcloud.utils.AsyncHttpURLConnection.access$000(AsyncHttpURLConnection.java:26)
03-06 14:38:47.670 13446 15665 W System.err: 	at com.talkcloud.utils.AsyncHttpURLConnection$1.run(AsyncHttpURLConnection.java:63)
03-06 14:38:47.670 13446 15665 W System.err: 	at java.lang.Thread.run(Thread.java:784)
03-06 14:38:47.671 13446 15665 E [tk-sdk]: sendHttpMessage exceptionhttp://global.talk-cloud.net:80/ClientAPI/checkroomCleartext HTTP traffic to global.talk-cloud.net not permitted
03-06 14:38:47.671 13446 15664 W System.err: java.io.IOException: Cleartext HTTP traffic to global.talk-cloud.net not permitted
03-06 14:38:47.671 13446 15664 W System.err: 	at com.android.okhttp.HttpHandler$CleartextURLFilter.checkURLPermitted(HttpHandler.java:115)
03-06 14:38:47.671 13446 15664 W System.err: 	at com.android.okhttp.internal.huc.HttpURLConnectionImpl.execute(HttpURLConnectionImpl.java:458)
03-06 14:38:47.671 13446 15664 W System.err: 	at com.android.okhttp.internal.huc.HttpURLConnectionImpl.connect(HttpURLConnectionImpl.java:127)
03-06 14:38:47.671 13446 15664 W System.err: 	at com.android.okhttp.internal.huc.HttpURLConnectionImpl.getOutputStream(HttpURLConnectionImpl.java:258)
03-06 14:38:47.671 13446 15664 W System.err: 	at com.talkcloud.utils.AsyncHttpURLConnection.sendHttpMessage(AsyncHttpURLConnection.java:105)
03-06 14:38:47.671 13446 15664 W System.err: 	at com.talkcloud.utils.AsyncHttpURLConnection.access$000(AsyncHttpURLConnection.java:26)
03-06 14:38:47.671 13446 15664 W System.err: 	at com.talkcloud.utils.AsyncHttpURLConnection$1.run(AsyncHttpURLConnection.java:63)
03-06 14:38:47.671 13446 15664 W System.err: 	at java.lang.Thread.run(Thread.java:784)
03-06 14:38:47.671 13446 15664 E [tk-sdk]: sendHttpMessage exceptionhttp://global.talk-cloud.net:80/ClientAPI/checkroomCleartext HTTP traffic to global.talk-cloud.net not permitted
03-06 14:38:47.671 13446 13446 I [tk-sdk]: step1Checkroom ret=11
03-06 14:38:47.672  4320  4333 D CryptoMessageServiceProxy: Binder is dead
03-06 14:38:47.672 13446 15667 W System.err: java.io.IOException: Cleartext HTTP traffic to global.talk-cloud.net not permitted
03-06 14:38:47.672   517  2712 W LibteecGlobal@2.0: serviceDied: getCallingPid=15629
03-06 14:38:47.672 13446 15667 W System.err: 	at com.android.okhttp.HttpHandler$CleartextURLFilter.checkURLPermitted(HttpHandler.java:115)
03-06 14:38:47.672 13446 15667 W System.err: 	at com.android.okhttp.internal.huc.HttpURLConnectionImpl.execute(HttpURLConnectionImpl.java:458)
03-06 14:38:47.672   589   589 I Zygote  : Process 15629 exited due to signal (9)
03-06 14:38:47.672  4320  4383 D FLTAG_SC: bindService from Intent: Intent { pkg=com.huawei.cryptosms.service cmp=com.huawei.cryptosms.service/.CryptoService }
03-06 14:38:47.672 13446 15667 W System.err: 	at com.android.okhttp.internal.huc.HttpURLConnectionImpl.connect(HttpURLConnectionImpl.java:127)
03-06 14:38:47.672 13446 15667 W System.err: 	at com.android.okhttp.internal.huc.HttpURLConnectionImpl.getOutputStream(HttpURLConnectionImpl.java:258)
03-06 14:38:47.672 13446 15667 W System.err: 	at com.talkcloud.utils.AsyncHttpURLConnection.sendHttpMessage(AsyncHttpURLConnection.java:105)
03-06 14:38:47.672 13446 15667 W System.err: 	at com.talkcloud.utils.AsyncHttpURLConnection.access$000(AsyncHttpURLConnection.java:26)
03-06 14:38:47.672 13446 15667 W System.err: 	at com.talkcloud.utils.AsyncHttpURLConnection$1.run(AsyncHttpURLConnection.java:63)
03-06 14:38:47.673  4320  4383 I FLTAG_FM: getRequireFeature it maybe not in a feature:com.huawei.cryptosms.service.CryptoService
03-06 14:38:47.673 13446 15667 W System.err: 	at java.lang.Thread.run(Thread.java:784)
03-06 14:38:47.673  4320  4383 D FLTAG_SC: Feature cannot been obtained
03-06 14:38:47.673  4320  4383 D FLTAG_SC: Cannot resolve service information from features: Intent { pkg=com.huawei.cryptosms.service cmp=com.huawei.cryptosms.service/.CryptoService }
03-06 14:38:47.673 13446 15667 E [tk-sdk]: sendHttpMessage exceptionhttp://global.talk-cloud.net:80/ClientAPI/checkroomCleartext HTTP traffic to global.talk-cloud.net not permitted
03-06 14:38:47.673 13446 15666 W System.err: java.io.IOException: Cleartext HTTP traffic to global.talk-cloud.net not permitted
03-06 14:38:47.673 13446 15666 W System.err: 	at com.android.okhttp.HttpHandler$CleartextURLFilter.checkURLPermitted(HttpHandler.java:115)
03-06 14:38:47.673 13446 15666 W System.err: 	at com.android.okhttp.internal.huc.HttpURLConnectionImpl.execute(HttpURLConnectionImpl.java:458)
03-06 14:38:47.673 13446 15666 W System.err: 	at com.android.okhttp.internal.huc.HttpURLConnectionImpl.connect(HttpURLConnectionImpl.java:127)
03-06 14:38:47.673 13446 15666 W System.err: 	at com.android.okhttp.internal.huc.HttpURLConnectionImpl.getOutputStream(HttpURLConnectionImpl.java:258)
03-06 14:38:47.673 13446 15666 W System.err: 	at com.talkcloud.utils.AsyncHttpURLConnection.sendHttpMessage(AsyncHttpURLConnection.java:105)
03-06 14:38:47.673   740 13736 I AntiBanding: onSubAlgoProcess() mAlgoCtx.continue_detect_cnt :0, mAlgoCtx.succ_detect_cnt : 0, mAlgoCtx.motion_flag = 0, detect_result:0, frequency_detected = 0,cur_expo = 40000
03-06 14:38:47.673 13446 15666 W System.err: 	at com.talkcloud.utils.AsyncHttpURLConnection.access$000(AsyncHttpURLConnection.java:26)
03-06 14:38:47.673 13446 15666 W System.err: 	at com.talkcloud.utils.AsyncHttpURLConnection$1.run(AsyncHttpURLConnection.java:63)
03-06 14:38:47.673 13446 15666 W System.err: 	at java.lang.Thread.run(Thread.java:784)
03-06 14:38:47.673 13446 15666 E [tk-sdk]: sendHttpMessage exceptionhttp://global.talk-cloud.net:80/ClientAPI/checkroomCleartext HTTP traffic to global.talk-cloud.net not permitted
03-06 14:38:47.674   722 13719 I Camera3-Stream: getBuffer: Stream 2, 0xf392d700: Already dequeued max output buffers (7), wait for next returned one.
03-06 14:38:47.675  1317  1581 V ActivityManager: startProcess: name=com.huawei.cryptosms.service app=null knownToBeDead=true thread=null pid=-1
03-06 14:38:47.676 13446 13446 I [tk-sdk]: step1Checkroom ret=11
03-06 14:38:47.678   722 13725 I GRALLOC : LockFlexLayout: baseFormat: 11, yStride: 1920, ySize: 2073600, uOffset: 2073600,  uStride: 1920
03-06 14:38:47.680   517  2712 E LibteecGlobal@2.0: not found invalid ca_auth_node
03-06 14:38:47.680   517  2712 W LibteecGlobal@2.0: serviceDied: clean done
03-06 14:38:47.699   589   589 I Zygote  : say something before unblock SIGCHLD, uid: 1000 pid: 15668, do not delete this log!
03-06 14:38:47.700  1317  1317 V SettingsProvider: Notifying for 0: content://settings/system/screen_auto_brightness
03-06 14:38:47.703  1619  1866 I EventCenter: ContentChange for slot: 1
03-06 14:38:47.703  1619  1866 I EventCenter: ContentChange for slot: 1
03-06 14:38:47.703  1317  1344 W libprocessgroup: kill(-15629, 9) failed: No such process
03-06 14:38:47.703  1317  1344 I libprocessgroup: Successfully killed process cgroup uid 1000 pid 15629 in 88ms
03-06 14:38:47.704  1619  1619 I HwBrightnessUtils: APS brightness=28.0,ConvertToPercentage=0.2714138
03-06 14:38:47.705   740  1158 D EnvImpl : [HWA_CAM3]getPackageName :  io.framework7.classroom
03-06 14:38:47.705   740 13748 E IppAlgoSmartAE: [ff00962_64E] doSmartAEAlgo() failed to getSceneMode
03-06 14:38:47.705   740  1158 I HwaUtils: [ff00962_64I] getProductExtendName() path=MHA
03-06 14:38:47.705   740 13748 D contrastCal: ae_gain:2389, ae_iso:466, frame_rate:20, frameWidth:1280, frameHeight:720
03-06 14:38:47.705   740  1158 I HwaUtils: [ff00962_64I] getOneCfgFile() path=NULL
03-06 14:38:47.705   740 13748 I contrastCal: [smartAf]contrast_cal_process: giNumFlagDoAF = 68, focus_stage = 0
03-06 14:38:47.705   740  1158 I HwaDMapIpp: [ff00962_64I] checkNeedSwapCalibrationData() ConfigFile NULL
03-06 14:38:47.705   740  1158 D Misc____: [ff00962_64D] enter loadRequest
03-06 14:38:47.705   740  1158 D EnvImpl : [HWA_CAM3]getPackageName :  io.framework7.classroom
03-06 14:38:47.705   740  1158 D IppAlgoFilter: [HWA_CAM3]loadPreviewRequest() REQUEST_DMAP_SWAP, status:0
03-06 14:38:47.705   740  1158 D EnvImpl : [HWA_CAM3]getPackageName :  io.framework7.classroom
03-06 14:38:47.705   740  1158 I chatty  : uid=1013(media) pl#2 identical 1 line
03-06 14:38:47.705   740  1158 D EnvImpl : [HWA_CAM3]getPackageName :  io.framework7.classroom
03-06 14:38:47.705   740 13734 E DeviceBaseImpl: [HWA_CAM3]getAfObjectDistance get ANDROID_HW_AF_OBJECT_DISTANCD fail
03-06 14:38:47.705   740 13736 I YuvCalculate: mono_mode: 0, ae_stable: [1, 0], colorDis: 0, buf_cnt:1
03-06 14:38:47.705   740 13734 D Misc____: [ff00962_64D] onProcessFrame(666), afDistance(0.000000)
03-06 14:38:47.707 15668 15668 I yptosms.servic: Reinit property: dalvik.vm.checkjni= false
03-06 14:38:47.709  1317  1317 V SettingsProvider: Notifying for 0: content://settings/system/screen_brightness
03-06 14:38:47.709  1317  1343 I ActivityManager: Start proc 15668:com.huawei.cryptosms.service/1000 for service com.huawei.cryptosms.service/.CryptoService
03-06 14:38:47.710  1317  1706 E ProcessInfoCollector: getProcessInfo: failed to find this proc 
03-06 14:38:47.710 15668 15668 E yptosms.servic: Not starting debugger since process cannot load the jdwp agent.
03-06 14:38:47.711   740 13738 I GRALLOC : LockFlexLayout: baseFormat: 11, yStride: 1920, ySize: 2073600, uOffset: 2073600,  uStride: 1920
03-06 14:38:47.712   740 13736 I AntiBanding: onSubAlgoProcess() mAlgoCtx.continue_detect_cnt :1, mAlgoCtx.succ_detect_cnt : 0, mAlgoCtx.motion_flag = 0, detect_result:0, frequency_detected = 28,cur_expo = 40000
03-06 14:38:47.713   740 13738 I GRALLOC : LockFlexLayout: baseFormat: 11, yStride: 1920, ySize: 2073600, uOffset: 2073600,  uStride: 1920
03-06 14:38:47.715   722 13719 I Camera3-Stream: getBuffer: Stream 2, 0xf392d700: Already dequeued max output buffers (7), wait for next returned one.
03-06 14:38:47.717   722 13725 I GRALLOC : LockFlexLayout: baseFormat: 11, yStride: 1920, ySize: 2073600, uOffset: 2073600,  uStride: 1920
03-06 14:38:47.722 15668 15668 D ZrHung.AppEyeUiProbe: AppEyeUIP created.
03-06 14:38:47.728 15668 15668 D ActivityThread: Attach thread to application
03-06 14:38:47.754   740  1158 D EnvImpl : [HWA_CAM3]getPackageName :  io.framework7.classroom
03-06 14:38:47.754   740 13748 E IppAlgoSmartAE: [ff00962_64E] doSmartAEAlgo() failed to getSceneMode
03-06 14:38:47.754   740  1158 I HwaUtils: [ff00962_64I] getProductExtendName() path=MHA
03-06 14:38:47.754   740  1158 I HwaUtils: [ff00962_64I] getOneCfgFile() path=NULL
03-06 14:38:47.754   740  1158 I HwaDMapIpp: [ff00962_64I] checkNeedSwapCalibrationData() ConfigFile NULL
03-06 14:38:47.754   740 13748 D contrastCal: ae_gain:2415, ae_iso:471, frame_rate:20, frameWidth:1280, frameHeight:720
03-06 14:38:47.754   740 13748 I contrastCal: [smartAf]contrast_cal_process: giNumFlagDoAF = 69, focus_stage = 0
03-06 14:38:47.754   740  1158 D Misc____: [ff00962_64D] enter loadRequest
03-06 14:38:47.754   740  1158 D EnvImpl : [HWA_CAM3]getPackageName :  io.framework7.classroom
03-06 14:38:47.754   740  1158 D IppAlgoFilter: [HWA_CAM3]loadPreviewRequest() REQUEST_DMAP_SWAP, status:0
03-06 14:38:47.754 15668 15668 I yptosms.servic: The ClassLoaderContext is a special shared library.
03-06 14:38:47.754   740  1158 D EnvImpl : [HWA_CAM3]getPackageName :  io.framework7.classroom
03-06 14:38:47.754   740  1158 I chatty  : uid=1013(media) pl#2 identical 1 line
03-06 14:38:47.754   740  1158 D EnvImpl : [HWA_CAM3]getPackageName :  io.framework7.classroom
03-06 14:38:47.754   740 13736 I YuvCalculate: mono_mode: 0, ae_stable: [0, 0], colorDis: 0, buf_cnt:1
03-06 14:38:47.756   740 13734 E DeviceBaseImpl: [HWA_CAM3]getAfObjectDistance get ANDROID_HW_AF_OBJECT_DISTANCD fail
03-06 14:38:47.756   740 13734 D Misc____: [ff00962_64D] onProcessFrame(666), afDistance(0.000000)
03-06 14:38:47.760   740 13738 I GRALLOC : LockFlexLayout: baseFormat: 11, yStride: 1920, ySize: 2073600, uOffset: 2073600,  uStride: 1920
03-06 14:38:47.760   740 13736 I YuvCalculate: onSubAlgoProcess() yuv lum calc, main_lum:0, aux_lum:0, sat:0, green:0, blue:694, expo0:[0, 0x0, 0], expo1:[0, 0x0, 0]
03-06 14:38:47.760   740 13736 I AntiBanding: onSubAlgoProcess() mAlgoCtx.continue_detect_cnt :2, mAlgoCtx.succ_detect_cnt : 0, mAlgoCtx.motion_flag = 0, detect_result:0, frequency_detected = 0,cur_expo = 40000
03-06 14:38:47.760   740 13738 I GRALLOC : LockFlexLayout: baseFormat: 11, yStride: 1920, ySize: 2073600, uOffset: 2073600,  uStride: 1920
03-06 14:38:47.762   722 13719 I Camera3-Stream: getBuffer: Stream 0, 0xf392b600: Already dequeued max output buffers (7), wait for next returned one.
03-06 14:38:47.763   722 13725 I GRALLOC : LockFlexLayout: baseFormat: 11, yStride: 1920, ySize: 2073600, uOffset: 2073600,  uStride: 1920
03-06 14:38:47.773 15668 15682 I HwLogExceptionInner: Log blacklist 
03-06 14:38:47.778 15668 15668 E HwCryptoMessageService: CryptoMessageService error:start load libibe
03-06 14:38:47.783 15668 15668 I         : RegisterNatives OK!
03-06 14:38:47.783 15668 15668 E HwCryptoMessageService: CryptoMessageService error:load libibe succ
03-06 14:38:47.783 15668 15668 E HwCryptoMessageService: CryptoMessageService error:load libibe result true
03-06 14:38:47.783 15668 15668 D libteec_client: Init GlobalPlatform!
03-06 14:38:47.785 15668 15668 E teecd_auth_client: tee auth Connected.
03-06 14:38:47.786   644   687 E teecd_auth_daemon: uid 1000 pid 15668
03-06 14:38:47.786 15668 15682 I AwareBitmapCacher: init processName:com.huawei.cryptosms.service pid=15668 uid=1000
03-06 14:38:47.788 15668 15684 E         : GENERAL_UTILITY-onRegistration() enter.
03-06 14:38:47.788 15668 15682 E MemoryLeakMonitorManager: MemoryLeakMonitor.jar is not exist!
03-06 14:38:47.797  1619  1980 D NetworkController.MobileSignalController(0): mSimSubId:0 onDataActivity: direction=0
03-06 14:38:47.804   740  1158 D EnvImpl : [HWA_CAM3]getPackageName :  io.framework7.classroom
03-06 14:38:47.804   740 13748 E IppAlgoSmartAE: [ff00962_64E] doSmartAEAlgo() failed to getSceneMode
03-06 14:38:47.805   740  1158 I HwaUtils: [ff00962_64I] getProductExtendName() path=MHA
03-06 14:38:47.805   740  1158 I HwaUtils: [ff00962_64I] getOneCfgFile() path=NULL
03-06 14:38:47.805   740  1158 I HwaDMapIpp: [ff00962_64I] checkNeedSwapCalibrationData() ConfigFile NULL
03-06 14:38:47.805   740 13748 D contrastCal: ae_gain:2415, ae_iso:471, frame_rate:20, frameWidth:1280, frameHeight:720
03-06 14:38:47.805   740 13748 I contrastCal: [smartAf]contrast_cal_process: giNumFlagDoAF = 70, focus_stage = 0
03-06 14:38:47.805   740  1158 D Misc____: [ff00962_64D] enter loadRequest
03-06 14:38:47.805   740  1158 D EnvImpl : [HWA_CAM3]getPackageName :  io.framework7.classroom
03-06 14:38:47.805   740  1158 D IppAlgoFilter: [HWA_CAM3]loadPreviewRequest() REQUEST_DMAP_SWAP, status:0
03-06 14:38:47.805   740  1158 D EnvImpl : [HWA_CAM3]getPackageName :  io.framework7.classroom
03-06 14:38:47.805   740  1158 I chatty  : uid=1013(media) pl#2 identical 1 line
03-06 14:38:47.805   740  1158 D EnvImpl : [HWA_CAM3]getPackageName :  io.framework7.classroom
03-06 14:38:47.805   740 13736 I YuvCalculate: mono_mode: 0, ae_stable: [0, 0], colorDis: 0, buf_cnt:1
03-06 14:38:47.807   740 13734 E DeviceBaseImpl: [HWA_CAM3]getAfObjectDistance get ANDROID_HW_AF_OBJECT_DISTANCD fail
03-06 14:38:47.807   740 13734 D Misc____: [ff00962_64D] onProcessFrame(666), afDistance(0.000000)
03-06 14:38:47.809  1619  1619 D HwCustMobileSignalControllerImpl: updateDataType, mDataNetType: 13, isCAstate: false
03-06 14:38:47.809  1619  1619 D NetWorkUtils: is3GCalling is false,mCdmaSlot is -1
