--------- beginning of system
03-06 14:37:56.068  1317  1317 V SettingsProvider: Notifying for 0: content://settings/system/screen_auto_brightness
03-06 14:37:56.070  1317  1317 V SettingsProvider: Notifying for 0: content://settings/system/screen_brightness
03-06 14:37:56.508  1317  1317 V SettingsProvider: Notifying for 0: content://settings/system/screen_auto_brightness
03-06 14:37:56.516  1317  1317 V SettingsProvider: Notifying for 0: content://settings/system/screen_brightness
03-06 14:37:56.748  1728  1728 D SmartDualCardSM: IdleState:got msg.what=EVENT_RECOVERY_STATUS_TIMEOUT
03-06 14:37:56.939  1317  1317 V SettingsProvider: Notifying for 0: content://settings/system/screen_auto_brightness
03-06 14:37:56.943  1317  1317 V SettingsProvider: Notifying for 0: content://settings/system/screen_brightness
03-06 14:37:57.351  1317  1317 V SettingsProvider: Notifying for 0: content://settings/system/screen_auto_brightness
03-06 14:37:57.353  1317  1317 V SettingsProvider: Notifying for 0: content://settings/system/screen_brightness
03-06 14:37:57.512  1728  1858 I HidataAppQoeP: handleStateChanged reason=6
03-06 14:37:57.525  1728  1858 I PreDnsQuery: handleStateChanged reason=6
03-06 14:37:57.540  1728  1858 I PreDnsQuery: setPreDnsCurrentProp is: true
03-06 14:37:57.541  1728  1858 I BrowserChrP: handleStateChanged
03-06 14:37:57.766  1317  1317 V SettingsProvider: Notifying for 0: content://settings/system/screen_auto_brightness
03-06 14:37:57.768  1317  1317 V SettingsProvider: Notifying for 0: content://settings/system/screen_brightness
03-06 14:38:00.003  1317  1317 V AlarmManager: Received TIME_TICK alarm; rescheduling
03-06 14:38:00.005  1317  1317 I HwAlarmManagerService: hwSetAlarm listenerTag: time_tick
03-06 14:38:00.135  1317  1581 V BroadcastQueue: Finished with ordered broadcast BroadcastRecord{d91d56d u-1 android.intent.action.TIME_TICK}
03-06 14:38:00.359  1317  3087 I ActivityManager: START u0 {act=android.intent.action.MAIN cat=[android.intent.category.LAUNCHER] flg=0x10200000 hwFlg=0x10 cmp=io.framework7.classroom/.MainActivity bnds=[20,1240][228,1529]} from uid 10057
03-06 14:38:00.361  1317  3087 I ActivityManager: ActivityRecord info: ActivityInfo{56d45a2 io.framework7.classroom.MainActivity}
03-06 14:38:00.370  1317  3087 V ActivityManager: addChild: attaching stackId=195 to displayId=0 position=6
03-06 14:38:00.370  1317  3087 V ActivityManager: positionChild stackId=195 to top.
03-06 14:38:00.376  1317  3087 V ActivityManager: positionChild stackId=195 to top.
03-06 14:38:00.378  1317  3087 V WindowManager: addAppToken: AppWindowToken{52bbe8f token=Token{5fe19ee ActivityRecord{c835b69 u0 io.framework7.classroom/.MainActivity t35762}}} controller={TaskWindowContainerController taskId=35762} at 2147483647
03-06 14:38:00.383  1317  1338 W HwActivityManagerServiceEx: HwActivityNotifier end call for activityLifeState under user 0 cost 0
03-06 14:38:00.383  1317  1341 I StatusBarDisable: setFlags what=0 which=1 pkg=Window{abe9c59 u0 com.huawei.android.launcher/com.huawei.android.launcher.unihome.UniHomeLauncher}
03-06 14:38:00.387  1317  1581 V ActivityManager: startProcess: name=com.huawei.trustspace app=null knownToBeDead=true thread=null pid=-1
03-06 14:38:00.389  1317  1581 V ActivityManager: startProcess: name=io.framework7.classroom app=null knownToBeDead=true thread=null pid=-1
03-06 14:38:00.393  1317  1581 V ActivityManager: startProcess: name=io.framework7.classroom app=ProcessRecord{feb78c6 0:io.framework7.classroom/u0a216} knownToBeDead=true thread=null pid=0
03-06 14:38:00.394  1317  1341 I StatusBarDisable: setFlags what=0 which=1 pkg=Window{abe9c59 u0 com.huawei.android.launcher/com.huawei.android.launcher.unihome.UniHomeLauncher}
03-06 14:38:00.396  1317  1338 W HwActivityManagerServiceEx: HwActivityNotifier end call for activityLifeState under user 0 cost 1
03-06 14:38:00.399  1317  1436 V WindowManager: addWindow: Window{5adf20 u0 Splash Screen io.framework7.classroom}
03-06 14:38:00.399  1317  1436 D HwPhoneWindowManager: sensorRotation = -1 lastRotation:0
03-06 14:38:00.404  1317 13432 D PackageManager: resolve intent for uid:1000, matchs:3, res:ResolveInfo{96cf0d9 com.huawei.android.launcher/.unihome.UniHomeLauncher m=0x108000}
03-06 14:38:00.404  1317  1341 I StatusBarDisable: setFlags what=0 which=1 pkg=Window{abe9c59 u0 com.huawei.android.launcher/com.huawei.android.launcher.unihome.UniHomeLauncher}
03-06 14:38:00.410  1317  1341 I StatusBarDisable: setFlags what=0 which=1 pkg=Window{abe9c59 u0 com.huawei.android.launcher/com.huawei.android.launcher.unihome.UniHomeLauncher}
03-06 14:38:00.411  1317  1343 I ActivityManager: Start proc 13433:com.huawei.trustspace/1000 for service com.huawei.trustspace/.service.TrustSpaceService
03-06 14:38:00.412  1317  1706 E ProcessInfoCollector: getProcessInfo: failed to find this proc 
03-06 14:38:00.423 13433 13433 D ActivityThread: Attach thread to application
03-06 14:38:00.424  1317  1581 V ActivityManager: startProcess: name=io.framework7.classroom app=ProcessRecord{feb78c6 0:io.framework7.classroom/u0a216} knownToBeDead=true thread=null pid=0
03-06 14:38:00.429  1317  1343 I ActivityManager: Start proc 13446:io.framework7.classroom/u0a216 for activity io.framework7.classroom/.MainActivity
03-06 14:38:00.430  1317  1706 E ProcessInfoCollector: getProcessInfo: failed to find this proc 
03-06 14:38:00.436  1317  1341 I StatusBarDisable: setFlags what=0 which=1 pkg=Window{abe9c59 u0 com.huawei.android.launcher/com.huawei.android.launcher.unihome.UniHomeLauncher}
03-06 14:38:00.461  1317  1317 V BroadcastQueue: Finished with ordered broadcast BroadcastRecord{bdecd4c u0 telephony.dataconnection.DNS_MONITOR_ACTION}
03-06 14:38:00.480 13446 13446 D ActivityThread: Attach thread to application
03-06 14:38:00.483  1317  3087 D HwPhoneWindowManager: sensorRotation = -1 lastRotation:0
03-06 14:38:00.484  1317  1341 I StatusBarDisable: setFlags what=0 which=1 pkg=Window{abe9c59 u0 com.huawei.android.launcher/com.huawei.android.launcher.unihome.UniHomeLauncher}
03-06 14:38:00.488  1317  3087 W HwActivityManagerServiceEx: appSwitch from: com.huawei.android.launcher to: io.framework7.classroom
03-06 14:38:00.488  1317  1338 W HwActivityManagerServiceEx: HwActivityNotifier end call for appSwitch under user 0 cost 0
03-06 14:38:00.489  1317  1353 D HwGameAssistantController: UPDATE: mCurFgPkg=io.framework7.classroom, mCurFgPid=13446, mCurIsGame=false
03-06 14:38:00.492  1317  1436 V WindowManager: Checking 1 opening apps (frozen=false timeout=false), Track: updateconfig performsurface
03-06 14:38:00.492  1317  1436 V WindowManager: Check opening app=AppWindowToken{52bbe8f token=Token{5fe19ee ActivityRecord{c835b69 u0 io.framework7.classroom/.MainActivity t35762}}}: allDrawn=false startingDisplayed=true startingMoved=false isRelaunching()=false startingWindow=Window{5adf20 u0 Splash Screen io.framework7.classroom}
03-06 14:38:00.493  1728 21025 I BoosterSwitchP: notifyUidState do nothing
03-06 14:38:00.493  1728 21025 I DeepNoDisturbP: notifyUidState
03-06 14:38:00.493  1317  1436 I WindowManager: closing apps count = 1
03-06 14:38:00.493  1728 21025 I BrowserChrP: notifyUidState
03-06 14:38:00.493  1317  1581 D HwGameAssistantController: getGameList: []
03-06 14:38:00.493  1317  1337 I HwAudioService: now type = 301,reportForegroundAppType = 301,pkg = null,mVoipOptimizeInGameModefalse
03-06 14:38:00.493  1317  3087 I HwNetworkPolicy: onTransact, code = 203
03-06 14:38:00.493  2008  2333 I HwNetworkPolicyManager: getHwUidPolicy uid = 10216 policy = 0
03-06 14:38:00.494  1317  1581 V ActivityManager: Successfully start provider ContentProviderRecord{332d59d u0 com.android.systemui/.recents.HwRecentsLockProdiver} launchingApp=null caller pid= 1838
03-06 14:38:00.495  1317  1581 D HwGameAssistantController: getGameList: []
03-06 14:38:00.496  1317  1341 I StatusBarDisable: setFlags what=0 which=1 pkg=Window{abe9c59 u0 com.huawei.android.launcher/com.huawei.android.launcher.unihome.UniHomeLauncher}
03-06 14:38:00.500  1317  1341 I StatusBarDisable: setFlags what=0 which=1 pkg=Window{5adf20 u0 Splash Screen io.framework7.classroom}
03-06 14:38:00.504  1317  3087 V ActivityManager: Successfully start provider ContentProviderRecord{2af2d9a u0 com.android.providers.settings/.SettingsProvider} launchingApp=null caller pid= 13433
03-06 14:38:00.753  1317  1436 I WindowManager: New wallpaper target: null prevTarget: Window{abe9c59 u0 com.huawei.android.launcher/com.huawei.android.launcher.unihome.UniHomeLauncher}
03-06 14:38:00.753  1317  1436 I WindowManager: test-wallpaper Updating vis of wallpaper Window{61d72ef u0 com.android.systemui.HwImageWallpaper}: false from:
03-06 14:38:00.753  1317  1436 I WindowManager: com.android.server.wm.WallpaperWindowToken.updateWallpaperWindows:138 com.android.server.wm.WallpaperController.updateWallpaperTokens:585 com.android.server.wm.WallpaperController.adjustWallpaperWindows:620 com.android.server.wm.DisplayContent.applySurfaceChangesTransaction:3386 
03-06 14:38:00.754  1317  1341 I StatusBarDisable: setFlags what=0 which=1 pkg=Window{5adf20 u0 Splash Screen io.framework7.classroom}
03-06 14:38:00.756  1317  1341 I StatusBarDisable: setFlags what=0 which=1 pkg=Window{5adf20 u0 Splash Screen io.framework7.classroom}
03-06 14:38:00.757  1317  1332 V ActivityManager: Successfully start provider ContentProviderRecord{2af2d9a u0 com.android.providers.settings/.SettingsProvider} launchingApp=null caller pid= 13446
03-06 14:38:00.771  1317  1341 I StatusBarDisable: setFlags what=0 which=1 pkg=Window{5adf20 u0 Splash Screen io.framework7.classroom}
03-06 14:38:00.775  1317  1341 I chatty  : uid=1000(system) android.ui identical 1 line
03-06 14:38:00.780  1317  1341 I StatusBarDisable: setFlags what=0 which=1 pkg=Window{5adf20 u0 Splash Screen io.framework7.classroom}
03-06 14:38:00.880 13446 13446 V ActivityThread: Skipping new config:{1.0 460mcc65535mnc [zh_CN_#Hans] ldltr sw360dp w360dp h578dp 480dpi nrml long port finger -keyb/v/h -nav/h winConfig={ mBounds=Rect(0, 0 - 0, 0) mAppBounds=Rect(0, 0 - 1080, 1808) mWindowingMode=fullscreen mActivityType=undefined} nonFullScreen=0 suim:1 s.11}, config:{1.0 460mcc65535mnc [zh_CN_#Hans] ldltr sw360dp w360dp h578dp 480dpi nrml long port finger -keyb/v/h -nav/h winConfig={ mBounds=Rect(0, 0 - 0, 0) mAppBounds=Rect(0, 0 - 1080, 1808) mWindowingMode=fullscreen mActivityType=undefined} nonFullScreen=0 suim:1 s.11} for app:io.framework7.classroom
03-06 14:38:00.889 13446 13446 V ActivityThread: callActivityOnCreate
03-06 14:38:00.973  1317  1864 V ActivityManager: startProcess: name=com.google.android.webview:sandboxed_process0 app=null knownToBeDead=true thread=null pid=-1
03-06 14:38:00.986  1317  1343 I ActivityManager: Start proc 13489:com.google.android.webview:sandboxed_process0/u0i709 for webview_service io.framework7.classroom/org.chromium.content.app.SandboxedProcessService0
03-06 14:38:00.986  1317  1706 E ProcessInfoCollector: getProcessInfo: failed to find this proc 
03-06 14:38:01.004 13489 13489 D ActivityThread: Attach thread to application
03-06 14:38:01.037 13446 13446 D HwCustConnectivityManagerImpl: isBlockNetworkRequestByNonAis, INVALID_SUBSCRIPTION_ID
03-06 14:38:01.041  1317  7113 D ConnectivityService: requestNetwork for uid/pid:10216/13446 NetworkRequest [ TRACK_DEFAULT id=2082, [ Capabilities: INTERNET&NOT_RESTRICTED&TRUSTED Uid: 10216] ]
03-06 14:38:01.041  1317  1498 D ConnectivityService: rematching NetworkAgentInfo [MOBILE (LTE) - 121]
03-06 14:38:01.043 13446 13446 D HwCustConnectivityManagerImpl: isBlockNetworkRequestByNonAis, INVALID_SUBSCRIPTION_ID
03-06 14:38:01.043  1317  1498 D ConnectivityService:  network has: [ Transports: CELLULAR Capabilities: SUPL&INTERNET&NOT_RESTRICTED&TRUSTED&NOT_VPN&VALIDATED&NOT_ROAMING&FOREGROUND&NOT_CONGESTED&NOT_SUSPENDED LinkUpBandwidth>=51200Kbps LinkDnBandwidth>=102400Kbps Specifier: <****>]
03-06 14:38:01.043  1317  1498 D ConnectivityService: currentScore = 0, newScore = 50
03-06 14:38:01.043  1317  1498 D ConnectivityService: rematch for NetworkAgentInfo [MOBILE (LTE) - 121]
03-06 14:38:01.043  1317  1498 D ConnectivityService:    accepting network in place of null
03-06 14:38:01.043  1317  1498 D ConnectivityService: sending new Min Network Score(50): NetworkRequest [ TRACK_DEFAULT id=2082, [ Capabilities: INTERNET&NOT_RESTRICTED&TRUSTED Uid: 10216] ]
03-06 14:38:01.044  1317  7113 D ConnectivityService: listenForNetwork for uid/pid:10216/13446 NetworkRequest [ LISTEN id=2083, [ Capabilities: INTERNET&NOT_RESTRICTED&TRUSTED&FOREGROUND Uid: 10216] ]
03-06 14:38:01.044  1317  1498 D ConnectivityService: Network NetworkAgentInfo [MOBILE (LTE) - 121] was already satisfying request 8. No change.
03-06 14:38:01.044  1317  1498 D ConnectivityService: Network NetworkAgentInfo [MOBILE (LTE) - 121] was already satisfying request 12. No change.
03-06 14:38:01.044  1317  1498 D ConnectivityService: Network NetworkAgentInfo [MOBILE (LTE) - 121] was already satisfying request 15. No change.
03-06 14:38:01.044  1317  1498 D ConnectivityService: Network NetworkAgentInfo [MOBILE (LTE) - 121] was already satisfying request 796. No change.
03-06 14:38:01.044  1317  1498 D ConnectivityService: Network NetworkAgentInfo [MOBILE (LTE) - 121] was already satisfying request 5. No change.
03-06 14:38:01.044  1317  1498 D ConnectivityService: Network NetworkAgentInfo [MOBILE (LTE) - 121] was already satisfying request 2068. No change.
03-06 14:38:01.044  1317  1498 D ConnectivityService: Network NetworkAgentInfo [MOBILE (LTE) - 121] was already satisfying request 1. No change.
03-06 14:38:01.045  1317  1498 D ConnectivityService: rematching NetworkAgentInfo [MOBILE (LTE) - 121]
03-06 14:38:01.047  1317  1498 D ConnectivityService:  network has: [ Transports: CELLULAR Capabilities: SUPL&INTERNET&NOT_RESTRICTED&TRUSTED&NOT_VPN&VALIDATED&NOT_ROAMING&FOREGROUND&NOT_CONGESTED&NOT_SUSPENDED LinkUpBandwidth>=51200Kbps LinkDnBandwidth>=102400Kbps Specifier: <****>]
03-06 14:38:01.047  1317  1498 D ConnectivityService: Network NetworkAgentInfo [MOBILE (LTE) - 121] was already satisfying request 2082. No change.
03-06 14:38:01.047  1317  1498 D ConnectivityService: Network NetworkAgentInfo [MOBILE (LTE) - 121] was already satisfying request 8. No change.
03-06 14:38:01.047  1317  1498 D ConnectivityService: Network NetworkAgentInfo [MOBILE (LTE) - 121] was already satisfying request 12. No change.
03-06 14:38:01.047  1317  1498 D ConnectivityService: Network NetworkAgentInfo [MOBILE (LTE) - 121] was already satisfying request 15. No change.
03-06 14:38:01.047  1317  1498 D ConnectivityService: Network NetworkAgentInfo [MOBILE (LTE) - 121] was already satisfying request 796. No change.
03-06 14:38:01.047  1317  1498 D ConnectivityService: Network NetworkAgentInfo [MOBILE (LTE) - 121] was already satisfying request 5. No change.
03-06 14:38:01.047  1317  1498 D ConnectivityService: Network NetworkAgentInfo [MOBILE (LTE) - 121] was already satisfying request 2068. No change.
03-06 14:38:01.047  1317  1498 D ConnectivityService: Network NetworkAgentInfo [MOBILE (LTE) - 121] was already satisfying request 1. No change.
03-06 14:38:01.124  1317  7113 V HwPhoneWindowManager: updateSystemUiColorLw window=Window{99ebcf1 u0 io.framework7.classroom/io.framework7.classroom.MainActivity},EmuiStyle=0,StatusBarColor=0xff000000,NavigationBarColor=0xff000000, mForceNotchStatusBar=false
03-06 14:38:01.125  1619  1636 I CommandQueue: updateBarBgColor
03-06 14:38:01.125  1619  1636 D CommandQueue: CommandQueue, setBarBackgroundColor
03-06 14:38:01.125  1317  7113 V WindowManager: addWindow: Window{99ebcf1 u0 io.framework7.classroom/io.framework7.classroom.MainActivity}
03-06 14:38:01.125  1317  1341 I StatusBarDisable: setFlags what=0 which=1 pkg=Window{99ebcf1 u0 io.framework7.classroom/io.framework7.classroom.MainActivity}
03-06 14:38:01.142 13446 13446 D ActivityThread: add activity client record, r= ActivityRecord{53ce18b token=android.os.BinderProxy@f0ae363 {io.framework7.classroom/io.framework7.classroom.MainActivity}} token= android.os.BinderProxy@f0ae363
03-06 14:38:01.167  1317  1864 V WindowManager: addWindow: Window{eee36b0 u0 io.framework7.classroom/io.framework7.classroom.MainActivity}
03-06 14:38:01.170  1317  1338 W HwActivityManagerServiceEx: HwActivityNotifier end call for activityLifeState under user 0 cost 1
03-06 14:38:01.171  1728  9310 I HidataAppQoeP: foregroundUidAdd uid: 10216 name: io.framework7.classroom activity state: true
03-06 14:38:01.176  1317 13546 W ContextImpl: Calling a method in the system process without a qualified user: android.app.ContextImpl.bindService:1844 com.android.server.hidata.hinetwork.HwHiNetworkManager.bindAidl:538 com.android.server.hidata.hinetwork.HwHiNetworkManager.access$2100:78 com.android.server.hidata.hinetwork.HwHiNetworkManager$BindAidlThread.run:1284 <bottom of call stack> 
03-06 14:38:01.176  1728  9310 I HidataAppQoeP: sendKernelAppUid, Uid = 10216, period = 2000 name = io.framework7.classroom
03-06 14:38:01.176 13446 13446 D HwCustConnectivityManagerImpl: isBlockNetworkRequestByNonAis, INVALID_SUBSCRIPTION_ID
03-06 14:38:01.177  1317  1332 D HwNetworkManagementService: setNetBoosterAppUid,appUid=10216,period=2000
03-06 14:38:01.177  1317 13546 V ActivityManager: startProcess: name=com.huawei.gameassistant app=null knownToBeDead=true thread=null pid=-1
03-06 14:38:01.177  1317  1332 D NetdConnector: SND -> {4759 hwnb appQoe uid 10216 2000}
03-06 14:38:01.177  1317  1864 D ConnectivityService: requestNetwork for uid/pid:10216/13446 NetworkRequest [ TRACK_DEFAULT id=2084, [ Capabilities: INTERNET&NOT_RESTRICTED&TRUSTED Uid: 10216] ]
03-06 14:38:01.178  1317  1498 D ConnectivityService: rematching NetworkAgentInfo [MOBILE (LTE) - 121]
03-06 14:38:01.178  1728  1728 D SmartDualCardConfig: getAppType,pkgName=io.framework7.classroom,appType=-1
03-06 14:38:01.178  1728  1728 D SmartDualCardSM: onUidStateUpdate,uid=10216,appName=io.framework7.classroom,state=FOREGROUND
03-06 14:38:01.179  1317  1480 D NetdConnector: RCV <- {400 4759 appQoe uid cmd failed (Try again)}
03-06 14:38:01.179 13446 13446 D HwCustConnectivityManagerImpl: isBlockNetworkRequestByNonAis, INVALID_SUBSCRIPTION_ID
03-06 14:38:01.180  1317  1480 D NetdConnector: RCV <- {400 4759 appQoe uid cmd failed (Try again)}
03-06 14:38:01.180  1317  1332 E HwNetworkManagementService: setNetBoosterAppUid:netd cmd execute failed
03-06 14:38:01.180  1317  1332 E HwNetworkManagementService: com.android.server.NativeDaemonConnector$NativeDaemonFailureException: command '4759 hwnb appQoe uid 10216 2000' failed with '400 4759 appQoe uid cmd failed (Try again)'
03-06 14:38:01.180  1317  1332 E HwNetworkManagementService: 	at com.android.server.NativeDaemonConnector.executeForList(NativeDaemonConnector.java:633)
03-06 14:38:01.180  1317  1332 E HwNetworkManagementService: 	at com.android.server.NativeDaemonConnector.execute(NativeDaemonConnector.java:470)
03-06 14:38:01.180  1317  1332 E HwNetworkManagementService: 	at com.android.server.NativeDaemonConnector.execute(NativeDaemonConnector.java:465)
03-06 14:38:01.180  1317  1332 E HwNetworkManagementService: 	at com.android.server.HwNetworkManagementService.setNetBoosterAppUid(HwNetworkManagementService.java:1876)
03-06 14:38:01.180  1317  1332 E HwNetworkManagementService: 	at com.android.server.HwNetworkManagementService.access$800(HwNetworkManagementService.java:98)
03-06 14:38:01.180  1317  1332 E HwNetworkManagementService: 	at com.android.server.HwNetworkManagementService$2.callBack(HwNetworkManagementService.java:387)
03-06 14:38:01.180  1317  1332 E HwNetworkManagementService: 	at android.net.booster.IHwCommBoosterCallback$Stub.onTransact(IHwCommBoosterCallback.java:58)
03-06 14:38:01.180  1317  1332 E HwNetworkManagementService: 	at android.os.Binder.execTransact(Binder.java:739)
03-06 14:38:01.180  1317  1864 D ConnectivityService: listenForNetwork for uid/pid:10216/13446 NetworkRequest [ LISTEN id=2085, [ Capabilities: INTERNET&NOT_RESTRICTED&TRUSTED&FOREGROUND Uid: 10216] ]
03-06 14:38:01.181  1728  1728 D SmartDualCardConfig: getAppType,pkgName=io.framework7.classroom,appType=-1
03-06 14:38:01.181  1728  1728 D SmartDualCardSM: updateAppState mAppState=2
03-06 14:38:01.181  1728  1728 D SmartDualCardConfig: addForegroundAppToList,size()=1,uid=10216
03-06 14:38:01.181  1317  1498 D ConnectivityService:  network has: [ Transports: CELLULAR Capabilities: SUPL&INTERNET&NOT_RESTRICTED&TRUSTED&NOT_VPN&VALIDATED&NOT_ROAMING&FOREGROUND&NOT_CONGESTED&NOT_SUSPENDED LinkUpBandwidth>=51200Kbps LinkDnBandwidth>=102400Kbps Specifier: <****>]
03-06 14:38:01.181  1317  1498 D ConnectivityService: Network NetworkAgentInfo [MOBILE (LTE) - 121] was already satisfying request 2082. No change.
03-06 14:38:01.181  1317  1498 D ConnectivityService: currentScore = 0, newScore = 50
03-06 14:38:01.181  1317  1498 D ConnectivityService: rematch for NetworkAgentInfo [MOBILE (LTE) - 121]
03-06 14:38:01.181  1317  1498 D ConnectivityService:    accepting network in place of null
03-06 14:38:01.181  1317  1498 D ConnectivityService: sending new Min Network Score(50): NetworkRequest [ TRACK_DEFAULT id=2084, [ Capabilities: INTERNET&NOT_RESTRICTED&TRUSTED Uid: 10216] ]
03-06 14:38:01.182  1317  1498 D ConnectivityService: Network NetworkAgentInfo [MOBILE (LTE) - 121] was already satisfying request 8. No change.
03-06 14:38:01.182  1317  1498 D ConnectivityService: Network NetworkAgentInfo [MOBILE (LTE) - 121] was already satisfying request 12. No change.
03-06 14:38:01.182  1317  1498 D ConnectivityService: Network NetworkAgentInfo [MOBILE (LTE) - 121] was already satisfying request 15. No change.
03-06 14:38:01.182  1317  1498 D ConnectivityService: Network NetworkAgentInfo [MOBILE (LTE) - 121] was already satisfying request 796. No change.
03-06 14:38:01.182  1317  1498 D ConnectivityService: Network NetworkAgentInfo [MOBILE (LTE) - 121] was already satisfying request 5. No change.
03-06 14:38:01.182  1317  1498 D ConnectivityService: Network NetworkAgentInfo [MOBILE (LTE) - 121] was already satisfying request 2068. No change.
03-06 14:38:01.182  1317  1498 D ConnectivityService: Network NetworkAgentInfo [MOBILE (LTE) - 121] was already satisfying request 1. No change.
03-06 14:38:01.182  1317  1498 D ConnectivityService: rematching NetworkAgentInfo [MOBILE (LTE) - 121]
03-06 14:38:01.186  1317  1498 D ConnectivityService:  network has: [ Transports: CELLULAR Capabilities: SUPL&INTERNET&NOT_RESTRICTED&TRUSTED&NOT_VPN&VALIDATED&NOT_ROAMING&FOREGROUND&NOT_CONGESTED&NOT_SUSPENDED LinkUpBandwidth>=51200Kbps LinkDnBandwidth>=102400Kbps Specifier: <****>]
03-06 14:38:01.186  1317  1498 D ConnectivityService: Network NetworkAgentInfo [MOBILE (LTE) - 121] was already satisfying request 2082. No change.
03-06 14:38:01.186  1317  1498 D ConnectivityService: Network NetworkAgentInfo [MOBILE (LTE) - 121] was already satisfying request 2084. No change.
03-06 14:38:01.186  1317  1498 D ConnectivityService: Network NetworkAgentInfo [MOBILE (LTE) - 121] was already satisfying request 8. No change.
03-06 14:38:01.186  1317  1498 D ConnectivityService: Network NetworkAgentInfo [MOBILE (LTE) - 121] was already satisfying request 12. No change.
03-06 14:38:01.186  1317  1498 D ConnectivityService: Network NetworkAgentInfo [MOBILE (LTE) - 121] was already satisfying request 15. No change.
03-06 14:38:01.186  1317  1498 D ConnectivityService: Network NetworkAgentInfo [MOBILE (LTE) - 121] was already satisfying request 796. No change.
03-06 14:38:01.186  1317  1498 D ConnectivityService: Network NetworkAgentInfo [MOBILE (LTE) - 121] was already satisfying request 5. No change.
03-06 14:38:01.186  1317  1498 D ConnectivityService: Network NetworkAgentInfo [MOBILE (LTE) - 121] was already satisfying request 2068. No change.
03-06 14:38:01.186  1317  1498 D ConnectivityService: Network NetworkAgentInfo [MOBILE (LTE) - 121] was already satisfying request 1. No change.
03-06 14:38:01.189  1317  1343 I ActivityManager: Start proc 13550:com.huawei.gameassistant/u0a15 for service com.huawei.gameassistant/.booster.appnet.AppNetServices
03-06 14:38:01.189  1317  1706 E ProcessInfoCollector: getProcessInfo: failed to find this proc 
03-06 14:38:01.191  1728  1728 E SmartDualCardTraffic: getMealTrafficImpl fail,invalid imsi
03-06 14:38:01.199  1728  1728 D SmartDualCardSM: isNeedMonitorAppQoe return false
03-06 14:38:01.199  1728  1728 D SmartDualCardSM: resetAppQoeState
03-06 14:38:01.200  1728  1728 D SmartDualCardSM: IdleState:got msg.what=EVENT_APP_MOVE_FOREGROUND
03-06 14:38:01.200  1728  2128 I DollieChr: handleForegroundAppUpdateMsg,mAppState=1,scenes=2,mForegroundAppName=
03-06 14:38:01.204 13550 13550 D ActivityThread: Attach thread to application
03-06 14:38:01.206  1317  1864 D PackageManager: resolve intent for uid:10216, matchs:3, res:ResolveInfo{b3a2d3f com.huawei.android.launcher/.unihome.UniHomeLauncher m=0x108000}
03-06 14:38:01.207  1317  1341 I StatusBarDisable: setFlags what=0 which=1 pkg=Window{99ebcf1 u0 io.framework7.classroom/io.framework7.classroom.MainActivity}
03-06 14:38:01.221  1317  1332 D PackageManager: resolve intent for uid:10216, matchs:3, res:ResolveInfo{dce8b55 com.huawei.android.launcher/.unihome.UniHomeLauncher m=0x108000}
03-06 14:38:01.236  1317  1341 I StatusBarDisable: setFlags what=0 which=1 pkg=Window{99ebcf1 u0 io.framework7.classroom/io.framework7.classroom.MainActivity}
03-06 14:38:01.293  1317  1436 V WindowManager_visibility: updateAllDrawn Add AppWindowToken{52bbe8f token=Token{5fe19ee ActivityRecord{c835b69 u0 io.framework7.classroom/.MainActivity t35762}}}
03-06 14:38:01.293  1317  1341 I StatusBarDisable: setFlags what=0 which=1 pkg=Window{99ebcf1 u0 io.framework7.classroom/io.framework7.classroom.MainActivity}
03-06 14:38:01.294  1317  1436 V WindowManager_visibility: updateAllDrawn allDrawn=false interesting=2 drawn=1 relaunchCount=0 for AppWindowToken{52bbe8f token=Token{5fe19ee ActivityRecord{c835b69 u0 io.framework7.classroom/.MainActivity t35762}}}
03-06 14:38:01.297  1317  1341 I StatusBarDisable: setFlags what=0 which=1 pkg=Window{99ebcf1 u0 io.framework7.classroom/io.framework7.classroom.MainActivity}
03-06 14:38:01.297  1317  1436 V WindowManager_visibility: updateAllDrawn Add AppWindowToken{52bbe8f token=Token{5fe19ee ActivityRecord{c835b69 u0 io.framework7.classroom/.MainActivity t35762}}}
03-06 14:38:01.298  1317  1436 V WindowManager_visibility: updateAllDrawn allDrawn=false interesting=2 drawn=2 relaunchCount=0 for AppWindowToken{52bbe8f token=Token{5fe19ee ActivityRecord{c835b69 u0 io.framework7.classroom/.MainActivity t35762}}}
03-06 14:38:01.300  1317  1341 I StatusBarDisable: setFlags what=0 which=1 pkg=Window{99ebcf1 u0 io.framework7.classroom/io.framework7.classroom.MainActivity}
03-06 14:38:01.303  1317  1352 D ActivityManager: EVENT_APP_ACTIVITY_DISPLAYED_FINISH reportData: io.framework7.classroom/.MainActivity 13446 912
03-06 14:38:01.305  1317  1341 I StatusBarDisable: setFlags what=0 which=1 pkg=Window{99ebcf1 u0 io.framework7.classroom/io.framework7.classroom.MainActivity}
03-06 14:38:01.307  1317  1436 V WindowManager: removeIfPossible: Window{5adf20 u0 Splash Screen io.framework7.classroom}
03-06 14:38:01.309  1317  1436 V WindowManager: Not removing Window{5adf20 u0 Splash Screen io.framework7.classroom EXITING} due to exit animation 
03-06 14:38:01.311  1317  1341 I StatusBarDisable: setFlags what=0 which=1 pkg=Window{99ebcf1 u0 io.framework7.classroom/io.framework7.classroom.MainActivity}
03-06 14:38:01.342  1317  1864 V ActivityManager: Successfully start provider ContentProviderRecord{2af2d9a u0 com.android.providers.settings/.SettingsProvider} launchingApp=null caller pid= 13550
03-06 14:38:01.342  1317  1487 D NetdConnector: SND -> {4760 firewall set_uid_rule standby 10184 deny}
03-06 14:38:01.348  1728  1728 D SmartDualCardConfig: getAppType,pkgName=com.huawei.android.launcher,appType=301
03-06 14:38:01.348  1728  1728 D SmartDualCardSM: onUidStateUpdate isSkip,uid=10057,name=com.huawei.android.launcher
03-06 14:38:01.348  1317  1480 D NetdConnector: RCV <- {200 4760 Firewall command succeeded}
03-06 14:38:01.348  1317  1480 D NetdConnector: RCV <- {200 4760 Firewall command succeeded}
03-06 14:38:01.350  1317  1864 V WindowManager: notifyAppStopped: AppWindowToken{8c9cf5e token=Token{45fc099 ActivityRecord{89c15e0 u0 com.huawei.android.launcher/.unihome.UniHomeLauncher t1}}}
03-06 14:38:01.350  1317  1864 E WindowManager: win=Window{fd1f0e9 u0 com.huawei.intelligent.Workspace} destroySurfaces: appStopped=true win.mWindowRemovalAllowed=false win.mRemoveOnExit=false
03-06 14:38:01.351  1317  1864 E WindowManager: win=Window{abe9c59 u0 com.huawei.android.launcher/com.huawei.android.launcher.unihome.UniHomeLauncher} destroySurfaces: appStopped=true win.mWindowRemovalAllowed=false win.mRemoveOnExit=false
03-06 14:38:01.353  1317  1337 I HwAudioService: now type = 301,reportForegroundAppType = -1,pkg = null,mVoipOptimizeInGameModefalse
03-06 14:38:01.354  1728  5241 I BoosterSwitchP: notifyUidState do nothing
03-06 14:38:01.354  1728  5241 I DeepNoDisturbP: notifyUidState
03-06 14:38:01.354  1728  5241 I BrowserChrP: notifyUidState
03-06 14:38:01.417  1317  1436 V WindowManager: Exit animation finished in Window{5adf20 u0 Splash Screen io.framework7.classroom EXITING}: remove=true
03-06 14:38:01.417  1317  1436 E WindowManager: win=Window{5adf20 u0 Splash Screen io.framework7.classroom EXITING} destroySurfaces: appStopped=false win.mWindowRemovalAllowed=true win.mRemoveOnExit=true
03-06 14:38:01.417  1317  1436 V WindowManager: postWindowRemoveCleanupLocked: Window{5adf20 u0 Splash Screen io.framework7.classroom}
03-06 14:38:01.417  1317  1436 V WindowManager: Removing Window{5adf20 u0 Splash Screen io.framework7.classroom} from AppWindowToken{52bbe8f token=Token{5fe19ee ActivityRecord{c835b69 u0 io.framework7.classroom/.MainActivity t35762}}}
03-06 14:38:01.419  1317  1341 I StatusBarDisable: setFlags what=0 which=1 pkg=Window{99ebcf1 u0 io.framework7.classroom/io.framework7.classroom.MainActivity}
03-06 14:38:01.419  1317  1341 I chatty  : uid=1000(system) android.ui identical 1 line
03-06 14:38:01.436  1317  1341 I StatusBarDisable: setFlags what=0 which=1 pkg=Window{99ebcf1 u0 io.framework7.classroom/io.framework7.classroom.MainActivity}
03-06 14:38:01.613  1317  1864 V BroadcastQueue: Finished with ordered broadcast BroadcastRecord{5ff944b u0 com.android.internal.telephony.data-stall}
03-06 14:38:02.427  1317  1341 I StatusBarDisable: setFlags what=0 which=1 pkg=Window{99ebcf1 u0 io.framework7.classroom/io.framework7.classroom.MainActivity}
03-06 14:38:05.011  1317  1864 V WindowManager: removeIfPossible: Window{99ebcf1 u0 io.framework7.classroom/io.framework7.classroom.MainActivity}
03-06 14:38:05.013  1317  1864 V WindowManager: postWindowRemoveCleanupLocked: Window{99ebcf1 u0 io.framework7.classroom/io.framework7.classroom.MainActivity}
03-06 14:38:05.013  1317  1864 V WindowManager: Removing Window{99ebcf1 u0 io.framework7.classroom/io.framework7.classroom.MainActivity} from AppWindowToken{52bbe8f token=Token{5fe19ee ActivityRecord{c835b69 u0 io.framework7.classroom/.MainActivity t35762}}}
03-06 14:38:05.019  1317  1341 I StatusBarDisable: setFlags what=0 which=1 pkg=Window{99ebcf1 u0 io.framework7.classroom/io.framework7.classroom.MainActivity}
03-06 14:38:05.025  1317  1341 I StatusBarDisable: setFlags what=0 which=1 pkg=Window{99ebcf1 u0 io.framework7.classroom/io.framework7.classroom.MainActivity}
03-06 14:38:05.034  1317  1341 I StatusBarDisable: setFlags what=0 which=1 pkg=Window{eee36b0 u0 io.framework7.classroom/io.framework7.classroom.MainActivity}
03-06 14:38:05.832  1317  1332 D HwInputMethodManagerService: ------------startInput--------------
03-06 14:38:05.832  1317  1332 D HwInputMethodManagerService: hideSecSoftInput = false
03-06 14:38:05.943  1317  1864 I ActivityManager: START u0 {act=android.intent.action.VIEW hwFlg=0x10 cmp=io.framework7.classroom/com.talkplus.LoginActivity} from uid 10216
03-06 14:38:05.945  1317  1864 I ActivityManager: ActivityRecord info: ActivityInfo{67d867e com.talkplus.LoginActivity}
03-06 14:38:05.950  1317  1864 V ActivityManager: positionChild stackId=195 to top.
03-06 14:38:05.952  1317  1864 V WindowManager: addAppToken: AppWindowToken{c485d79 token=Token{d439a40 ActivityRecord{efc41c3 u0 io.framework7.classroom/com.talkplus.LoginActivity t35762}}} controller={TaskWindowContainerController taskId=35762} at 2147483647
03-06 14:38:05.959  1317  1341 I StatusBarDisable: setFlags what=0 which=1 pkg=Window{eee36b0 u0 io.framework7.classroom/io.framework7.classroom.MainActivity}
03-06 14:38:05.962  1317  1581 V ActivityManager: Making visible and scheduling visibility: ActivityRecord{efc41c3 u0 io.framework7.classroom/com.talkplus.LoginActivity t35762}
03-06 14:38:05.963  1317  1581 D HwPhoneWindowManager: sensorRotation = -1 lastRotation:0
03-06 14:38:05.967  1317 13002 I ActivityManager: Killing 11933:com.example.android.notepad/u0a21 (adj 901): iAwareF[LowMem](cch-act)
03-06 14:38:05.971  1317  1581 V WindowManager: Checking 1 opening apps (frozen=false timeout=false), Track: activitypause performsurface
03-06 14:38:05.971  1317  1581 V WindowManager: Check opening app=AppWindowToken{c485d79 token=Token{d439a40 ActivityRecord{efc41c3 u0 io.framework7.classroom/com.talkplus.LoginActivity t35762}}}: allDrawn=false startingDisplayed=false startingMoved=false isRelaunching()=false startingWindow=null
03-06 14:38:05.972  1317 13002 I ActivityManager: Killing 13433:com.huawei.trustspace/1000 (adj 900): iAwareF[LowMem](cch-empty)
03-06 14:38:05.976  1317  1338 W HwActivityManagerServiceEx: HwActivityNotifier end call for activityLifeState under user 0 cost 4
03-06 14:38:05.978  1317  1341 I StatusBarDisable: setFlags what=0 which=1 pkg=Window{eee36b0 u0 io.framework7.classroom/io.framework7.classroom.MainActivity}
03-06 14:38:05.978  1317  1341 I StatusBarDisable: setFlags what=0 which=1 pkg=Window{eee36b0 u0 io.framework7.classroom/io.framework7.classroom.MainActivity}
03-06 14:38:05.980  1317  1535 D ActivityManager: cleanUpApplicationRecord app: ProcessRecord{4be2c7d 11933:com.example.android.notepad/u0a21}, app.bad: false, restarting: false, allowRestart: false
03-06 14:38:05.986  1317  1535 I ActivityManager:   finishDisabledPackageActivitiesLocked Force finishing activity ActivityRecord{f2ffd41 u0 com.example.android.notepad/.NotePadActivity t35760}
03-06 14:38:05.989  1317  1535 V WindowManager: Checking 1 opening apps (frozen=false timeout=false), Track:  performsurface
03-06 14:38:05.989  1317  1535 V WindowManager: Check opening app=AppWindowToken{c485d79 token=Token{d439a40 ActivityRecord{efc41c3 u0 io.framework7.classroom/com.talkplus.LoginActivity t35762}}}: allDrawn=false startingDisplayed=false startingMoved=false isRelaunching()=false startingWindow=null
03-06 14:38:05.990  1317  1535 I ActivityManager:   finishDisabledPackageActivitiesLocked Force finishing activity ActivityRecord{6bd48d8 u0 com.example.android.notepad/.NoteEditor t35760}
03-06 14:38:05.991 13446 13446 V ActivityThread: Skipping new config:{1.0 460mcc65535mnc [zh_CN_#Hans] ldltr sw360dp w360dp h578dp 480dpi nrml long port finger -keyb/v/h -nav/h winConfig={ mBounds=Rect(0, 0 - 0, 0) mAppBounds=Rect(0, 0 - 1080, 1808) mWindowingMode=fullscreen mActivityType=undefined} nonFullScreen=0 suim:1 s.11}, config:{1.0 460mcc65535mnc [zh_CN_#Hans] ldltr sw360dp w360dp h578dp 480dpi nrml long port finger -keyb/v/h -nav/h winConfig={ mBounds=Rect(0, 0 - 0, 0) mAppBounds=Rect(0, 0 - 1080, 1808) mWindowingMode=fullscreen mActivityType=undefined} nonFullScreen=0 suim:1 s.11} for app:io.framework7.classroom
03-06 14:38:05.992  1317  1436 V WindowManager: Checking 1 opening apps (frozen=false timeout=false), Track:  performsurface
03-06 14:38:05.992  1317  1436 V WindowManager: Check opening app=AppWindowToken{c485d79 token=Token{d439a40 ActivityRecord{efc41c3 u0 io.framework7.classroom/com.talkplus.LoginActivity t35762}}}: allDrawn=false startingDisplayed=false startingMoved=false isRelaunching()=false startingWindow=null
03-06 14:38:05.997  1317  1535 V WindowManager: Checking 1 opening apps (frozen=false timeout=false), Track:  performsurface
03-06 14:38:05.997  1317  1535 V WindowManager: Check opening app=AppWindowToken{c485d79 token=Token{d439a40 ActivityRecord{efc41c3 u0 io.framework7.classroom/com.talkplus.LoginActivity t35762}}}: allDrawn=false startingDisplayed=false startingMoved=false isRelaunching()=false startingWindow=null
03-06 14:38:05.997  1317  1535 D ActivityManager: cleanUpApplicationRecord app: ProcessRecord{7ed4525 13433:com.huawei.trustspace/1000}, app.bad: false, restarting: false, allowRestart: false
03-06 14:38:05.999  1317  1436 V WindowManager: Checking 1 opening apps (frozen=false timeout=false), Track:  performsurface
03-06 14:38:05.999  1317  1436 V WindowManager: Check opening app=AppWindowToken{c485d79 token=Token{d439a40 ActivityRecord{efc41c3 u0 io.framework7.classroom/com.talkplus.LoginActivity t35762}}}: allDrawn=false startingDisplayed=false startingMoved=false isRelaunching()=false startingWindow=null
03-06 14:38:05.999  1317  1341 I StatusBarDisable: setFlags what=0 which=1 pkg=Window{eee36b0 u0 io.framework7.classroom/io.framework7.classroom.MainActivity}
03-06 14:38:05.999  1317  1341 I chatty  : uid=1000(system) android.ui identical 1 line
03-06 14:38:06.000  1317  1341 I StatusBarDisable: setFlags what=0 which=1 pkg=Window{eee36b0 u0 io.framework7.classroom/io.framework7.classroom.MainActivity}
03-06 14:38:06.000  1728 21025 I BoosterSwitchP: notifyUidState do nothing
03-06 14:38:06.000  1728 21025 I DeepNoDisturbP: notifyUidState
03-06 14:38:06.000  1728 21025 I BrowserChrP: notifyUidState
03-06 14:38:06.000  1317  1341 I StatusBarDisable: setFlags what=0 which=1 pkg=Window{eee36b0 u0 io.framework7.classroom/io.framework7.classroom.MainActivity}
03-06 14:38:06.000  1728 25141 I BoosterSwitchP: notifyUidState do nothing
03-06 14:38:06.000  1728 25141 I DeepNoDisturbP: notifyUidState
03-06 14:38:06.000  1728 25141 I BrowserChrP: notifyUidState
03-06 14:38:06.007 13446 13446 V ActivityThread: callActivityOnCreate
03-06 14:38:06.008  1317  7113 V WindowManager: addWindow: Window{e57371f u0 Toast}
03-06 14:38:06.020  1317  1341 I StatusBarDisable: setFlags what=0 which=1 pkg=Window{eee36b0 u0 io.framework7.classroom/io.framework7.classroom.MainActivity}
03-06 14:38:06.021  1317  7113 V WindowManager: Checking 1 opening apps (frozen=false timeout=false), Track: relayout performsurface
03-06 14:38:06.021  1317  7113 V WindowManager: Check opening app=AppWindowToken{c485d79 token=Token{d439a40 ActivityRecord{efc41c3 u0 io.framework7.classroom/com.talkplus.LoginActivity t35762}}}: allDrawn=false startingDisplayed=false startingMoved=false isRelaunching()=false startingWindow=null
03-06 14:38:06.032  1317  2297 I WindowManager: WIN DEATH: Window{bf2641b u0 com.example.android.notepad/com.example.android.notepad.NotePadActivity}
03-06 14:38:06.032  1317  2297 V WindowManager: removeIfPossible: Window{bf2641b u0 com.example.android.notepad/com.example.android.notepad.NotePadActivity}
03-06 14:38:06.033  1317  2297 V WindowManager: postWindowRemoveCleanupLocked: Window{bf2641b u0 com.example.android.notepad/com.example.android.notepad.NotePadActivity}
03-06 14:38:06.033  1317  2297 V WindowManager: Removing Window{bf2641b u0 com.example.android.notepad/com.example.android.notepad.NotePadActivity} from AppWindowToken{2061027 token=Token{7ded2e6 ActivityRecord{f2ffd41 u0 com.example.android.notepad/.NotePadActivity t35760}}}
03-06 14:38:06.035  1317  1341 I StatusBarDisable: setFlags what=0 which=1 pkg=Window{eee36b0 u0 io.framework7.classroom/io.framework7.classroom.MainActivity}
03-06 14:38:06.036  1317  2297 V WindowManager: Checking 1 opening apps (frozen=false timeout=false), Track:  performsurface
03-06 14:38:06.036  1317  2297 V WindowManager: Check opening app=AppWindowToken{c485d79 token=Token{d439a40 ActivityRecord{efc41c3 u0 io.framework7.classroom/com.talkplus.LoginActivity t35762}}}: allDrawn=false startingDisplayed=false startingMoved=false isRelaunching()=false startingWindow=null
03-06 14:38:06.037  1317  1667 I WindowManager: WIN DEATH: Window{93db452 u0 com.example.android.notepad/com.example.android.notepad.NoteEditor}
03-06 14:38:06.037  1317  1667 V WindowManager: removeIfPossible: Window{93db452 u0 com.example.android.notepad/com.example.android.notepad.NoteEditor}
03-06 14:38:06.037  1317  3782 I HwInnerVibratorService: isSupportHwVibrator type:haptic.control.text_edit, isSupport:-1
03-06 14:38:06.037  1317  1667 V WindowManager: postWindowRemoveCleanupLocked: Window{93db452 u0 com.example.android.notepad/com.example.android.notepad.NoteEditor}
03-06 14:38:06.037  1317  1667 V WindowManager: Removing Window{93db452 u0 com.example.android.notepad/com.example.android.notepad.NoteEditor} from AppWindowToken{e00e716 token=Token{9da0431 ActivityRecord{6bd48d8 u0 com.example.android.notepad/.NoteEditor t35760}}}
03-06 14:38:06.037  1317  2297 I HwInnerVibratorService: isSupportHwVibrator type:haptic.control.text_choose_cursor_move, isSupport:-1
03-06 14:38:06.039  1317  1341 I StatusBarDisable: setFlags what=0 which=1 pkg=Window{eee36b0 u0 io.framework7.classroom/io.framework7.classroom.MainActivity}
03-06 14:38:06.039  1317  1667 V WindowManager: Checking 1 opening apps (frozen=false timeout=false), Track:  performsurface
03-06 14:38:06.039  1317  1667 V WindowManager: Check opening app=AppWindowToken{c485d79 token=Token{d439a40 ActivityRecord{efc41c3 u0 io.framework7.classroom/com.talkplus.LoginActivity t35762}}}: allDrawn=false startingDisplayed=false startingMoved=false isRelaunching()=false startingWindow=null
03-06 14:38:06.042  1317  1352 W ActivityManager: setHasOverlayUi called on unknown pid: 11933
03-06 14:38:06.047  1317  1341 I StatusBarDisable: setFlags what=0 which=1 pkg=Window{eee36b0 u0 io.framework7.classroom/io.framework7.classroom.MainActivity}
03-06 14:38:06.054  1317  1436 V WindowManager: Checking 1 opening apps (frozen=false timeout=false), Track:  performsurface
03-06 14:38:06.054  1317  1436 V WindowManager: Check opening app=AppWindowToken{c485d79 token=Token{d439a40 ActivityRecord{efc41c3 u0 io.framework7.classroom/com.talkplus.LoginActivity t35762}}}: allDrawn=false startingDisplayed=false startingMoved=false isRelaunching()=false startingWindow=null
03-06 14:38:06.096  1317  1667 V ActivityManager: Successfully start provider ContentProviderRecord{332d59d u0 com.android.systemui/.recents.HwRecentsLockProdiver} launchingApp=null caller pid= 1838
03-06 14:38:06.154  1317  1341 I StatusBarDisable: setFlags what=0 which=1 pkg=Window{eee36b0 u0 io.framework7.classroom/io.framework7.classroom.MainActivity}
03-06 14:38:06.155  1317  1436 V WindowManager: Checking 1 opening apps (frozen=false timeout=false), Track:  performsurface
03-06 14:38:06.155  1317  1436 V WindowManager: Check opening app=AppWindowToken{c485d79 token=Token{d439a40 ActivityRecord{efc41c3 u0 io.framework7.classroom/com.talkplus.LoginActivity t35762}}}: allDrawn=false startingDisplayed=false startingMoved=false isRelaunching()=false startingWindow=null
03-06 14:38:06.156  1317  1436 I DebugKeepScreenOn: setHoldScreenLocked newHoldScreen:Session{bc41e0a 13446:u0a10216} currentHoldScreen:null wakeLockState:false
03-06 14:38:06.156  1317  1436 I DebugKeepScreenOn: Acquiring screen wakelock due to Window{e57371f u0 Toast}
03-06 14:38:06.156  1317  1436 D PowerMS : acquire:L=188627330,F=0x2000000a,T="WindowManager",N=android,WS=WorkSource{10216},U=1000,P=1317
03-06 14:38:06.168  1317  1317 V ProcessCleaner: cleanupPackageNotifications, userId=0|[com.example.android.notepad]
03-06 14:38:06.172  1317 12818 V WindowManager: removeIfPossible: Window{e57371f u0 Toast}
03-06 14:38:06.173  1317  1317 V ProcessCleaner: cleanupPackageNotifications, userId=0|[com.huawei.trustspace]
03-06 14:38:06.175  1317 12818 V WindowManager: Not removing Window{e57371f u0 Toast EXITING} due to exit animation 
03-06 14:38:06.176  1317  1341 I StatusBarDisable: setFlags what=0 which=1 pkg=Window{eee36b0 u0 io.framework7.classroom/io.framework7.classroom.MainActivity}
03-06 14:38:06.177  1317 12818 V WindowManager: Checking 1 opening apps (frozen=false timeout=false), Track:  performsurface
03-06 14:38:06.177  1317 12818 V WindowManager: Check opening app=AppWindowToken{c485d79 token=Token{d439a40 ActivityRecord{efc41c3 u0 io.framework7.classroom/com.talkplus.LoginActivity t35762}}}: allDrawn=false startingDisplayed=false startingMoved=false isRelaunching()=false startingWindow=null
03-06 14:38:06.178  1317 12818 W NotificationService: Toast already killed. pkg=io.framework7.classroom callback=android.app.ITransientNotification$Stub$Proxy@c921370
03-06 14:38:06.179  1317  1341 I StatusBarDisable: setFlags what=0 which=1 pkg=Window{eee36b0 u0 io.framework7.classroom/io.framework7.classroom.MainActivity}
03-06 14:38:06.179  1317  1436 V WindowManager: Checking 1 opening apps (frozen=false timeout=false), Track:  performsurface
03-06 14:38:06.179  1317  1436 V WindowManager: Check opening app=AppWindowToken{c485d79 token=Token{d439a40 ActivityRecord{efc41c3 u0 io.framework7.classroom/com.talkplus.LoginActivity t35762}}}: allDrawn=false startingDisplayed=false startingMoved=false isRelaunching()=false startingWindow=null
03-06 14:38:06.286  1317  1436 V WindowManager: Exit animation finished in Window{e57371f u0 Toast EXITING}: remove=true
03-06 14:38:06.304  1317  1341 I StatusBarDisable: setFlags what=0 which=1 pkg=Window{eee36b0 u0 io.framework7.classroom/io.framework7.classroom.MainActivity}
03-06 14:38:06.305  1317  1436 V WindowManager: Checking 1 opening apps (frozen=false timeout=false), Track:  performsurface
03-06 14:38:06.305  1317  1436 V WindowManager: Check opening app=AppWindowToken{c485d79 token=Token{d439a40 ActivityRecord{efc41c3 u0 io.framework7.classroom/com.talkplus.LoginActivity t35762}}}: allDrawn=false startingDisplayed=false startingMoved=false isRelaunching()=false startingWindow=null
03-06 14:38:06.305  1317 12818 D HwPackageManagerServiceEx: ignore hasSystemFeature parameter: queryLowlatencyUid=10216, result false
03-06 14:38:06.306  1317  1436 I DebugKeepScreenOn: setHoldScreenLocked newHoldScreen:null currentHoldScreen:Session{bc41e0a 13446:u0a10216} wakeLockState:true
03-06 14:38:06.306  1317  1436 I DebugKeepScreenOn: Releasing screen wakelock, obscured by null
03-06 14:38:06.306  1317  1436 D PowerMS : release:L=188627330,F=0x0,T="WindowManager",N=android",WS=WorkSource{10216},U=1000,P=1317
03-06 14:38:06.307  1317  1436 V WindowManager: postWindowRemoveCleanupLocked: Window{e57371f u0 Toast}
03-06 14:38:06.307  1317  1436 V WindowManager: Removing Window{e57371f u0 Toast} from WindowToken{6469972 android.os.Binder@48fd67d}
03-06 14:38:06.307  1317 12818 D HwPackageManagerServiceEx: ignore hasSystemFeature parameter: queryLowlatencyUid=10216, result false
03-06 14:38:06.309  1317  1341 I StatusBarDisable: setFlags what=0 which=1 pkg=Window{eee36b0 u0 io.framework7.classroom/io.framework7.classroom.MainActivity}
03-06 14:38:06.309  1317  1436 V WindowManager: Checking 1 opening apps (frozen=false timeout=false), Track:  performsurface
03-06 14:38:06.309  1317  1436 V WindowManager: Check opening app=AppWindowToken{c485d79 token=Token{d439a40 ActivityRecord{efc41c3 u0 io.framework7.classroom/com.talkplus.LoginActivity t35762}}}: allDrawn=false startingDisplayed=false startingMoved=false isRelaunching()=false startingWindow=null
03-06 14:38:06.325  1728  1858 I HidataAppQoeP: handleStateChanged reason=6
03-06 14:38:06.327  1728  1858 I PreDnsQuery: handleStateChanged reason=6
03-06 14:38:06.330  1728  1858 I BrowserChrP: handleStateChanged
03-06 14:38:06.331  1317  2297 I ActivityManager: START u0 {act=android.content.pm.action.REQUEST_PERMISSIONS hwFlg=0x10 pkg=com.android.packageinstaller cmp=com.android.packageinstaller/.permission.ui.GrantPermissionsActivity (has extras)} from uid 10216
03-06 14:38:06.332  1317  2297 I ActivityManager: ActivityRecord info: ActivityInfo{e69fe46 com.android.packageinstaller.permission.ui.GrantPermissionsActivity}
03-06 14:38:06.348  1317  2297 V ActivityManager: positionChild stackId=195 to top.
03-06 14:38:06.349  1317  2297 V WindowManager: addAppToken: AppWindowToken{6de575d token=Token{4977d34 ActivityRecord{ebec807 u0 com.android.packageinstaller/.permission.ui.GrantPermissionsActivity t35762}}} controller={TaskWindowContainerController taskId=35762} at 2147483647
03-06 14:38:06.359  1317  1341 I StatusBarDisable: setFlags what=0 which=1 pkg=Window{eee36b0 u0 io.framework7.classroom/io.framework7.classroom.MainActivity}
03-06 14:38:06.362 13446 13446 D ActivityThread: add activity client record, r= ActivityRecord{e86c308 token=android.os.BinderProxy@9141a3f {io.framework7.classroom/com.talkplus.LoginActivity}} token= android.os.BinderProxy@9141a3f
03-06 14:38:06.378  1317  2297 V WindowManager: addWindow: Window{875dda3 u0 io.framework7.classroom/com.talkplus.LoginActivity}
03-06 14:38:06.380  1317  1338 W HwActivityManagerServiceEx: HwActivityNotifier end call for activityLifeState under user 0 cost 0
03-06 14:38:06.390  1317  1667 D PackageManager: resolve intent for uid:10216, matchs:3, res:ResolveInfo{2c938a0 com.huawei.android.launcher/.unihome.UniHomeLauncher m=0x108000}
03-06 14:38:06.426  1317  1341 I StatusBarDisable: setFlags what=0 which=1 pkg=Window{eee36b0 u0 io.framework7.classroom/io.framework7.classroom.MainActivity}
03-06 14:38:06.431  1317  1341 I StatusBarDisable: setFlags what=0 which=1 pkg=Window{875dda3 u0 io.framework7.classroom/com.talkplus.LoginActivity}
03-06 14:38:06.459  1317  1537 V WindowManager: addWindow: Window{c993ecc u0 Toast}
