03-06 14:48:17.886  1317  1317 D JobScheduler: Maybe queuing ready jobs...
03-06 14:48:18.160  1317  1317 V SettingsProvider: Notifying for 0: content://settings/system/screen_auto_brightness
03-06 14:48:18.163  1317  1317 V SettingsProvider: Notifying for 0: content://settings/system/screen_brightness
03-06 14:48:18.206  1317  1317 V BroadcastQueue: Finished with ordered broadcast BroadcastRecord{75741a5 u0 telephony.dataconnection.DNS_MONITOR_ACTION}
03-06 14:48:18.523  1317  1317 V SettingsProvider: Notifying for 0: content://settings/system/screen_auto_brightness
03-06 14:48:18.524  1317  1317 V SettingsProvider: Notifying for 0: content://settings/system/screen_brightness
03-06 14:48:18.922  1317  1317 V SettingsProvider: Notifying for 0: content://settings/system/screen_auto_brightness
03-06 14:48:18.925  1317  1317 V SettingsProvider: Notifying for 0: content://settings/system/screen_brightness
03-06 14:48:19.305  1317  1317 V SettingsProvider: Notifying for 0: content://settings/system/screen_auto_brightness
03-06 14:48:19.308  1317  1317 V SettingsProvider: Notifying for 0: content://settings/system/screen_brightness
03-06 14:48:19.691  1317  1317 V SettingsProvider: Notifying for 0: content://settings/system/screen_auto_brightness
03-06 14:48:19.696  1317  1317 V SettingsProvider: Notifying for 0: content://settings/system/screen_brightness
03-06 14:48:20.090  1317  1317 V SettingsProvider: Notifying for 0: content://settings/system/screen_auto_brightness
--------- beginning of main
03-06 14:48:20.092 18466 18852 W System.err: 	at java.lang.Thread.run(Thread.java:784)
03-06 14:48:20.092 18466 18852 E [tk-sdk]: sendHttpMessage exceptionhttp://global.talk-cloud.net:80/ClientAPI/checkroomCleartext HTTP traffic to global.talk-cloud.net not permitted
03-06 14:48:20.094   722 18705 I Camera3-Stream: getBuffer: Stream 2, 0xf392d880: Already dequeued max output buffers (7), wait for next returned one.
03-06 14:48:20.098   722 18710 I GRALLOC : LockFlexLayout: baseFormat: 11, yStride: 1920, ySize: 2073600, uOffset: 2073600,  uStride: 1920
03-06 14:48:20.101 18819 18835 I yptosms.servic: Waiting for a blocking GC ProfileSaver
03-06 14:48:20.102  1619  1866 I EventCenter: ContentChange for slot: 1
03-06 14:48:20.102  1619  1619 I HwBrightnessUtils: APS brightness=61.0,ConvertToPercentage=0.43886805
03-06 14:48:20.105  1317  1317 V SettingsProvider: Notifying for 0: content://settings/system/screen_brightness
03-06 14:48:20.106 18466 18466 I [tk-sdk]: step1Checkroom ret=11
03-06 14:48:20.109 18466 18853 W System.err: java.io.IOException: Cleartext HTTP traffic to global.talk-cloud.net not permitted
03-06 14:48:20.109 18466 18853 W System.err: 	at com.android.okhttp.HttpHandler$CleartextURLFilter.checkURLPermitted(HttpHandler.java:115)
03-06 14:48:20.109 18466 18853 W System.err: 	at com.android.okhttp.internal.huc.HttpURLConnectionImpl.execute(HttpURLConnectionImpl.java:458)
03-06 14:48:20.110 18466 18853 W System.err: 	at com.android.okhttp.internal.huc.HttpURLConnectionImpl.connect(HttpURLConnectionImpl.java:127)
03-06 14:48:20.110 18466 18853 W System.err: 	at com.android.okhttp.internal.huc.HttpURLConnectionImpl.getOutputStream(HttpURLConnectionImpl.java:258)
03-06 14:48:20.110 18466 18853 W System.err: 	at com.talkcloud.utils.AsyncHttpURLConnection.sendHttpMessage(AsyncHttpURLConnection.java:105)
03-06 14:48:20.110 18466 18853 W System.err: 	at com.talkcloud.utils.AsyncHttpURLConnection.access$000(AsyncHttpURLConnection.java:26)
03-06 14:48:20.110 18466 18853 W System.err: 	at com.talkcloud.utils.AsyncHttpURLConnection$1.run(AsyncHttpURLConnection.java:63)
03-06 14:48:20.110 18466 18853 W System.err: 	at java.lang.Thread.run(Thread.java:784)
03-06 14:48:20.110 18466 18853 E [tk-sdk]: sendHttpMessage exceptionhttp://global.talk-cloud.net:80/ClientAPI/checkroomCleartext HTTP traffic to global.talk-cloud.net not permitted
03-06 14:48:20.117 18819 18819 D AwareBitmapCacher: handleInit system app disable uid=1000
03-06 14:48:20.120 18819 18835 I yptosms.servic: WaitForGcToComplete blocked ProfileSaver on AddRemoveAppImageSpace for 19.385ms
03-06 14:48:20.143   722 18710 I GRALLOC : LockFlexLayout: baseFormat: 11, yStride: 1920, ySize: 2073600, uOffset: 2073600,  uStride: 1920
03-06 14:48:20.143   722 18705 I Camera3-Stream: getBuffer: Stream 0, 0xf392d700: Already dequeued max output buffers (7), wait for next returned one.
03-06 14:48:20.147  1317 18419 W AwareLog: AwareMem_Kill: updateGroupList process: not kill critical frequent=com.huawei.cryptosms.service, uid=1000
03-06 14:48:20.150  1317 18419 W AwareLog: AwareMem_Kill: execKillGroup: null procGroups
03-06 14:48:20.193   722 18705 I Camera3-Stream: getBuffer: Stream 2, 0xf392d880: Already dequeued max output buffers (7), wait for next returned one.
03-06 14:48:20.194   722 18710 I GRALLOC : LockFlexLayout: baseFormat: 11, yStride: 1920, ySize: 2073600, uOffset: 2073600,  uStride: 1920
03-06 14:48:20.237   740 18723 I chatty  : uid=1013(media) IspEnhncAlgo expire 38 lines
03-06 14:48:20.237   740 18725 I chatty  : uid=1013(media) ThumbnailBase expire 28 lines
03-06 14:48:20.237   740 18721 I chatty  : uid=1013(media) Misc expire 28 lines
03-06 14:48:20.240   722 18710 I GRALLOC : LockFlexLayout: baseFormat: 11, yStride: 1920, ySize: 2073600, uOffset: 2073600,  uStride: 1920
03-06 14:48:20.240   722 18705 I Camera3-Stream: getBuffer: Stream 0, 0xf392d700: Already dequeued max output buffers (7), wait for next returned one.
03-06 14:48:20.283   740 18735 I chatty  : uid=1013(media) ispout#2# expire 63 lines
03-06 14:48:20.293   722 18710 I GRALLOC : LockFlexLayout: baseFormat: 11, yStride: 1920, ySize: 2073600, uOffset: 2073600,  uStride: 1920
03-06 14:48:20.296   722 18705 I Camera3-Stream: getBuffer: Stream 0, 0xf392d700: Already dequeued max output buffers (7), wait for next returned one.
03-06 14:48:20.341   722 18710 I GRALLOC : LockFlexLayout: baseFormat: 11, yStride: 1920, ySize: 2073600, uOffset: 2073600,  uStride: 1920
03-06 14:48:20.391   722 18705 I Camera3-Stream: getBuffer: Stream 0, 0xf392d700: Already dequeued max output buffers (7), wait for next returned one.
03-06 14:48:20.391   722 18710 I GRALLOC : LockFlexLayout: baseFormat: 11, yStride: 1920, ySize: 2073600, uOffset: 2073600,  uStride: 1920
03-06 14:48:20.442   722 18705 I Camera3-Stream: getBuffer: Stream 2, 0xf392d880: Already dequeued max output buffers (7), wait for next returned one.
03-06 14:48:20.442   722 18705 I Camera3-Stream: getBuffer: Stream 0, 0xf392d700: Already dequeued max output buffers (7), wait for next returned one.
03-06 14:48:20.443   722 18710 I GRALLOC : LockFlexLayout: baseFormat: 11, yStride: 1920, ySize: 2073600, uOffset: 2073600,  uStride: 1920
03-06 14:48:20.495   722 18705 I Camera3-Stream: getBuffer: Stream 2, 0xf392d880: Already dequeued max output buffers (7), wait for next returned one.
03-06 14:48:20.495   722 18710 I GRALLOC : LockFlexLayout: baseFormat: 11, yStride: 1920, ySize: 2073600, uOffset: 2073600,  uStride: 1920
03-06 14:48:20.504  1317  1317 V SettingsProvider: Notifying for 0: content://settings/system/screen_auto_brightness
03-06 14:48:20.505  1619  1866 I EventCenter: ContentChange for slot: 1
03-06 14:48:20.510  1317  1317 V SettingsProvider: Notifying for 0: content://settings/system/screen_brightness
03-06 14:48:20.510  1619  1866 I EventCenter: ContentChange for slot: 1
03-06 14:48:20.511  1619  1619 I HwBrightnessUtils: APS brightness=60.0,ConvertToPercentage=0.43457377
03-06 14:48:20.540   722 18710 I GRALLOC : LockFlexLayout: baseFormat: 11, yStride: 1920, ySize: 2073600, uOffset: 2073600,  uStride: 1920
03-06 14:48:20.541   722 18705 I Camera3-Stream: getBuffer: Stream 0, 0xf392d700: Already dequeued max output buffers (7), wait for next returned one.
03-06 14:48:20.589  1619  1980 D NetworkController.MobileSignalController(0): mSimSubId:0 onDataActivity: direction=0
03-06 14:48:20.589   722 18710 I GRALLOC : LockFlexLayout: baseFormat: 11, yStride: 1920, ySize: 2073600, uOffset: 2073600,  uStride: 1920
03-06 14:48:20.591   722 18705 I Camera3-Stream: getBuffer: Stream 0, 0xf392d700: Already dequeued max output buffers (7), wait for next returned one.
03-06 14:48:20.605  1619  1619 D HwCustMobileSignalControllerImpl: updateDataType, mDataNetType: 13, isCAstate: false
03-06 14:48:20.606  1619  1619 D NetWorkUtils: is3GCalling is false,mCdmaSlot is -1
03-06 14:48:20.606  1619  1619 D NetWorkUtils: mVSimCurCardType is -1
03-06 14:48:20.607  1619  1619 D NetWorkUtils: is3GCalling is false,mCdmaSlot is -1
03-06 14:48:20.607  1619  1619 D NetWorkUtils: mVSimCurCardType is -1
03-06 14:48:20.607  1619  1619 D NetWorkUtils: is3GCalling is false,mCdmaSlot is -1
03-06 14:48:20.607  1619  1619 D NetWorkUtils: mVSimCurCardType is -1
03-06 14:48:20.640   722 18710 I GRALLOC : LockFlexLayout: baseFormat: 11, yStride: 1920, ySize: 2073600, uOffset: 2073600,  uStride: 1920
03-06 14:48:20.641   722 18705 I Camera3-Stream: getBuffer: Stream 0, 0xf392d700: Already dequeued max output buffers (7), wait for next returned one.
03-06 14:48:20.692   722 18710 I GRALLOC : LockFlexLayout: baseFormat: 11, yStride: 1920, ySize: 2073600, uOffset: 2073600,  uStride: 1920
03-06 14:48:20.739   722 18710 I GRALLOC : LockFlexLayout: baseFormat: 11, yStride: 1920, ySize: 2073600, uOffset: 2073600,  uStride: 1920
03-06 14:48:20.751   754  2938 E LOGSERVER_UTILS: [Erecovery]readEvent: eRecEventManager readEvent 0
03-06 14:48:20.755  1728  1728 D SmartDualCardSM: IdleState:got msg.what=EVENT_HARD_SWITCH_CONDITION_CHECK
03-06 14:48:20.796   722 18710 I GRALLOC : LockFlexLayout: baseFormat: 11, yStride: 1920, ySize: 2073600, uOffset: 2073600,  uStride: 1920
03-06 14:48:20.842   722 18705 I Camera3-Stream: getBuffer: Stream 2, 0xf392d880: Already dequeued max output buffers (7), wait for next returned one.
03-06 14:48:20.843   722 18710 I GRALLOC : LockFlexLayout: baseFormat: 11, yStride: 1920, ySize: 2073600, uOffset: 2073600,  uStride: 1920
03-06 14:48:20.890   722 18705 I Camera3-Stream: getBuffer: Stream 2, 0xf392d880: Already dequeued max output buffers (7), wait for next returned one.
03-06 14:48:20.891   722 18710 I GRALLOC : LockFlexLayout: baseFormat: 11, yStride: 1920, ySize: 2073600, uOffset: 2073600,  uStride: 1920
03-06 14:48:20.892   740 18723 I chatty  : uid=1013(media) IspEnhncAlgo expire 24 lines
03-06 14:48:20.901  1317  1317 V SettingsProvider: Notifying for 0: content://settings/system/screen_auto_brightness
03-06 14:48:20.902  1619  1866 I EventCenter: ContentChange for slot: 1
03-06 14:48:20.903  1317  1317 V SettingsProvider: Notifying for 0: content://settings/system/screen_brightness
03-06 14:48:20.902  1619  1866 I EventCenter: ContentChange for slot: 1
03-06 14:48:20.906  1619  1619 I HwBrightnessUtils: APS brightness=59.0,ConvertToPercentage=0.43024525
03-06 14:48:20.933   740  1158 I chatty  : uid=1013(media) pl#2 expire 80 lines
03-06 14:48:20.936   740 18721 I chatty  : uid=1013(media) Misc expire 16 lines
03-06 14:48:20.942   740 18725 I chatty  : uid=1013(media) ThumbnailBase expire 40 lines
03-06 14:48:20.944   722 18705 I Camera3-Stream: getBuffer: Stream 2, 0xf392d880: Already dequeued max output buffers (7), wait for next returned one.
03-06 14:48:20.944   722 18705 I Camera3-Stream: getBuffer: Stream 0, 0xf392d700: Already dequeued max output buffers (7), wait for next returned one.
03-06 14:48:20.945   722 18710 I GRALLOC : LockFlexLayout: baseFormat: 11, yStride: 1920, ySize: 2073600, uOffset: 2073600,  uStride: 1920
03-06 14:48:20.991   722 18705 I Camera3-Stream: getBuffer: Stream 2, 0xf392d880: Already dequeued max output buffers (7), wait for next returned one.
03-06 14:48:20.991   722 18710 I GRALLOC : LockFlexLayout: baseFormat: 11, yStride: 1920, ySize: 2073600, uOffset: 2073600,  uStride: 1920
03-06 14:48:21.040   722 18705 I Camera3-Stream: getBuffer: Stream 2, 0xf392d880: Already dequeued max output buffers (7), wait for next returned one.
03-06 14:48:21.040   722 18705 I Camera3-Stream: getBuffer: Stream 0, 0xf392d700: Already dequeued max output buffers (7), wait for next returned one.
03-06 14:48:21.040   722 18710 I GRALLOC : LockFlexLayout: baseFormat: 11, yStride: 1920, ySize: 2073600, uOffset: 2073600,  uStride: 1920
03-06 14:48:21.078 18466 18854 W System.err: java.io.IOException: Cleartext HTTP traffic to global.talk-cloud.net not permitted
03-06 14:48:21.079 18466 18854 W System.err: 	at com.android.okhttp.HttpHandler$CleartextURLFilter.checkURLPermitted(HttpHandler.java:115)
03-06 14:48:21.079 18466 18854 W System.err: 	at com.android.okhttp.internal.huc.HttpURLConnectionImpl.execute(HttpURLConnectionImpl.java:458)
03-06 14:48:21.079 18466 18854 W System.err: 	at com.android.okhttp.internal.huc.HttpURLConnectionImpl.connect(HttpURLConnectionImpl.java:127)
03-06 14:48:21.079 18466 18854 W System.err: 	at com.android.okhttp.internal.huc.HttpURLConnectionImpl.getOutputStream(HttpURLConnectionImpl.java:258)
03-06 14:48:21.079 18466 18854 W System.err: 	at com.talkcloud.utils.AsyncHttpURLConnection.sendHttpMessage(AsyncHttpURLConnection.java:105)
03-06 14:48:21.079 18466 18854 W System.err: 	at com.talkcloud.utils.AsyncHttpURLConnection.access$000(AsyncHttpURLConnection.java:26)
03-06 14:48:21.079 18466 18854 W System.err: 	at com.talkcloud.utils.AsyncHttpURLConnection$1.run(AsyncHttpURLConnection.java:63)
03-06 14:48:21.079 18466 18854 W System.err: 	at java.lang.Thread.run(Thread.java:784)
03-06 14:48:21.079 18466 18854 E [tk-sdk]: sendHttpMessage exceptionhttp://global.talk-cloud.net:80/ClientAPI/checkroomCleartext HTTP traffic to global.talk-cloud.net not permitted
03-06 14:48:21.092   722 18705 I Camera3-Stream: getBuffer: Stream 2, 0xf392d880: Already dequeued max output buffers (7), wait for next returned one.
03-06 14:48:21.092   722 18705 I Camera3-Stream: getBuffer: Stream 0, 0xf392d700: Already dequeued max output buffers (7), wait for next returned one.
03-06 14:48:21.092 18466 18855 W System.err: java.io.IOException: Cleartext HTTP traffic to global.talk-cloud.net not permitted
03-06 14:48:21.093 18466 18855 W System.err: 	at com.android.okhttp.HttpHandler$CleartextURLFilter.checkURLPermitted(HttpHandler.java:115)
03-06 14:48:21.093 18466 18855 W System.err: 	at com.android.okhttp.internal.huc.HttpURLConnectionImpl.execute(HttpURLConnectionImpl.java:458)
03-06 14:48:21.093 18466 18855 W System.err: 	at com.android.okhttp.internal.huc.HttpURLConnectionImpl.connect(HttpURLConnectionImpl.java:127)
03-06 14:48:21.093 18466 18855 W System.err: 	at com.android.okhttp.internal.huc.HttpURLConnectionImpl.getOutputStream(HttpURLConnectionImpl.java:258)
03-06 14:48:21.093 18466 18855 W System.err: 	at com.talkcloud.utils.AsyncHttpURLConnection.sendHttpMessage(AsyncHttpURLConnection.java:105)
03-06 14:48:21.093 18466 18855 W System.err: 	at com.talkcloud.utils.AsyncHttpURLConnection.access$000(AsyncHttpURLConnection.java:26)
03-06 14:48:21.093   722 18710 I GRALLOC : LockFlexLayout: baseFormat: 11, yStride: 1920, ySize: 2073600, uOffset: 2073600,  uStride: 1920
03-06 14:48:21.093 18466 18855 W System.err: 	at com.talkcloud.utils.AsyncHttpURLConnection$1.run(AsyncHttpURLConnection.java:63)
03-06 14:48:21.093 18466 18855 W System.err: 	at java.lang.Thread.run(Thread.java:784)
03-06 14:48:21.093 18466 18855 E [tk-sdk]: sendHttpMessage exceptionhttp://global.talk-cloud.net:80/ClientAPI/checkroomCleartext HTTP traffic to global.talk-cloud.net not permitted
03-06 14:48:21.095 18466 18466 I [tk-sdk]: step1Checkroom ret=11
03-06 14:48:21.097 18466 18856 W System.err: java.io.IOException: Cleartext HTTP traffic to global.talk-cloud.net not permitted
03-06 14:48:21.098 18466 18856 W System.err: 	at com.android.okhttp.HttpHandler$CleartextURLFilter.checkURLPermitted(HttpHandler.java:115)
03-06 14:48:21.098 18466 18856 W System.err: 	at com.android.okhttp.internal.huc.HttpURLConnectionImpl.execute(HttpURLConnectionImpl.java:458)
03-06 14:48:21.098 18466 18856 W System.err: 	at com.android.okhttp.internal.huc.HttpURLConnectionImpl.connect(HttpURLConnectionImpl.java:127)
03-06 14:48:21.098 18466 18856 W System.err: 	at com.android.okhttp.internal.huc.HttpURLConnectionImpl.getOutputStream(HttpURLConnectionImpl.java:258)
03-06 14:48:21.098 18466 18856 W System.err: 	at com.talkcloud.utils.AsyncHttpURLConnection.sendHttpMessage(AsyncHttpURLConnection.java:105)
03-06 14:48:21.098 18466 18856 W System.err: 	at com.talkcloud.utils.AsyncHttpURLConnection.access$000(AsyncHttpURLConnection.java:26)
03-06 14:48:21.098 18466 18856 W System.err: 	at com.talkcloud.utils.AsyncHttpURLConnection$1.run(AsyncHttpURLConnection.java:63)
03-06 14:48:21.098 18466 18856 W System.err: 	at java.lang.Thread.run(Thread.java:784)
03-06 14:48:21.098 18466 18856 E [tk-sdk]: sendHttpMessage exceptionhttp://global.talk-cloud.net:80/ClientAPI/checkroomCleartext HTTP traffic to global.talk-cloud.net not permitted
03-06 14:48:21.115 18466 18857 W System.err: java.io.IOException: Cleartext HTTP traffic to global.talk-cloud.net not permitted
03-06 14:48:21.115 18466 18857 W System.err: 	at com.android.okhttp.HttpHandler$CleartextURLFilter.checkURLPermitted(HttpHandler.java:115)
03-06 14:48:21.115 18466 18857 W System.err: 	at com.android.okhttp.internal.huc.HttpURLConnectionImpl.execute(HttpURLConnectionImpl.java:458)
03-06 14:48:21.115 18466 18857 W System.err: 	at com.android.okhttp.internal.huc.HttpURLConnectionImpl.connect(HttpURLConnectionImpl.java:127)
03-06 14:48:21.115 18466 18857 W System.err: 	at com.android.okhttp.internal.huc.HttpURLConnectionImpl.getOutputStream(HttpURLConnectionImpl.java:258)
03-06 14:48:21.115 18466 18857 W System.err: 	at com.talkcloud.utils.AsyncHttpURLConnection.sendHttpMessage(AsyncHttpURLConnection.java:105)
03-06 14:48:21.115 18466 18857 W System.err: 	at com.talkcloud.utils.AsyncHttpURLConnection.access$000(AsyncHttpURLConnection.java:26)
03-06 14:48:21.115 18466 18857 W System.err: 	at com.talkcloud.utils.AsyncHttpURLConnection$1.run(AsyncHttpURLConnection.java:63)
03-06 14:48:21.115 18466 18857 W System.err: 	at java.lang.Thread.run(Thread.java:784)
03-06 14:48:21.115 18466 18857 E [tk-sdk]: sendHttpMessage exceptionhttp://global.talk-cloud.net:80/ClientAPI/checkroomCleartext HTTP traffic to global.talk-cloud.net not permitted
03-06 14:48:21.139   722 18705 I Camera3-Stream: getBuffer: Stream 2, 0xf392d880: Already dequeued max output buffers (7), wait for next returned one.
03-06 14:48:21.142   722 18710 I GRALLOC : LockFlexLayout: baseFormat: 11, yStride: 1920, ySize: 2073600, uOffset: 2073600,  uStride: 1920
03-06 14:48:21.191   722 18705 I Camera3-Stream: getBuffer: Stream 2, 0xf392d880: Already dequeued max output buffers (7), wait for next returned one.
03-06 14:48:21.192   722 18710 I GRALLOC : LockFlexLayout: baseFormat: 11, yStride: 1920, ySize: 2073600, uOffset: 2073600,  uStride: 1920
03-06 14:48:21.240   722 18705 I Camera3-Stream: getBuffer: Stream 2, 0xf392d880: Already dequeued max output buffers (7), wait for next returned one.
03-06 14:48:21.240   722 18705 I Camera3-Stream: getBuffer: Stream 0, 0xf392d700: Already dequeued max output buffers (7), wait for next returned one.
03-06 14:48:21.241   722 18710 I GRALLOC : LockFlexLayout: baseFormat: 11, yStride: 1920, ySize: 2073600, uOffset: 2073600,  uStride: 1920
03-06 14:48:21.292   722 18705 I Camera3-Stream: getBuffer: Stream 2, 0xf392d880: Already dequeued max output buffers (7), wait for next returned one.
03-06 14:48:21.293   722 18710 I GRALLOC : LockFlexLayout: baseFormat: 11, yStride: 1920, ySize: 2073600, uOffset: 2073600,  uStride: 1920
03-06 14:48:21.314  1619  1866 I EventCenter: ContentChange for slot: 1
03-06 14:48:21.314  1317  1317 V SettingsProvider: Notifying for 0: content://settings/system/screen_auto_brightness
03-06 14:48:21.316  1619  1866 I EventCenter: ContentChange for slot: 1
03-06 14:48:21.316  1619  1619 I HwBrightnessUtils: APS brightness=58.0,ConvertToPercentage=0.42588162
03-06 14:48:21.317  1317  1317 V SettingsProvider: Notifying for 0: content://settings/system/screen_brightness
03-06 14:48:21.333   740  1158 I chatty  : uid=1013(media) pl#2 expire 130 lines
03-06 14:48:21.334   740 18735 I chatty  : uid=1013(media) ispout#2# expire 39 lines
03-06 14:48:21.335   740 18723 I chatty  : uid=1013(media) IspEnhncAlgo expire 34 lines
03-06 14:48:21.335   740 18721 I chatty  : uid=1013(media) Misc expire 40 lines
03-06 14:48:21.343   722 18705 I Camera3-Stream: getBuffer: Stream 2, 0xf392d880: Already dequeued max output buffers (7), wait for next returned one.
03-06 14:48:21.343   722 18710 I GRALLOC : LockFlexLayout: baseFormat: 11, yStride: 1920, ySize: 2073600, uOffset: 2073600,  uStride: 1920
03-06 14:48:21.396   722 18705 I Camera3-Stream: getBuffer: Stream 2, 0xf392d880: Already dequeued max output buffers (7), wait for next returned one.
03-06 14:48:21.398   722 18710 I GRALLOC : LockFlexLayout: baseFormat: 11, yStride: 1920, ySize: 2073600, uOffset: 2073600,  uStride: 1920
03-06 14:48:21.442   722 18705 I Camera3-Stream: getBuffer: Stream 2, 0xf392d880: Already dequeued max output buffers (7), wait for next returned one.
03-06 14:48:21.442   722 18710 I GRALLOC : LockFlexLayout: baseFormat: 11, yStride: 1920, ySize: 2073600, uOffset: 2073600,  uStride: 1920
03-06 14:48:21.490   722 18710 I GRALLOC : LockFlexLayout: baseFormat: 11, yStride: 1920, ySize: 2073600, uOffset: 2073600,  uStride: 1920
03-06 14:48:21.490   722 18705 I Camera3-Stream: getBuffer: Stream 0, 0xf392d700: Already dequeued max output buffers (7), wait for next returned one.
03-06 14:48:21.541   722 18710 I GRALLOC : LockFlexLayout: baseFormat: 11, yStride: 1920, ySize: 2073600, uOffset: 2073600,  uStride: 1920
03-06 14:48:21.542   722 18705 I Camera3-Stream: getBuffer: Stream 0, 0xf392d700: Already dequeued max output buffers (7), wait for next returned one.
03-06 14:48:21.592   722 18705 I Camera3-Stream: getBuffer: Stream 2, 0xf392d880: Already dequeued max output buffers (7), wait for next returned one.
03-06 14:48:21.594   722 18710 I GRALLOC : LockFlexLayout: baseFormat: 11, yStride: 1920, ySize: 2073600, uOffset: 2073600,  uStride: 1920
03-06 14:48:21.640   722 18705 I Camera3-Stream: getBuffer: Stream 2, 0xf392d880: Already dequeued max output buffers (7), wait for next returned one.
03-06 14:48:21.641   722 18710 I GRALLOC : LockFlexLayout: baseFormat: 11, yStride: 1920, ySize: 2073600, uOffset: 2073600,  uStride: 1920
03-06 14:48:21.695   722 18705 I Camera3-Stream: getBuffer: Stream 2, 0xf392d880: Already dequeued max output buffers (7), wait for next returned one.
03-06 14:48:21.696   722 18710 I GRALLOC : LockFlexLayout: baseFormat: 11, yStride: 1920, ySize: 2073600, uOffset: 2073600,  uStride: 1920
03-06 14:48:21.741   722 18705 I Camera3-Stream: getBuffer: Stream 2, 0xf392d880: Already dequeued max output buffers (7), wait for next returned one.
03-06 14:48:21.744   722 18710 I GRALLOC : LockFlexLayout: baseFormat: 11, yStride: 1920, ySize: 2073600, uOffset: 2073600,  uStride: 1920
03-06 14:48:21.748  1619  1866 I EventCenter: ContentChange for slot: 1
03-06 14:48:21.748  1317  1317 V SettingsProvider: Notifying for 0: content://settings/system/screen_auto_brightness
03-06 14:48:21.750  1619  1866 I EventCenter: ContentChange for slot: 1
03-06 14:48:21.750  1317  1317 V SettingsProvider: Notifying for 0: content://settings/system/screen_brightness
03-06 14:48:21.753  1619  1619 I HwBrightnessUtils: APS brightness=57.0,ConvertToPercentage=0.42148194
03-06 14:48:21.790   722 18710 I GRALLOC : LockFlexLayout: baseFormat: 11, yStride: 1920, ySize: 2073600, uOffset: 2073600,  uStride: 1920
03-06 14:48:21.791   722 18705 I Camera3-Stream: getBuffer: Stream 0, 0xf392d700: Already dequeued max output buffers (7), wait for next returned one.
03-06 14:48:21.791   754  2938 E LOGSERVER_UTILS: [Erecovery]readEvent: eRecEventManager readEvent 0
03-06 14:48:21.842   722 18705 I Camera3-Stream: getBuffer: Stream 2, 0xf392d880: Already dequeued max output buffers (7), wait for next returned one.
03-06 14:48:21.843   722 18710 I GRALLOC : LockFlexLayout: baseFormat: 11, yStride: 1920, ySize: 2073600, uOffset: 2073600,  uStride: 1920
03-06 14:48:21.894   722 18705 I Camera3-Stream: getBuffer: Stream 2, 0xf392d880: Already dequeued max output buffers (7), wait for next returned one.
03-06 14:48:21.894   722 18710 I GRALLOC : LockFlexLayout: baseFormat: 11, yStride: 1920, ySize: 2073600, uOffset: 2073600,  uStride: 1920
03-06 14:48:21.939   740 18725 I chatty  : uid=1013(media) ThumbnailBase expire 16 lines
03-06 14:48:21.940   740 18723 I chatty  : uid=1013(media) IspEnhncAlgo expire 17 lines
03-06 14:48:21.941   722 18705 I Camera3-Stream: getBuffer: Stream 2, 0xf392d880: Already dequeued max output buffers (7), wait for next returned one.
03-06 14:48:21.942   722 18710 I GRALLOC : LockFlexLayout: baseFormat: 11, yStride: 1920, ySize: 2073600, uOffset: 2073600,  uStride: 1920
03-06 14:48:21.982   740  1158 I chatty  : uid=1013(media) pl#2 expire 70 lines
03-06 14:48:21.983   740 18735 I chatty  : uid=1013(media) ispout#2# expire 98 lines
03-06 14:48:21.992   722 18705 I Camera3-Stream: getBuffer: Stream 2, 0xf392d880: Already dequeued max output buffers (7), wait for next returned one.
03-06 14:48:21.993   722 18710 I GRALLOC : LockFlexLayout: baseFormat: 11, yStride: 1920, ySize: 2073600, uOffset: 2073600,  uStride: 1920
03-06 14:48:22.041   722 18705 I Camera3-Stream: getBuffer: Stream 2, 0xf392d880: Already dequeued max output buffers (7), wait for next returned one.
03-06 14:48:22.042   722 18710 I GRALLOC : LockFlexLayout: baseFormat: 11, yStride: 1920, ySize: 2073600, uOffset: 2073600,  uStride: 1920
03-06 14:48:22.092   722 18710 I GRALLOC : LockFlexLayout: baseFormat: 11, yStride: 1920, ySize: 2073600, uOffset: 2073600,  uStride: 1920
03-06 14:48:22.093   722 18705 I Camera3-Stream: getBuffer: Stream 0, 0xf392d700: Already dequeued max output buffers (7), wait for next returned one.
03-06 14:48:22.097 18466 18858 W System.err: java.io.IOException: Cleartext HTTP traffic to global.talk-cloud.net not permitted
03-06 14:48:22.097 18466 18858 W System.err: 	at com.android.okhttp.HttpHandler$CleartextURLFilter.checkURLPermitted(HttpHandler.java:115)
03-06 14:48:22.097 18466 18858 W System.err: 	at com.android.okhttp.internal.huc.HttpURLConnectionImpl.execute(HttpURLConnectionImpl.java:458)
03-06 14:48:22.097 18466 18858 W System.err: 	at com.android.okhttp.internal.huc.HttpURLConnectionImpl.connect(HttpURLConnectionImpl.java:127)
03-06 14:48:22.097 18466 18858 W System.err: 	at com.android.okhttp.internal.huc.HttpURLConnectionImpl.getOutputStream(HttpURLConnectionImpl.java:258)
03-06 14:48:22.097 18466 18858 W System.err: 	at com.talkcloud.utils.AsyncHttpURLConnection.sendHttpMessage(AsyncHttpURLConnection.java:105)
03-06 14:48:22.097 18466 18858 W System.err: 	at com.talkcloud.utils.AsyncHttpURLConnection.access$000(AsyncHttpURLConnection.java:26)
03-06 14:48:22.097 18466 18858 W System.err: 	at com.talkcloud.utils.AsyncHttpURLConnection$1.run(AsyncHttpURLConnection.java:63)
03-06 14:48:22.097 18466 18858 W System.err: 	at java.lang.Thread.run(Thread.java:784)
03-06 14:48:22.097 18466 18858 E [tk-sdk]: sendHttpMessage exceptionhttp://global.talk-cloud.net:80/ClientAPI/checkroomCleartext HTTP traffic to global.talk-cloud.net not permitted
03-06 14:48:22.099 18466 18466 I [tk-sdk]: step1Checkroom ret=11
03-06 14:48:22.103 18466 18859 W System.err: java.io.IOException: Cleartext HTTP traffic to global.talk-cloud.net not permitted
03-06 14:48:22.104 18466 18859 W System.err: 	at com.android.okhttp.HttpHandler$CleartextURLFilter.checkURLPermitted(HttpHandler.java:115)
03-06 14:48:22.104 18466 18859 W System.err: 	at com.android.okhttp.internal.huc.HttpURLConnectionImpl.execute(HttpURLConnectionImpl.java:458)
03-06 14:48:22.104 18466 18859 W System.err: 	at com.android.okhttp.internal.huc.HttpURLConnectionImpl.connect(HttpURLConnectionImpl.java:127)
03-06 14:48:22.104 18466 18859 W System.err: 	at com.android.okhttp.internal.huc.HttpURLConnectionImpl.getOutputStream(HttpURLConnectionImpl.java:258)
03-06 14:48:22.104 18466 18859 W System.err: 	at com.talkcloud.utils.AsyncHttpURLConnection.sendHttpMessage(AsyncHttpURLConnection.java:105)
03-06 14:48:22.104 18466 18859 W System.err: 	at com.talkcloud.utils.AsyncHttpURLConnection.access$000(AsyncHttpURLConnection.java:26)
03-06 14:48:22.104 18466 18859 W System.err: 	at com.talkcloud.utils.AsyncHttpURLConnection$1.run(AsyncHttpURLConnection.java:63)
03-06 14:48:22.104 18466 18859 W System.err: 	at java.lang.Thread.run(Thread.java:784)
03-06 14:48:22.104 18466 18859 E [tk-sdk]: sendHttpMessage exceptionhttp://global.talk-cloud.net:80/ClientAPI/checkroomCleartext HTTP traffic to global.talk-cloud.net not permitted
03-06 14:48:22.115 18466 18860 W System.err: java.io.IOException: Cleartext HTTP traffic to global.talk-cloud.net not permitted
03-06 14:48:22.115 18466 18860 W System.err: 	at com.android.okhttp.HttpHandler$CleartextURLFilter.checkURLPermitted(HttpHandler.java:115)
03-06 14:48:22.115 18466 18860 W System.err: 	at com.android.okhttp.internal.huc.HttpURLConnectionImpl.execute(HttpURLConnectionImpl.java:458)
03-06 14:48:22.115 18466 18860 W System.err: 	at com.android.okhttp.internal.huc.HttpURLConnectionImpl.connect(HttpURLConnectionImpl.java:127)
03-06 14:48:22.115 18466 18860 W System.err: 	at com.android.okhttp.internal.huc.HttpURLConnectionImpl.getOutputStream(HttpURLConnectionImpl.java:258)
03-06 14:48:22.115 18466 18860 W System.err: 	at com.talkcloud.utils.AsyncHttpURLConnection.sendHttpMessage(AsyncHttpURLConnection.java:105)
03-06 14:48:22.115 18466 18860 W System.err: 	at com.talkcloud.utils.AsyncHttpURLConnection.access$000(AsyncHttpURLConnection.java:26)
03-06 14:48:22.115 18466 18860 W System.err: 	at com.talkcloud.utils.AsyncHttpURLConnection$1.run(AsyncHttpURLConnection.java:63)
03-06 14:48:22.115 18466 18860 W System.err: 	at java.lang.Thread.run(Thread.java:784)
03-06 14:48:22.116 18466 18860 E [tk-sdk]: sendHttpMessage exceptionhttp://global.talk-cloud.net:80/ClientAPI/checkroomCleartext HTTP traffic to global.talk-cloud.net not permitted
03-06 14:48:22.144   722 18710 I GRALLOC : LockFlexLayout: baseFormat: 11, yStride: 1920, ySize: 2073600, uOffset: 2073600,  uStride: 1920
03-06 14:48:22.145   722 18705 I Camera3-Stream: getBuffer: Stream 0, 0xf392d700: Already dequeued max output buffers (7), wait for next returned one.
03-06 14:48:22.162  1317  1317 V SettingsProvider: Notifying for 0: content://settings/system/screen_auto_brightness
03-06 14:48:22.164  1619  1866 I EventCenter: ContentChange for slot: 1
03-06 14:48:22.164  1619  1619 I HwBrightnessUtils: APS brightness=56.0,ConvertToPercentage=0.4170452
03-06 14:48:22.164  1317  1317 V SettingsProvider: Notifying for 0: content://settings/system/screen_brightness
03-06 14:48:22.165  1619  1866 I EventCenter: ContentChange for slot: 1
03-06 14:48:22.192   722 18705 I Camera3-Stream: getBuffer: Stream 2, 0xf392d880: Already dequeued max output buffers (7), wait for next returned one.
03-06 14:48:22.193   722 18710 I GRALLOC : LockFlexLayout: baseFormat: 11, yStride: 1920, ySize: 2073600, uOffset: 2073600,  uStride: 1920
03-06 14:48:22.243   722 18705 I Camera3-Stream: getBuffer: Stream 2, 0xf392d880: Already dequeued max output buffers (7), wait for next returned one.
03-06 14:48:22.244   722 18710 I GRALLOC : LockFlexLayout: baseFormat: 11, yStride: 1920, ySize: 2073600, uOffset: 2073600,  uStride: 1920
03-06 14:48:22.263  1317  1317 W WindowManager: removeWindowToken: Attempted to remove non-existing token: android.os.Binder@281ce25
03-06 14:48:22.294   722 18705 I Camera3-Stream: getBuffer: Stream 2, 0xf392d880: Already dequeued max output buffers (7), wait for next returned one.
03-06 14:48:22.295   722 18710 I GRALLOC : LockFlexLayout: baseFormat: 11, yStride: 1920, ySize: 2073600, uOffset: 2073600,  uStride: 1920
03-06 14:48:22.296   740 18723 I chatty  : uid=1013(media) IspEnhncAlgo expire 31 lines
03-06 14:48:22.334   740  1158 I chatty  : uid=1013(media) pl#2 expire 114 lines
03-06 14:48:22.335   740 18721 I chatty  : uid=1013(media) Misc expire 22 lines
03-06 14:48:22.339   740 18725 I chatty  : uid=1013(media) ThumbnailBase expire 36 lines
03-06 14:48:22.341   722 18705 I Camera3-Stream: getBuffer: Stream 2, 0xf392d880: Already dequeued max output buffers (7), wait for next returned one.
03-06 14:48:22.341   722 18705 I Camera3-Stream: getBuffer: Stream 0, 0xf392d700: Already dequeued max output buffers (7), wait for next returned one.
03-06 14:48:22.341   722 18710 I GRALLOC : LockFlexLayout: baseFormat: 11, yStride: 1920, ySize: 2073600, uOffset: 2073600,  uStride: 1920
03-06 14:48:22.391   722 18705 I Camera3-Stream: getBuffer: Stream 2, 0xf392d880: Already dequeued max output buffers (7), wait for next returned one.
03-06 14:48:22.392   722 18710 I GRALLOC : LockFlexLayout: baseFormat: 11, yStride: 1920, ySize: 2073600, uOffset: 2073600,  uStride: 1920
03-06 14:48:22.446   722 18705 I Camera3-Stream: getBuffer: Stream 2, 0xf392d880: Already dequeued max output buffers (7), wait for next returned one.
03-06 14:48:22.447   722 18710 I GRALLOC : LockFlexLayout: baseFormat: 11, yStride: 1920, ySize: 2073600, uOffset: 2073600,  uStride: 1920
03-06 14:48:22.494   722 18710 I GRALLOC : LockFlexLayout: baseFormat: 11, yStride: 1920, ySize: 2073600, uOffset: 2073600,  uStride: 1920
03-06 14:48:22.542   722 18705 I Camera3-Stream: getBuffer: Stream 2, 0xf392d880: Already dequeued max output buffers (7), wait for next returned one.
03-06 14:48:22.544   722 18710 I GRALLOC : LockFlexLayout: baseFormat: 11, yStride: 1920, ySize: 2073600, uOffset: 2073600,  uStride: 1920
03-06 14:48:22.591   722 18705 I Camera3-Stream: getBuffer: Stream 2, 0xf392d880: Already dequeued max output buffers (7), wait for next returned one.
03-06 14:48:22.593   722 18710 I GRALLOC : LockFlexLayout: baseFormat: 11, yStride: 1920, ySize: 2073600, uOffset: 2073600,  uStride: 1920
03-06 14:48:22.627  1619  1866 I EventCenter: ContentChange for slot: 1
03-06 14:48:22.627  1317  1317 V SettingsProvider: Notifying for 0: content://settings/system/screen_auto_brightness
03-06 14:48:22.629  1317  1317 V SettingsProvider: Notifying for 0: content://settings/system/screen_brightness
03-06 14:48:22.629  1619  1866 I EventCenter: ContentChange for slot: 1
03-06 14:48:22.631  1619  1619 I HwBrightnessUtils: APS brightness=55.0,ConvertToPercentage=0.41257036
03-06 14:48:22.645   722 18705 I Camera3-Stream: getBuffer: Stream 2, 0xf392d880: Already dequeued max output buffers (7), wait for next returned one.
03-06 14:48:22.645   722 18710 I GRALLOC : LockFlexLayout: baseFormat: 11, yStride: 1920, ySize: 2073600, uOffset: 2073600,  uStride: 1920
03-06 14:48:22.693   722 18710 I GRALLOC : LockFlexLayout: baseFormat: 11, yStride: 1920, ySize: 2073600, uOffset: 2073600,  uStride: 1920
03-06 14:48:22.696   722 18705 I Camera3-Stream: getBuffer: Stream 0, 0xf392d700: Already dequeued max output buffers (7), wait for next returned one.
03-06 14:48:22.742   722 18705 I Camera3-Stream: getBuffer: Stream 2, 0xf392d880: Already dequeued max output buffers (7), wait for next returned one.
03-06 14:48:22.744   722 18710 I GRALLOC : LockFlexLayout: baseFormat: 11, yStride: 1920, ySize: 2073600, uOffset: 2073600,  uStride: 1920
03-06 14:48:22.794   722 18710 I GRALLOC : LockFlexLayout: baseFormat: 11, yStride: 1920, ySize: 2073600, uOffset: 2073600,  uStride: 1920
03-06 14:48:22.794   722 18705 I Camera3-Stream: getBuffer: Stream 0, 0xf392d700: Already dequeued max output buffers (7), wait for next returned one.
03-06 14:48:22.831   754  2938 E LOGSERVER_UTILS: [Erecovery]readEvent: eRecEventManager readEvent 0
03-06 14:48:22.843   722 18705 I Camera3-Stream: getBuffer: Stream 2, 0xf392d880: Already dequeued max output buffers (7), wait for next returned one.
03-06 14:48:22.846   722 18710 I GRALLOC : LockFlexLayout: baseFormat: 11, yStride: 1920, ySize: 2073600, uOffset: 2073600,  uStride: 1920
03-06 14:48:22.884   740 18735 I chatty  : uid=1013(media) ispout#2# expire 21 lines
03-06 14:48:22.884   740  1158 I chatty  : uid=1013(media) pl#2 expire 67 lines
03-06 14:48:22.884   740 18723 I chatty  : uid=1013(media) IspEnhncAlgo expire 20 lines
03-06 14:48:22.887   740 18721 I chatty  : uid=1013(media) Misc expire 36 lines
03-06 14:48:22.888 18466 18466 I [tk-sdk]: getDefaultService 
03-06 14:48:22.896 18466 18861 I [tk-sdk]: getDefaultService errormsg = HTTP GET to http://global.talk-cloud.net:81/where.html error: Cleartext HTTP traffic to global.talk-cloud.net not permitted
03-06 14:48:22.899   722 18705 I Camera3-Stream: getBuffer: Stream 2, 0xf392d880: Already dequeued max output buffers (7), wait for next returned one.
03-06 14:48:22.900   722 18710 I GRALLOC : LockFlexLayout: baseFormat: 11, yStride: 1920, ySize: 2073600, uOffset: 2073600,  uStride: 1920
03-06 14:48:22.942   722 18705 I Camera3-Stream: getBuffer: Stream 0, 0xf392d700: Already dequeued max output buffers (7), wait for next returned one.
03-06 14:48:22.942   722 18710 I GRALLOC : LockFlexLayout: baseFormat: 11, yStride: 1920, ySize: 2073600, uOffset: 2073600,  uStride: 1920
03-06 14:48:22.992   722 18705 I Camera3-Stream: getBuffer: Stream 0, 0xf392d700: Already dequeued max output buffers (7), wait for next returned one.
03-06 14:48:22.992   722 18710 I GRALLOC : LockFlexLayout: baseFormat: 11, yStride: 1920, ySize: 2073600, uOffset: 2073600,  uStride: 1920
03-06 14:48:23.042   722 18710 I GRALLOC : LockFlexLayout: baseFormat: 11, yStride: 1920, ySize: 2073600, uOffset: 2073600,  uStride: 1920
03-06 14:48:23.043   722 18705 I Camera3-Stream: getBuffer: Stream 0, 0xf392d700: Already dequeued max output buffers (7), wait for next returned one.
03-06 14:48:23.059  1317  1317 V SettingsProvider: Notifying for 0: content://settings/system/screen_auto_brightness
03-06 14:48:23.060  1619  1866 I EventCenter: ContentChange for slot: 1
03-06 14:48:23.061  1317  1317 V SettingsProvider: Notifying for 0: content://settings/system/screen_brightness
03-06 14:48:23.061  1619  1866 I EventCenter: ContentChange for slot: 1
03-06 14:48:23.061 16211 16473 W System  : A resource failed to call response.body().close(). 
03-06 14:48:23.064  1619  1619 I HwBrightnessUtils: APS brightness=54.0,ConvertToPercentage=0.40805635
03-06 14:48:23.089 18466 18863 W System.err: java.io.IOException: Cleartext HTTP traffic to global.talk-cloud.net not permitted
03-06 14:48:23.089 18466 18863 W System.err: 	at com.android.okhttp.HttpHandler$CleartextURLFilter.checkURLPermitted(HttpHandler.java:115)
03-06 14:48:23.089 18466 18863 W System.err: 	at com.android.okhttp.internal.huc.HttpURLConnectionImpl.execute(HttpURLConnectionImpl.java:458)
03-06 14:48:23.089 18466 18863 W System.err: 	at com.android.okhttp.internal.huc.HttpURLConnectionImpl.connect(HttpURLConnectionImpl.java:127)
03-06 14:48:23.089 18466 18863 W System.err: 	at com.android.okhttp.internal.huc.HttpURLConnectionImpl.getOutputStream(HttpURLConnectionImpl.java:258)
03-06 14:48:23.089 18466 18863 W System.err: 	at com.talkcloud.utils.AsyncHttpURLConnection.sendHttpMessage(AsyncHttpURLConnection.java:105)
03-06 14:48:23.089 18466 18863 W System.err: 	at com.talkcloud.utils.AsyncHttpURLConnection.access$000(AsyncHttpURLConnection.java:26)
03-06 14:48:23.089 18466 18863 W System.err: 	at com.talkcloud.utils.AsyncHttpURLConnection$1.run(AsyncHttpURLConnection.java:63)
03-06 14:48:23.089 18466 18863 W System.err: 	at java.lang.Thread.run(Thread.java:784)
03-06 14:48:23.089 18466 18863 E [tk-sdk]: sendHttpMessage exceptionhttp://global.talk-cloud.net:80/ClientAPI/checkroomCleartext HTTP traffic to global.talk-cloud.net not permitted
03-06 14:48:23.091 18466 18466 I [tk-sdk]: step1Checkroom ret=11
03-06 14:48:23.096   722 18705 I Camera3-Stream: getBuffer: Stream 2, 0xf392d880: Already dequeued max output buffers (7), wait for next returned one.
03-06 14:48:23.096   722 18710 I GRALLOC : LockFlexLayout: baseFormat: 11, yStride: 1920, ySize: 2073600, uOffset: 2073600,  uStride: 1920
03-06 14:48:23.104 18466 18864 W System.err: java.io.IOException: Cleartext HTTP traffic to global.talk-cloud.net not permitted
03-06 14:48:23.104 18466 18864 W System.err: 	at com.android.okhttp.HttpHandler$CleartextURLFilter.checkURLPermitted(HttpHandler.java:115)
03-06 14:48:23.104 18466 18864 W System.err: 	at com.android.okhttp.internal.huc.HttpURLConnectionImpl.execute(HttpURLConnectionImpl.java:458)
03-06 14:48:23.104 18466 18864 W System.err: 	at com.android.okhttp.internal.huc.HttpURLConnectionImpl.connect(HttpURLConnectionImpl.java:127)
03-06 14:48:23.105 18466 18864 W System.err: 	at com.android.okhttp.internal.huc.HttpURLConnectionImpl.getOutputStream(HttpURLConnectionImpl.java:258)
03-06 14:48:23.105 18466 18864 W System.err: 	at com.talkcloud.utils.AsyncHttpURLConnection.sendHttpMessage(AsyncHttpURLConnection.java:105)
03-06 14:48:23.105 18466 18864 W System.err: 	at com.talkcloud.utils.AsyncHttpURLConnection.access$000(AsyncHttpURLConnection.java:26)
03-06 14:48:23.105 18466 18864 W System.err: 	at com.talkcloud.utils.AsyncHttpURLConnection$1.run(AsyncHttpURLConnection.java:63)
03-06 14:48:23.105 18466 18864 W System.err: 	at java.lang.Thread.run(Thread.java:784)
03-06 14:48:23.105 18466 18864 E [tk-sdk]: sendHttpMessage exceptionhttp://global.talk-cloud.net:80/ClientAPI/checkroomCleartext HTTP traffic to global.talk-cloud.net not permitted
03-06 14:48:23.110 18466 18865 W System.err: java.io.IOException: Cleartext HTTP traffic to global.talk-cloud.net not permitted
03-06 14:48:23.110 18466 18865 W System.err: 	at com.android.okhttp.HttpHandler$CleartextURLFilter.checkURLPermitted(HttpHandler.java:115)
03-06 14:48:23.110 18466 18865 W System.err: 	at com.android.okhttp.internal.huc.HttpURLConnectionImpl.execute(HttpURLConnectionImpl.java:458)
03-06 14:48:23.110 18466 18865 W System.err: 	at com.android.okhttp.internal.huc.HttpURLConnectionImpl.connect(HttpURLConnectionImpl.java:127)
03-06 14:48:23.111 18466 18865 W System.err: 	at com.android.okhttp.internal.huc.HttpURLConnectionImpl.getOutputStream(HttpURLConnectionImpl.java:258)
03-06 14:48:23.111 18466 18865 W System.err: 	at com.talkcloud.utils.AsyncHttpURLConnection.sendHttpMessage(AsyncHttpURLConnection.java:105)
03-06 14:48:23.111 18466 18865 W System.err: 	at com.talkcloud.utils.AsyncHttpURLConnection.access$000(AsyncHttpURLConnection.java:26)
03-06 14:48:23.111 18466 18865 W System.err: 	at com.talkcloud.utils.AsyncHttpURLConnection$1.run(AsyncHttpURLConnection.java:63)
03-06 14:48:23.111 18466 18865 W System.err: 	at java.lang.Thread.run(Thread.java:784)
03-06 14:48:23.111 18466 18865 E [tk-sdk]: sendHttpMessage exceptionhttp://global.talk-cloud.net:80/ClientAPI/checkroomCleartext HTTP traffic to global.talk-cloud.net not permitted
03-06 14:48:23.145   722 18705 I Camera3-Stream: getBuffer: Stream 2, 0xf392d880: Already dequeued max output buffers (7), wait for next returned one.
03-06 14:48:23.149   722 18710 I GRALLOC : LockFlexLayout: baseFormat: 11, yStride: 1920, ySize: 2073600, uOffset: 2073600,  uStride: 1920
03-06 14:48:23.194   722 18710 I GRALLOC : LockFlexLayout: baseFormat: 11, yStride: 1920, ySize: 2073600, uOffset: 2073600,  uStride: 1920
03-06 14:48:23.196   722 18705 I Camera3-Stream: getBuffer: Stream 0, 0xf392d700: Already dequeued max output buffers (7), wait for next returned one.
03-06 14:48:23.234   740 18735 I chatty  : uid=1013(media) ispout#2# expire 32 lines
03-06 14:48:23.234   740  1158 I chatty  : uid=1013(media) pl#2 expire 109 lines
03-06 14:48:23.236   740 18723 I chatty  : uid=1013(media) IspEnhncAlgo expire 26 lines
03-06 14:48:23.239   740 18725 I chatty  : uid=1013(media) ThumbnailBase expire 36 lines
03-06 14:48:23.242   722 18710 I GRALLOC : LockFlexLayout: baseFormat: 11, yStride: 1920, ySize: 2073600, uOffset: 2073600,  uStride: 1920
03-06 14:48:23.244   722 18705 I Camera3-Stream: getBuffer: Stream 0, 0xf392d700: Already dequeued max output buffers (7), wait for next returned one.
03-06 14:48:23.269  1317  4233 I MQoS    : MSG_QUERY_TCP_INFO called,count:3446
03-06 14:48:23.270  1317  1488 I QosMonitor: postEventFromNative: msg=100,arg1=0,arg2=10
03-06 14:48:23.271  1317  1488 I MQoS    : rtt=400,tcp_tx_pkts=305199,tcp_rx_pkts=361442
03-06 14:48:23.274  1317  4233 I TrafficMonitor: count:1,rx_sum:0,tx_sum:0,rxBytes:0,during_ms:0,rx_speed:0.0,tx_speed:0.0,rto:0.0
03-06 14:48:23.274  1317  4233 I MQoS    : QOS_level:5(5),use RAT:4G;signalLvl:5
03-06 14:48:23.293   722 18710 I GRALLOC : LockFlexLayout: baseFormat: 11, yStride: 1920, ySize: 2073600, uOffset: 2073600,  uStride: 1920
03-06 14:48:23.295   722 18705 I Camera3-Stream: getBuffer: Stream 0, 0xf392d700: Already dequeued max output buffers (7), wait for next returned one.
03-06 14:48:23.342   722 18710 I GRALLOC : LockFlexLayout: baseFormat: 11, yStride: 1920, ySize: 2073600, uOffset: 2073600,  uStride: 1920
03-06 14:48:23.344   722 18705 I Camera3-Stream: getBuffer: Stream 0, 0xf392d700: Already dequeued max output buffers (7), wait for next returned one.
03-06 14:48:23.393   722 18705 I Camera3-Stream: getBuffer: Stream 2, 0xf392d880: Already dequeued max output buffers (7), wait for next returned one.
03-06 14:48:23.393   722 18710 I GRALLOC : LockFlexLayout: baseFormat: 11, yStride: 1920, ySize: 2073600, uOffset: 2073600,  uStride: 1920
03-06 14:48:23.441   722 18705 I Camera3-Stream: getBuffer: Stream 2, 0xf392d880: Already dequeued max output buffers (7), wait for next returned one.
03-06 14:48:23.443   722 18710 I GRALLOC : LockFlexLayout: baseFormat: 11, yStride: 1920, ySize: 2073600, uOffset: 2073600,  uStride: 1920
03-06 14:48:23.493   722 18710 I GRALLOC : LockFlexLayout: baseFormat: 11, yStride: 1920, ySize: 2073600, uOffset: 2073600,  uStride: 1920
03-06 14:48:23.493   722 18705 I Camera3-Stream: getBuffer: Stream 0, 0xf392d700: Already dequeued max output buffers (7), wait for next returned one.
03-06 14:48:23.524  1317  1317 V SettingsProvider: Notifying for 0: content://settings/system/screen_auto_brightness
03-06 14:48:23.525  1619  1619 I HwBrightnessUtils: APS brightness=53.0,ConvertToPercentage=0.40350205
03-06 14:48:23.525  1619  1866 I EventCenter: ContentChange for slot: 1
03-06 14:48:23.527  1317  1317 V SettingsProvider: Notifying for 0: content://settings/system/screen_brightness
03-06 14:48:23.526  1619  1866 I EventCenter: ContentChange for slot: 1
03-06 14:48:23.540   722 18710 I GRALLOC : LockFlexLayout: baseFormat: 11, yStride: 1920, ySize: 2073600, uOffset: 2073600,  uStride: 1920
03-06 14:48:23.541   722 18705 I Camera3-Stream: getBuffer: Stream 0, 0xf392d700: Already dequeued max output buffers (7), wait for next returned one.
03-06 14:48:23.590   722 18705 I Camera3-Stream: getBuffer: Stream 2, 0xf392d880: Already dequeued max output buffers (7), wait for next returned one.
03-06 14:48:23.592   722 18710 I GRALLOC : LockFlexLayout: baseFormat: 11, yStride: 1920, ySize: 2073600, uOffset: 2073600,  uStride: 1920
03-06 14:48:23.604  1619  1980 D NetworkController.MobileSignalController(0): mSimSubId:0 onDataActivity: direction=3
03-06 14:48:23.613  1619  1619 D HwCustMobileSignalControllerImpl: updateDataType, mDataNetType: 13, isCAstate: false
03-06 14:48:23.614  1619  1619 D NetWorkUtils: is3GCalling is false,mCdmaSlot is -1
03-06 14:48:23.614  1619  1619 D NetWorkUtils: mVSimCurCardType is -1
03-06 14:48:23.614  1619  1619 D NetWorkUtils: is3GCalling is false,mCdmaSlot is -1
03-06 14:48:23.614  1619  1619 D NetWorkUtils: mVSimCurCardType is -1
03-06 14:48:23.615  1619  1619 D NetWorkUtils: is3GCalling is false,mCdmaSlot is -1
03-06 14:48:23.615  1619  1619 D NetWorkUtils: mVSimCurCardType is -1
03-06 14:48:23.645   722 18705 I Camera3-Stream: getBuffer: Stream 2, 0xf392d880: Already dequeued max output buffers (7), wait for next returned one.
03-06 14:48:23.650   722 18710 I GRALLOC : LockFlexLayout: baseFormat: 11, yStride: 1920, ySize: 2073600, uOffset: 2073600,  uStride: 1920
03-06 14:48:23.696   722 18705 I Camera3-Stream: getBuffer: Stream 2, 0xf392d880: Already dequeued max output buffers (7), wait for next returned one.
03-06 14:48:23.698   722 18710 I GRALLOC : LockFlexLayout: baseFormat: 11, yStride: 1920, ySize: 2073600, uOffset: 2073600,  uStride: 1920
03-06 14:48:23.742   740 18723 I chatty  : uid=1013(media) IspEnhncAlgo expire 21 lines
03-06 14:48:23.743   722 18705 I Camera3-Stream: getBuffer: Stream 2, 0xf392d880: Already dequeued max output buffers (7), wait for next returned one.
03-06 14:48:23.744   722 18710 I GRALLOC : LockFlexLayout: baseFormat: 11, yStride: 1920, ySize: 2073600, uOffset: 2073600,  uStride: 1920
03-06 14:48:23.784   740  1158 I chatty  : uid=1013(media) pl#2 expire 70 lines
03-06 14:48:23.785   740 18735 I chatty  : uid=1013(media) ispout#2# expire 21 lines
03-06 14:48:23.788   740 18721 I chatty  : uid=1013(media) Misc expire 38 lines
03-06 14:48:23.793   722 18705 I Camera3-Stream: getBuffer: Stream 2, 0xf392d880: Already dequeued max output buffers (7), wait for next returned one.
03-06 14:48:23.794   722 18710 I GRALLOC : LockFlexLayout: baseFormat: 11, yStride: 1920, ySize: 2073600, uOffset: 2073600,  uStride: 1920
03-06 14:48:23.841   722 18705 I Camera3-Stream: getBuffer: Stream 2, 0xf392d880: Already dequeued max output buffers (7), wait for next returned one.
03-06 14:48:23.843   722 18710 I GRALLOC : LockFlexLayout: baseFormat: 11, yStride: 1920, ySize: 2073600, uOffset: 2073600,  uStride: 1920
03-06 14:48:23.861   754  2938 E LOGSERVER_UTILS: [Erecovery]readEvent: eRecEventManager readEvent 0
03-06 14:48:23.893   722 18705 I Camera3-Stream: getBuffer: Stream 2, 0xf392d880: Already dequeued max output buffers (7), wait for next returned one.
03-06 14:48:23.893   722 18710 I GRALLOC : LockFlexLayout: baseFormat: 11, yStride: 1920, ySize: 2073600, uOffset: 2073600,  uStride: 1920
