03-06 14:48:32.236   740  1158 D EnvImpl : [HWA_CAM3]getPackageName :  io.framework7.classroom
03-06 14:48:32.236   740  1158 I HwaUtils: [ff00962_64I] getProductExtendName() path=MHA
03-06 14:48:32.236   740  1158 I HwaUtils: [ff00962_64I] getOneCfgFile() path=NULL
03-06 14:48:32.236   740  1158 I HwaDMapIpp: [ff00962_64I] checkNeedSwapCalibrationData() ConfigFile NULL
03-06 14:48:32.236   740 18723 I YuvCalculate: mono_mode: 0, ae_stable: [1, 0], colorDis: 0, buf_cnt:1
03-06 14:48:32.237   740  1158 D Misc____: [ff00962_64D] enter loadRequest
03-06 14:48:32.237   740  1158 D EnvImpl : [HWA_CAM3]getPackageName :  io.framework7.classroom
03-06 14:48:32.237   740  1158 D IppAlgoFilter: [HWA_CAM3]loadPreviewRequest() REQUEST_DMAP_SWAP, status:0
03-06 14:48:32.237   740  1158 D EnvImpl : [HWA_CAM3]getPackageName :  io.framework7.classroom
03-06 14:48:32.237   740  1158 I chatty  : uid=1013(media) pl#2 identical 1 line
03-06 14:48:32.237   740  1158 D EnvImpl : [HWA_CAM3]getPackageName :  io.framework7.classroom
03-06 14:48:32.238   740 18721 E DeviceBaseImpl: [HWA_CAM3]getAfObjectDistance get ANDROID_HW_AF_OBJECT_DISTANCD fail
03-06 14:48:32.238   740 18721 D Misc____: [ff00962_64D] onProcessFrame(666), afDistance(0.000000)
03-06 14:48:32.242   740 18725 I GRALLOC : LockFlexLayout: baseFormat: 11, yStride: 1920, ySize: 2073600, uOffset: 2073600,  uStride: 1920
03-06 14:48:32.243   740 18725 I GRALLOC : LockFlexLayout: baseFormat: 11, yStride: 1920, ySize: 2073600, uOffset: 2073600,  uStride: 1920
03-06 14:48:32.244   722 18705 I Camera3-Stream: getBuffer: Stream 2, 0xf392d880: Already dequeued max output buffers (7), wait for next returned one.
03-06 14:48:32.245   722 18710 I GRALLOC : LockFlexLayout: baseFormat: 11, yStride: 1920, ySize: 2073600, uOffset: 2073600,  uStride: 1920
03-06 14:48:32.261  1317 18419 W AwareLog: AwareMem_Kill: updateGroupList process: not kill critical frequent=com.huawei.cryptosms.service, uid=1000
03-06 14:48:32.261  1317 18419 W AwareLog: AwareMem_Kill: execKillGroup: null procGroups
03-06 14:48:32.287   740  1158 D EnvImpl : [HWA_CAM3]getPackageName :  io.framework7.classroom
03-06 14:48:32.287   740  1158 I HwaUtils: [ff00962_64I] getProductExtendName() path=MHA
03-06 14:48:32.287   740  1158 I HwaUtils: [ff00962_64I] getOneCfgFile() path=NULL
03-06 14:48:32.287   740  1158 I HwaDMapIpp: [ff00962_64I] checkNeedSwapCalibrationData() ConfigFile NULL
03-06 14:48:32.288   740  1158 D Misc____: [ff00962_64D] enter loadRequest
03-06 14:48:32.288   740  1158 D EnvImpl : [HWA_CAM3]getPackageName :  io.framework7.classroom
03-06 14:48:32.288   740  1158 D IppAlgoFilter: [HWA_CAM3]loadPreviewRequest() REQUEST_DMAP_SWAP, status:0
03-06 14:48:32.288   740  1158 D EnvImpl : [HWA_CAM3]getPackageName :  io.framework7.classroom
03-06 14:48:32.288   740  1158 I chatty  : uid=1013(media) pl#2 identical 1 line
03-06 14:48:32.288   740  1158 D EnvImpl : [HWA_CAM3]getPackageName :  io.framework7.classroom
03-06 14:48:32.290   740 18735 E IppAlgoSmartAE: [ff00962_64E] doSmartAEAlgo() failed to getSceneMode
03-06 14:48:32.290   740 18735 D contrastCal: ae_gain:1454, ae_iso:283, frame_rate:20, frameWidth:1280, frameHeight:720
03-06 14:48:32.291   740 18735 I contrastCal: [smartAf]contrast_cal_process: giNumFlagDoAF = 73, focus_stage = 0
03-06 14:48:32.292   740 18721 E DeviceBaseImpl: [HWA_CAM3]getAfObjectDistance get ANDROID_HW_AF_OBJECT_DISTANCD fail
03-06 14:48:32.292   740 18721 D Misc____: [ff00962_64D] onProcessFrame(666), afDistance(0.000000)
03-06 14:48:32.292   740 18723 I YuvCalculate: mono_mode: 0, ae_stable: [0, 0], colorDis: 0, buf_cnt:1
03-06 14:48:32.292   740 18725 I GRALLOC : LockFlexLayout: baseFormat: 11, yStride: 1920, ySize: 2073600, uOffset: 2073600,  uStride: 1920
03-06 14:48:32.293   740 18725 I GRALLOC : LockFlexLayout: baseFormat: 11, yStride: 1920, ySize: 2073600, uOffset: 2073600,  uStride: 1920
03-06 14:48:32.294   722 18710 I GRALLOC : LockFlexLayout: baseFormat: 11, yStride: 1920, ySize: 2073600, uOffset: 2073600,  uStride: 1920
03-06 14:48:32.296   722 18705 I Camera3-Stream: getBuffer: Stream 0, 0xf392d700: Already dequeued max output buffers (7), wait for next returned one.
03-06 14:48:32.302   740 18723 I YuvCalculate: onSubAlgoProcess() yuv lum calc, main_lum:0, aux_lum:0, sat:0, green:0, blue:0, expo0:[0, 0x0, 0], expo1:[0, 0x0, 0]
03-06 14:48:32.306   740 18723 I AntiBanding: onSubAlgoProcess() mAlgoCtx.continue_detect_cnt :0, mAlgoCtx.succ_detect_cnt : 0, mAlgoCtx.motion_flag = 0, detect_result:0, frequency_detected = 0,cur_expo = 40000
03-06 14:48:32.337   740 18735 E IppAlgoSmartAE: [ff00962_64E] doSmartAEAlgo() failed to getSceneMode
03-06 14:48:32.337   740 18735 D contrastCal: ae_gain:1454, ae_iso:283, frame_rate:20, frameWidth:1280, frameHeight:720
03-06 14:48:32.337   740 18735 I contrastCal: [smartAf]contrast_cal_process: giNumFlagDoAF = 74, focus_stage = 4
03-06 14:48:32.337   740 18735 I contrastCal: FocusRect =(w141, h141)
03-06 14:48:32.338   740 18735 I contrastCal: rect[top:290, left:570, width:141, height:141]
03-06 14:48:32.338   740 18735 I contrastCal: full win contrast:22
03-06 14:48:32.339   740 18721 E DeviceBaseImpl: [HWA_CAM3]getAfObjectDistance get ANDROID_HW_AF_OBJECT_DISTANCD fail
03-06 14:48:32.339   740 18721 D Misc____: [ff00962_64D] onProcessFrame(666), afDistance(0.000000)
03-06 14:48:32.340   740  1158 D EnvImpl : [HWA_CAM3]getPackageName :  io.framework7.classroom
03-06 14:48:32.340   740  1158 I HwaUtils: [ff00962_64I] getProductExtendName() path=MHA
03-06 14:48:32.340   740  1158 I HwaUtils: [ff00962_64I] getOneCfgFile() path=NULL
03-06 14:48:32.340   740  1158 I HwaDMapIpp: [ff00962_64I] checkNeedSwapCalibrationData() ConfigFile NULL
03-06 14:48:32.340   740  1158 D Misc____: [ff00962_64D] enter loadRequest
03-06 14:48:32.340   740  1158 D EnvImpl : [HWA_CAM3]getPackageName :  io.framework7.classroom
03-06 14:48:32.340   740  1158 D IppAlgoFilter: [HWA_CAM3]loadPreviewRequest() REQUEST_DMAP_SWAP, status:0
03-06 14:48:32.340   740  1158 D EnvImpl : [HWA_CAM3]getPackageName :  io.framework7.classroom
03-06 14:48:32.340   740  1158 I chatty  : uid=1013(media) pl#2 identical 1 line
03-06 14:48:32.340   740  1158 D EnvImpl : [HWA_CAM3]getPackageName :  io.framework7.classroom
03-06 14:48:32.344   740 18725 I GRALLOC : LockFlexLayout: baseFormat: 11, yStride: 1920, ySize: 2073600, uOffset: 2073600,  uStride: 1920
03-06 14:48:32.344   740 18725 I GRALLOC : LockFlexLayout: baseFormat: 11, yStride: 1920, ySize: 2073600, uOffset: 2073600,  uStride: 1920
03-06 14:48:32.345   740 18735 I contrastCal: debug_af, point_light_flag:0, curr[code:384, fv:22, light num:0]
03-06 14:48:32.346   740 18723 I YuvCalculate: mono_mode: 0, ae_stable: [0, 0], colorDis: 0, buf_cnt:1
03-06 14:48:32.347   722 18705 I Camera3-Stream: getBuffer: Stream 2, 0xf392d880: Already dequeued max output buffers (7), wait for next returned one.
03-06 14:48:32.348   722 18705 I Camera3-Stream: getBuffer: Stream 0, 0xf392d700: Already dequeued max output buffers (7), wait for next returned one.
03-06 14:48:32.348   722 18710 I GRALLOC : LockFlexLayout: baseFormat: 11, yStride: 1920, ySize: 2073600, uOffset: 2073600,  uStride: 1920
03-06 14:48:32.358   740 18723 I YuvCalculate: onSubAlgoProcess() yuv lum calc, main_lum:0, aux_lum:0, sat:0, green:0, blue:5, expo0:[0, 0x0, 0], expo1:[0, 0x0, 0]
03-06 14:48:32.362   740 18723 I AntiBanding: onSubAlgoProcess() mAlgoCtx.continue_detect_cnt :1, mAlgoCtx.succ_detect_cnt : 0, mAlgoCtx.motion_flag = 0, detect_result:0, frequency_detected = 7,cur_expo = 40000
03-06 14:48:32.387   740  1158 D EnvImpl : [HWA_CAM3]getPackageName :  io.framework7.classroom
03-06 14:48:32.388   740  1158 I HwaUtils: [ff00962_64I] getProductExtendName() path=MHA
03-06 14:48:32.388   740  1158 I HwaUtils: [ff00962_64I] getOneCfgFile() path=NULL
03-06 14:48:32.388   740  1158 I HwaDMapIpp: [ff00962_64I] checkNeedSwapCalibrationData() ConfigFile NULL
03-06 14:48:32.388   740  1158 D Misc____: [ff00962_64D] enter loadRequest
03-06 14:48:32.388   740  1158 D EnvImpl : [HWA_CAM3]getPackageName :  io.framework7.classroom
03-06 14:48:32.388   740 18735 E IppAlgoSmartAE: [ff00962_64E] doSmartAEAlgo() failed to getSceneMode
03-06 14:48:32.388   740  1158 D IppAlgoFilter: [HWA_CAM3]loadPreviewRequest() REQUEST_DMAP_SWAP, status:0
03-06 14:48:32.388   740  1158 D EnvImpl : [HWA_CAM3]getPackageName :  io.framework7.classroom
03-06 14:48:32.388   740  1158 I chatty  : uid=1013(media) pl#2 identical 1 line
03-06 14:48:32.388   740  1158 D EnvImpl : [HWA_CAM3]getPackageName :  io.framework7.classroom
03-06 14:48:32.388   740 18735 D contrastCal: ae_gain:1328, ae_iso:259, frame_rate:20, frameWidth:1280, frameHeight:720
03-06 14:48:32.388   740 18735 I contrastCal: [smartAf]contrast_cal_process: giNumFlagDoAF = 75, focus_stage = 4
03-06 14:48:32.389   740 18721 E DeviceBaseImpl: [HWA_CAM3]getAfObjectDistance get ANDROID_HW_AF_OBJECT_DISTANCD fail
03-06 14:48:32.389   740 18721 D Misc____: [ff00962_64D] onProcessFrame(666), afDistance(0.000000)
03-06 14:48:32.389   740 18735 I contrastCal: FocusRect =(w141, h141)
03-06 14:48:32.389   740 18735 I contrastCal: rect[top:290, left:570, width:141, height:141]
03-06 14:48:32.390   740 18735 I contrastCal: full win contrast:23
03-06 14:48:32.392   740 18735 I contrastCal: debug_af, point_light_flag:0, curr[code:440, fv:23, light num:0]
03-06 14:48:32.393   740 18725 I GRALLOC : LockFlexLayout: baseFormat: 11, yStride: 1920, ySize: 2073600, uOffset: 2073600,  uStride: 1920
03-06 14:48:32.394   740 18723 I YuvCalculate: mono_mode: 0, ae_stable: [0, 0], colorDis: 0, buf_cnt:1
03-06 14:48:32.394   740 18725 I GRALLOC : LockFlexLayout: baseFormat: 11, yStride: 1920, ySize: 2073600, uOffset: 2073600,  uStride: 1920
03-06 14:48:32.396   740 18723 I YuvCalculate: onSubAlgoProcess() yuv lum calc, main_lum:0, aux_lum:0, sat:0, green:0, blue:7, expo0:[0, 0x0, 0], expo1:[0, 0x0, 0]
03-06 14:48:32.396   722 18705 I Camera3-Stream: getBuffer: Stream 0, 0xf392d700: Already dequeued max output buffers (7), wait for next returned one.
03-06 14:48:32.396   740 18723 I AntiBanding: onSubAlgoProcess() mAlgoCtx.continue_detect_cnt :2, mAlgoCtx.succ_detect_cnt : 0, mAlgoCtx.motion_flag = 0, detect_result:0, frequency_detected = 0,cur_expo = 40000
03-06 14:48:32.396   722 18710 I GRALLOC : LockFlexLayout: baseFormat: 11, yStride: 1920, ySize: 2073600, uOffset: 2073600,  uStride: 1920
03-06 14:48:32.437   740 18735 E IppAlgoSmartAE: [ff00962_64E] doSmartAEAlgo() failed to getSceneMode
03-06 14:48:32.437   740  1158 D EnvImpl : [HWA_CAM3]getPackageName :  io.framework7.classroom
03-06 14:48:32.437   740  1158 I HwaUtils: [ff00962_64I] getProductExtendName() path=MHA
03-06 14:48:32.437   740 18735 D contrastCal: ae_gain:1296, ae_iso:253, frame_rate:20, frameWidth:1280, frameHeight:720
03-06 14:48:32.437   740  1158 I HwaUtils: [ff00962_64I] getOneCfgFile() path=NULL
03-06 14:48:32.437   740 18735 I contrastCal: [smartAf]contrast_cal_process: giNumFlagDoAF = 76, focus_stage = 4
03-06 14:48:32.437   740  1158 I HwaDMapIpp: [ff00962_64I] checkNeedSwapCalibrationData() ConfigFile NULL
03-06 14:48:32.437   740  1158 D Misc____: [ff00962_64D] enter loadRequest
03-06 14:48:32.437   740  1158 D EnvImpl : [HWA_CAM3]getPackageName :  io.framework7.classroom
03-06 14:48:32.437   740  1158 D IppAlgoFilter: [HWA_CAM3]loadPreviewRequest() REQUEST_DMAP_SWAP, status:0
03-06 14:48:32.437   740  1158 D EnvImpl : [HWA_CAM3]getPackageName :  io.framework7.classroom
03-06 14:48:32.437   740  1158 I chatty  : uid=1013(media) pl#2 identical 1 line
03-06 14:48:32.438   740  1158 D EnvImpl : [HWA_CAM3]getPackageName :  io.framework7.classroom
03-06 14:48:32.438   740 18735 I contrastCal: FocusRect =(w141, h141)
03-06 14:48:32.438   740 18735 I contrastCal: rect[top:290, left:570, width:141, height:141]
03-06 14:48:32.438   740 18735 I contrastCal: full win contrast:21
03-06 14:48:32.439   740 18721 E DeviceBaseImpl: [HWA_CAM3]getAfObjectDistance get ANDROID_HW_AF_OBJECT_DISTANCD fail
03-06 14:48:32.439   740 18721 D Misc____: [ff00962_64D] onProcessFrame(666), afDistance(0.000000)
03-06 14:48:32.441   740 18735 I contrastCal: debug_af, point_light_flag:0, curr[code:440, fv:21, light num:0]
03-06 14:48:32.442   740 18723 I YuvCalculate: mono_mode: 0, ae_stable: [0, 0], colorDis: 0, buf_cnt:1
03-06 14:48:32.444   740 18725 I GRALLOC : LockFlexLayout: baseFormat: 11, yStride: 1920, ySize: 2073600, uOffset: 2073600,  uStride: 1920
03-06 14:48:32.445   740 18725 I GRALLOC : LockFlexLayout: baseFormat: 11, yStride: 1920, ySize: 2073600, uOffset: 2073600,  uStride: 1920
03-06 14:48:32.446   722 18705 I Camera3-Stream: getBuffer: Stream 2, 0xf392d880: Already dequeued max output buffers (7), wait for next returned one.
03-06 14:48:32.448   722 18710 I GRALLOC : LockFlexLayout: baseFormat: 11, yStride: 1920, ySize: 2073600, uOffset: 2073600,  uStride: 1920
03-06 14:48:32.450   740 18723 I YuvCalculate: onSubAlgoProcess() yuv lum calc, main_lum:0, aux_lum:0, sat:0, green:0, blue:9, expo0:[0, 0x0, 0], expo1:[0, 0x0, 0]
03-06 14:48:32.488   740  1158 D EnvImpl : [HWA_CAM3]getPackageName :  io.framework7.classroom
03-06 14:48:32.488   740 18735 E IppAlgoSmartAE: [ff00962_64E] doSmartAEAlgo() failed to getSceneMode
03-06 14:48:32.489   740  1158 I HwaUtils: [ff00962_64I] getProductExtendName() path=MHA
03-06 14:48:32.489   740  1158 I HwaUtils: [ff00962_64I] getOneCfgFile() path=NULL
03-06 14:48:32.489   740  1158 I HwaDMapIpp: [ff00962_64I] checkNeedSwapCalibrationData() ConfigFile NULL
03-06 14:48:32.489   740 18735 D contrastCal: ae_gain:1388, ae_iso:271, frame_rate:20, frameWidth:1280, frameHeight:720
03-06 14:48:32.489   740  1158 D Misc____: [ff00962_64D] enter loadRequest
03-06 14:48:32.489   740 18735 I contrastCal: [smartAf]contrast_cal_process: giNumFlagDoAF = 77, focus_stage = 4
03-06 14:48:32.489   740  1158 D EnvImpl : [HWA_CAM3]getPackageName :  io.framework7.classroom
03-06 14:48:32.489   740  1158 D IppAlgoFilter: [HWA_CAM3]loadPreviewRequest() REQUEST_DMAP_SWAP, status:0
03-06 14:48:32.489   740  1158 D EnvImpl : [HWA_CAM3]getPackageName :  io.framework7.classroom
03-06 14:48:32.489   740  1158 I chatty  : uid=1013(media) pl#2 identical 1 line
03-06 14:48:32.489   740  1158 D EnvImpl : [HWA_CAM3]getPackageName :  io.framework7.classroom
03-06 14:48:32.489   740 18735 I contrastCal: FocusRect =(w143, h143)
03-06 14:48:32.489   740 18735 I contrastCal: rect[top:289, left:569, width:143, height:143]
03-06 14:48:32.490   740 18735 I contrastCal: full win contrast:28
03-06 14:48:32.491   740 18735 I contrastCal: debug_af, point_light_flag:0, curr[code:496, fv:28, light num:0]
03-06 14:48:32.491   740 18721 E DeviceBaseImpl: [HWA_CAM3]getAfObjectDistance get ANDROID_HW_AF_OBJECT_DISTANCD fail
03-06 14:48:32.491   740 18721 D Misc____: [ff00962_64D] onProcessFrame(666), afDistance(0.000000)
03-06 14:48:32.492   740 18725 I GRALLOC : LockFlexLayout: baseFormat: 11, yStride: 1920, ySize: 2073600, uOffset: 2073600,  uStride: 1920
03-06 14:48:32.494   740 18725 I GRALLOC : LockFlexLayout: baseFormat: 11, yStride: 1920, ySize: 2073600, uOffset: 2073600,  uStride: 1920
03-06 14:48:32.496   722 18705 I Camera3-Stream: getBuffer: Stream 0, 0xf392d700: Already dequeued max output buffers (7), wait for next returned one.
03-06 14:48:32.496   740 18723 I YuvCalculate: mono_mode: 0, ae_stable: [0, 0], colorDis: 0, buf_cnt:1
03-06 14:48:32.496   722 18710 I GRALLOC : LockFlexLayout: baseFormat: 11, yStride: 1920, ySize: 2073600, uOffset: 2073600,  uStride: 1920
03-06 14:48:32.501   740 18723 I YuvCalculate: onSubAlgoProcess() yuv lum calc, main_lum:0, aux_lum:0, sat:0, green:0, blue:6, expo0:[0, 0x0, 0], expo1:[0, 0x0, 0]
03-06 14:48:32.508   740 18723 I AntiBanding: onSubAlgoProcess() mAlgoCtx.continue_detect_cnt :1, mAlgoCtx.succ_detect_cnt : 0, mAlgoCtx.motion_flag = 1, detect_result:0, frequency_detected = 7,cur_expo = 30000
03-06 14:48:32.537   740 18735 E IppAlgoSmartAE: [ff00962_64E] doSmartAEAlgo() failed to getSceneMode
03-06 14:48:32.537   740  1158 D EnvImpl : [HWA_CAM3]getPackageName :  io.framework7.classroom
03-06 14:48:32.537   740  1158 I HwaUtils: [ff00962_64I] getProductExtendName() path=MHA
03-06 14:48:32.537   740  1158 I HwaUtils: [ff00962_64I] getOneCfgFile() path=NULL
03-06 14:48:32.537   740 18735 D contrastCal: ae_gain:1320, ae_iso:257, frame_rate:20, frameWidth:1280, frameHeight:720
03-06 14:48:32.537   740  1158 I HwaDMapIpp: [ff00962_64I] checkNeedSwapCalibrationData() ConfigFile NULL
03-06 14:48:32.537   740 18735 I contrastCal: [smartAf]contrast_cal_process: giNumFlagDoAF = 78, focus_stage = 4
03-06 14:48:32.537   740  1158 D Misc____: [ff00962_64D] enter loadRequest
03-06 14:48:32.537   740  1158 D EnvImpl : [HWA_CAM3]getPackageName :  io.framework7.classroom
03-06 14:48:32.537   740  1158 D IppAlgoFilter: [HWA_CAM3]loadPreviewRequest() REQUEST_DMAP_SWAP, status:0
03-06 14:48:32.537   740  1158 D EnvImpl : [HWA_CAM3]getPackageName :  io.framework7.classroom
03-06 14:48:32.537   740  1158 I chatty  : uid=1013(media) pl#2 identical 1 line
03-06 14:48:32.537   740  1158 D EnvImpl : [HWA_CAM3]getPackageName :  io.framework7.classroom
03-06 14:48:32.537   740 18735 I contrastCal: FocusRect =(w143, h143)
03-06 14:48:32.538   740 18735 I contrastCal: rect[top:289, left:569, width:143, height:143]
03-06 14:48:32.538   740 18735 I contrastCal: full win contrast:31
03-06 14:48:32.540   740 18721 E DeviceBaseImpl: [HWA_CAM3]getAfObjectDistance get ANDROID_HW_AF_OBJECT_DISTANCD fail
03-06 14:48:32.540   740 18721 D Misc____: [ff00962_64D] onProcessFrame(666), afDistance(0.000000)
03-06 14:48:32.542   740 18725 I GRALLOC : LockFlexLayout: baseFormat: 11, yStride: 1920, ySize: 2073600, uOffset: 2073600,  uStride: 1920
03-06 14:48:32.543   740 18735 I contrastCal: debug_af, point_light_flag:0, curr[code:496, fv:31, light num:0]
03-06 14:48:32.543   740 18723 I YuvCalculate: mono_mode: 0, ae_stable: [0, 0], colorDis: 0, buf_cnt:1
03-06 14:48:32.543   740 18725 I GRALLOC : LockFlexLayout: baseFormat: 11, yStride: 1920, ySize: 2073600, uOffset: 2073600,  uStride: 1920
03-06 14:48:32.545   722 18710 I GRALLOC : LockFlexLayout: baseFormat: 11, yStride: 1920, ySize: 2073600, uOffset: 2073600,  uStride: 1920
03-06 14:48:32.546   722 18705 I Camera3-Stream: getBuffer: Stream 0, 0xf392d700: Already dequeued max output buffers (7), wait for next returned one.
03-06 14:48:32.548   740 18723 I YuvCalculate: onSubAlgoProcess() yuv lum calc, main_lum:0, aux_lum:0, sat:0, green:0, blue:0, expo0:[0, 0x0, 0], expo1:[0, 0x0, 0]
03-06 14:48:32.556   740 18723 I AntiBanding: onSubAlgoProcess() mAlgoCtx.continue_detect_cnt :1, mAlgoCtx.succ_detect_cnt : 0, mAlgoCtx.motion_flag = 1, detect_result:0, frequency_detected = 7,cur_expo = 30000
03-06 14:48:32.587   740  1158 D EnvImpl : [HWA_CAM3]getPackageName :  io.framework7.classroom
03-06 14:48:32.587   740 18735 E IppAlgoSmartAE: [ff00962_64E] doSmartAEAlgo() failed to getSceneMode
03-06 14:48:32.587   740  1158 I HwaUtils: [ff00962_64I] getProductExtendName() path=MHA
03-06 14:48:32.587   740  1158 I HwaUtils: [ff00962_64I] getOneCfgFile() path=NULL
03-06 14:48:32.587   740  1158 I HwaDMapIpp: [ff00962_64I] checkNeedSwapCalibrationData() ConfigFile NULL
03-06 14:48:32.587   740 18735 D contrastCal: ae_gain:1340, ae_iso:261, frame_rate:20, frameWidth:1280, frameHeight:720
03-06 14:48:32.587   740 18735 I contrastCal: [smartAf]contrast_cal_process: giNumFlagDoAF = 79, focus_stage = 4
03-06 14:48:32.587   740  1158 D Misc____: [ff00962_64D] enter loadRequest
03-06 14:48:32.587   740  1158 D EnvImpl : [HWA_CAM3]getPackageName :  io.framework7.classroom
03-06 14:48:32.587   740  1158 D IppAlgoFilter: [HWA_CAM3]loadPreviewRequest() REQUEST_DMAP_SWAP, status:0
03-06 14:48:32.587   740  1158 D EnvImpl : [HWA_CAM3]getPackageName :  io.framework7.classroom
03-06 14:48:32.587   740  1158 I chatty  : uid=1013(media) pl#2 identical 1 line
03-06 14:48:32.587   740  1158 D EnvImpl : [HWA_CAM3]getPackageName :  io.framework7.classroom
03-06 14:48:32.588   740 18735 I contrastCal: FocusRect =(w143, h143)
03-06 14:48:32.588   740 18735 I contrastCal: rect[top:289, left:569, width:143, height:143]
03-06 14:48:32.590   740 18735 I contrastCal: full win contrast:35
03-06 14:48:32.591   740 18725 I GRALLOC : LockFlexLayout: baseFormat: 11, yStride: 1920, ySize: 2073600, uOffset: 2073600,  uStride: 1920
03-06 14:48:32.591   740 18735 I contrastCal: debug_af, point_light_flag:0, curr[code:552, fv:35, light num:0]
03-06 14:48:32.591   740 18725 I GRALLOC : LockFlexLayout: baseFormat: 11, yStride: 1920, ySize: 2073600, uOffset: 2073600,  uStride: 1920
03-06 14:48:32.592   740 18723 I YuvCalculate: mono_mode: 0, ae_stable: [0, 0], colorDis: 0, buf_cnt:1
03-06 14:48:32.593   740 18721 E DeviceBaseImpl: [HWA_CAM3]getAfObjectDistance get ANDROID_HW_AF_OBJECT_DISTANCD fail
03-06 14:48:32.593   740 18721 D Misc____: [ff00962_64D] onProcessFrame(666), afDistance(0.000000)
03-06 14:48:32.597   722 18710 I GRALLOC : LockFlexLayout: baseFormat: 11, yStride: 1920, ySize: 2073600, uOffset: 2073600,  uStride: 1920
03-06 14:48:32.600   740 18723 I YuvCalculate: onSubAlgoProcess() yuv lum calc, main_lum:0, aux_lum:0, sat:0, green:0, blue:3, expo0:[0, 0x0, 0], expo1:[0, 0x0, 0]
03-06 14:48:32.601   722 18705 I Camera3-Stream: getBuffer: Stream 0, 0xf392d700: Already dequeued max output buffers (7), wait for next returned one.
