03-06 14:48:31.537   740  1158 D EnvImpl : [HWA_CAM3]getPackageName :  io.framework7.classroom
03-06 14:48:31.537   740  1158 I chatty  : uid=1013(media) pl#2 identical 1 line
03-06 14:48:31.537   740  1158 D EnvImpl : [HWA_CAM3]getPackageName :  io.framework7.classroom
03-06 14:48:31.538   740 18735 E IppAlgoSmartAE: [ff00962_64E] doSmartAEAlgo() failed to getSceneMode
03-06 14:48:31.538   740 18735 D contrastCal: ae_gain:1461, ae_iso:285, frame_rate:20, frameWidth:1280, frameHeight:720
03-06 14:48:31.538   740 18735 I contrastCal: [smartAf]contrast_cal_process: giNumFlagDoAF = 58, focus_stage = 0
03-06 14:48:31.538   740 18723 I YuvCalculate: mono_mode: 0, ae_stable: [0, 0], colorDis: 0, buf_cnt:1
03-06 14:48:31.540   740 18721 E DeviceBaseImpl: [HWA_CAM3]getAfObjectDistance get ANDROID_HW_AF_OBJECT_DISTANCD fail
03-06 14:48:31.540   740 18721 D Misc____: [ff00962_64D] onProcessFrame(666), afDistance(0.000000)
03-06 14:48:31.544   740 18725 I GRALLOC : LockFlexLayout: baseFormat: 11, yStride: 1920, ySize: 2073600, uOffset: 2073600,  uStride: 1920
03-06 14:48:31.544   740 18723 I YuvCalculate: onSubAlgoProcess() yuv lum calc, main_lum:0, aux_lum:0, sat:0, green:0, blue:17, expo0:[0, 0x0, 0], expo1:[0, 0x0, 0]
03-06 14:48:31.544   740 18725 I GRALLOC : LockFlexLayout: baseFormat: 11, yStride: 1920, ySize: 2073600, uOffset: 2073600,  uStride: 1920
03-06 14:48:31.546   722 18705 I Camera3-Stream: getBuffer: Stream 0, 0xf392d700: Already dequeued max output buffers (7), wait for next returned one.
03-06 14:48:31.546   722 18710 I GRALLOC : LockFlexLayout: baseFormat: 11, yStride: 1920, ySize: 2073600, uOffset: 2073600,  uStride: 1920
03-06 14:48:31.549   740 18723 I AntiBanding: onSubAlgoProcess() mAlgoCtx.continue_detect_cnt :1, mAlgoCtx.succ_detect_cnt : 0, mAlgoCtx.motion_flag = 0, detect_result:0, frequency_detected = 7,cur_expo = 30000
03-06 14:48:31.587   740  1158 D EnvImpl : [HWA_CAM3]getPackageName :  io.framework7.classroom
03-06 14:48:31.587   740  1158 I HwaUtils: [ff00962_64I] getProductExtendName() path=MHA
03-06 14:48:31.587   740  1158 I HwaUtils: [ff00962_64I] getOneCfgFile() path=NULL
03-06 14:48:31.587   740  1158 I HwaDMapIpp: [ff00962_64I] checkNeedSwapCalibrationData() ConfigFile NULL
03-06 14:48:31.587   740  1158 D Misc____: [ff00962_64D] enter loadRequest
03-06 14:48:31.587   740  1158 D EnvImpl : [HWA_CAM3]getPackageName :  io.framework7.classroom
03-06 14:48:31.587   740  1158 D IppAlgoFilter: [HWA_CAM3]loadPreviewRequest() REQUEST_DMAP_SWAP, status:0
03-06 14:48:31.587   740  1158 D EnvImpl : [HWA_CAM3]getPackageName :  io.framework7.classroom
03-06 14:48:31.587   740  1158 I chatty  : uid=1013(media) pl#2 identical 1 line
03-06 14:48:31.587   740  1158 D EnvImpl : [HWA_CAM3]getPackageName :  io.framework7.classroom
03-06 14:48:31.587   740 18735 E IppAlgoSmartAE: [ff00962_64E] doSmartAEAlgo() failed to getSceneMode
03-06 14:48:31.587   740 18735 D contrastCal: ae_gain:1512, ae_iso:295, frame_rate:20, frameWidth:1280, frameHeight:720
03-06 14:48:31.587   740 18735 I contrastCal: [smartAf]contrast_cal_process: giNumFlagDoAF = 59, focus_stage = 0
03-06 14:48:31.589   740 18723 I YuvCalculate: mono_mode: 0, ae_stable: [0, 0], colorDis: 0, buf_cnt:1
03-06 14:48:31.590   740 18721 E DeviceBaseImpl: [HWA_CAM3]getAfObjectDistance get ANDROID_HW_AF_OBJECT_DISTANCD fail
03-06 14:48:31.590   740 18721 D Misc____: [ff00962_64D] onProcessFrame(666), afDistance(0.000000)
03-06 14:48:31.592   740 18723 I YuvCalculate: onSubAlgoProcess() yuv lum calc, main_lum:0, aux_lum:0, sat:0, green:0, blue:13, expo0:[0, 0x0, 0], expo1:[0, 0x0, 0]
03-06 14:48:31.592   740 18723 I AntiBanding: onSubAlgoProcess() mAlgoCtx.continue_detect_cnt :2, mAlgoCtx.succ_detect_cnt : 0, mAlgoCtx.motion_flag = 0, detect_result:0, frequency_detected = 0,cur_expo = 30000
03-06 14:48:31.594   740 18725 I GRALLOC : LockFlexLayout: baseFormat: 11, yStride: 1920, ySize: 2073600, uOffset: 2073600,  uStride: 1920
03-06 14:48:31.595   740 18725 I GRALLOC : LockFlexLayout: baseFormat: 11, yStride: 1920, ySize: 2073600, uOffset: 2073600,  uStride: 1920
03-06 14:48:31.597   722 18705 I Camera3-Stream: getBuffer: Stream 2, 0xf392d880: Already dequeued max output buffers (7), wait for next returned one.
03-06 14:48:31.597   722 18705 I Camera3-Stream: getBuffer: Stream 0, 0xf392d700: Already dequeued max output buffers (7), wait for next returned one.
03-06 14:48:31.598   722 18710 I GRALLOC : LockFlexLayout: baseFormat: 11, yStride: 1920, ySize: 2073600, uOffset: 2073600,  uStride: 1920
03-06 14:48:31.637   740 18735 E IppAlgoSmartAE: [ff00962_64E] doSmartAEAlgo() failed to getSceneMode
03-06 14:48:31.637   740 18735 D contrastCal: ae_gain:1460, ae_iso:285, frame_rate:20, frameWidth:1280, frameHeight:720
03-06 14:48:31.637   740 18735 I contrastCal: [smartAf]contrast_cal_process: giNumFlagDoAF = 60, focus_stage = 0
03-06 14:48:31.637   740  1158 D EnvImpl : [HWA_CAM3]getPackageName :  io.framework7.classroom
03-06 14:48:31.637   740  1158 I HwaUtils: [ff00962_64I] getProductExtendName() path=MHA
03-06 14:48:31.637   740  1158 I HwaUtils: [ff00962_64I] getOneCfgFile() path=NULL
03-06 14:48:31.637   740  1158 I HwaDMapIpp: [ff00962_64I] checkNeedSwapCalibrationData() ConfigFile NULL
03-06 14:48:31.638   740  1158 D Misc____: [ff00962_64D] enter loadRequest
03-06 14:48:31.638   740  1158 D EnvImpl : [HWA_CAM3]getPackageName :  io.framework7.classroom
03-06 14:48:31.638   740  1158 D IppAlgoFilter: [HWA_CAM3]loadPreviewRequest() REQUEST_DMAP_SWAP, status:0
03-06 14:48:31.638   740  1158 D EnvImpl : [HWA_CAM3]getPackageName :  io.framework7.classroom
03-06 14:48:31.638   740  1158 I chatty  : uid=1013(media) pl#2 identical 1 line
03-06 14:48:31.638   740  1158 D EnvImpl : [HWA_CAM3]getPackageName :  io.framework7.classroom
03-06 14:48:31.639   740 18723 I YuvCalculate: mono_mode: 0, ae_stable: [0, 0], colorDis: 0, buf_cnt:1
03-06 14:48:31.640   740 18721 E DeviceBaseImpl: [HWA_CAM3]getAfObjectDistance get ANDROID_HW_AF_OBJECT_DISTANCD fail
03-06 14:48:31.640   740 18721 D Misc____: [ff00962_64D] onProcessFrame(666), afDistance(0.000000)
03-06 14:48:31.642   740 18723 I YuvCalculate: onSubAlgoProcess() yuv lum calc, main_lum:0, aux_lum:0, sat:0, green:0, blue:9, expo0:[0, 0x0, 0], expo1:[0, 0x0, 0]
03-06 14:48:31.644   740 18725 I GRALLOC : LockFlexLayout: baseFormat: 11, yStride: 1920, ySize: 2073600, uOffset: 2073600,  uStride: 1920
03-06 14:48:31.645   740 18725 I GRALLOC : LockFlexLayout: baseFormat: 11, yStride: 1920, ySize: 2073600, uOffset: 2073600,  uStride: 1920
03-06 14:48:31.646   722 18705 I Camera3-Stream: getBuffer: Stream 2, 0xf392d880: Already dequeued max output buffers (7), wait for next returned one.
03-06 14:48:31.647   722 18710 I GRALLOC : LockFlexLayout: baseFormat: 11, yStride: 1920, ySize: 2073600, uOffset: 2073600,  uStride: 1920
03-06 14:48:31.687   740  1158 D EnvImpl : [HWA_CAM3]getPackageName :  io.framework7.classroom
03-06 14:48:31.687   740  1158 I HwaUtils: [ff00962_64I] getProductExtendName() path=MHA
03-06 14:48:31.687   740  1158 I HwaUtils: [ff00962_64I] getOneCfgFile() path=NULL
03-06 14:48:31.687   740  1158 I HwaDMapIpp: [ff00962_64I] checkNeedSwapCalibrationData() ConfigFile NULL
03-06 14:48:31.687   740  1158 D Misc____: [ff00962_64D] enter loadRequest
03-06 14:48:31.687   740  1158 D EnvImpl : [HWA_CAM3]getPackageName :  io.framework7.classroom
03-06 14:48:31.687   740  1158 D IppAlgoFilter: [HWA_CAM3]loadPreviewRequest() REQUEST_DMAP_SWAP, status:0
03-06 14:48:31.687   740  1158 D EnvImpl : [HWA_CAM3]getPackageName :  io.framework7.classroom
03-06 14:48:31.687   740  1158 I chatty  : uid=1013(media) pl#2 identical 1 line
03-06 14:48:31.687   740  1158 D EnvImpl : [HWA_CAM3]getPackageName :  io.framework7.classroom
03-06 14:48:31.688   740 18735 E IppAlgoSmartAE: [ff00962_64E] doSmartAEAlgo() failed to getSceneMode
03-06 14:48:31.689   740 18735 D contrastCal: ae_gain:1460, ae_iso:285, frame_rate:20, frameWidth:1280, frameHeight:720
03-06 14:48:31.689   740 18735 I contrastCal: [smartAf]contrast_cal_process: giNumFlagDoAF = 61, focus_stage = 0
03-06 14:48:31.689   740 18721 E DeviceBaseImpl: [HWA_CAM3]getAfObjectDistance get ANDROID_HW_AF_OBJECT_DISTANCD fail
03-06 14:48:31.689   740 18721 D Misc____: [ff00962_64D] onProcessFrame(666), afDistance(0.000000)
03-06 14:48:31.689   740 18723 I YuvCalculate: mono_mode: 0, ae_stable: [0, 0], colorDis: 0, buf_cnt:1
03-06 14:48:31.693   740 18725 I GRALLOC : LockFlexLayout: baseFormat: 11, yStride: 1920, ySize: 2073600, uOffset: 2073600,  uStride: 1920
03-06 14:48:31.694   740 18725 I GRALLOC : LockFlexLayout: baseFormat: 11, yStride: 1920, ySize: 2073600, uOffset: 2073600,  uStride: 1920
03-06 14:48:31.695   740 18723 I YuvCalculate: onSubAlgoProcess() yuv lum calc, main_lum:0, aux_lum:0, sat:0, green:0, blue:1, expo0:[0, 0x0, 0], expo1:[0, 0x0, 0]
03-06 14:48:31.696   722 18705 I Camera3-Stream: getBuffer: Stream 0, 0xf392d700: Already dequeued max output buffers (7), wait for next returned one.
03-06 14:48:31.696   722 18710 I GRALLOC : LockFlexLayout: baseFormat: 11, yStride: 1920, ySize: 2073600, uOffset: 2073600,  uStride: 1920
03-06 14:48:31.701   740 18723 I AntiBanding: onSubAlgoProcess() mAlgoCtx.continue_detect_cnt :0, mAlgoCtx.succ_detect_cnt : 0, mAlgoCtx.motion_flag = 0, detect_result:0, frequency_detected = 0,cur_expo = 30000
03-06 14:48:31.737   740 18735 E IppAlgoSmartAE: [ff00962_64E] doSmartAEAlgo() failed to getSceneMode
03-06 14:48:31.737   740 18735 D contrastCal: ae_gain:1165, ae_iso:227, frame_rate:20, frameWidth:1280, frameHeight:720
03-06 14:48:31.737   740 18735 I contrastCal: [smartAf]contrast_cal_process: giNumFlagDoAF = 62, focus_stage = 0
03-06 14:48:31.738   740 18723 I YuvCalculate: mono_mode: 0, ae_stable: [0, 0], colorDis: 0, buf_cnt:1
03-06 14:48:31.738   740 18721 E DeviceBaseImpl: [HWA_CAM3]getAfObjectDistance get ANDROID_HW_AF_OBJECT_DISTANCD fail
03-06 14:48:31.738   740 18721 D Misc____: [ff00962_64D] onProcessFrame(666), afDistance(0.000000)
03-06 14:48:31.740   740  1158 D EnvImpl : [HWA_CAM3]getPackageName :  io.framework7.classroom
03-06 14:48:31.740   740  1158 I HwaUtils: [ff00962_64I] getProductExtendName() path=MHA
03-06 14:48:31.740   740  1158 I HwaUtils: [ff00962_64I] getOneCfgFile() path=NULL
03-06 14:48:31.740   740  1158 I HwaDMapIpp: [ff00962_64I] checkNeedSwapCalibrationData() ConfigFile NULL
03-06 14:48:31.740   740  1158 D Misc____: [ff00962_64D] enter loadRequest
03-06 14:48:31.740   740  1158 D EnvImpl : [HWA_CAM3]getPackageName :  io.framework7.classroom
03-06 14:48:31.740   740  1158 D IppAlgoFilter: [HWA_CAM3]loadPreviewRequest() REQUEST_DMAP_SWAP, status:0
03-06 14:48:31.740   740  1158 D EnvImpl : [HWA_CAM3]getPackageName :  io.framework7.classroom
03-06 14:48:31.740   740  1158 I chatty  : uid=1013(media) pl#2 identical 1 line
03-06 14:48:31.740   740  1158 D EnvImpl : [HWA_CAM3]getPackageName :  io.framework7.classroom
03-06 14:48:31.744   740 18725 I GRALLOC : LockFlexLayout: baseFormat: 11, yStride: 1920, ySize: 2073600, uOffset: 2073600,  uStride: 1920
03-06 14:48:31.745   740 18725 I GRALLOC : LockFlexLayout: baseFormat: 11, yStride: 1920, ySize: 2073600, uOffset: 2073600,  uStride: 1920
03-06 14:48:31.746   722 18705 I Camera3-Stream: getBuffer: Stream 2, 0xf392d880: Already dequeued max output buffers (7), wait for next returned one.
03-06 14:48:31.747   722 18710 I GRALLOC : LockFlexLayout: baseFormat: 11, yStride: 1920, ySize: 2073600, uOffset: 2073600,  uStride: 1920
03-06 14:48:31.750   740 18723 I YuvCalculate: onSubAlgoProcess() yuv lum calc, main_lum:0, aux_lum:0, sat:0, green:0, blue:0, expo0:[0, 0x0, 0], expo1:[0, 0x0, 0]
03-06 14:48:31.755   740 18723 I AntiBanding: onSubAlgoProcess() mAlgoCtx.continue_detect_cnt :1, mAlgoCtx.succ_detect_cnt : 0, mAlgoCtx.motion_flag = 0, detect_result:0, frequency_detected = 35,cur_expo = 40000
03-06 14:48:31.787   740  1158 D EnvImpl : [HWA_CAM3]getPackageName :  io.framework7.classroom
03-06 14:48:31.787   740 18735 E IppAlgoSmartAE: [ff00962_64E] doSmartAEAlgo() failed to getSceneMode
03-06 14:48:31.787   740  1158 I HwaUtils: [ff00962_64I] getProductExtendName() path=MHA
03-06 14:48:31.787   740  1158 I HwaUtils: [ff00962_64I] getOneCfgFile() path=NULL
03-06 14:48:31.787   740  1158 I HwaDMapIpp: [ff00962_64I] checkNeedSwapCalibrationData() ConfigFile NULL
03-06 14:48:31.787   740 18735 D contrastCal: ae_gain:1182, ae_iso:230, frame_rate:20, frameWidth:1280, frameHeight:720
03-06 14:48:31.787   740 18735 I contrastCal: [smartAf]contrast_cal_process: giNumFlagDoAF = 63, focus_stage = 0
03-06 14:48:31.787   740  1158 D Misc____: [ff00962_64D] enter loadRequest
03-06 14:48:31.787   740  1158 D EnvImpl : [HWA_CAM3]getPackageName :  io.framework7.classroom
03-06 14:48:31.787   740  1158 D IppAlgoFilter: [HWA_CAM3]loadPreviewRequest() REQUEST_DMAP_SWAP, status:0
03-06 14:48:31.787   740  1158 D EnvImpl : [HWA_CAM3]getPackageName :  io.framework7.classroom
03-06 14:48:31.787   740  1158 I chatty  : uid=1013(media) pl#2 identical 1 line
03-06 14:48:31.787   740  1158 D EnvImpl : [HWA_CAM3]getPackageName :  io.framework7.classroom
03-06 14:48:31.787   740 18723 I YuvCalculate: mono_mode: 0, ae_stable: [0, 0], colorDis: 0, buf_cnt:1
03-06 14:48:31.788   740 18721 E DeviceBaseImpl: [HWA_CAM3]getAfObjectDistance get ANDROID_HW_AF_OBJECT_DISTANCD fail
03-06 14:48:31.788   740 18721 D Misc____: [ff00962_64D] onProcessFrame(666), afDistance(0.000000)
03-06 14:48:31.792   740 18725 I GRALLOC : LockFlexLayout: baseFormat: 11, yStride: 1920, ySize: 2073600, uOffset: 2073600,  uStride: 1920
03-06 14:48:31.793   740 18725 I GRALLOC : LockFlexLayout: baseFormat: 11, yStride: 1920, ySize: 2073600, uOffset: 2073600,  uStride: 1920
03-06 14:48:31.793   722 18705 I Camera3-Stream: getBuffer: Stream 2, 0xf392d880: Already dequeued max output buffers (7), wait for next returned one.
03-06 14:48:31.794   740 18723 I YuvCalculate: onSubAlgoProcess() yuv lum calc, main_lum:0, aux_lum:0, sat:0, green:0, blue:0, expo0:[0, 0x0, 0], expo1:[0, 0x0, 0]
03-06 14:48:31.794   740 18723 I AntiBanding: onSubAlgoProcess() mAlgoCtx.continue_detect_cnt :2, mAlgoCtx.succ_detect_cnt : 0, mAlgoCtx.motion_flag = 0, detect_result:0, frequency_detected = 0,cur_expo = 40000
03-06 14:48:31.795   722 18710 I GRALLOC : LockFlexLayout: baseFormat: 11, yStride: 1920, ySize: 2073600, uOffset: 2073600,  uStride: 1920
03-06 14:48:31.838   740 18735 E IppAlgoSmartAE: [ff00962_64E] doSmartAEAlgo() failed to getSceneMode
03-06 14:48:31.838   740 18735 D contrastCal: ae_gain:1312, ae_iso:256, frame_rate:20, frameWidth:1280, frameHeight:720
03-06 14:48:31.838   740 18735 I contrastCal: [smartAf]contrast_cal_process: giNumFlagDoAF = 64, focus_stage = 0
03-06 14:48:31.838   740  1158 D EnvImpl : [HWA_CAM3]getPackageName :  io.framework7.classroom
03-06 14:48:31.838   740 18723 I YuvCalculate: mono_mode: 0, ae_stable: [0, 0], colorDis: 0, buf_cnt:1
03-06 14:48:31.839   740 18721 E DeviceBaseImpl: [HWA_CAM3]getAfObjectDistance get ANDROID_HW_AF_OBJECT_DISTANCD fail
03-06 14:48:31.840   740 18721 D Misc____: [ff00962_64D] onProcessFrame(666), afDistance(0.000000)
03-06 14:48:31.840   740  1158 I HwaUtils: [ff00962_64I] getProductExtendName() path=MHA
03-06 14:48:31.840   740  1158 I HwaUtils: [ff00962_64I] getOneCfgFile() path=NULL
03-06 14:48:31.840   740  1158 I HwaDMapIpp: [ff00962_64I] checkNeedSwapCalibrationData() ConfigFile NULL
03-06 14:48:31.840   740  1158 D Misc____: [ff00962_64D] enter loadRequest
03-06 14:48:31.841   740  1158 D EnvImpl : [HWA_CAM3]getPackageName :  io.framework7.classroom
03-06 14:48:31.841   740  1158 D IppAlgoFilter: [HWA_CAM3]loadPreviewRequest() REQUEST_DMAP_SWAP, status:0
03-06 14:48:31.841   740  1158 D EnvImpl : [HWA_CAM3]getPackageName :  io.framework7.classroom
03-06 14:48:31.841   740  1158 I chatty  : uid=1013(media) pl#2 identical 1 line
03-06 14:48:31.841   740  1158 D EnvImpl : [HWA_CAM3]getPackageName :  io.framework7.classroom
03-06 14:48:31.844   740 18725 I GRALLOC : LockFlexLayout: baseFormat: 11, yStride: 1920, ySize: 2073600, uOffset: 2073600,  uStride: 1920
03-06 14:48:31.845   740 18725 I GRALLOC : LockFlexLayout: baseFormat: 11, yStride: 1920, ySize: 2073600, uOffset: 2073600,  uStride: 1920
03-06 14:48:31.846   722 18705 I Camera3-Stream: getBuffer: Stream 2, 0xf392d880: Already dequeued max output buffers (7), wait for next returned one.
03-06 14:48:31.846   722 18705 I Camera3-Stream: getBuffer: Stream 0, 0xf392d700: Already dequeued max output buffers (7), wait for next returned one.
03-06 14:48:31.847   740 18723 I YuvCalculate: onSubAlgoProcess() yuv lum calc, main_lum:0, aux_lum:0, sat:0, green:0, blue:0, expo0:[0, 0x0, 0], expo1:[0, 0x0, 0]
03-06 14:48:31.847   722 18710 I GRALLOC : LockFlexLayout: baseFormat: 11, yStride: 1920, ySize: 2073600, uOffset: 2073600,  uStride: 1920
03-06 14:48:31.887   740 18735 E IppAlgoSmartAE: [ff00962_64E] doSmartAEAlgo() failed to getSceneMode
03-06 14:48:31.887   740  1158 D EnvImpl : [HWA_CAM3]getPackageName :  io.framework7.classroom
03-06 14:48:31.887   740  1158 I HwaUtils: [ff00962_64I] getProductExtendName() path=MHA
03-06 14:48:31.887   740  1158 I HwaUtils: [ff00962_64I] getOneCfgFile() path=NULL
03-06 14:48:31.887   740  1158 I HwaDMapIpp: [ff00962_64I] checkNeedSwapCalibrationData() ConfigFile NULL
03-06 14:48:31.887   740  1158 D Misc____: [ff00962_64D] enter loadRequest
03-06 14:48:31.887   740  1158 D EnvImpl : [HWA_CAM3]getPackageName :  io.framework7.classroom
03-06 14:48:31.887   740  1158 D IppAlgoFilter: [HWA_CAM3]loadPreviewRequest() REQUEST_DMAP_SWAP, status:0
03-06 14:48:31.887   740  1158 D EnvImpl : [HWA_CAM3]getPackageName :  io.framework7.classroom
03-06 14:48:31.887   740  1158 I chatty  : uid=1013(media) pl#2 identical 1 line
03-06 14:48:31.887   740  1158 D EnvImpl : [HWA_CAM3]getPackageName :  io.framework7.classroom
03-06 14:48:31.888   740 18735 D contrastCal: ae_gain:1338, ae_iso:261, frame_rate:20, frameWidth:1280, frameHeight:720
03-06 14:48:31.888   740 18735 I contrastCal: [smartAf]contrast_cal_process: giNumFlagDoAF = 65, focus_stage = 0
03-06 14:48:31.888   740 18723 I YuvCalculate: mono_mode: 0, ae_stable: [0, 0], colorDis: 0, buf_cnt:1
03-06 14:48:31.889   740 18721 E DeviceBaseImpl: [HWA_CAM3]getAfObjectDistance get ANDROID_HW_AF_OBJECT_DISTANCD fail
03-06 14:48:31.889   740 18721 D Misc____: [ff00962_64D] onProcessFrame(666), afDistance(0.000000)
03-06 14:48:31.894   740 18723 I YuvCalculate: onSubAlgoProcess() yuv lum calc, main_lum:0, aux_lum:0, sat:0, green:0, blue:16, expo0:[0, 0x0, 0], expo1:[0, 0x0, 0]
03-06 14:48:31.895   740 18725 I GRALLOC : LockFlexLayout: baseFormat: 11, yStride: 1920, ySize: 2073600, uOffset: 2073600,  uStride: 1920
03-06 14:48:31.896   740 18725 I GRALLOC : LockFlexLayout: baseFormat: 11, yStride: 1920, ySize: 2073600, uOffset: 2073600,  uStride: 1920
03-06 14:48:31.896   722 18705 I Camera3-Stream: getBuffer: Stream 2, 0xf392d880: Already dequeued max output buffers (7), wait for next returned one.
03-06 14:48:31.900   740 18723 I AntiBanding: onSubAlgoProcess() mAlgoCtx.continue_detect_cnt :0, mAlgoCtx.succ_detect_cnt : 0, mAlgoCtx.motion_flag = 0, detect_result:0, frequency_detected = 0,cur_expo = 40000
03-06 14:48:31.900   722 18710 I GRALLOC : LockFlexLayout: baseFormat: 11, yStride: 1920, ySize: 2073600, uOffset: 2073600,  uStride: 1920
03-06 14:48:31.937   740 18735 E IppAlgoSmartAE: [ff00962_64E] doSmartAEAlgo() failed to getSceneMode
03-06 14:48:31.937   740 18735 D contrastCal: ae_gain:1426, ae_iso:278, frame_rate:20, frameWidth:1280, frameHeight:720
03-06 14:48:31.937   740 18735 I contrastCal: [smartAf]contrast_cal_process: giNumFlagDoAF = 66, focus_stage = 0
03-06 14:48:31.937   740  1158 D EnvImpl : [HWA_CAM3]getPackageName :  io.framework7.classroom
03-06 14:48:31.938   740  1158 I HwaUtils: [ff00962_64I] getProductExtendName() path=MHA
03-06 14:48:31.938   740  1158 I HwaUtils: [ff00962_64I] getOneCfgFile() path=NULL
03-06 14:48:31.938   740  1158 I HwaDMapIpp: [ff00962_64I] checkNeedSwapCalibrationData() ConfigFile NULL
03-06 14:48:31.938   740  1158 D Misc____: [ff00962_64D] enter loadRequest
03-06 14:48:31.938   740  1158 D EnvImpl : [HWA_CAM3]getPackageName :  io.framework7.classroom
03-06 14:48:31.938   740  1158 D IppAlgoFilter: [HWA_CAM3]loadPreviewRequest() REQUEST_DMAP_SWAP, status:0
03-06 14:48:31.938   740  1158 D EnvImpl : [HWA_CAM3]getPackageName :  io.framework7.classroom
03-06 14:48:31.938   740  1158 I chatty  : uid=1013(media) pl#2 identical 1 line
03-06 14:48:31.938   740  1158 D EnvImpl : [HWA_CAM3]getPackageName :  io.framework7.classroom
03-06 14:48:31.939   740 18723 I YuvCalculate: mono_mode: 0, ae_stable: [0, 0], colorDis: 0, buf_cnt:1
03-06 14:48:31.939   740 18721 E DeviceBaseImpl: [HWA_CAM3]getAfObjectDistance get ANDROID_HW_AF_OBJECT_DISTANCD fail
03-06 14:48:31.939   740 18721 D Misc____: [ff00962_64D] onProcessFrame(666), afDistance(0.000000)
03-06 14:48:31.944   740 18723 I YuvCalculate: onSubAlgoProcess() yuv lum calc, main_lum:0, aux_lum:0, sat:0, green:0, blue:0, expo0:[0, 0x0, 0], expo1:[0, 0x0, 0]
03-06 14:48:31.946   740 18725 I GRALLOC : LockFlexLayout: baseFormat: 11, yStride: 1920, ySize: 2073600, uOffset: 2073600,  uStride: 1920
03-06 14:48:31.947   740 18725 I GRALLOC : LockFlexLayout: baseFormat: 11, yStride: 1920, ySize: 2073600, uOffset: 2073600,  uStride: 1920
03-06 14:48:31.948   722 18705 I Camera3-Stream: getBuffer: Stream 2, 0xf392d880: Already dequeued max output buffers (7), wait for next returned one.
03-06 14:48:31.949   740 18723 I AntiBanding: onSubAlgoProcess() mAlgoCtx.continue_detect_cnt :1, mAlgoCtx.succ_detect_cnt : 0, mAlgoCtx.motion_flag = 0, detect_result:0, frequency_detected = 7,cur_expo = 40000
03-06 14:48:31.950   722 18710 I GRALLOC : LockFlexLayout: baseFormat: 11, yStride: 1920, ySize: 2073600, uOffset: 2073600,  uStride: 1920
03-06 14:48:31.987   740 18735 E IppAlgoSmartAE: [ff00962_64E] doSmartAEAlgo() failed to getSceneMode
03-06 14:48:31.987   740  1158 D EnvImpl : [HWA_CAM3]getPackageName :  io.framework7.classroom
03-06 14:48:31.987   740  1158 I HwaUtils: [ff00962_64I] getProductExtendName() path=MHA
03-06 14:48:31.987   740  1158 I HwaUtils: [ff00962_64I] getOneCfgFile() path=NULL
03-06 14:48:31.987   740  1158 I HwaDMapIpp: [ff00962_64I] checkNeedSwapCalibrationData() ConfigFile NULL
03-06 14:48:31.987   740 18735 D contrastCal: ae_gain:1455, ae_iso:284, frame_rate:20, frameWidth:1280, frameHeight:720
03-06 14:48:31.987   740 18735 I contrastCal: [smartAf]contrast_cal_process: giNumFlagDoAF = 67, focus_stage = 0
03-06 14:48:31.987   740  1158 D Misc____: [ff00962_64D] enter loadRequest
03-06 14:48:31.987   740  1158 D EnvImpl : [HWA_CAM3]getPackageName :  io.framework7.classroom
03-06 14:48:31.987   740  1158 D IppAlgoFilter: [HWA_CAM3]loadPreviewRequest() REQUEST_DMAP_SWAP, status:0
03-06 14:48:31.987   740  1158 D EnvImpl : [HWA_CAM3]getPackageName :  io.framework7.classroom
03-06 14:48:31.987   740  1158 I chatty  : uid=1013(media) pl#2 identical 1 line
03-06 14:48:31.987   740  1158 D EnvImpl : [HWA_CAM3]getPackageName :  io.framework7.classroom
03-06 14:48:31.988   740 18723 I YuvCalculate: mono_mode: 0, ae_stable: [0, 0], colorDis: 0, buf_cnt:1
03-06 14:48:31.989   740 18721 E DeviceBaseImpl: [HWA_CAM3]getAfObjectDistance get ANDROID_HW_AF_OBJECT_DISTANCD fail
03-06 14:48:31.989   740 18721 D Misc____: [ff00962_64D] onProcessFrame(666), afDistance(0.000000)
03-06 14:48:31.993   740 18725 I GRALLOC : LockFlexLayout: baseFormat: 11, yStride: 1920, ySize: 2073600, uOffset: 2073600,  uStride: 1920
03-06 14:48:31.994   740 18723 I YuvCalculate: onSubAlgoProcess() yuv lum calc, main_lum:0, aux_lum:0, sat:0, green:0, blue:0, expo0:[0, 0x0, 0], expo1:[0, 0x0, 0]
03-06 14:48:31.994   740 18723 I AntiBanding: onSubAlgoProcess() mAlgoCtx.continue_detect_cnt :2, mAlgoCtx.succ_detect_cnt : 0, mAlgoCtx.motion_flag = 0, detect_result:0, frequency_detected = 0,cur_expo = 40000
03-06 14:48:31.995   740 18725 I GRALLOC : LockFlexLayout: baseFormat: 11, yStride: 1920, ySize: 2073600, uOffset: 2073600,  uStride: 1920
03-06 14:48:31.997   722 18710 I GRALLOC : LockFlexLayout: baseFormat: 11, yStride: 1920, ySize: 2073600, uOffset: 2073600,  uStride: 1920
03-06 14:48:32.038   740  1158 D EnvImpl : [HWA_CAM3]getPackageName :  io.framework7.classroom
03-06 14:48:32.038   740 18735 E IppAlgoSmartAE: [ff00962_64E] doSmartAEAlgo() failed to getSceneMode
03-06 14:48:32.038   740  1158 I HwaUtils: [ff00962_64I] getProductExtendName() path=MHA
03-06 14:48:32.038   740  1158 I HwaUtils: [ff00962_64I] getOneCfgFile() path=NULL
03-06 14:48:32.038   740  1158 I HwaDMapIpp: [ff00962_64I] checkNeedSwapCalibrationData() ConfigFile NULL
03-06 14:48:32.038   740 18735 D contrastCal: ae_gain:1382, ae_iso:269, frame_rate:20, frameWidth:1280, frameHeight:720
03-06 14:48:32.038   740 18735 I contrastCal: [smartAf]contrast_cal_process: giNumFlagDoAF = 68, focus_stage = 0
03-06 14:48:32.038   740  1158 D Misc____: [ff00962_64D] enter loadRequest
03-06 14:48:32.038   740  1158 D EnvImpl : [HWA_CAM3]getPackageName :  io.framework7.classroom
03-06 14:48:32.038   740  1158 D IppAlgoFilter: [HWA_CAM3]loadPreviewRequest() REQUEST_DMAP_SWAP, status:0
03-06 14:48:32.038   740  1158 D EnvImpl : [HWA_CAM3]getPackageName :  io.framework7.classroom
03-06 14:48:32.038   740  1158 I chatty  : uid=1013(media) pl#2 identical 1 line
03-06 14:48:32.038   740  1158 D EnvImpl : [HWA_CAM3]getPackageName :  io.framework7.classroom
03-06 14:48:32.039   740 18723 I YuvCalculate: mono_mode: 0, ae_stable: [0, 0], colorDis: 0, buf_cnt:1
03-06 14:48:32.043   740 18721 E DeviceBaseImpl: [HWA_CAM3]getAfObjectDistance get ANDROID_HW_AF_OBJECT_DISTANCD fail
03-06 14:48:32.043   740 18721 D Misc____: [ff00962_64D] onProcessFrame(666), afDistance(0.000000)
03-06 14:48:32.043   740 18725 I GRALLOC : LockFlexLayout: baseFormat: 11, yStride: 1920, ySize: 2073600, uOffset: 2073600,  uStride: 1920
03-06 14:48:32.044   740 18725 I GRALLOC : LockFlexLayout: baseFormat: 11, yStride: 1920, ySize: 2073600, uOffset: 2073600,  uStride: 1920
03-06 14:48:32.045   722 18705 I Camera3-Stream: getBuffer: Stream 0, 0xf392d700: Already dequeued max output buffers (7), wait for next returned one.
03-06 14:48:32.045   740 18723 I YuvCalculate: onSubAlgoProcess() yuv lum calc, main_lum:0, aux_lum:0, sat:0, green:0, blue:0, expo0:[0, 0x0, 0], expo1:[0, 0x0, 0]
03-06 14:48:32.046   722 18710 I GRALLOC : LockFlexLayout: baseFormat: 11, yStride: 1920, ySize: 2073600, uOffset: 2073600,  uStride: 1920
03-06 14:48:32.087   740  1158 D EnvImpl : [HWA_CAM3]getPackageName :  io.framework7.classroom
03-06 14:48:32.087   740  1158 I HwaUtils: [ff00962_64I] getProductExtendName() path=MHA
03-06 14:48:32.087   740  1158 I HwaUtils: [ff00962_64I] getOneCfgFile() path=NULL
03-06 14:48:32.087   740  1158 I HwaDMapIpp: [ff00962_64I] checkNeedSwapCalibrationData() ConfigFile NULL
03-06 14:48:32.087   740 18735 E IppAlgoSmartAE: [ff00962_64E] doSmartAEAlgo() failed to getSceneMode
03-06 14:48:32.087   740  1158 D Misc____: [ff00962_64D] enter loadRequest
03-06 14:48:32.087   740  1158 D EnvImpl : [HWA_CAM3]getPackageName :  io.framework7.classroom
03-06 14:48:32.087   740  1158 D IppAlgoFilter: [HWA_CAM3]loadPreviewRequest() REQUEST_DMAP_SWAP, status:0
03-06 14:48:32.087   740 18735 D contrastCal: ae_gain:1371, ae_iso:267, frame_rate:20, frameWidth:1280, frameHeight:720
03-06 14:48:32.087   740 18735 I contrastCal: [smartAf]contrast_cal_process: giNumFlagDoAF = 69, focus_stage = 0
03-06 14:48:32.087   740  1158 D EnvImpl : [HWA_CAM3]getPackageName :  io.framework7.classroom
03-06 14:48:32.087   740  1158 I chatty  : uid=1013(media) pl#2 identical 1 line
03-06 14:48:32.087   740  1158 D EnvImpl : [HWA_CAM3]getPackageName :  io.framework7.classroom
03-06 14:48:32.088   740 18723 I YuvCalculate: mono_mode: 0, ae_stable: [0, 0], colorDis: 0, buf_cnt:1
03-06 14:48:32.089   740 18721 E DeviceBaseImpl: [HWA_CAM3]getAfObjectDistance get ANDROID_HW_AF_OBJECT_DISTANCD fail
03-06 14:48:32.089   740 18721 D Misc____: [ff00962_64D] onProcessFrame(666), afDistance(0.000000)
03-06 14:48:32.094   740 18725 I GRALLOC : LockFlexLayout: baseFormat: 11, yStride: 1920, ySize: 2073600, uOffset: 2073600,  uStride: 1920
03-06 14:48:32.094   740 18723 I YuvCalculate: onSubAlgoProcess() yuv lum calc, main_lum:0, aux_lum:0, sat:0, green:0, blue:0, expo0:[0, 0x0, 0], expo1:[0, 0x0, 0]
03-06 14:48:32.096   740 18725 I GRALLOC : LockFlexLayout: baseFormat: 11, yStride: 1920, ySize: 2073600, uOffset: 2073600,  uStride: 1920
03-06 14:48:32.098   722 18705 I Camera3-Stream: getBuffer: Stream 2, 0xf392d880: Already dequeued max output buffers (7), wait for next returned one.
03-06 14:48:32.099   740 18723 I AntiBanding: onSubAlgoProcess() mAlgoCtx.continue_detect_cnt :0, mAlgoCtx.succ_detect_cnt : 0, mAlgoCtx.motion_flag = 0, detect_result:0, frequency_detected = 0,cur_expo = 40000
03-06 14:48:32.101   722 18710 I GRALLOC : LockFlexLayout: baseFormat: 11, yStride: 1920, ySize: 2073600, uOffset: 2073600,  uStride: 1920
03-06 14:48:32.103 18466 18928 W System.err: java.io.IOException: Cleartext HTTP traffic to global.talk-cloud.net not permitted
03-06 14:48:32.103 18466 18928 W System.err: 	at com.android.okhttp.HttpHandler$CleartextURLFilter.checkURLPermitted(HttpHandler.java:115)
03-06 14:48:32.103 18466 18928 W System.err: 	at com.android.okhttp.internal.huc.HttpURLConnectionImpl.execute(HttpURLConnectionImpl.java:458)
03-06 14:48:32.104 18466 18928 W System.err: 	at com.android.okhttp.internal.huc.HttpURLConnectionImpl.connect(HttpURLConnectionImpl.java:127)
03-06 14:48:32.104 18466 18928 W System.err: 	at com.android.okhttp.internal.huc.HttpURLConnectionImpl.getOutputStream(HttpURLConnectionImpl.java:258)
03-06 14:48:32.104 18466 18928 W System.err: 	at com.talkcloud.utils.AsyncHttpURLConnection.sendHttpMessage(AsyncHttpURLConnection.java:105)
03-06 14:48:32.104 18466 18928 W System.err: 	at com.talkcloud.utils.AsyncHttpURLConnection.access$000(AsyncHttpURLConnection.java:26)
03-06 14:48:32.104 18466 18928 W System.err: 	at com.talkcloud.utils.AsyncHttpURLConnection$1.run(AsyncHttpURLConnection.java:63)
03-06 14:48:32.104 18466 18928 W System.err: 	at java.lang.Thread.run(Thread.java:784)
03-06 14:48:32.104 18466 18928 E [tk-sdk]: sendHttpMessage exceptionhttp://global.talk-cloud.net:80/ClientAPI/checkroomCleartext HTTP traffic to global.talk-cloud.net not permitted
03-06 14:48:32.128 18466 18929 W System.err: java.io.IOException: Cleartext HTTP traffic to global.talk-cloud.net not permitted
03-06 14:48:32.128 18466 18929 W System.err: 	at com.android.okhttp.HttpHandler$CleartextURLFilter.checkURLPermitted(HttpHandler.java:115)
03-06 14:48:32.128 18466 18929 W System.err: 	at com.android.okhttp.internal.huc.HttpURLConnectionImpl.execute(HttpURLConnectionImpl.java:458)
03-06 14:48:32.128 18466 18929 W System.err: 	at com.android.okhttp.internal.huc.HttpURLConnectionImpl.connect(HttpURLConnectionImpl.java:127)
03-06 14:48:32.128 18466 18929 W System.err: 	at com.android.okhttp.internal.huc.HttpURLConnectionImpl.getOutputStream(HttpURLConnectionImpl.java:258)
03-06 14:48:32.128 18466 18929 W System.err: 	at com.talkcloud.utils.AsyncHttpURLConnection.sendHttpMessage(AsyncHttpURLConnection.java:105)
03-06 14:48:32.128 18466 18929 W System.err: 	at com.talkcloud.utils.AsyncHttpURLConnection.access$000(AsyncHttpURLConnection.java:26)
03-06 14:48:32.128 18466 18929 W System.err: 	at com.talkcloud.utils.AsyncHttpURLConnection$1.run(AsyncHttpURLConnection.java:63)
03-06 14:48:32.128 18466 18929 W System.err: 	at java.lang.Thread.run(Thread.java:784)
03-06 14:48:32.129 18466 18929 E [tk-sdk]: sendHttpMessage exceptionhttp://global.talk-cloud.net:80/ClientAPI/checkroomCleartext HTTP traffic to global.talk-cloud.net not permitted
03-06 14:48:32.129 18466 18930 W System.err: java.io.IOException: Cleartext HTTP traffic to global.talk-cloud.net not permitted
03-06 14:48:32.129 18466 18930 W System.err: 	at com.android.okhttp.HttpHandler$CleartextURLFilter.checkURLPermitted(HttpHandler.java:115)
03-06 14:48:32.129 18466 18930 W System.err: 	at com.android.okhttp.internal.huc.HttpURLConnectionImpl.execute(HttpURLConnectionImpl.java:458)
03-06 14:48:32.129 18466 18930 W System.err: 	at com.android.okhttp.internal.huc.HttpURLConnectionImpl.connect(HttpURLConnectionImpl.java:127)
03-06 14:48:32.129 18466 18930 W System.err: 	at com.android.okhttp.internal.huc.HttpURLConnectionImpl.getOutputStream(HttpURLConnectionImpl.java:258)
03-06 14:48:32.129 18466 18930 W System.err: 	at com.talkcloud.utils.AsyncHttpURLConnection.sendHttpMessage(AsyncHttpURLConnection.java:105)
03-06 14:48:32.129 18466 18930 W System.err: 	at com.talkcloud.utils.AsyncHttpURLConnection.access$000(AsyncHttpURLConnection.java:26)
03-06 14:48:32.129 18466 18930 W System.err: 	at com.talkcloud.utils.AsyncHttpURLConnection$1.run(AsyncHttpURLConnection.java:63)
03-06 14:48:32.129 18466 18930 W System.err: 	at java.lang.Thread.run(Thread.java:784)
03-06 14:48:32.129 18466 18930 E [tk-sdk]: sendHttpMessage exceptionhttp://global.talk-cloud.net:80/ClientAPI/checkroomCleartext HTTP traffic to global.talk-cloud.net not permitted
03-06 14:48:32.130 18466 18931 W System.err: java.io.IOException: Cleartext HTTP traffic to global.talk-cloud.net not permitted
03-06 14:48:32.130 18466 18931 W System.err: 	at com.android.okhttp.HttpHandler$CleartextURLFilter.checkURLPermitted(HttpHandler.java:115)
03-06 14:48:32.130 18466 18931 W System.err: 	at com.android.okhttp.internal.huc.HttpURLConnectionImpl.execute(HttpURLConnectionImpl.java:458)
03-06 14:48:32.130 18466 18931 W System.err: 	at com.android.okhttp.internal.huc.HttpURLConnectionImpl.connect(HttpURLConnectionImpl.java:127)
03-06 14:48:32.130 18466 18931 W System.err: 	at com.android.okhttp.internal.huc.HttpURLConnectionImpl.getOutputStream(HttpURLConnectionImpl.java:258)
03-06 14:48:32.130 18466 18931 W System.err: 	at com.talkcloud.utils.AsyncHttpURLConnection.sendHttpMessage(AsyncHttpURLConnection.java:105)
03-06 14:48:32.130 18466 18931 W System.err: 	at com.talkcloud.utils.AsyncHttpURLConnection.access$000(AsyncHttpURLConnection.java:26)
03-06 14:48:32.130 18466 18931 W System.err: 	at com.talkcloud.utils.AsyncHttpURLConnection$1.run(AsyncHttpURLConnection.java:63)
03-06 14:48:32.130 18466 18931 W System.err: 	at java.lang.Thread.run(Thread.java:784)
03-06 14:48:32.131 18466 18931 E [tk-sdk]: sendHttpMessage exceptionhttp://global.talk-cloud.net:80/ClientAPI/checkroomCleartext HTTP traffic to global.talk-cloud.net not permitted
03-06 14:48:32.132 18466 18466 I [tk-sdk]: step1Checkroom ret=11
03-06 14:48:32.132 18466 18932 W System.err: java.io.IOException: Cleartext HTTP traffic to global.talk-cloud.net not permitted
03-06 14:48:32.132 18466 18932 W System.err: 	at com.android.okhttp.HttpHandler$CleartextURLFilter.checkURLPermitted(HttpHandler.java:115)
03-06 14:48:32.132 18466 18932 W System.err: 	at com.android.okhttp.internal.huc.HttpURLConnectionImpl.execute(HttpURLConnectionImpl.java:458)
03-06 14:48:32.132 18466 18932 W System.err: 	at com.android.okhttp.internal.huc.HttpURLConnectionImpl.connect(HttpURLConnectionImpl.java:127)
03-06 14:48:32.132 18466 18932 W System.err: 	at com.android.okhttp.internal.huc.HttpURLConnectionImpl.getOutputStream(HttpURLConnectionImpl.java:258)
03-06 14:48:32.132 18466 18932 W System.err: 	at com.talkcloud.utils.AsyncHttpURLConnection.sendHttpMessage(AsyncHttpURLConnection.java:105)
03-06 14:48:32.132 18466 18932 W System.err: 	at com.talkcloud.utils.AsyncHttpURLConnection.access$000(AsyncHttpURLConnection.java:26)
03-06 14:48:32.132 18466 18932 W System.err: 	at com.talkcloud.utils.AsyncHttpURLConnection$1.run(AsyncHttpURLConnection.java:63)
03-06 14:48:32.132 18466 18932 W System.err: 	at java.lang.Thread.run(Thread.java:784)
03-06 14:48:32.132 18466 18932 E [tk-sdk]: sendHttpMessage exceptionhttp://global.talk-cloud.net:80/ClientAPI/checkroomCleartext HTTP traffic to global.talk-cloud.net not permitted
03-06 14:48:32.135 18466 18933 W System.err: java.io.IOException: Cleartext HTTP traffic to global.talk-cloud.net not permitted
03-06 14:48:32.135 18466 18933 W System.err: 	at com.android.okhttp.HttpHandler$CleartextURLFilter.checkURLPermitted(HttpHandler.java:115)
03-06 14:48:32.135 18466 18933 W System.err: 	at com.android.okhttp.internal.huc.HttpURLConnectionImpl.execute(HttpURLConnectionImpl.java:458)
03-06 14:48:32.135 18466 18933 W System.err: 	at com.android.okhttp.internal.huc.HttpURLConnectionImpl.connect(HttpURLConnectionImpl.java:127)
03-06 14:48:32.135 18466 18933 W System.err: 	at com.android.okhttp.internal.huc.HttpURLConnectionImpl.getOutputStream(HttpURLConnectionImpl.java:258)
03-06 14:48:32.135 18466 18933 W System.err: 	at com.talkcloud.utils.AsyncHttpURLConnection.sendHttpMessage(AsyncHttpURLConnection.java:105)
03-06 14:48:32.135 18466 18933 W System.err: 	at com.talkcloud.utils.AsyncHttpURLConnection.access$000(AsyncHttpURLConnection.java:26)
03-06 14:48:32.135 18466 18933 W System.err: 	at com.talkcloud.utils.AsyncHttpURLConnection$1.run(AsyncHttpURLConnection.java:63)
03-06 14:48:32.135 18466 18933 W System.err: 	at java.lang.Thread.run(Thread.java:784)
03-06 14:48:32.135 18466 18933 E [tk-sdk]: sendHttpMessage exceptionhttp://global.talk-cloud.net:80/ClientAPI/checkroomCleartext HTTP traffic to global.talk-cloud.net not permitted
03-06 14:48:32.135 18466 18934 W System.err: java.io.IOException: Cleartext HTTP traffic to global.talk-cloud.net not permitted
03-06 14:48:32.136 18466 18934 W System.err: 	at com.android.okhttp.HttpHandler$CleartextURLFilter.checkURLPermitted(HttpHandler.java:115)
03-06 14:48:32.136 18466 18934 W System.err: 	at com.android.okhttp.internal.huc.HttpURLConnectionImpl.execute(HttpURLConnectionImpl.java:458)
03-06 14:48:32.136 18466 18934 W System.err: 	at com.android.okhttp.internal.huc.HttpURLConnectionImpl.connect(HttpURLConnectionImpl.java:127)
03-06 14:48:32.136 18466 18934 W System.err: 	at com.android.okhttp.internal.huc.HttpURLConnectionImpl.getOutputStream(HttpURLConnectionImpl.java:258)
03-06 14:48:32.136 18466 18934 W System.err: 	at com.talkcloud.utils.AsyncHttpURLConnection.sendHttpMessage(AsyncHttpURLConnection.java:105)
03-06 14:48:32.136 18466 18934 W System.err: 	at com.talkcloud.utils.AsyncHttpURLConnection.access$000(AsyncHttpURLConnection.java:26)
03-06 14:48:32.136 18466 18934 W System.err: 	at com.talkcloud.utils.AsyncHttpURLConnection$1.run(AsyncHttpURLConnection.java:63)
03-06 14:48:32.136 18466 18934 W System.err: 	at java.lang.Thread.run(Thread.java:784)
03-06 14:48:32.136 18466 18934 E [tk-sdk]: sendHttpMessage exceptionhttp://global.talk-cloud.net:80/ClientAPI/checkroomCleartext HTTP traffic to global.talk-cloud.net not permitted
03-06 14:48:32.136 18466 18466 I [tk-sdk]: step1Checkroom ret=11
03-06 14:48:32.136 18466 18935 W System.err: java.io.IOException: Cleartext HTTP traffic to global.talk-cloud.net not permitted
03-06 14:48:32.136 18466 18935 W System.err: 	at com.android.okhttp.HttpHandler$CleartextURLFilter.checkURLPermitted(HttpHandler.java:115)
03-06 14:48:32.136 18466 18935 W System.err: 	at com.android.okhttp.internal.huc.HttpURLConnectionImpl.execute(HttpURLConnectionImpl.java:458)
03-06 14:48:32.137 18466 18935 W System.err: 	at com.android.okhttp.internal.huc.HttpURLConnectionImpl.connect(HttpURLConnectionImpl.java:127)
03-06 14:48:32.137 18466 18935 W System.err: 	at com.android.okhttp.internal.huc.HttpURLConnectionImpl.getOutputStream(HttpURLConnectionImpl.java:258)
03-06 14:48:32.137 18466 18935 W System.err: 	at com.talkcloud.utils.AsyncHttpURLConnection.sendHttpMessage(AsyncHttpURLConnection.java:105)
03-06 14:48:32.137 18466 18935 W System.err: 	at com.talkcloud.utils.AsyncHttpURLConnection.access$000(AsyncHttpURLConnection.java:26)
03-06 14:48:32.137 18466 18935 W System.err: 	at com.talkcloud.utils.AsyncHttpURLConnection$1.run(AsyncHttpURLConnection.java:63)
03-06 14:48:32.137 18466 18935 W System.err: 	at java.lang.Thread.run(Thread.java:784)
03-06 14:48:32.137 18466 18935 E [tk-sdk]: sendHttpMessage exceptionhttp://global.talk-cloud.net:80/ClientAPI/checkroomCleartext HTTP traffic to global.talk-cloud.net not permitted
03-06 14:48:32.138   740  1158 D EnvImpl : [HWA_CAM3]getPackageName :  io.framework7.classroom
03-06 14:48:32.138   740  1158 I HwaUtils: [ff00962_64I] getProductExtendName() path=MHA
03-06 14:48:32.138   740  1158 I HwaUtils: [ff00962_64I] getOneCfgFile() path=NULL
03-06 14:48:32.138   740  1158 I HwaDMapIpp: [ff00962_64I] checkNeedSwapCalibrationData() ConfigFile NULL
03-06 14:48:32.138   740  1158 D Misc____: [ff00962_64D] enter loadRequest
03-06 14:48:32.138   740  1158 D EnvImpl : [HWA_CAM3]getPackageName :  io.framework7.classroom
03-06 14:48:32.138   740  1158 D IppAlgoFilter: [HWA_CAM3]loadPreviewRequest() REQUEST_DMAP_SWAP, status:0
03-06 14:48:32.138   740  1158 D EnvImpl : [HWA_CAM3]getPackageName :  io.framework7.classroom
03-06 14:48:32.138   740  1158 I chatty  : uid=1013(media) pl#2 identical 1 line
03-06 14:48:32.138   740  1158 D EnvImpl : [HWA_CAM3]getPackageName :  io.framework7.classroom
03-06 14:48:32.140   740 18735 E IppAlgoSmartAE: [ff00962_64E] doSmartAEAlgo() failed to getSceneMode
03-06 14:48:32.141   740 18735 D contrastCal: ae_gain:1396, ae_iso:272, frame_rate:20, frameWidth:1280, frameHeight:720
03-06 14:48:32.141   740 18735 I contrastCal: [smartAf]contrast_cal_process: giNumFlagDoAF = 70, focus_stage = 0
03-06 14:48:32.141   740 18723 I YuvCalculate: mono_mode: 0, ae_stable: [0, 0], colorDis: 0, buf_cnt:1
03-06 14:48:32.142   740 18721 E DeviceBaseImpl: [HWA_CAM3]getAfObjectDistance get ANDROID_HW_AF_OBJECT_DISTANCD fail
03-06 14:48:32.142   740 18721 D Misc____: [ff00962_64D] onProcessFrame(666), afDistance(0.000000)
03-06 14:48:32.143 18466 18936 W System.err: java.io.IOException: Cleartext HTTP traffic to global.talk-cloud.net not permitted
03-06 14:48:32.143 18466 18936 W System.err: 	at com.android.okhttp.HttpHandler$CleartextURLFilter.checkURLPermitted(HttpHandler.java:115)
03-06 14:48:32.143 18466 18936 W System.err: 	at com.android.okhttp.internal.huc.HttpURLConnectionImpl.execute(HttpURLConnectionImpl.java:458)
03-06 14:48:32.143 18466 18936 W System.err: 	at com.android.okhttp.internal.huc.HttpURLConnectionImpl.connect(HttpURLConnectionImpl.java:127)
03-06 14:48:32.143 18466 18936 W System.err: 	at com.android.okhttp.internal.huc.HttpURLConnectionImpl.getOutputStream(HttpURLConnectionImpl.java:258)
03-06 14:48:32.143 18466 18936 W System.err: 	at com.talkcloud.utils.AsyncHttpURLConnection.sendHttpMessage(AsyncHttpURLConnection.java:105)
03-06 14:48:32.143 18466 18936 W System.err: 	at com.talkcloud.utils.AsyncHttpURLConnection.access$000(AsyncHttpURLConnection.java:26)
03-06 14:48:32.144 18466 18936 W System.err: 	at com.talkcloud.utils.AsyncHttpURLConnection$1.run(AsyncHttpURLConnection.java:63)
03-06 14:48:32.144 18466 18936 W System.err: 	at java.lang.Thread.run(Thread.java:784)
03-06 14:48:32.144 18466 18936 E [tk-sdk]: sendHttpMessage exceptionhttp://global.talk-cloud.net:80/ClientAPI/checkroomCleartext HTTP traffic to global.talk-cloud.net not permitted
03-06 14:48:32.145 18466 18466 I [tk-sdk]: step1Checkroom ret=11
03-06 14:48:32.146 18466 18937 W System.err: java.io.IOException: Cleartext HTTP traffic to global.talk-cloud.net not permitted
03-06 14:48:32.146 18466 18937 W System.err: 	at com.android.okhttp.HttpHandler$CleartextURLFilter.checkURLPermitted(HttpHandler.java:115)
03-06 14:48:32.146 18466 18937 W System.err: 	at com.android.okhttp.internal.huc.HttpURLConnectionImpl.execute(HttpURLConnectionImpl.java:458)
03-06 14:48:32.146 18466 18937 W System.err: 	at com.android.okhttp.internal.huc.HttpURLConnectionImpl.connect(HttpURLConnectionImpl.java:127)
03-06 14:48:32.146 18466 18937 W System.err: 	at com.android.okhttp.internal.huc.HttpURLConnectionImpl.getOutputStream(HttpURLConnectionImpl.java:258)
03-06 14:48:32.147 18466 18937 W System.err: 	at com.talkcloud.utils.AsyncHttpURLConnection.sendHttpMessage(AsyncHttpURLConnection.java:105)
03-06 14:48:32.147 18466 18937 W System.err: 	at com.talkcloud.utils.AsyncHttpURLConnection.access$000(AsyncHttpURLConnection.java:26)
03-06 14:48:32.147 18466 18937 W System.err: 	at com.talkcloud.utils.AsyncHttpURLConnection$1.run(AsyncHttpURLConnection.java:63)
03-06 14:48:32.147 18466 18937 W System.err: 	at java.lang.Thread.run(Thread.java:784)
03-06 14:48:32.147 18466 18937 E [tk-sdk]: sendHttpMessage exceptionhttp://global.talk-cloud.net:80/ClientAPI/checkroomCleartext HTTP traffic to global.talk-cloud.net not permitted
03-06 14:48:32.149 18466 18938 W System.err: java.io.IOException: Cleartext HTTP traffic to global.talk-cloud.net not permitted
03-06 14:48:32.149 18466 18938 W System.err: 	at com.android.okhttp.HttpHandler$CleartextURLFilter.checkURLPermitted(HttpHandler.java:115)
03-06 14:48:32.149 18466 18938 W System.err: 	at com.android.okhttp.internal.huc.HttpURLConnectionImpl.execute(HttpURLConnectionImpl.java:458)
03-06 14:48:32.149 18466 18938 W System.err: 	at com.android.okhttp.internal.huc.HttpURLConnectionImpl.connect(HttpURLConnectionImpl.java:127)
03-06 14:48:32.149 18466 18938 W System.err: 	at com.android.okhttp.internal.huc.HttpURLConnectionImpl.getOutputStream(HttpURLConnectionImpl.java:258)
03-06 14:48:32.149 18466 18938 W System.err: 	at com.talkcloud.utils.AsyncHttpURLConnection.sendHttpMessage(AsyncHttpURLConnection.java:105)
03-06 14:48:32.150 18466 18938 W System.err: 	at com.talkcloud.utils.AsyncHttpURLConnection.access$000(AsyncHttpURLConnection.java:26)
03-06 14:48:32.150 18466 18938 W System.err: 	at com.talkcloud.utils.AsyncHttpURLConnection$1.run(AsyncHttpURLConnection.java:63)
03-06 14:48:32.150 18466 18938 W System.err: 	at java.lang.Thread.run(Thread.java:784)
03-06 14:48:32.150 18466 18938 E [tk-sdk]: sendHttpMessage exceptionhttp://global.talk-cloud.net:80/ClientAPI/checkroomCleartext HTTP traffic to global.talk-cloud.net not permitted
03-06 14:48:32.151   740 18723 I AntiBanding: onSubAlgoProcess() mAlgoCtx.continue_detect_cnt :1, mAlgoCtx.succ_detect_cnt : 0, mAlgoCtx.motion_flag = 0, detect_result:0, frequency_detected = 28,cur_expo = 40000
03-06 14:48:32.151   754  2938 E LOGSERVER_UTILS: [Erecovery]readEvent: eRecEventManager readEvent 0
03-06 14:48:32.160   740 18725 I GRALLOC : LockFlexLayout: baseFormat: 11, yStride: 1920, ySize: 2073600, uOffset: 2073600,  uStride: 1920
03-06 14:48:32.161   740 18725 I GRALLOC : LockFlexLayout: baseFormat: 11, yStride: 1920, ySize: 2073600, uOffset: 2073600,  uStride: 1920
03-06 14:48:32.161   722 18705 I Camera3-Stream: getBuffer: Stream 2, 0xf392d880: Already dequeued max output buffers (7), wait for next returned one.
03-06 14:48:32.162   722 18710 I GRALLOC : LockFlexLayout: baseFormat: 11, yStride: 1920, ySize: 2073600, uOffset: 2073600,  uStride: 1920
03-06 14:48:32.187   740  1158 D EnvImpl : [HWA_CAM3]getPackageName :  io.framework7.classroom
03-06 14:48:32.187   740  1158 I HwaUtils: [ff00962_64I] getProductExtendName() path=MHA
03-06 14:48:32.187   740  1158 I HwaUtils: [ff00962_64I] getOneCfgFile() path=NULL
03-06 14:48:32.187   740  1158 I HwaDMapIpp: [ff00962_64I] checkNeedSwapCalibrationData() ConfigFile NULL
03-06 14:48:32.187   740  1158 D Misc____: [ff00962_64D] enter loadRequest
03-06 14:48:32.187   740  1158 D EnvImpl : [HWA_CAM3]getPackageName :  io.framework7.classroom
03-06 14:48:32.187   740  1158 D IppAlgoFilter: [HWA_CAM3]loadPreviewRequest() REQUEST_DMAP_SWAP, status:0
03-06 14:48:32.187   740  1158 D EnvImpl : [HWA_CAM3]getPackageName :  io.framework7.classroom
03-06 14:48:32.187   740  1158 I chatty  : uid=1013(media) pl#2 identical 1 line
03-06 14:48:32.187   740  1158 D EnvImpl : [HWA_CAM3]getPackageName :  io.framework7.classroom
03-06 14:48:32.188   740 18735 E IppAlgoSmartAE: [ff00962_64E] doSmartAEAlgo() failed to getSceneMode
03-06 14:48:32.188   740 18735 D contrastCal: ae_gain:1400, ae_iso:273, frame_rate:20, frameWidth:1280, frameHeight:720
03-06 14:48:32.188   740 18735 I contrastCal: [smartAf]contrast_cal_process: giNumFlagDoAF = 71, focus_stage = 0
03-06 14:48:32.190   740 18723 I YuvCalculate: mono_mode: 0, ae_stable: [0, 0], colorDis: 0, buf_cnt:1
03-06 14:48:32.190   740 18721 E DeviceBaseImpl: [HWA_CAM3]getAfObjectDistance get ANDROID_HW_AF_OBJECT_DISTANCD fail
03-06 14:48:32.190   740 18721 D Misc____: [ff00962_64D] onProcessFrame(666), afDistance(0.000000)
03-06 14:48:32.192   740 18725 I GRALLOC : LockFlexLayout: baseFormat: 11, yStride: 1920, ySize: 2073600, uOffset: 2073600,  uStride: 1920
03-06 14:48:32.192   740 18723 I YuvCalculate: onSubAlgoProcess() yuv lum calc, main_lum:0, aux_lum:0, sat:0, green:0, blue:0, expo0:[0, 0x0, 0], expo1:[0, 0x0, 0]
03-06 14:48:32.192   740 18723 I AntiBanding: onSubAlgoProcess() mAlgoCtx.continue_detect_cnt :2, mAlgoCtx.succ_detect_cnt : 0, mAlgoCtx.motion_flag = 0, detect_result:0, frequency_detected = 0,cur_expo = 40000
03-06 14:48:32.193   740 18725 I GRALLOC : LockFlexLayout: baseFormat: 11, yStride: 1920, ySize: 2073600, uOffset: 2073600,  uStride: 1920
03-06 14:48:32.194   722 18705 I Camera3-Stream: getBuffer: Stream 2, 0xf392d880: Already dequeued max output buffers (7), wait for next returned one.
03-06 14:48:32.195   722 18705 I Camera3-Stream: getBuffer: Stream 0, 0xf392d700: Already dequeued max output buffers (7), wait for next returned one.
03-06 14:48:32.196   722 18710 I GRALLOC : LockFlexLayout: baseFormat: 11, yStride: 1920, ySize: 2073600, uOffset: 2073600,  uStride: 1920
03-06 14:48:32.236   740 18735 E IppAlgoSmartAE: [ff00962_64E] doSmartAEAlgo() failed to getSceneMode
03-06 14:48:32.236   740 18735 D contrastCal: ae_gain:1442, ae_iso:281, frame_rate:20, frameWidth:1280, frameHeight:720
03-06 14:48:32.236   740 18735 I contrastCal: [smartAf]contrast_cal_process: giNumFlagDoAF = 72, focus_stage = 0
