03-06 14:48:23.945   722 18710 I GRALLOC : LockFlexLayout: baseFormat: 11, yStride: 1920, ySize: 2073600, uOffset: 2073600,  uStride: 1920
03-06 14:48:23.991  1619  1866 I EventCenter: ContentChange for slot: 1
03-06 14:48:23.993   722 18705 I Camera3-Stream: getBuffer: Stream 0, 0xf392d700: Already dequeued max output buffers (7), wait for next returned one.
03-06 14:48:23.993   722 18710 I GRALLOC : LockFlexLayout: baseFormat: 11, yStride: 1920, ySize: 2073600, uOffset: 2073600,  uStride: 1920
03-06 14:48:23.996  1317  1317 V SettingsProvider: Notifying for 0: content://settings/system/screen_auto_brightness
03-06 14:48:23.997  1619  1866 I EventCenter: ContentChange for slot: 1
03-06 14:48:23.998  1619  1619 I HwBrightnessUtils: APS brightness=52.0,ConvertToPercentage=0.39890626
03-06 14:48:23.999  1317  1317 V SettingsProvider: Notifying for 0: content://settings/system/screen_brightness
03-06 14:48:24.043   722 18705 I Camera3-Stream: getBuffer: Stream 2, 0xf392d880: Already dequeued max output buffers (7), wait for next returned one.
03-06 14:48:24.047   722 18710 I GRALLOC : LockFlexLayout: baseFormat: 11, yStride: 1920, ySize: 2073600, uOffset: 2073600,  uStride: 1920
03-06 14:48:24.051  1317  1554 D WMapping.19020212.NetUtil.getWifiStateString(L:108): wifi NOT connected
03-06 14:48:24.087 18466 18867 W System.err: java.io.IOException: Cleartext HTTP traffic to global.talk-cloud.net not permitted
03-06 14:48:24.088 18466 18867 W System.err: 	at com.android.okhttp.HttpHandler$CleartextURLFilter.checkURLPermitted(HttpHandler.java:115)
03-06 14:48:24.088 18466 18867 W System.err: 	at com.android.okhttp.internal.huc.HttpURLConnectionImpl.execute(HttpURLConnectionImpl.java:458)
03-06 14:48:24.088 18466 18867 W System.err: 	at com.android.okhttp.internal.huc.HttpURLConnectionImpl.connect(HttpURLConnectionImpl.java:127)
03-06 14:48:24.088 18466 18867 W System.err: 	at com.android.okhttp.internal.huc.HttpURLConnectionImpl.getOutputStream(HttpURLConnectionImpl.java:258)
03-06 14:48:24.088 18466 18867 W System.err: 	at com.talkcloud.utils.AsyncHttpURLConnection.sendHttpMessage(AsyncHttpURLConnection.java:105)
03-06 14:48:24.088 18466 18867 W System.err: 	at com.talkcloud.utils.AsyncHttpURLConnection.access$000(AsyncHttpURLConnection.java:26)
03-06 14:48:24.088 18466 18867 W System.err: 	at com.talkcloud.utils.AsyncHttpURLConnection$1.run(AsyncHttpURLConnection.java:63)
03-06 14:48:24.088 18466 18867 W System.err: 	at java.lang.Thread.run(Thread.java:784)
03-06 14:48:24.088 18466 18867 E [tk-sdk]: sendHttpMessage exceptionhttp://global.talk-cloud.net:80/ClientAPI/checkroomCleartext HTTP traffic to global.talk-cloud.net not permitted
03-06 14:48:24.089 18466 18866 W System.err: java.io.IOException: Cleartext HTTP traffic to global.talk-cloud.net not permitted
03-06 14:48:24.089 18466 18866 W System.err: 	at com.android.okhttp.HttpHandler$CleartextURLFilter.checkURLPermitted(HttpHandler.java:115)
03-06 14:48:24.089 18466 18866 W System.err: 	at com.android.okhttp.internal.huc.HttpURLConnectionImpl.execute(HttpURLConnectionImpl.java:458)
03-06 14:48:24.089 18466 18866 W System.err: 	at com.android.okhttp.internal.huc.HttpURLConnectionImpl.connect(HttpURLConnectionImpl.java:127)
03-06 14:48:24.089 18466 18866 W System.err: 	at com.android.okhttp.internal.huc.HttpURLConnectionImpl.getOutputStream(HttpURLConnectionImpl.java:258)
03-06 14:48:24.089 18466 18866 W System.err: 	at com.talkcloud.utils.AsyncHttpURLConnection.sendHttpMessage(AsyncHttpURLConnection.java:105)
03-06 14:48:24.089 18466 18866 W System.err: 	at com.talkcloud.utils.AsyncHttpURLConnection.access$000(AsyncHttpURLConnection.java:26)
03-06 14:48:24.089 18466 18866 W System.err: 	at com.talkcloud.utils.AsyncHttpURLConnection$1.run(AsyncHttpURLConnection.java:63)
03-06 14:48:24.089 18466 18866 W System.err: 	at java.lang.Thread.run(Thread.java:784)
03-06 14:48:24.089 18466 18866 E [tk-sdk]: sendHttpMessage exceptionhttp://global.talk-cloud.net:80/ClientAPI/checkroomCleartext HTTP traffic to global.talk-cloud.net not permitted
03-06 14:48:24.090 18466 18466 I [tk-sdk]: step1Checkroom ret=11
03-06 14:48:24.093   722 18705 I Camera3-Stream: getBuffer: Stream 2, 0xf392d880: Already dequeued max output buffers (7), wait for next returned one.
03-06 14:48:24.095   722 18710 I GRALLOC : LockFlexLayout: baseFormat: 11, yStride: 1920, ySize: 2073600, uOffset: 2073600,  uStride: 1920
03-06 14:48:24.113 18466 18869 W System.err: java.io.IOException: Cleartext HTTP traffic to global.talk-cloud.net not permitted
03-06 14:48:24.113 18466 18869 W System.err: 	at com.android.okhttp.HttpHandler$CleartextURLFilter.checkURLPermitted(HttpHandler.java:115)
03-06 14:48:24.113 18466 18869 W System.err: 	at com.android.okhttp.internal.huc.HttpURLConnectionImpl.execute(HttpURLConnectionImpl.java:458)
03-06 14:48:24.114 18466 18869 W System.err: 	at com.android.okhttp.internal.huc.HttpURLConnectionImpl.connect(HttpURLConnectionImpl.java:127)
03-06 14:48:24.114 18466 18869 W System.err: 	at com.android.okhttp.internal.huc.HttpURLConnectionImpl.getOutputStream(HttpURLConnectionImpl.java:258)
03-06 14:48:24.114 18466 18869 W System.err: 	at com.talkcloud.utils.AsyncHttpURLConnection.sendHttpMessage(AsyncHttpURLConnection.java:105)
03-06 14:48:24.114 18466 18869 W System.err: 	at com.talkcloud.utils.AsyncHttpURLConnection.access$000(AsyncHttpURLConnection.java:26)
03-06 14:48:24.114 18466 18869 W System.err: 	at com.talkcloud.utils.AsyncHttpURLConnection$1.run(AsyncHttpURLConnection.java:63)
03-06 14:48:24.114 18466 18869 W System.err: 	at java.lang.Thread.run(Thread.java:784)
03-06 14:48:24.114 18466 18868 W System.err: java.io.IOException: Cleartext HTTP traffic to global.talk-cloud.net not permitted
03-06 14:48:24.114 18466 18869 E [tk-sdk]: sendHttpMessage exceptionhttp://global.talk-cloud.net:80/ClientAPI/checkroomCleartext HTTP traffic to global.talk-cloud.net not permitted
03-06 14:48:24.114 18466 18868 W System.err: 	at com.android.okhttp.HttpHandler$CleartextURLFilter.checkURLPermitted(HttpHandler.java:115)
03-06 14:48:24.114 18466 18868 W System.err: 	at com.android.okhttp.internal.huc.HttpURLConnectionImpl.execute(HttpURLConnectionImpl.java:458)
03-06 14:48:24.114 18466 18868 W System.err: 	at com.android.okhttp.internal.huc.HttpURLConnectionImpl.connect(HttpURLConnectionImpl.java:127)
03-06 14:48:24.114 18466 18868 W System.err: 	at com.android.okhttp.internal.huc.HttpURLConnectionImpl.getOutputStream(HttpURLConnectionImpl.java:258)
03-06 14:48:24.114 18466 18868 W System.err: 	at com.talkcloud.utils.AsyncHttpURLConnection.sendHttpMessage(AsyncHttpURLConnection.java:105)
03-06 14:48:24.114 18466 18868 W System.err: 	at com.talkcloud.utils.AsyncHttpURLConnection.access$000(AsyncHttpURLConnection.java:26)
03-06 14:48:24.115 18466 18868 W System.err: 	at com.talkcloud.utils.AsyncHttpURLConnection$1.run(AsyncHttpURLConnection.java:63)
03-06 14:48:24.115 18466 18868 W System.err: 	at java.lang.Thread.run(Thread.java:784)
03-06 14:48:24.115 18466 18868 E [tk-sdk]: sendHttpMessage exceptionhttp://global.talk-cloud.net:80/ClientAPI/checkroomCleartext HTTP traffic to global.talk-cloud.net not permitted
03-06 14:48:24.116 18466 18466 I [tk-sdk]: step1Checkroom ret=11
03-06 14:48:24.119 18466 18870 W System.err: java.io.IOException: Cleartext HTTP traffic to global.talk-cloud.net not permitted
03-06 14:48:24.120 18466 18870 W System.err: 	at com.android.okhttp.HttpHandler$CleartextURLFilter.checkURLPermitted(HttpHandler.java:115)
03-06 14:48:24.120 18466 18870 W System.err: 	at com.android.okhttp.internal.huc.HttpURLConnectionImpl.execute(HttpURLConnectionImpl.java:458)
03-06 14:48:24.120 18466 18870 W System.err: 	at com.android.okhttp.internal.huc.HttpURLConnectionImpl.connect(HttpURLConnectionImpl.java:127)
03-06 14:48:24.120 18466 18870 W System.err: 	at com.android.okhttp.internal.huc.HttpURLConnectionImpl.getOutputStream(HttpURLConnectionImpl.java:258)
03-06 14:48:24.120 18466 18870 W System.err: 	at com.talkcloud.utils.AsyncHttpURLConnection.sendHttpMessage(AsyncHttpURLConnection.java:105)
03-06 14:48:24.120 18466 18870 W System.err: 	at com.talkcloud.utils.AsyncHttpURLConnection.access$000(AsyncHttpURLConnection.java:26)
03-06 14:48:24.120 18466 18870 W System.err: 	at com.talkcloud.utils.AsyncHttpURLConnection$1.run(AsyncHttpURLConnection.java:63)
03-06 14:48:24.120 18466 18870 W System.err: 	at java.lang.Thread.run(Thread.java:784)
03-06 14:48:24.120 18466 18870 E [tk-sdk]: sendHttpMessage exceptionhttp://global.talk-cloud.net:80/ClientAPI/checkroomCleartext HTTP traffic to global.talk-cloud.net not permitted
03-06 14:48:24.134   740  1158 I chatty  : uid=1013(media) pl#2 expire 120 lines
03-06 14:48:24.140   740 18735 I chatty  : uid=1013(media) ispout#2# expire 36 lines
03-06 14:48:24.140   740 18723 I chatty  : uid=1013(media) IspEnhncAlgo expire 30 lines
03-06 14:48:24.140   740 18725 I chatty  : uid=1013(media) ThumbnailBase expire 40 lines
03-06 14:48:24.144   722 18705 I Camera3-Stream: getBuffer: Stream 2, 0xf392d880: Already dequeued max output buffers (7), wait for next returned one.
03-06 14:48:24.145   722 18710 I GRALLOC : LockFlexLayout: baseFormat: 11, yStride: 1920, ySize: 2073600, uOffset: 2073600,  uStride: 1920
03-06 14:48:24.161  1317  7113 V BroadcastQueue: Finished with ordered broadcast BroadcastRecord{97bbd88 u0 null}
03-06 14:48:24.194   722 18705 I Camera3-Stream: getBuffer: Stream 2, 0xf392d880: Already dequeued max output buffers (7), wait for next returned one.
03-06 14:48:24.195   722 18710 I GRALLOC : LockFlexLayout: baseFormat: 11, yStride: 1920, ySize: 2073600, uOffset: 2073600,  uStride: 1920
03-06 14:48:24.201  1800  2147 I HardwareAdapter: isOnlyChargingType adaptor_detect=1
03-06 14:48:24.202  1800  2147 I HardwareAdapter: isOnlyChargingType chargerType=0
03-06 14:48:24.202  1800  2147 I PG_ash  : not only power charing.
03-06 14:48:24.208  1317  1459 W ActivityManager: Sending non-protected broadcast telephony.dataconnection.DNS_MONITOR_ACTION from system uid 1000 pkg android
03-06 14:48:24.210  1317 18419 W AwareLog: AwareMem_Kill: updateGroupList process: not kill critical frequent=com.huawei.cryptosms.service, uid=1000
03-06 14:48:24.210  1317 18419 W AwareLog: AwareMem_Kill: execKillGroup: null procGroups
03-06 14:48:24.210  1317  1317 V BroadcastQueue: Finished with ordered broadcast BroadcastRecord{7b0a346 u0 telephony.dataconnection.DNS_MONITOR_ACTION}
03-06 14:48:24.244   722 18705 I Camera3-Stream: getBuffer: Stream 0, 0xf392d700: Already dequeued max output buffers (7), wait for next returned one.
03-06 14:48:24.245   722 18710 I GRALLOC : LockFlexLayout: baseFormat: 11, yStride: 1920, ySize: 2073600, uOffset: 2073600,  uStride: 1920
03-06 14:48:24.281   596   670 I ArHal   : (ar_data_netlink_cb:821):cmd[2].length[48]
03-06 14:48:24.290   722 18705 I Camera3-Stream: getBuffer: Stream 2, 0xf392d880: Already dequeued max output buffers (7), wait for next returned one.
03-06 14:48:24.293   722 18710 I GRALLOC : LockFlexLayout: baseFormat: 11, yStride: 1920, ySize: 2073600, uOffset: 2073600,  uStride: 1920
03-06 14:48:24.303  1728  1879 D ARMoudle.ARService: onActivityChanged...
03-06 14:48:24.310  3539  3552 E         :  CAWARENESS: executeStatusSensorCallback() containsKey(deviceStatus) is false
03-06 14:48:24.310  3539  3552 E         :  CAWARENESS: executeSensorCallback() containsKey(deviceStatus) is false
03-06 14:48:24.310  3539  3552 E         :  CAWARENESS: executeStatusSensorCallback() containsKey(deviceStatus) is false
03-06 14:48:24.310  3539  3552 E         :  CAWARENESS: executeSensorCallback() containsKey(deviceStatus) is false
03-06 14:48:24.315  1714 24589 D HwLBSService.HwNLPMSDPFunction: onMovementStatusChanged, type: 0
03-06 14:48:24.318  1761 23267 D sdk_ConnectServiceManager:  CAWARENESS_CLIENT: onMovementStatusChanged() type is:0
03-06 14:48:24.318  1761 23267 D sdk_ConnectServiceManager:  CAWARENESS_CLIENT: onMovementStatusChanged()
03-06 14:48:24.321  1761 23267 D sdk_MovementController:  CAWARENESS_CLIENT: HwMSDPMovementStatusChangedCallBack onMovementStatusChanged()
03-06 14:48:24.321  1761 23267 D sdk_MovementController:  CAWARENESS_CLIENT: onMovementStatusChanged() i = 1 Movement : android.activity_recognition.still
03-06 14:48:24.321  1761 23267 D sdk_MovementController:  CAWARENESS_CLIENT: onMovementChanged() timeNS : 93243442873091,eventTypeString:,eventTypeString:Out,confidence: -1
03-06 14:48:24.321  1761 23267 D sdk_MovementController:  CAWARENESS_CLIENT: prepareQueryMovementStatus() Movement : android.activity_recognition.still eventType : 2 timeNS : 93243442873091 confidence : -1
03-06 14:48:24.321  1761 23267 D sdk_MovementController:  CAWARENESS_CLIENT: prepareQueryMovementStatus() status : 2 action : -1
03-06 14:48:24.321  1761 23267 D sdk_MovementController:  CAWARENESS_CLIENT: enter executeSensorCallback()
03-06 14:48:24.321  1761 23267 D         :  CAWARENESS_CLIENT: enter into getArrayListFromTopKey topKey:com.huawei.bd_1:1;1,4,127
03-06 14:48:24.321  1761 23267 D         :  CAWARENESS_CLIENT: getArrayListFromTopKey fenceKey:1,4,127
03-06 14:48:24.321  1761 23267 D sdk_MovementController:  CAWARENESS_CLIENT: executeSensorCallback() arrayList:[127]
03-06 14:48:24.321  1761 23267 D sdk_MovementController:  CAWARENESS_CLIENT: executeSensorCallback() registerAction : 127
03-06 14:48:24.322  1761 23267 D sdk_MovementController:  CAWARENESS_CLIENT: executeSensorCallback() timeNS : 93243442873091,eventTypeInt : 2,DATA_ACTION_TYPE:16,intent.toString():Intent { (has extras) }
03-06 14:48:24.323  1761 23267 D sdk_MovementController:  CAWARENESS_CLIENT: onMovementStatusChanged() i = 2 Movement : android.activity_recognition.still
03-06 14:48:24.323  1761 23267 D sdk_MovementController:  CAWARENESS_CLIENT: onMovementChanged() timeNS : 93260520194966,eventTypeString:,eventTypeString:In,confidence: -1
03-06 14:48:24.323  1761 23267 D sdk_MovementController:  CAWARENESS_CLIENT: prepareQueryMovementStatus() Movement : android.activity_recognition.still eventType : 1 timeNS : 93260520194966 confidence : -1
03-06 14:48:24.323  1761 23267 D sdk_MovementController:  CAWARENESS_CLIENT: prepareQueryMovementStatus() status : 1 action : -1
03-06 14:48:24.323  1761 23267 D sdk_MovementController:  CAWARENESS_CLIENT: enter executeSensorCallback()
03-06 14:48:24.323  1761 23267 D         :  CAWARENESS_CLIENT: enter into getArrayListFromTopKey topKey:com.huawei.bd_1:1;1,4,127
03-06 14:48:24.323  1761 23267 D         :  CAWARENESS_CLIENT: getArrayListFromTopKey fenceKey:1,4,127
03-06 14:48:24.323  1761 23267 D sdk_MovementController:  CAWARENESS_CLIENT: executeSensorCallback() arrayList:[127]
03-06 14:48:24.323  1761 23267 D sdk_MovementController:  CAWARENESS_CLIENT: executeSensorCallback() registerAction : 127
03-06 14:48:24.323  1761 23267 D sdk_MovementController:  CAWARENESS_CLIENT: executeSensorCallback() timeNS : 93260520194966,eventTypeInt : 1,DATA_ACTION_TYPE:16,intent.toString():Intent { (has extras) }
03-06 14:48:24.324  1761  1978 I OPCollectLog: ARFromAwarenessImpl:motionType: 4 eventType: 2 timeStamp: 93243442873091
03-06 14:48:24.324  1761  1978 I OPCollectLog: ARFromAwarenessImpl:handleMessage msg: 3
03-06 14:48:24.330  1761  1978 I OPCollectLog: Action:RawARStatus executed successfully
03-06 14:48:24.330  1761  1978 I OPCollectLog: ARFromAwarenessImpl:motionType: 4 eventType: 1 timeStamp: 93260520194966
03-06 14:48:24.330  1761  1978 I OPCollectLog: ARFromAwarenessImpl:handleMessage msg: 3
03-06 14:48:24.331  1761  1978 I OPCollectLog: Action:RawARStatus executed successfully
03-06 14:48:24.331  1761  1985 D OPCollectLog: OdmfCollectScheduler:handleMessage msg: 4
03-06 14:48:24.346   722 18705 I Camera3-Stream: getBuffer: Stream 2, 0xf392d880: Already dequeued max output buffers (7), wait for next returned one.
03-06 14:48:24.348   722 18710 I GRALLOC : LockFlexLayout: baseFormat: 11, yStride: 1920, ySize: 2073600, uOffset: 2073600,  uStride: 1920
03-06 14:48:24.364  1761  1985 I OPCollectLog: OdmfHelper:insert com.huawei.nb.model.collectencrypt.RawARStatus success 
03-06 14:48:24.364  1761  1985 D OPCollectLog: OdmfCollectScheduler:handleMessage msg: 4
03-06 14:48:24.369  1761  1985 I OPCollectLog: OdmfHelper:insert com.huawei.nb.model.collectencrypt.RawARStatus success 
03-06 14:48:24.396   722 18705 I Camera3-Stream: getBuffer: Stream 2, 0xf392d880: Already dequeued max output buffers (7), wait for next returned one.
03-06 14:48:24.397   722 18710 I GRALLOC : LockFlexLayout: baseFormat: 11, yStride: 1920, ySize: 2073600, uOffset: 2073600,  uStride: 1920
03-06 14:48:24.446  1317  2301 V BroadcastQueue: Finished with ordered broadcast BroadcastRecord{7fd005d u0 com.android.internal.telephony.data-stall}
03-06 14:48:24.454   722 18705 I Camera3-Stream: getBuffer: Stream 2, 0xf392d880: Already dequeued max output buffers (7), wait for next returned one.
03-06 14:48:24.455   722 18710 I GRALLOC : LockFlexLayout: baseFormat: 11, yStride: 1920, ySize: 2073600, uOffset: 2073600,  uStride: 1920
03-06 14:48:24.456  1619  1866 I EventCenter: ContentChange for slot: 1
03-06 14:48:24.456  1317  1317 V SettingsProvider: Notifying for 0: content://settings/system/screen_auto_brightness
03-06 14:48:24.458  1619  1619 I HwBrightnessUtils: APS brightness=51.0,ConvertToPercentage=0.39426768
03-06 14:48:24.459  1317  1317 V SettingsProvider: Notifying for 0: content://settings/system/screen_brightness
03-06 14:48:24.459  1619  1866 I EventCenter: ContentChange for slot: 1
03-06 14:48:24.480  3485 18872 I [HwRecSys]RawARStatusUtil: motionType = 4
03-06 14:48:24.480  3485 18871 I [HwRecSys]RawARStatusUtil: motionType = 4
03-06 14:48:24.495   722 18705 I Camera3-Stream: getBuffer: Stream 2, 0xf392d880: Already dequeued max output buffers (7), wait for next returned one.
03-06 14:48:24.496   722 18705 I Camera3-Stream: getBuffer: Stream 0, 0xf392d700: Already dequeued max output buffers (7), wait for next returned one.
03-06 14:48:24.498   722 18710 I GRALLOC : LockFlexLayout: baseFormat: 11, yStride: 1920, ySize: 2073600, uOffset: 2073600,  uStride: 1920
03-06 14:48:24.548   722 18705 I Camera3-Stream: getBuffer: Stream 2, 0xf392d880: Already dequeued max output buffers (7), wait for next returned one.
03-06 14:48:24.548   722 18710 I GRALLOC : LockFlexLayout: baseFormat: 11, yStride: 1920, ySize: 2073600, uOffset: 2073600,  uStride: 1920
03-06 14:48:24.592   722 18705 I Camera3-Stream: getBuffer: Stream 2, 0xf392d880: Already dequeued max output buffers (7), wait for next returned one.
03-06 14:48:24.594   722 18710 I GRALLOC : LockFlexLayout: baseFormat: 11, yStride: 1920, ySize: 2073600, uOffset: 2073600,  uStride: 1920
03-06 14:48:24.612  1619  1980 D NetworkController.MobileSignalController(0): mSimSubId:0 onDataActivity: direction=2
03-06 14:48:24.622  1619  1619 D HwCustMobileSignalControllerImpl: updateDataType, mDataNetType: 13, isCAstate: false
03-06 14:48:24.622  1619  1619 D NetWorkUtils: is3GCalling is false,mCdmaSlot is -1
03-06 14:48:24.622  1619  1619 D NetWorkUtils: mVSimCurCardType is -1
03-06 14:48:24.623  1619  1619 D NetWorkUtils: is3GCalling is false,mCdmaSlot is -1
03-06 14:48:24.623  1619  1619 D NetWorkUtils: mVSimCurCardType is -1
03-06 14:48:24.624  1619  1619 D NetWorkUtils: is3GCalling is false,mCdmaSlot is -1
03-06 14:48:24.624  1619  1619 D NetWorkUtils: mVSimCurCardType is -1
03-06 14:48:24.645   722 18710 I GRALLOC : LockFlexLayout: baseFormat: 11, yStride: 1920, ySize: 2073600, uOffset: 2073600,  uStride: 1920
03-06 14:48:24.651   722 18705 I Camera3-Stream: getBuffer: Stream 0, 0xf392d700: Already dequeued max output buffers (7), wait for next returned one.
03-06 14:48:24.689   740 18723 I chatty  : uid=1013(media) IspEnhncAlgo expire 25 lines
03-06 14:48:24.693   722 18705 I Camera3-Stream: getBuffer: Stream 0, 0xf392d700: Already dequeued max output buffers (7), wait for next returned one.
03-06 14:48:24.694   722 18710 I GRALLOC : LockFlexLayout: baseFormat: 11, yStride: 1920, ySize: 2073600, uOffset: 2073600,  uStride: 1920
03-06 14:48:24.735   740  1158 I chatty  : uid=1013(media) pl#2 expire 80 lines
03-06 14:48:24.737   740 18735 I chatty  : uid=1013(media) ispout#2# expire 24 lines
03-06 14:48:24.743   722 18705 I Camera3-Stream: getBuffer: Stream 2, 0xf392d880: Already dequeued max output buffers (7), wait for next returned one.
03-06 14:48:24.744   740 18721 I chatty  : uid=1013(media) Misc expire 36 lines
03-06 14:48:24.746   722 18710 I GRALLOC : LockFlexLayout: baseFormat: 11, yStride: 1920, ySize: 2073600, uOffset: 2073600,  uStride: 1920
03-06 14:48:24.796   722 18705 I Camera3-Stream: getBuffer: Stream 2, 0xf392d880: Already dequeued max output buffers (7), wait for next returned one.
03-06 14:48:24.796   722 18710 I GRALLOC : LockFlexLayout: baseFormat: 11, yStride: 1920, ySize: 2073600, uOffset: 2073600,  uStride: 1920
03-06 14:48:24.841   722 18705 I Camera3-Stream: getBuffer: Stream 2, 0xf392d880: Already dequeued max output buffers (7), wait for next returned one.
03-06 14:48:24.843   722 18710 I GRALLOC : LockFlexLayout: baseFormat: 11, yStride: 1920, ySize: 2073600, uOffset: 2073600,  uStride: 1920
03-06 14:48:24.894   722 18705 I Camera3-Stream: getBuffer: Stream 2, 0xf392d880: Already dequeued max output buffers (7), wait for next returned one.
03-06 14:48:24.895   722 18710 I GRALLOC : LockFlexLayout: baseFormat: 11, yStride: 1920, ySize: 2073600, uOffset: 2073600,  uStride: 1920
03-06 14:48:24.903   754  2938 E LOGSERVER_UTILS: [Erecovery]readEvent: eRecEventManager readEvent 0
03-06 14:48:24.941   722 18710 I GRALLOC : LockFlexLayout: baseFormat: 11, yStride: 1920, ySize: 2073600, uOffset: 2073600,  uStride: 1920
03-06 14:48:24.948   722 18705 I Camera3-Stream: getBuffer: Stream 0, 0xf392d700: Already dequeued max output buffers (7), wait for next returned one.
03-06 14:48:24.954  1317  1317 V SettingsProvider: Notifying for 0: content://settings/system/screen_auto_brightness
03-06 14:48:24.955  1619  1866 I EventCenter: ContentChange for slot: 1
03-06 14:48:24.956  1317  1317 V SettingsProvider: Notifying for 0: content://settings/system/screen_brightness
03-06 14:48:24.956  1619  1866 I EventCenter: ContentChange for slot: 1
03-06 14:48:24.958  1619  1619 I HwBrightnessUtils: APS brightness=50.0,ConvertToPercentage=0.38958505
03-06 14:48:24.994   722 18705 I Camera3-Stream: getBuffer: Stream 2, 0xf392d880: Already dequeued max output buffers (7), wait for next returned one.
03-06 14:48:24.994   722 18710 I GRALLOC : LockFlexLayout: baseFormat: 11, yStride: 1920, ySize: 2073600, uOffset: 2073600,  uStride: 1920
03-06 14:48:25.042   722 18705 I Camera3-Stream: getBuffer: Stream 0, 0xf392d700: Already dequeued max output buffers (7), wait for next returned one.
03-06 14:48:25.042   722 18710 I GRALLOC : LockFlexLayout: baseFormat: 11, yStride: 1920, ySize: 2073600, uOffset: 2073600,  uStride: 1920
03-06 14:48:25.087 18466 18875 W System.err: java.io.IOException: Cleartext HTTP traffic to global.talk-cloud.net not permitted
03-06 14:48:25.087 18466 18875 W System.err: 	at com.android.okhttp.HttpHandler$CleartextURLFilter.checkURLPermitted(HttpHandler.java:115)
03-06 14:48:25.087 18466 18875 W System.err: 	at com.android.okhttp.internal.huc.HttpURLConnectionImpl.execute(HttpURLConnectionImpl.java:458)
03-06 14:48:25.087 18466 18875 W System.err: 	at com.android.okhttp.internal.huc.HttpURLConnectionImpl.connect(HttpURLConnectionImpl.java:127)
03-06 14:48:25.087 18466 18875 W System.err: 	at com.android.okhttp.internal.huc.HttpURLConnectionImpl.getOutputStream(HttpURLConnectionImpl.java:258)
03-06 14:48:25.087 18466 18875 W System.err: 	at com.talkcloud.utils.AsyncHttpURLConnection.sendHttpMessage(AsyncHttpURLConnection.java:105)
03-06 14:48:25.087 18466 18875 W System.err: 	at com.talkcloud.utils.AsyncHttpURLConnection.access$000(AsyncHttpURLConnection.java:26)
03-06 14:48:25.087 18466 18875 W System.err: 	at com.talkcloud.utils.AsyncHttpURLConnection$1.run(AsyncHttpURLConnection.java:63)
03-06 14:48:25.087 18466 18875 W System.err: 	at java.lang.Thread.run(Thread.java:784)
03-06 14:48:25.088 18466 18875 E [tk-sdk]: sendHttpMessage exceptionhttp://global.talk-cloud.net:80/ClientAPI/checkroomCleartext HTTP traffic to global.talk-cloud.net not permitted
03-06 14:48:25.092   722 18705 I Camera3-Stream: getBuffer: Stream 2, 0xf392d880: Already dequeued max output buffers (7), wait for next returned one.
03-06 14:48:25.093 18466 18876 W System.err: java.io.IOException: Cleartext HTTP traffic to global.talk-cloud.net not permitted
03-06 14:48:25.093 18466 18876 W System.err: 	at com.android.okhttp.HttpHandler$CleartextURLFilter.checkURLPermitted(HttpHandler.java:115)
03-06 14:48:25.093 18466 18876 W System.err: 	at com.android.okhttp.internal.huc.HttpURLConnectionImpl.execute(HttpURLConnectionImpl.java:458)
03-06 14:48:25.094 18466 18876 W System.err: 	at com.android.okhttp.internal.huc.HttpURLConnectionImpl.connect(HttpURLConnectionImpl.java:127)
03-06 14:48:25.094 18466 18876 W System.err: 	at com.android.okhttp.internal.huc.HttpURLConnectionImpl.getOutputStream(HttpURLConnectionImpl.java:258)
03-06 14:48:25.094 18466 18876 W System.err: 	at com.talkcloud.utils.AsyncHttpURLConnection.sendHttpMessage(AsyncHttpURLConnection.java:105)
03-06 14:48:25.094 18466 18876 W System.err: 	at com.talkcloud.utils.AsyncHttpURLConnection.access$000(AsyncHttpURLConnection.java:26)
03-06 14:48:25.094 18466 18876 W System.err: 	at com.talkcloud.utils.AsyncHttpURLConnection$1.run(AsyncHttpURLConnection.java:63)
03-06 14:48:25.094 18466 18876 W System.err: 	at java.lang.Thread.run(Thread.java:784)
03-06 14:48:25.094 18466 18876 E [tk-sdk]: sendHttpMessage exceptionhttp://global.talk-cloud.net:80/ClientAPI/checkroomCleartext HTTP traffic to global.talk-cloud.net not permitted
03-06 14:48:25.094   722 18710 I GRALLOC : LockFlexLayout: baseFormat: 11, yStride: 1920, ySize: 2073600, uOffset: 2073600,  uStride: 1920
03-06 14:48:25.095 18466 18466 I [tk-sdk]: step1Checkroom ret=11
03-06 14:48:25.112 18466 18877 W System.err: java.io.IOException: Cleartext HTTP traffic to global.talk-cloud.net not permitted
03-06 14:48:25.112 18466 18877 W System.err: 	at com.android.okhttp.HttpHandler$CleartextURLFilter.checkURLPermitted(HttpHandler.java:115)
03-06 14:48:25.112 18466 18877 W System.err: 	at com.android.okhttp.internal.huc.HttpURLConnectionImpl.execute(HttpURLConnectionImpl.java:458)
03-06 14:48:25.112 18466 18877 W System.err: 	at com.android.okhttp.internal.huc.HttpURLConnectionImpl.connect(HttpURLConnectionImpl.java:127)
03-06 14:48:25.112 18466 18877 W System.err: 	at com.android.okhttp.internal.huc.HttpURLConnectionImpl.getOutputStream(HttpURLConnectionImpl.java:258)
03-06 14:48:25.112 18466 18877 W System.err: 	at com.talkcloud.utils.AsyncHttpURLConnection.sendHttpMessage(AsyncHttpURLConnection.java:105)
03-06 14:48:25.113 18466 18877 W System.err: 	at com.talkcloud.utils.AsyncHttpURLConnection.access$000(AsyncHttpURLConnection.java:26)
03-06 14:48:25.113 18466 18877 W System.err: 	at com.talkcloud.utils.AsyncHttpURLConnection$1.run(AsyncHttpURLConnection.java:63)
03-06 14:48:25.113 18466 18877 W System.err: 	at java.lang.Thread.run(Thread.java:784)
03-06 14:48:25.113 18466 18877 E [tk-sdk]: sendHttpMessage exceptionhttp://global.talk-cloud.net:80/ClientAPI/checkroomCleartext HTTP traffic to global.talk-cloud.net not permitted
03-06 14:48:25.119 18466 18878 W System.err: java.io.IOException: Cleartext HTTP traffic to global.talk-cloud.net not permitted
03-06 14:48:25.119 18466 18878 W System.err: 	at com.android.okhttp.HttpHandler$CleartextURLFilter.checkURLPermitted(HttpHandler.java:115)
03-06 14:48:25.119 18466 18878 W System.err: 	at com.android.okhttp.internal.huc.HttpURLConnectionImpl.execute(HttpURLConnectionImpl.java:458)
03-06 14:48:25.119 18466 18878 W System.err: 	at com.android.okhttp.internal.huc.HttpURLConnectionImpl.connect(HttpURLConnectionImpl.java:127)
03-06 14:48:25.120 18466 18878 W System.err: 	at com.android.okhttp.internal.huc.HttpURLConnectionImpl.getOutputStream(HttpURLConnectionImpl.java:258)
03-06 14:48:25.120 18466 18878 W System.err: 	at com.talkcloud.utils.AsyncHttpURLConnection.sendHttpMessage(AsyncHttpURLConnection.java:105)
03-06 14:48:25.120 18466 18878 W System.err: 	at com.talkcloud.utils.AsyncHttpURLConnection.access$000(AsyncHttpURLConnection.java:26)
03-06 14:48:25.120 18466 18878 W System.err: 	at com.talkcloud.utils.AsyncHttpURLConnection$1.run(AsyncHttpURLConnection.java:63)
03-06 14:48:25.120 18466 18878 W System.err: 	at java.lang.Thread.run(Thread.java:784)
03-06 14:48:25.120 18466 18878 E [tk-sdk]: sendHttpMessage exceptionhttp://global.talk-cloud.net:80/ClientAPI/checkroomCleartext HTTP traffic to global.talk-cloud.net not permitted
03-06 14:48:25.120 18466 18879 W System.err: java.io.IOException: Cleartext HTTP traffic to global.talk-cloud.net not permitted
03-06 14:48:25.120 18466 18879 W System.err: 	at com.android.okhttp.HttpHandler$CleartextURLFilter.checkURLPermitted(HttpHandler.java:115)
03-06 14:48:25.120 18466 18879 W System.err: 	at com.android.okhttp.internal.huc.HttpURLConnectionImpl.execute(HttpURLConnectionImpl.java:458)
03-06 14:48:25.120 18466 18879 W System.err: 	at com.android.okhttp.internal.huc.HttpURLConnectionImpl.connect(HttpURLConnectionImpl.java:127)
03-06 14:48:25.120 18466 18879 W System.err: 	at com.android.okhttp.internal.huc.HttpURLConnectionImpl.getOutputStream(HttpURLConnectionImpl.java:258)
03-06 14:48:25.120 18466 18879 W System.err: 	at com.talkcloud.utils.AsyncHttpURLConnection.sendHttpMessage(AsyncHttpURLConnection.java:105)
03-06 14:48:25.120 18466 18879 W System.err: 	at com.talkcloud.utils.AsyncHttpURLConnection.access$000(AsyncHttpURLConnection.java:26)
03-06 14:48:25.120 18466 18879 W System.err: 	at com.talkcloud.utils.AsyncHttpURLConnection$1.run(AsyncHttpURLConnection.java:63)
03-06 14:48:25.121 18466 18879 W System.err: 	at java.lang.Thread.run(Thread.java:784)
03-06 14:48:25.121 18466 18879 E [tk-sdk]: sendHttpMessage exceptionhttp://global.talk-cloud.net:80/ClientAPI/checkroomCleartext HTTP traffic to global.talk-cloud.net not permitted
03-06 14:48:25.122 18466 18466 I [tk-sdk]: step1Checkroom ret=11
03-06 14:48:25.124 18466 18880 W System.err: java.io.IOException: Cleartext HTTP traffic to global.talk-cloud.net not permitted
03-06 14:48:25.124 18466 18880 W System.err: 	at com.android.okhttp.HttpHandler$CleartextURLFilter.checkURLPermitted(HttpHandler.java:115)
03-06 14:48:25.124 18466 18880 W System.err: 	at com.android.okhttp.internal.huc.HttpURLConnectionImpl.execute(HttpURLConnectionImpl.java:458)
03-06 14:48:25.124 18466 18880 W System.err: 	at com.android.okhttp.internal.huc.HttpURLConnectionImpl.connect(HttpURLConnectionImpl.java:127)
03-06 14:48:25.124 18466 18880 W System.err: 	at com.android.okhttp.internal.huc.HttpURLConnectionImpl.getOutputStream(HttpURLConnectionImpl.java:258)
03-06 14:48:25.125 18466 18880 W System.err: 	at com.talkcloud.utils.AsyncHttpURLConnection.sendHttpMessage(AsyncHttpURLConnection.java:105)
03-06 14:48:25.125 18466 18880 W System.err: 	at com.talkcloud.utils.AsyncHttpURLConnection.access$000(AsyncHttpURLConnection.java:26)
03-06 14:48:25.125 18466 18880 W System.err: 	at com.talkcloud.utils.AsyncHttpURLConnection$1.run(AsyncHttpURLConnection.java:63)
03-06 14:48:25.125 18466 18880 W System.err: 	at java.lang.Thread.run(Thread.java:784)
03-06 14:48:25.125 18466 18880 E [tk-sdk]: sendHttpMessage exceptionhttp://global.talk-cloud.net:80/ClientAPI/checkroomCleartext HTTP traffic to global.talk-cloud.net not permitted
03-06 14:48:25.134   740  1158 I chatty  : uid=1013(media) pl#2 expire 110 lines
03-06 14:48:25.135   740 18735 I chatty  : uid=1013(media) ispout#2# expire 33 lines
03-06 14:48:25.136   740 18723 I chatty  : uid=1013(media) IspEnhncAlgo expire 26 lines
03-06 14:48:25.139   740 18725 I chatty  : uid=1013(media) ThumbnailBase expire 40 lines
03-06 14:48:25.142   722 18705 I Camera3-Stream: getBuffer: Stream 0, 0xf392d700: Already dequeued max output buffers (7), wait for next returned one.
03-06 14:48:25.142   722 18710 I GRALLOC : LockFlexLayout: baseFormat: 11, yStride: 1920, ySize: 2073600, uOffset: 2073600,  uStride: 1920
03-06 14:48:25.194   722 18705 I Camera3-Stream: getBuffer: Stream 0, 0xf392d700: Already dequeued max output buffers (7), wait for next returned one.
03-06 14:48:25.195   722 18710 I GRALLOC : LockFlexLayout: baseFormat: 11, yStride: 1920, ySize: 2073600, uOffset: 2073600,  uStride: 1920
03-06 14:48:25.242   722 18705 I Camera3-Stream: getBuffer: Stream 2, 0xf392d880: Already dequeued max output buffers (7), wait for next returned one.
03-06 14:48:25.244   722 18710 I GRALLOC : LockFlexLayout: baseFormat: 11, yStride: 1920, ySize: 2073600, uOffset: 2073600,  uStride: 1920
03-06 14:48:25.294   722 18705 I Camera3-Stream: getBuffer: Stream 2, 0xf392d880: Already dequeued max output buffers (7), wait for next returned one.
03-06 14:48:25.297   722 18710 I GRALLOC : LockFlexLayout: baseFormat: 11, yStride: 1920, ySize: 2073600, uOffset: 2073600,  uStride: 1920
03-06 14:48:25.343   722 18710 I GRALLOC : LockFlexLayout: baseFormat: 11, yStride: 1920, ySize: 2073600, uOffset: 2073600,  uStride: 1920
03-06 14:48:25.343   722 18705 I Camera3-Stream: getBuffer: Stream 0, 0xf392d700: Already dequeued max output buffers (7), wait for next returned one.
03-06 14:48:25.375 18819 18819 E HwCryptoMessageService: ConfigInfo error:getSimIMSI(int subid) method get imsi FAILED that subid = 1
03-06 14:48:25.395   722 18705 I Camera3-Stream: getBuffer: Stream 2, 0xf392d880: Already dequeued max output buffers (7), wait for next returned one.
03-06 14:48:25.396   722 18710 I GRALLOC : LockFlexLayout: baseFormat: 11, yStride: 1920, ySize: 2073600, uOffset: 2073600,  uStride: 1920
03-06 14:48:25.435  1317  1317 V SettingsProvider: Notifying for 0: content://settings/system/screen_auto_brightness
03-06 14:48:25.438  1317  1317 V SettingsProvider: Notifying for 0: content://settings/system/screen_brightness
03-06 14:48:25.439  1619  1866 I EventCenter: ContentChange for slot: 1
03-06 14:48:25.439  1619  1866 I EventCenter: ContentChange for slot: 1
03-06 14:48:25.441  1619  1619 I HwBrightnessUtils: APS brightness=49.0,ConvertToPercentage=0.38485694
03-06 14:48:25.443   722 18710 I GRALLOC : LockFlexLayout: baseFormat: 11, yStride: 1920, ySize: 2073600, uOffset: 2073600,  uStride: 1920
03-06 14:48:25.445   722 18705 I Camera3-Stream: getBuffer: Stream 0, 0xf392d700: Already dequeued max output buffers (7), wait for next returned one.
03-06 14:48:25.494   722 18705 I Camera3-Stream: getBuffer: Stream 2, 0xf392d880: Already dequeued max output buffers (7), wait for next returned one.
03-06 14:48:25.495   722 18710 I GRALLOC : LockFlexLayout: baseFormat: 11, yStride: 1920, ySize: 2073600, uOffset: 2073600,  uStride: 1920
03-06 14:48:25.496   722 18705 I Camera3-Stream: getBuffer: Stream 0, 0xf392d700: Already dequeued max output buffers (7), wait for next returned one.
03-06 14:48:25.544   722 18705 I Camera3-Stream: getBuffer: Stream 0, 0xf392d700: Already dequeued max output buffers (7), wait for next returned one.
03-06 14:48:25.544   722 18710 I GRALLOC : LockFlexLayout: baseFormat: 11, yStride: 1920, ySize: 2073600, uOffset: 2073600,  uStride: 1920
03-06 14:48:25.595   722 18705 I Camera3-Stream: getBuffer: Stream 2, 0xf392d880: Already dequeued max output buffers (7), wait for next returned one.
03-06 14:48:25.597   722 18710 I GRALLOC : LockFlexLayout: baseFormat: 11, yStride: 1920, ySize: 2073600, uOffset: 2073600,  uStride: 1920
03-06 14:48:25.616  1619  1980 D NetworkController.MobileSignalController(0): mSimSubId:0 onDataActivity: direction=0
03-06 14:48:25.627  1619  1619 D HwCustMobileSignalControllerImpl: updateDataType, mDataNetType: 13, isCAstate: false
03-06 14:48:25.628  1619  1619 D NetWorkUtils: is3GCalling is false,mCdmaSlot is -1
03-06 14:48:25.628  1619  1619 D NetWorkUtils: mVSimCurCardType is -1
03-06 14:48:25.630  1619  1619 D NetWorkUtils: is3GCalling is false,mCdmaSlot is -1
03-06 14:48:25.630  1619  1619 D NetWorkUtils: mVSimCurCardType is -1
03-06 14:48:25.631  1619  1619 D NetWorkUtils: is3GCalling is false,mCdmaSlot is -1
03-06 14:48:25.631  1619  1619 D NetWorkUtils: mVSimCurCardType is -1
03-06 14:48:25.636   740 18721 I chatty  : uid=1013(media) Misc expire 20 lines
03-06 14:48:25.645   722 18705 I Camera3-Stream: getBuffer: Stream 2, 0xf392d880: Already dequeued max output buffers (7), wait for next returned one.
03-06 14:48:25.645   740 18723 I chatty  : uid=1013(media) IspEnhncAlgo expire 23 lines
03-06 14:48:25.646   722 18710 I GRALLOC : LockFlexLayout: baseFormat: 11, yStride: 1920, ySize: 2073600, uOffset: 2073600,  uStride: 1920
03-06 14:48:25.684   740 18735 I chatty  : uid=1013(media) ispout#2# expire 55 lines
03-06 14:48:25.684   740  1158 I chatty  : uid=1013(media) pl#2 expire 180 lines
03-06 14:48:25.691   722 18705 I Camera3-Stream: getBuffer: Stream 2, 0xf392d880: Already dequeued max output buffers (7), wait for next returned one.
03-06 14:48:25.692   722 18710 I GRALLOC : LockFlexLayout: baseFormat: 11, yStride: 1920, ySize: 2073600, uOffset: 2073600,  uStride: 1920
03-06 14:48:25.744   722 18705 I Camera3-Stream: getBuffer: Stream 2, 0xf392d880: Already dequeued max output buffers (7), wait for next returned one.
03-06 14:48:25.745   722 18710 I GRALLOC : LockFlexLayout: baseFormat: 11, yStride: 1920, ySize: 2073600, uOffset: 2073600,  uStride: 1920
03-06 14:48:25.793   722 18705 I Camera3-Stream: getBuffer: Stream 0, 0xf392d700: Already dequeued max output buffers (7), wait for next returned one.
03-06 14:48:25.793   722 18710 I GRALLOC : LockFlexLayout: baseFormat: 11, yStride: 1920, ySize: 2073600, uOffset: 2073600,  uStride: 1920
03-06 14:48:25.845   722 18705 I Camera3-Stream: getBuffer: Stream 2, 0xf392d880: Already dequeued max output buffers (7), wait for next returned one.
03-06 14:48:25.845   722 18705 I Camera3-Stream: getBuffer: Stream 0, 0xf392d700: Already dequeued max output buffers (7), wait for next returned one.
03-06 14:48:25.845   722 18710 I GRALLOC : LockFlexLayout: baseFormat: 11, yStride: 1920, ySize: 2073600, uOffset: 2073600,  uStride: 1920
03-06 14:48:25.891   722 18705 I Camera3-Stream: getBuffer: Stream 0, 0xf392d700: Already dequeued max output buffers (7), wait for next returned one.
03-06 14:48:25.891   722 18710 I GRALLOC : LockFlexLayout: baseFormat: 11, yStride: 1920, ySize: 2073600, uOffset: 2073600,  uStride: 1920
03-06 14:48:25.931  1317  1355 D FpDataCollector: case xxx, not a fingerprint unlock 
03-06 14:48:25.934  1317  1317 V SettingsProvider: Notifying for 0: content://settings/system/screen_auto_brightness
03-06 14:48:25.935  1619  1619 I HwBrightnessUtils: APS brightness=48.0,ConvertToPercentage=0.3800819
03-06 14:48:25.935  1317  1317 V SettingsProvider: Notifying for 0: content://settings/system/screen_brightness
03-06 14:48:25.936  1619  1866 I EventCenter: ContentChange for slot: 1
03-06 14:48:25.937  1619  1866 I EventCenter: ContentChange for slot: 1
03-06 14:48:25.943   754  2938 E LOGSERVER_UTILS: [Erecovery]readEvent: eRecEventManager readEvent 0
03-06 14:48:25.946   722 18705 I Camera3-Stream: getBuffer: Stream 2, 0xf392d880: Already dequeued max output buffers (7), wait for next returned one.
03-06 14:48:25.946   722 18710 I GRALLOC : LockFlexLayout: baseFormat: 11, yStride: 1920, ySize: 2073600, uOffset: 2073600,  uStride: 1920
03-06 14:48:25.994   722 18705 I Camera3-Stream: getBuffer: Stream 2, 0xf392d880: Already dequeued max output buffers (7), wait for next returned one.
03-06 14:48:25.995   722 18710 I GRALLOC : LockFlexLayout: baseFormat: 11, yStride: 1920, ySize: 2073600, uOffset: 2073600,  uStride: 1920
03-06 14:48:26.044   722 18705 I Camera3-Stream: getBuffer: Stream 0, 0xf392d700: Already dequeued max output buffers (7), wait for next returned one.
03-06 14:48:26.044   722 18710 I GRALLOC : LockFlexLayout: baseFormat: 11, yStride: 1920, ySize: 2073600, uOffset: 2073600,  uStride: 1920
03-06 14:48:26.093   722 18710 I GRALLOC : LockFlexLayout: baseFormat: 11, yStride: 1920, ySize: 2073600, uOffset: 2073600,  uStride: 1920
03-06 14:48:26.095   722 18705 I Camera3-Stream: getBuffer: Stream 0, 0xf392d700: Already dequeued max output buffers (7), wait for next returned one.
03-06 14:48:26.096 18466 18881 W System.err: java.io.IOException: Cleartext HTTP traffic to global.talk-cloud.net not permitted
03-06 14:48:26.097 18466 18881 W System.err: 	at com.android.okhttp.HttpHandler$CleartextURLFilter.checkURLPermitted(HttpHandler.java:115)
03-06 14:48:26.097 18466 18881 W System.err: 	at com.android.okhttp.internal.huc.HttpURLConnectionImpl.execute(HttpURLConnectionImpl.java:458)
03-06 14:48:26.097 18466 18881 W System.err: 	at com.android.okhttp.internal.huc.HttpURLConnectionImpl.connect(HttpURLConnectionImpl.java:127)
03-06 14:48:26.097 18466 18881 W System.err: 	at com.android.okhttp.internal.huc.HttpURLConnectionImpl.getOutputStream(HttpURLConnectionImpl.java:258)
03-06 14:48:26.097 18466 18881 W System.err: 	at com.talkcloud.utils.AsyncHttpURLConnection.sendHttpMessage(AsyncHttpURLConnection.java:105)
03-06 14:48:26.097 18466 18881 W System.err: 	at com.talkcloud.utils.AsyncHttpURLConnection.access$000(AsyncHttpURLConnection.java:26)
03-06 14:48:26.097 18466 18881 W System.err: 	at com.talkcloud.utils.AsyncHttpURLConnection$1.run(AsyncHttpURLConnection.java:63)
03-06 14:48:26.097 18466 18881 W System.err: 	at java.lang.Thread.run(Thread.java:784)
03-06 14:48:26.097 18466 18881 E [tk-sdk]: sendHttpMessage exceptionhttp://global.talk-cloud.net:80/ClientAPI/checkroomCleartext HTTP traffic to global.talk-cloud.net not permitted
03-06 14:48:26.115 18466 18882 W System.err: java.io.IOException: Cleartext HTTP traffic to global.talk-cloud.net not permitted
03-06 14:48:26.115 18466 18882 W System.err: 	at com.android.okhttp.HttpHandler$CleartextURLFilter.checkURLPermitted(HttpHandler.java:115)
03-06 14:48:26.116 18466 18882 W System.err: 	at com.android.okhttp.internal.huc.HttpURLConnectionImpl.execute(HttpURLConnectionImpl.java:458)
03-06 14:48:26.116 18466 18882 W System.err: 	at com.android.okhttp.internal.huc.HttpURLConnectionImpl.connect(HttpURLConnectionImpl.java:127)
03-06 14:48:26.116 18466 18882 W System.err: 	at com.android.okhttp.internal.huc.HttpURLConnectionImpl.getOutputStream(HttpURLConnectionImpl.java:258)
03-06 14:48:26.116 18466 18882 W System.err: 	at com.talkcloud.utils.AsyncHttpURLConnection.sendHttpMessage(AsyncHttpURLConnection.java:105)
03-06 14:48:26.116 18466 18882 W System.err: 	at com.talkcloud.utils.AsyncHttpURLConnection.access$000(AsyncHttpURLConnection.java:26)
03-06 14:48:26.116 18466 18882 W System.err: 	at com.talkcloud.utils.AsyncHttpURLConnection$1.run(AsyncHttpURLConnection.java:63)
03-06 14:48:26.116 18466 18882 W System.err: 	at java.lang.Thread.run(Thread.java:784)
03-06 14:48:26.116 18466 18882 E [tk-sdk]: sendHttpMessage exceptionhttp://global.talk-cloud.net:80/ClientAPI/checkroomCleartext HTTP traffic to global.talk-cloud.net not permitted
03-06 14:48:26.116 18466 18883 W System.err: java.io.IOException: Cleartext HTTP traffic to global.talk-cloud.net not permitted
03-06 14:48:26.116 18466 18883 W System.err: 	at com.android.okhttp.HttpHandler$CleartextURLFilter.checkURLPermitted(HttpHandler.java:115)
03-06 14:48:26.116 18466 18883 W System.err: 	at com.android.okhttp.internal.huc.HttpURLConnectionImpl.execute(HttpURLConnectionImpl.java:458)
03-06 14:48:26.116 18466 18883 W System.err: 	at com.android.okhttp.internal.huc.HttpURLConnectionImpl.connect(HttpURLConnectionImpl.java:127)
03-06 14:48:26.117 18466 18883 W System.err: 	at com.android.okhttp.internal.huc.HttpURLConnectionImpl.getOutputStream(HttpURLConnectionImpl.java:258)
03-06 14:48:26.117 18466 18883 W System.err: 	at com.talkcloud.utils.AsyncHttpURLConnection.sendHttpMessage(AsyncHttpURLConnection.java:105)
03-06 14:48:26.117 18466 18883 W System.err: 	at com.talkcloud.utils.AsyncHttpURLConnection.access$000(AsyncHttpURLConnection.java:26)
03-06 14:48:26.117 18466 18883 W System.err: 	at com.talkcloud.utils.AsyncHttpURLConnection$1.run(AsyncHttpURLConnection.java:63)
03-06 14:48:26.117 18466 18883 W System.err: 	at java.lang.Thread.run(Thread.java:784)
03-06 14:48:26.117 18466 18883 E [tk-sdk]: sendHttpMessage exceptionhttp://global.talk-cloud.net:80/ClientAPI/checkroomCleartext HTTP traffic to global.talk-cloud.net not permitted
03-06 14:48:26.119 18466 18466 I [tk-sdk]: step1Checkroom ret=11
03-06 14:48:26.122 18466 18884 W System.err: java.io.IOException: Cleartext HTTP traffic to global.talk-cloud.net not permitted
03-06 14:48:26.122 18466 18884 W System.err: 	at com.android.okhttp.HttpHandler$CleartextURLFilter.checkURLPermitted(HttpHandler.java:115)
03-06 14:48:26.122 18466 18884 W System.err: 	at com.android.okhttp.internal.huc.HttpURLConnectionImpl.execute(HttpURLConnectionImpl.java:458)
03-06 14:48:26.122 18466 18884 W System.err: 	at com.android.okhttp.internal.huc.HttpURLConnectionImpl.connect(HttpURLConnectionImpl.java:127)
03-06 14:48:26.123 18466 18884 W System.err: 	at com.android.okhttp.internal.huc.HttpURLConnectionImpl.getOutputStream(HttpURLConnectionImpl.java:258)
03-06 14:48:26.123 18466 18884 W System.err: 	at com.talkcloud.utils.AsyncHttpURLConnection.sendHttpMessage(AsyncHttpURLConnection.java:105)
03-06 14:48:26.123 18466 18884 W System.err: 	at com.talkcloud.utils.AsyncHttpURLConnection.access$000(AsyncHttpURLConnection.java:26)
03-06 14:48:26.123 18466 18884 W System.err: 	at com.talkcloud.utils.AsyncHttpURLConnection$1.run(AsyncHttpURLConnection.java:63)
03-06 14:48:26.123 18466 18884 W System.err: 	at java.lang.Thread.run(Thread.java:784)
03-06 14:48:26.123 18466 18884 E [tk-sdk]: sendHttpMessage exceptionhttp://global.talk-cloud.net:80/ClientAPI/checkroomCleartext HTTP traffic to global.talk-cloud.net not permitted
03-06 14:48:26.124 18466 18885 W System.err: java.io.IOException: Cleartext HTTP traffic to global.talk-cloud.net not permitted
03-06 14:48:26.125 18466 18885 W System.err: 	at com.android.okhttp.HttpHandler$CleartextURLFilter.checkURLPermitted(HttpHandler.java:115)
03-06 14:48:26.125 18466 18885 W System.err: 	at com.android.okhttp.internal.huc.HttpURLConnectionImpl.execute(HttpURLConnectionImpl.java:458)
03-06 14:48:26.125 18466 18885 W System.err: 	at com.android.okhttp.internal.huc.HttpURLConnectionImpl.connect(HttpURLConnectionImpl.java:127)
03-06 14:48:26.125 18466 18885 W System.err: 	at com.android.okhttp.internal.huc.HttpURLConnectionImpl.getOutputStream(HttpURLConnectionImpl.java:258)
03-06 14:48:26.125 18466 18885 W System.err: 	at com.talkcloud.utils.AsyncHttpURLConnection.sendHttpMessage(AsyncHttpURLConnection.java:105)
03-06 14:48:26.125 18466 18885 W System.err: 	at com.talkcloud.utils.AsyncHttpURLConnection.access$000(AsyncHttpURLConnection.java:26)
03-06 14:48:26.125 18466 18885 W System.err: 	at com.talkcloud.utils.AsyncHttpURLConnection$1.run(AsyncHttpURLConnection.java:63)
03-06 14:48:26.125 18466 18885 W System.err: 	at java.lang.Thread.run(Thread.java:784)
03-06 14:48:26.125 18466 18885 E [tk-sdk]: sendHttpMessage exceptionhttp://global.talk-cloud.net:80/ClientAPI/checkroomCleartext HTTP traffic to global.talk-cloud.net not permitted
03-06 14:48:26.126 18466 18466 I [tk-sdk]: step1Checkroom ret=11
03-06 14:48:26.128 18466 18886 W System.err: java.io.IOException: Cleartext HTTP traffic to global.talk-cloud.net not permitted
03-06 14:48:26.128 18466 18886 W System.err: 	at com.android.okhttp.HttpHandler$CleartextURLFilter.checkURLPermitted(HttpHandler.java:115)
03-06 14:48:26.128 18466 18886 W System.err: 	at com.android.okhttp.internal.huc.HttpURLConnectionImpl.execute(HttpURLConnectionImpl.java:458)
03-06 14:48:26.129 18466 18886 W System.err: 	at com.android.okhttp.internal.huc.HttpURLConnectionImpl.connect(HttpURLConnectionImpl.java:127)
03-06 14:48:26.129 18466 18886 W System.err: 	at com.android.okhttp.internal.huc.HttpURLConnectionImpl.getOutputStream(HttpURLConnectionImpl.java:258)
03-06 14:48:26.129 18466 18886 W System.err: 	at com.talkcloud.utils.AsyncHttpURLConnection.sendHttpMessage(AsyncHttpURLConnection.java:105)
03-06 14:48:26.129 18466 18886 W System.err: 	at com.talkcloud.utils.AsyncHttpURLConnection.access$000(AsyncHttpURLConnection.java:26)
03-06 14:48:26.129 18466 18886 W System.err: 	at com.talkcloud.utils.AsyncHttpURLConnection$1.run(AsyncHttpURLConnection.java:63)
03-06 14:48:26.129 18466 18886 W System.err: 	at java.lang.Thread.run(Thread.java:784)
03-06 14:48:26.129 18466 18886 E [tk-sdk]: sendHttpMessage exceptionhttp://global.talk-cloud.net:80/ClientAPI/checkroomCleartext HTTP traffic to global.talk-cloud.net not permitted
03-06 14:48:26.135   740 18735 I chatty  : uid=1013(media) ispout#2# expire 76 lines
03-06 14:48:26.139   740 18721 I chatty  : uid=1013(media) Misc expire 18 lines
03-06 14:48:26.143   740 18723 I chatty  : uid=1013(media) IspEnhncAlgo expire 16 lines
03-06 14:48:26.140   740 18725 I chatty  : uid=1013(media) ThumbnailBase expire 40 lines
03-06 14:48:26.145   722 18705 I Camera3-Stream: getBuffer: Stream 2, 0xf392d880: Already dequeued max output buffers (7), wait for next returned one.
03-06 14:48:26.148   722 18710 I GRALLOC : LockFlexLayout: baseFormat: 11, yStride: 1920, ySize: 2073600, uOffset: 2073600,  uStride: 1920
03-06 14:48:26.191   722 18705 I Camera3-Stream: getBuffer: Stream 0, 0xf392d700: Already dequeued max output buffers (7), wait for next returned one.
03-06 14:48:26.191   722 18710 I GRALLOC : LockFlexLayout: baseFormat: 11, yStride: 1920, ySize: 2073600, uOffset: 2073600,  uStride: 1920
03-06 14:48:26.241   722 18705 I Camera3-Stream: getBuffer: Stream 2, 0xf392d880: Already dequeued max output buffers (7), wait for next returned one.
03-06 14:48:26.243   722 18710 I GRALLOC : LockFlexLayout: baseFormat: 11, yStride: 1920, ySize: 2073600, uOffset: 2073600,  uStride: 1920
