03-06 14:55:48.664   722 26805 I Camera3-Stream: getBuffer: Stream 2, 0xf392bf00: Already dequeued max output buffers (7), wait for next returned one.
03-06 14:55:48.664   722 26811 I GRALLOC : LockFlexLayout: baseFormat: 11, yStride: 1920, ySize: 2073600, uOffset: 2073600,  uStride: 1920
03-06 14:55:48.682   754  2938 E LOGSERVER_UTILS: [Erecovery]readEvent: eRecEventManager readEvent 0
03-06 14:55:48.709  1619  1866 I EventCenter: ContentChange for slot: 1
03-06 14:55:48.711  1619  1619 I HwBrightnessUtils: APS brightness=43.0,ConvertToPercentage=0.35544524
03-06 14:55:48.712  1619  1866 I EventCenter: ContentChange for slot: 1
03-06 14:55:48.715   722 26805 I Camera3-Stream: getBuffer: Stream 2, 0xf392bf00: Already dequeued max output buffers (7), wait for next returned one.
03-06 14:55:48.717   722 26811 I GRALLOC : LockFlexLayout: baseFormat: 11, yStride: 1920, ySize: 2073600, uOffset: 2073600,  uStride: 1920
03-06 14:55:48.759   722 26805 I Camera3-Stream: getBuffer: Stream 2, 0xf392bf00: Already dequeued max output buffers (7), wait for next returned one.
03-06 14:55:48.762   722 26811 I GRALLOC : LockFlexLayout: baseFormat: 11, yStride: 1920, ySize: 2073600, uOffset: 2073600,  uStride: 1920
03-06 14:55:48.791  1619  1619 I HwBrightnessUtils: APS brightness=44.0,ConvertToPercentage=0.36048007
03-06 14:55:48.792  1619  1866 I EventCenter: ContentChange for slot: 1
03-06 14:55:48.792  1619  1866 I EventCenter: ContentChange for slot: 1
03-06 14:55:48.806   740 26824 I chatty  : uid=1013(media) Misc expire 40 lines
03-06 14:55:48.811   722 26805 I Camera3-Stream: getBuffer: Stream 2, 0xf392bf00: Already dequeued max output buffers (7), wait for next returned one.
03-06 14:55:48.812   722 26811 I GRALLOC : LockFlexLayout: baseFormat: 11, yStride: 1920, ySize: 2073600, uOffset: 2073600,  uStride: 1920
03-06 14:55:48.817  3008 25876 I CastDatabase: Saving the database
03-06 14:55:48.838  3008 25876 I SQLiteCastStore: [CastNetworkInfo] saved: 0, skipped: 0, [CastDeviceInfo]: saved 0, skipped 0, [Paired Guest Mode DeviceInfo] saved: 0, skipped: 0. [ProbedNetworks]: saved 0, skipped: 0, [ProbedSocketAddress]: saved 0, skipped: 0, [Network-Device pairs]: saved: 0
03-06 14:55:48.861  1619  1866 I EventCenter: ContentChange for slot: 1
03-06 14:55:48.861   722 26811 I GRALLOC : LockFlexLayout: baseFormat: 11, yStride: 1920, ySize: 2073600, uOffset: 2073600,  uStride: 1920
03-06 14:55:48.862   722 26805 I Camera3-Stream: getBuffer: Stream 0, 0xf3d6c080: Already dequeued max output buffers (7), wait for next returned one.
03-06 14:55:48.864  1619  1866 I EventCenter: ContentChange for slot: 1
03-06 14:55:48.864  1619  1619 I HwBrightnessUtils: APS brightness=45.0,ConvertToPercentage=0.36545926
03-06 14:55:48.911   722 26805 I Camera3-Stream: getBuffer: Stream 2, 0xf392bf00: Already dequeued max output buffers (7), wait for next returned one.
03-06 14:55:48.912   722 26811 I GRALLOC : LockFlexLayout: baseFormat: 11, yStride: 1920, ySize: 2073600, uOffset: 2073600,  uStride: 1920
03-06 14:55:48.941  1619  1866 I EventCenter: ContentChange for slot: 1
03-06 14:55:48.942  1619  1619 I HwBrightnessUtils: APS brightness=46.0,ConvertToPercentage=0.37038475
03-06 14:55:48.943  1619  1866 I EventCenter: ContentChange for slot: 1
03-06 14:55:48.965   722 26811 I GRALLOC : LockFlexLayout: baseFormat: 11, yStride: 1920, ySize: 2073600, uOffset: 2073600,  uStride: 1920
03-06 14:55:48.968   722 26805 I Camera3-Stream: getBuffer: Stream 0, 0xf3d6c080: Already dequeued max output buffers (7), wait for next returned one.
03-06 14:55:49.011   722 26811 I GRALLOC : LockFlexLayout: baseFormat: 11, yStride: 1920, ySize: 2073600, uOffset: 2073600,  uStride: 1920
03-06 14:55:49.011   722 26805 I Camera3-Stream: getBuffer: Stream 0, 0xf3d6c080: Already dequeued max output buffers (7), wait for next returned one.
03-06 14:55:49.022  1619  1866 I EventCenter: ContentChange for slot: 1
03-06 14:55:49.026  1619  1619 I HwBrightnessUtils: APS brightness=47.0,ConvertToPercentage=0.3752584
03-06 14:55:49.029  1619  1866 I EventCenter: ContentChange for slot: 1
03-06 14:55:49.059   722 26805 I Camera3-Stream: getBuffer: Stream 2, 0xf392bf00: Already dequeued max output buffers (7), wait for next returned one.
03-06 14:55:49.062   722 26811 I GRALLOC : LockFlexLayout: baseFormat: 11, yStride: 1920, ySize: 2073600, uOffset: 2073600,  uStride: 1920
03-06 14:55:49.089  1619  1866 I EventCenter: ContentChange for slot: 1
03-06 14:55:49.090  1619  1866 I EventCenter: ContentChange for slot: 1
03-06 14:55:49.091  1619  1619 I HwBrightnessUtils: APS brightness=48.0,ConvertToPercentage=0.3800819
03-06 14:55:49.115   722 26805 I Camera3-Stream: getBuffer: Stream 2, 0xf392bf00: Already dequeued max output buffers (7), wait for next returned one.
03-06 14:55:49.116   722 26811 I GRALLOC : LockFlexLayout: baseFormat: 11, yStride: 1920, ySize: 2073600, uOffset: 2073600,  uStride: 1920
03-06 14:55:49.162   722 26805 I Camera3-Stream: getBuffer: Stream 2, 0xf392bf00: Already dequeued max output buffers (7), wait for next returned one.
03-06 14:55:49.163   722 26811 I GRALLOC : LockFlexLayout: baseFormat: 11, yStride: 1920, ySize: 2073600, uOffset: 2073600,  uStride: 1920
03-06 14:55:49.172  1619  1866 I EventCenter: ContentChange for slot: 1
03-06 14:55:49.176  1619  1866 I EventCenter: ContentChange for slot: 1
03-06 14:55:49.176  1619  1619 I HwBrightnessUtils: APS brightness=49.0,ConvertToPercentage=0.38485694
03-06 14:55:49.211   722 26811 I GRALLOC : LockFlexLayout: baseFormat: 11, yStride: 1920, ySize: 2073600, uOffset: 2073600,  uStride: 1920
03-06 14:55:49.211 26576 26944 I chatty  : uid=10216(io.framework7.classroom) expire 10 lines
03-06 14:55:49.211   722 26805 I Camera3-Stream: getBuffer: Stream 0, 0xf3d6c080: Already dequeued max output buffers (7), wait for next returned one.
03-06 14:55:49.219 26576 26945 I chatty  : uid=10216(io.framework7.classroom) expire 10 lines
03-06 14:55:49.220 26576 26946 I chatty  : uid=10216(io.framework7.classroom) expire 10 lines
03-06 14:55:49.221 26576 26576 I chatty  : uid=10216(io.framework7.classroom) expire 1 line
03-06 14:55:49.227 26576 26947 I chatty  : uid=10216(io.framework7.classroom) expire 10 lines
03-06 14:55:49.229 26576 26948 I chatty  : uid=10216(io.framework7.classroom) expire 10 lines
03-06 14:55:49.231 26576 26576 I chatty  : uid=10216(io.framework7.classroom) expire 1 line
03-06 14:55:49.233 26576 26949 I chatty  : uid=10216(io.framework7.classroom) expire 10 lines
03-06 14:55:49.239  1619  1866 I EventCenter: ContentChange for slot: 1
03-06 14:55:49.241  1619  1619 I HwBrightnessUtils: APS brightness=50.0,ConvertToPercentage=0.38958505
03-06 14:55:49.244  1619  1866 I EventCenter: ContentChange for slot: 1
03-06 14:55:49.252   740  1158 I chatty  : uid=1013(media) pl#2 expire 200 lines
03-06 14:55:49.257   740 26828 I chatty  : uid=1013(media) ThumbnailBase expire 40 lines
03-06 14:55:49.258   740 26838 I chatty  : uid=1013(media) ispout#2# expire 90 lines
03-06 14:55:49.258   740 26826 I chatty  : uid=1013(media) IspEnhncAlgo expire 21 lines
03-06 14:55:49.260   722 26805 I Camera3-Stream: getBuffer: Stream 2, 0xf392bf00: Already dequeued max output buffers (7), wait for next returned one.
03-06 14:55:49.261   722 26811 I GRALLOC : LockFlexLayout: baseFormat: 11, yStride: 1920, ySize: 2073600, uOffset: 2073600,  uStride: 1920
03-06 14:55:49.308  1619  1866 I EventCenter: ContentChange for slot: 1
03-06 14:55:49.310  1619  1866 I EventCenter: ContentChange for slot: 1
03-06 14:55:49.314   722 26811 I GRALLOC : LockFlexLayout: baseFormat: 11, yStride: 1920, ySize: 2073600, uOffset: 2073600,  uStride: 1920
03-06 14:55:49.314  1619  1619 I HwBrightnessUtils: APS brightness=51.0,ConvertToPercentage=0.39426768
03-06 14:55:49.315   722 26805 I Camera3-Stream: getBuffer: Stream 0, 0xf3d6c080: Already dequeued max output buffers (7), wait for next returned one.
03-06 14:55:49.365   722 26805 I Camera3-Stream: getBuffer: Stream 2, 0xf392bf00: Already dequeued max output buffers (7), wait for next returned one.
03-06 14:55:49.366   722 26811 I GRALLOC : LockFlexLayout: baseFormat: 11, yStride: 1920, ySize: 2073600, uOffset: 2073600,  uStride: 1920
03-06 14:55:49.370  1317  1459 W ActivityManager: Sending non-protected broadcast telephony.dataconnection.DNS_MONITOR_ACTION from system uid 1000 pkg android
03-06 14:55:49.389  1619  1866 I EventCenter: ContentChange for slot: 1
03-06 14:55:49.390  1619  1619 I HwBrightnessUtils: APS brightness=52.0,ConvertToPercentage=0.39890626
03-06 14:55:49.391  1619  1866 I EventCenter: ContentChange for slot: 1
03-06 14:55:49.416   722 26805 I Camera3-Stream: getBuffer: Stream 2, 0xf392bf00: Already dequeued max output buffers (7), wait for next returned one.
03-06 14:55:49.417   722 26811 I GRALLOC : LockFlexLayout: baseFormat: 11, yStride: 1920, ySize: 2073600, uOffset: 2073600,  uStride: 1920
03-06 14:55:49.455  1619  1866 I EventCenter: ContentChange for slot: 1
03-06 14:55:49.458  1619  1866 I EventCenter: ContentChange for slot: 1
03-06 14:55:49.464   722 26811 I GRALLOC : LockFlexLayout: baseFormat: 11, yStride: 1920, ySize: 2073600, uOffset: 2073600,  uStride: 1920
03-06 14:55:49.468  1619  1619 I HwBrightnessUtils: APS brightness=53.0,ConvertToPercentage=0.40350205
03-06 14:55:49.477   722 26805 I Camera3-Stream: getBuffer: Stream 0, 0xf3d6c080: Already dequeued max output buffers (7), wait for next returned one.
03-06 14:55:49.510   722 26805 I Camera3-Stream: getBuffer: Stream 0, 0xf3d6c080: Already dequeued max output buffers (7), wait for next returned one.
03-06 14:55:49.511   722 26811 I GRALLOC : LockFlexLayout: baseFormat: 11, yStride: 1920, ySize: 2073600, uOffset: 2073600,  uStride: 1920
03-06 14:55:49.522  1619  1866 I EventCenter: ContentChange for slot: 1
03-06 14:55:49.526  1619  1619 I HwBrightnessUtils: APS brightness=54.0,ConvertToPercentage=0.40805635
03-06 14:55:49.527  1619  1866 I EventCenter: ContentChange for slot: 1
03-06 14:55:49.562   722 26811 I GRALLOC : LockFlexLayout: baseFormat: 11, yStride: 1920, ySize: 2073600, uOffset: 2073600,  uStride: 1920
03-06 14:55:49.562   722 26805 I Camera3-Stream: getBuffer: Stream 0, 0xf3d6c080: Already dequeued max output buffers (7), wait for next returned one.
03-06 14:55:49.589  1619  1619 I HwBrightnessUtils: APS brightness=55.0,ConvertToPercentage=0.41257036
03-06 14:55:49.589  1619  1866 I EventCenter: ContentChange for slot: 1
03-06 14:55:49.590  1619  1866 I EventCenter: ContentChange for slot: 1
03-06 14:55:49.613   722 26805 I Camera3-Stream: getBuffer: Stream 2, 0xf392bf00: Already dequeued max output buffers (7), wait for next returned one.
03-06 14:55:49.614   722 26811 I GRALLOC : LockFlexLayout: baseFormat: 11, yStride: 1920, ySize: 2073600, uOffset: 2073600,  uStride: 1920
03-06 14:55:49.635  1317  1355 D FpDataCollector: case xxx, not a fingerprint unlock 
03-06 14:55:49.662   722 26805 I Camera3-Stream: getBuffer: Stream 2, 0xf392bf00: Already dequeued max output buffers (7), wait for next returned one.
03-06 14:55:49.662   722 26811 I GRALLOC : LockFlexLayout: baseFormat: 11, yStride: 1920, ySize: 2073600, uOffset: 2073600,  uStride: 1920
03-06 14:55:49.711   722 26805 I Camera3-Stream: getBuffer: Stream 2, 0xf392bf00: Already dequeued max output buffers (7), wait for next returned one.
03-06 14:55:49.713   722 26811 I GRALLOC : LockFlexLayout: baseFormat: 11, yStride: 1920, ySize: 2073600, uOffset: 2073600,  uStride: 1920
03-06 14:55:49.719   754  2938 E LOGSERVER_UTILS: [Erecovery]readEvent: eRecEventManager readEvent 0
03-06 14:55:49.759   722 26805 I Camera3-Stream: getBuffer: Stream 0, 0xf3d6c080: Already dequeued max output buffers (7), wait for next returned one.
03-06 14:55:49.759   722 26811 I GRALLOC : LockFlexLayout: baseFormat: 11, yStride: 1920, ySize: 2073600, uOffset: 2073600,  uStride: 1920
03-06 14:55:49.805   740 26824 I chatty  : uid=1013(media) Misc expire 18 lines
03-06 14:55:49.810   722 26805 I Camera3-Stream: getBuffer: Stream 2, 0xf392bf00: Already dequeued max output buffers (7), wait for next returned one.
03-06 14:55:49.812   722 26811 I GRALLOC : LockFlexLayout: baseFormat: 11, yStride: 1920, ySize: 2073600, uOffset: 2073600,  uStride: 1920
03-06 14:55:49.861   722 26805 I Camera3-Stream: getBuffer: Stream 2, 0xf392bf00: Already dequeued max output buffers (7), wait for next returned one.
03-06 14:55:49.863   722 26811 I GRALLOC : LockFlexLayout: baseFormat: 11, yStride: 1920, ySize: 2073600, uOffset: 2073600,  uStride: 1920
03-06 14:55:49.910   722 26805 I Camera3-Stream: getBuffer: Stream 0, 0xf3d6c080: Already dequeued max output buffers (7), wait for next returned one.
03-06 14:55:49.910   722 26811 I GRALLOC : LockFlexLayout: baseFormat: 11, yStride: 1920, ySize: 2073600, uOffset: 2073600,  uStride: 1920
03-06 14:55:49.960   722 26805 I Camera3-Stream: getBuffer: Stream 2, 0xf392bf00: Already dequeued max output buffers (7), wait for next returned one.
03-06 14:55:49.961   722 26811 I GRALLOC : LockFlexLayout: baseFormat: 11, yStride: 1920, ySize: 2073600, uOffset: 2073600,  uStride: 1920
03-06 14:55:50.013   722 26805 I Camera3-Stream: getBuffer: Stream 2, 0xf392bf00: Already dequeued max output buffers (7), wait for next returned one.
03-06 14:55:50.014   722 26811 I GRALLOC : LockFlexLayout: baseFormat: 11, yStride: 1920, ySize: 2073600, uOffset: 2073600,  uStride: 1920
03-06 14:55:50.061   722 26805 I Camera3-Stream: getBuffer: Stream 2, 0xf392bf00: Already dequeued max output buffers (7), wait for next returned one.
03-06 14:55:50.062   722 26811 I GRALLOC : LockFlexLayout: baseFormat: 11, yStride: 1920, ySize: 2073600, uOffset: 2073600,  uStride: 1920
03-06 14:55:50.112   722 26805 I Camera3-Stream: getBuffer: Stream 0, 0xf3d6c080: Already dequeued max output buffers (7), wait for next returned one.
03-06 14:55:50.112   722 26811 I GRALLOC : LockFlexLayout: baseFormat: 11, yStride: 1920, ySize: 2073600, uOffset: 2073600,  uStride: 1920
03-06 14:55:50.159   722 26805 I Camera3-Stream: getBuffer: Stream 0, 0xf3d6c080: Already dequeued max output buffers (7), wait for next returned one.
03-06 14:55:50.159   722 26811 I GRALLOC : LockFlexLayout: baseFormat: 11, yStride: 1920, ySize: 2073600, uOffset: 2073600,  uStride: 1920
03-06 14:55:50.190  1619  1619 D DateTimeView: Change to single clock mode!
03-06 14:55:50.193  1619  1619 I ColorPickUitls: type = 2
03-06 14:55:50.194  1619  1619 D HwKeyguardBottomArea: RemoveDateTimeTopArea type:2
03-06 14:55:50.194  1619  1619 D HwKeyguardBottomArea: loadDateTimeArea type
03-06 14:55:50.194  1619  1619 D HwKeyguardBottomArea: removeLiftSensorView, threadname = main
03-06 14:55:50.194  1619  1619 D DateTimeView: Change to single clock mode!
03-06 14:55:50.196  1619  1619 I ColorPickUitls: type = 2
03-06 14:55:50.196  1619  1619 D HwKeyguardBottomArea: RemoveDateTimeTopArea type:2
03-06 14:55:50.196  1619  1619 D HwKeyguardBottomArea: loadDateTimeArea type
03-06 14:55:50.196  1619  1619 D HwKeyguardBottomArea: removeLiftSensorView, threadname = main
03-06 14:55:50.196  1619  1619 D DateTimeView: Change to single clock mode!
03-06 14:55:50.197  1619  1619 I ColorPickUitls: type = 2
03-06 14:55:50.197  1619  1619 D HwKeyguardBottomArea: RemoveDateTimeTopArea type:2
03-06 14:55:50.197  1619  1619 D HwKeyguardBottomArea: loadDateTimeArea type
03-06 14:55:50.197  1619  1619 D HwKeyguardBottomArea: removeLiftSensorView, threadname = main
03-06 14:55:50.212   722 26811 I GRALLOC : LockFlexLayout: baseFormat: 11, yStride: 1920, ySize: 2073600, uOffset: 2073600,  uStride: 1920
03-06 14:55:50.219   722 26805 I Camera3-Stream: getBuffer: Stream 0, 0xf3d6c080: Already dequeued max output buffers (7), wait for next returned one.
03-06 14:55:50.222 26576 26951 I chatty  : uid=10216(io.framework7.classroom) expire 10 lines
03-06 14:55:50.223 26576 26950 I chatty  : uid=10216(io.framework7.classroom) expire 10 lines
03-06 14:55:50.224 26576 26952 I chatty  : uid=10216(io.framework7.classroom) expire 10 lines
03-06 14:55:50.225 26576 26576 I chatty  : uid=10216(io.framework7.classroom) expire 1 line
03-06 14:55:50.228 26576 26953 I chatty  : uid=10216(io.framework7.classroom) expire 10 lines
03-06 14:55:50.231 26576 26954 I chatty  : uid=10216(io.framework7.classroom) expire 10 lines
03-06 14:55:50.233 26576 26576 I chatty  : uid=10216(io.framework7.classroom) expire 1 line
03-06 14:55:50.244 26576 26955 I chatty  : uid=10216(io.framework7.classroom) expire 10 lines
03-06 14:55:50.252   740  1158 I chatty  : uid=1013(media) pl#2 expire 200 lines
03-06 14:55:50.254   740 26826 I chatty  : uid=1013(media) IspEnhncAlgo expire 21 lines
03-06 14:55:50.257   740 26828 I chatty  : uid=1013(media) ThumbnailBase expire 40 lines
03-06 14:55:50.258   722 26805 I Camera3-Stream: getBuffer: Stream 2, 0xf392bf00: Already dequeued max output buffers (7), wait for next returned one.
03-06 14:55:50.260   722 26811 I GRALLOC : LockFlexLayout: baseFormat: 11, yStride: 1920, ySize: 2073600, uOffset: 2073600,  uStride: 1920
03-06 14:55:50.261   740 26824 I chatty  : uid=1013(media) Misc expire 40 lines
03-06 14:55:50.311   722 26805 I Camera3-Stream: getBuffer: Stream 2, 0xf392bf00: Already dequeued max output buffers (7), wait for next returned one.
03-06 14:55:50.312   722 26811 I GRALLOC : LockFlexLayout: baseFormat: 11, yStride: 1920, ySize: 2073600, uOffset: 2073600,  uStride: 1920
03-06 14:55:50.361   722 26805 I Camera3-Stream: getBuffer: Stream 2, 0xf392bf00: Already dequeued max output buffers (7), wait for next returned one.
03-06 14:55:50.362   722 26811 I GRALLOC : LockFlexLayout: baseFormat: 11, yStride: 1920, ySize: 2073600, uOffset: 2073600,  uStride: 1920
03-06 14:55:50.410   722 26805 I Camera3-Stream: getBuffer: Stream 0, 0xf3d6c080: Already dequeued max output buffers (7), wait for next returned one.
03-06 14:55:50.411   722 26811 I GRALLOC : LockFlexLayout: baseFormat: 11, yStride: 1920, ySize: 2073600, uOffset: 2073600,  uStride: 1920
03-06 14:55:50.462   722 26805 I Camera3-Stream: getBuffer: Stream 2, 0xf392bf00: Already dequeued max output buffers (7), wait for next returned one.
03-06 14:55:50.463   722 26811 I GRALLOC : LockFlexLayout: baseFormat: 11, yStride: 1920, ySize: 2073600, uOffset: 2073600,  uStride: 1920
03-06 14:55:50.502  1619  1866 I EventCenter: ContentChange for slot: 1
03-06 14:55:50.505  1619  1866 I EventCenter: ContentChange for slot: 1
03-06 14:55:50.505  1619  1866 I EventCenter: ContentChange for slot: 1
03-06 14:55:50.514   722 26805 I Camera3-Stream: getBuffer: Stream 2, 0xf392bf00: Already dequeued max output buffers (7), wait for next returned one.
03-06 14:55:50.515   722 26811 I GRALLOC : LockFlexLayout: baseFormat: 11, yStride: 1920, ySize: 2073600, uOffset: 2073600,  uStride: 1920
03-06 14:55:50.516  1619  1866 I EventCenter: ContentChange for slot: 1
03-06 14:55:50.524  1619  1866 I chatty  : uid=10040(com.huawei.HwMultiScreenShot) KG_Background_H identical 2 lines
03-06 14:55:50.524  1619  1866 I EventCenter: ContentChange for slot: 1
03-06 14:55:50.525  1619  1619 I HwBrightnessUtils: APS brightness=56.0,ConvertToPercentage=0.4170452
03-06 14:55:50.526  1619  1866 I EventCenter: ContentChange for slot: 1
03-06 14:55:50.559   722 26805 I Camera3-Stream: getBuffer: Stream 2, 0xf392bf00: Already dequeued max output buffers (7), wait for next returned one.
03-06 14:55:50.560   722 26811 I GRALLOC : LockFlexLayout: baseFormat: 11, yStride: 1920, ySize: 2073600, uOffset: 2073600,  uStride: 1920
03-06 14:55:50.610   722 26805 I Camera3-Stream: getBuffer: Stream 2, 0xf392bf00: Already dequeued max output buffers (7), wait for next returned one.
03-06 14:55:50.613   722 26811 I GRALLOC : LockFlexLayout: baseFormat: 11, yStride: 1920, ySize: 2073600, uOffset: 2073600,  uStride: 1920
03-06 14:55:50.661   722 26805 I Camera3-Stream: getBuffer: Stream 2, 0xf392bf00: Already dequeued max output buffers (7), wait for next returned one.
03-06 14:55:50.662   722 26811 I GRALLOC : LockFlexLayout: baseFormat: 11, yStride: 1920, ySize: 2073600, uOffset: 2073600,  uStride: 1920
03-06 14:55:50.704  1619  1866 I EventCenter: ContentChange for slot: 1
03-06 14:55:50.704  1619  1866 I EventCenter: ContentChange for slot: 1
03-06 14:55:50.709  1619  1619 I HwBrightnessUtils: APS brightness=57.0,ConvertToPercentage=0.42148194
03-06 14:55:50.717   722 26805 I Camera3-Stream: getBuffer: Stream 2, 0xf392bf00: Already dequeued max output buffers (7), wait for next returned one.
03-06 14:55:50.718   722 26811 I GRALLOC : LockFlexLayout: baseFormat: 11, yStride: 1920, ySize: 2073600, uOffset: 2073600,  uStride: 1920
03-06 14:55:50.753   740 26838 I chatty  : uid=1013(media) ispout#2# expire 30 lines
03-06 14:55:50.759   754  2938 E LOGSERVER_UTILS: [Erecovery]readEvent: eRecEventManager readEvent 0
03-06 14:55:50.759   722 26805 I Camera3-Stream: getBuffer: Stream 0, 0xf3d6c080: Already dequeued max output buffers (7), wait for next returned one.
03-06 14:55:50.762   722 26811 I GRALLOC : LockFlexLayout: baseFormat: 11, yStride: 1920, ySize: 2073600, uOffset: 2073600,  uStride: 1920
03-06 14:55:50.809   722 26805 I Camera3-Stream: getBuffer: Stream 2, 0xf392bf00: Already dequeued max output buffers (7), wait for next returned one.
03-06 14:55:50.812   722 26811 I GRALLOC : LockFlexLayout: baseFormat: 11, yStride: 1920, ySize: 2073600, uOffset: 2073600,  uStride: 1920
03-06 14:55:50.862   722 26811 I GRALLOC : LockFlexLayout: baseFormat: 11, yStride: 1920, ySize: 2073600, uOffset: 2073600,  uStride: 1920
03-06 14:55:50.866   722 26805 I Camera3-Stream: getBuffer: Stream 0, 0xf3d6c080: Already dequeued max output buffers (7), wait for next returned one.
03-06 14:55:50.883  1619  1866 I EventCenter: ContentChange for slot: 1
03-06 14:55:50.884  1619  1866 I EventCenter: ContentChange for slot: 1
03-06 14:55:50.886  1619  1619 I HwBrightnessUtils: APS brightness=58.0,ConvertToPercentage=0.42588162
03-06 14:55:50.911   722 26811 I GRALLOC : LockFlexLayout: baseFormat: 11, yStride: 1920, ySize: 2073600, uOffset: 2073600,  uStride: 1920
03-06 14:55:50.914   722 26805 I Camera3-Stream: getBuffer: Stream 0, 0xf3d6c080: Already dequeued max output buffers (7), wait for next returned one.
03-06 14:55:50.958   722 26811 I GRALLOC : LockFlexLayout: baseFormat: 11, yStride: 1920, ySize: 2073600, uOffset: 2073600,  uStride: 1920
03-06 14:55:50.964   722 26805 I Camera3-Stream: getBuffer: Stream 0, 0xf3d6c080: Already dequeued max output buffers (7), wait for next returned one.
03-06 14:55:51.013   722 26811 I GRALLOC : LockFlexLayout: baseFormat: 11, yStride: 1920, ySize: 2073600, uOffset: 2073600,  uStride: 1920
03-06 14:55:51.065   722 26805 I Camera3-Stream: getBuffer: Stream 2, 0xf392bf00: Already dequeued max output buffers (7), wait for next returned one.
03-06 14:55:51.066   722 26811 I GRALLOC : LockFlexLayout: baseFormat: 11, yStride: 1920, ySize: 2073600, uOffset: 2073600,  uStride: 1920
03-06 14:55:51.068  1619  1866 I EventCenter: ContentChange for slot: 1
03-06 14:55:51.071  1619  1866 I EventCenter: ContentChange for slot: 1
03-06 14:55:51.072  1619  1619 I HwBrightnessUtils: APS brightness=59.0,ConvertToPercentage=0.43024525
03-06 14:55:51.111   722 26805 I Camera3-Stream: getBuffer: Stream 2, 0xf392bf00: Already dequeued max output buffers (7), wait for next returned one.
03-06 14:55:51.111   722 26805 I Camera3-Stream: getBuffer: Stream 0, 0xf3d6c080: Already dequeued max output buffers (7), wait for next returned one.
03-06 14:55:51.111   722 26811 I GRALLOC : LockFlexLayout: baseFormat: 11, yStride: 1920, ySize: 2073600, uOffset: 2073600,  uStride: 1920
03-06 14:55:51.161   722 26805 I Camera3-Stream: getBuffer: Stream 2, 0xf392bf00: Already dequeued max output buffers (7), wait for next returned one.
03-06 14:55:51.162   722 26811 I GRALLOC : LockFlexLayout: baseFormat: 11, yStride: 1920, ySize: 2073600, uOffset: 2073600,  uStride: 1920
03-06 14:55:51.212 26576 26956 I chatty  : uid=10216(io.framework7.classroom) expire 10 lines
03-06 14:55:51.216   722 26805 I Camera3-Stream: getBuffer: Stream 2, 0xf392bf00: Already dequeued max output buffers (7), wait for next returned one.
03-06 14:55:51.216   722 26811 I GRALLOC : LockFlexLayout: baseFormat: 11, yStride: 1920, ySize: 2073600, uOffset: 2073600,  uStride: 1920
03-06 14:55:51.219 26576 26957 I chatty  : uid=10216(io.framework7.classroom) expire 10 lines
03-06 14:55:51.221 26576 26576 I chatty  : uid=10216(io.framework7.classroom) expire 1 line
03-06 14:55:51.222 26576 26958 I chatty  : uid=10216(io.framework7.classroom) expire 10 lines
03-06 14:55:51.226 26576 26959 I chatty  : uid=10216(io.framework7.classroom) expire 10 lines
03-06 14:55:51.229 26576 26960 I chatty  : uid=10216(io.framework7.classroom) expire 10 lines
03-06 14:55:51.231 26576 26576 I chatty  : uid=10216(io.framework7.classroom) expire 1 line
03-06 14:55:51.239 26576 26961 I chatty  : uid=10216(io.framework7.classroom) expire 10 lines
03-06 14:55:51.248  1619  1866 I EventCenter: ContentChange for slot: 1
03-06 14:55:51.249 26576 26962 I chatty  : uid=10216(io.framework7.classroom) expire 10 lines
03-06 14:55:51.252  1619  1866 I EventCenter: ContentChange for slot: 1
03-06 14:55:51.253   740  1158 I chatty  : uid=1013(media) pl#2 expire 200 lines
03-06 14:55:51.253  1619  1619 I HwBrightnessUtils: APS brightness=60.0,ConvertToPercentage=0.43457377
03-06 14:55:51.255   740 26838 I chatty  : uid=1013(media) ispout#2# expire 60 lines
03-06 14:55:51.255   740 26824 I chatty  : uid=1013(media) Misc expire 40 lines
03-06 14:55:51.260   740 26828 I chatty  : uid=1013(media) ThumbnailBase expire 38 lines
03-06 14:55:51.263   722 26805 I Camera3-Stream: getBuffer: Stream 2, 0xf392bf00: Already dequeued max output buffers (7), wait for next returned one.
03-06 14:55:51.264   722 26811 I GRALLOC : LockFlexLayout: baseFormat: 11, yStride: 1920, ySize: 2073600, uOffset: 2073600,  uStride: 1920
03-06 14:55:51.303   740 26826 I chatty  : uid=1013(media) IspEnhncAlgo expire 19 lines
03-06 14:55:51.309   722 26805 I Camera3-Stream: getBuffer: Stream 0, 0xf3d6c080: Already dequeued max output buffers (7), wait for next returned one.
03-06 14:55:51.310   722 26811 I GRALLOC : LockFlexLayout: baseFormat: 11, yStride: 1920, ySize: 2073600, uOffset: 2073600,  uStride: 1920
03-06 14:55:51.365   722 26811 I GRALLOC : LockFlexLayout: baseFormat: 11, yStride: 1920, ySize: 2073600, uOffset: 2073600,  uStride: 1920
03-06 14:55:51.366   722 26805 I Camera3-Stream: getBuffer: Stream 0, 0xf3d6c080: Already dequeued max output buffers (7), wait for next returned one.
03-06 14:55:51.410   722 26805 I Camera3-Stream: getBuffer: Stream 2, 0xf392bf00: Already dequeued max output buffers (7), wait for next returned one.
03-06 14:55:51.414   722 26811 I GRALLOC : LockFlexLayout: baseFormat: 11, yStride: 1920, ySize: 2073600, uOffset: 2073600,  uStride: 1920
03-06 14:55:51.416  1619  1866 I EventCenter: ContentChange for slot: 1
03-06 14:55:51.419  1619  1619 I HwBrightnessUtils: APS brightness=61.0,ConvertToPercentage=0.43886805
03-06 14:55:51.419  1619  1866 I EventCenter: ContentChange for slot: 1
03-06 14:55:51.460   722 26811 I GRALLOC : LockFlexLayout: baseFormat: 11, yStride: 1920, ySize: 2073600, uOffset: 2073600,  uStride: 1920
03-06 14:55:51.512   722 26805 I Camera3-Stream: getBuffer: Stream 2, 0xf392bf00: Already dequeued max output buffers (7), wait for next returned one.
03-06 14:55:51.515   722 26811 I GRALLOC : LockFlexLayout: baseFormat: 11, yStride: 1920, ySize: 2073600, uOffset: 2073600,  uStride: 1920
03-06 14:55:51.561   722 26811 I GRALLOC : LockFlexLayout: baseFormat: 11, yStride: 1920, ySize: 2073600, uOffset: 2073600,  uStride: 1920
03-06 14:55:51.561   722 26805 I Camera3-Stream: getBuffer: Stream 0, 0xf3d6c080: Already dequeued max output buffers (7), wait for next returned one.
03-06 14:55:51.594   748   818 D SensorHub: Get acc data 0.000000, -0.172383, 9.643845
03-06 14:55:51.598  1619  1866 I EventCenter: ContentChange for slot: 1
03-06 14:55:51.600  1619  1866 I EventCenter: ContentChange for slot: 1
03-06 14:55:51.600  1619  1619 I HwBrightnessUtils: APS brightness=62.0,ConvertToPercentage=0.44312897
03-06 14:55:51.612   722 26811 I GRALLOC : LockFlexLayout: baseFormat: 11, yStride: 1920, ySize: 2073600, uOffset: 2073600,  uStride: 1920
03-06 14:55:51.612   722 26805 I Camera3-Stream: getBuffer: Stream 0, 0xf3d6c080: Already dequeued max output buffers (7), wait for next returned one.
03-06 14:55:51.661   722 26805 I Camera3-Stream: getBuffer: Stream 0, 0xf3d6c080: Already dequeued max output buffers (7), wait for next returned one.
03-06 14:55:51.662   722 26811 I GRALLOC : LockFlexLayout: baseFormat: 11, yStride: 1920, ySize: 2073600, uOffset: 2073600,  uStride: 1920
03-06 14:55:51.713   722 26811 I GRALLOC : LockFlexLayout: baseFormat: 11, yStride: 1920, ySize: 2073600, uOffset: 2073600,  uStride: 1920
03-06 14:55:51.760   722 26805 I Camera3-Stream: getBuffer: Stream 0, 0xf3d6c080: Already dequeued max output buffers (7), wait for next returned one.
03-06 14:55:51.761   722 26811 I GRALLOC : LockFlexLayout: baseFormat: 11, yStride: 1920, ySize: 2073600, uOffset: 2073600,  uStride: 1920
03-06 14:55:51.764  1619  1866 I EventCenter: ContentChange for slot: 1
03-06 14:55:51.767  1619  1619 I HwBrightnessUtils: APS brightness=63.0,ConvertToPercentage=0.4473574
03-06 14:55:51.769  1619  1866 I EventCenter: ContentChange for slot: 1
03-06 14:55:51.799   754  2938 E LOGSERVER_UTILS: [Erecovery]readEvent: eRecEventManager readEvent 0
03-06 14:55:51.810   722 26805 I Camera3-Stream: getBuffer: Stream 2, 0xf392bf00: Already dequeued max output buffers (7), wait for next returned one.
03-06 14:55:51.811   722 26811 I GRALLOC : LockFlexLayout: baseFormat: 11, yStride: 1920, ySize: 2073600, uOffset: 2073600,  uStride: 1920
03-06 14:55:51.859   722 26811 I GRALLOC : LockFlexLayout: baseFormat: 11, yStride: 1920, ySize: 2073600, uOffset: 2073600,  uStride: 1920
03-06 14:55:51.862   722 26805 I Camera3-Stream: getBuffer: Stream 0, 0xf3d6c080: Already dequeued max output buffers (7), wait for next returned one.
03-06 14:55:51.909   722 26805 I Camera3-Stream: getBuffer: Stream 2, 0xf392bf00: Already dequeued max output buffers (7), wait for next returned one.
03-06 14:55:51.911   722 26811 I GRALLOC : LockFlexLayout: baseFormat: 11, yStride: 1920, ySize: 2073600, uOffset: 2073600,  uStride: 1920
03-06 14:55:51.931  1619  1866 I EventCenter: ContentChange for slot: 1
03-06 14:55:51.931  1619  1866 I EventCenter: ContentChange for slot: 1
03-06 14:55:51.931  1619  1619 I HwBrightnessUtils: APS brightness=64.0,ConvertToPercentage=0.45155403
03-06 14:55:51.966   722 26805 I Camera3-Stream: getBuffer: Stream 2, 0xf392bf00: Already dequeued max output buffers (7), wait for next returned one.
03-06 14:55:51.966   722 26811 I GRALLOC : LockFlexLayout: baseFormat: 11, yStride: 1920, ySize: 2073600, uOffset: 2073600,  uStride: 1920
03-06 14:55:52.010   722 26805 I Camera3-Stream: getBuffer: Stream 2, 0xf392bf00: Already dequeued max output buffers (7), wait for next returned one.
03-06 14:55:52.012   722 26811 I GRALLOC : LockFlexLayout: baseFormat: 11, yStride: 1920, ySize: 2073600, uOffset: 2073600,  uStride: 1920
03-06 14:55:52.061   722 26805 I Camera3-Stream: getBuffer: Stream 0, 0xf3d6c080: Already dequeued max output buffers (7), wait for next returned one.
03-06 14:55:52.061   722 26811 I GRALLOC : LockFlexLayout: baseFormat: 11, yStride: 1920, ySize: 2073600, uOffset: 2073600,  uStride: 1920
03-06 14:55:52.067 26884 26884 E HwCryptoMessageService: ConfigInfo error:getSimIMSI(int subid) method get imsi FAILED that subid = 1
03-06 14:55:52.097  1619  1866 I EventCenter: ContentChange for slot: 1
03-06 14:55:52.099  1619  1866 I EventCenter: ContentChange for slot: 1
03-06 14:55:52.099  1619  1619 I HwBrightnessUtils: APS brightness=65.0,ConvertToPercentage=0.45571974
03-06 14:55:52.112   722 26805 I Camera3-Stream: getBuffer: Stream 2, 0xf392bf00: Already dequeued max output buffers (7), wait for next returned one.
03-06 14:55:52.115   722 26811 I GRALLOC : LockFlexLayout: baseFormat: 11, yStride: 1920, ySize: 2073600, uOffset: 2073600,  uStride: 1920
03-06 14:55:52.162   722 26805 I Camera3-Stream: getBuffer: Stream 0, 0xf3d6c080: Already dequeued max output buffers (7), wait for next returned one.
03-06 14:55:52.163   722 26811 I GRALLOC : LockFlexLayout: baseFormat: 11, yStride: 1920, ySize: 2073600, uOffset: 2073600,  uStride: 1920
03-06 14:55:52.213 26576 26963 I chatty  : uid=10216(io.framework7.classroom) expire 10 lines
03-06 14:55:52.215   740 26828 I chatty  : uid=1013(media) ThumbnailBase expire 2 lines
03-06 14:55:52.215 26576 26576 I chatty  : uid=10216(io.framework7.classroom) expire 1 line
03-06 14:55:52.216 26576 26964 I chatty  : uid=10216(io.framework7.classroom) expire 10 lines
03-06 14:55:52.217   722 26805 I Camera3-Stream: getBuffer: Stream 2, 0xf392bf00: Already dequeued max output buffers (7), wait for next returned one.
03-06 14:55:52.218   722 26811 I GRALLOC : LockFlexLayout: baseFormat: 11, yStride: 1920, ySize: 2073600, uOffset: 2073600,  uStride: 1920
03-06 14:55:52.223 26576 26965 I chatty  : uid=10216(io.framework7.classroom) expire 10 lines
03-06 14:55:52.228 26576 26966 I chatty  : uid=10216(io.framework7.classroom) expire 10 lines
03-06 14:55:52.230 26576 26576 I chatty  : uid=10216(io.framework7.classroom) expire 5 lines
03-06 14:55:52.231 26576 26967 I chatty  : uid=10216(io.framework7.classroom) expire 10 lines
03-06 14:55:52.234 26576 26968 I chatty  : uid=10216(io.framework7.classroom) expire 10 lines
03-06 14:55:52.244 26576 26969 I chatty  : uid=10216(io.framework7.classroom) expire 10 lines
03-06 14:55:52.252 26576 26970 I chatty  : uid=10216(io.framework7.classroom) expire 10 lines
03-06 14:55:52.253   740  1158 I chatty  : uid=1013(media) pl#2 expire 400 lines
03-06 14:55:52.255   740 26838 I chatty  : uid=1013(media) ispout#2# expire 120 lines
03-06 14:55:52.256   740 26826 I chatty  : uid=1013(media) IspEnhncAlgo expire 40 lines
03-06 14:55:52.257   740 26824 I chatty  : uid=1013(media) Misc expire 80 lines
03-06 14:55:52.260   740 26828 I chatty  : uid=1013(media) ThumbnailBase expire 80 lines
03-06 14:55:52.263   722 26805 I Camera3-Stream: getBuffer: Stream 2, 0xf392bf00: Already dequeued max output buffers (7), wait for next returned one.
03-06 14:55:52.265   722 26811 I GRALLOC : LockFlexLayout: baseFormat: 11, yStride: 1920, ySize: 2073600, uOffset: 2073600,  uStride: 1920
03-06 14:55:52.265  1619  1619 I HwBrightnessUtils: APS brightness=66.0,ConvertToPercentage=0.4598552
03-06 14:55:52.265  1619  1866 I EventCenter: ContentChange for slot: 1
03-06 14:55:52.267  1619  1866 I EventCenter: ContentChange for slot: 1
03-06 14:55:52.313   722 26805 I Camera3-Stream: getBuffer: Stream 2, 0xf392bf00: Already dequeued max output buffers (7), wait for next returned one.
03-06 14:55:52.315   722 26811 I GRALLOC : LockFlexLayout: baseFormat: 11, yStride: 1920, ySize: 2073600, uOffset: 2073600,  uStride: 1920
03-06 14:55:52.364   722 26805 I Camera3-Stream: getBuffer: Stream 2, 0xf392bf00: Already dequeued max output buffers (7), wait for next returned one.
03-06 14:55:52.366   722 26811 I GRALLOC : LockFlexLayout: baseFormat: 11, yStride: 1920, ySize: 2073600, uOffset: 2073600,  uStride: 1920
03-06 14:55:52.369  1317  1317 I MQoS    : onSignal: mSubId=0,currDataSubID=0
03-06 14:55:52.371  1714 24183 D TelephonyManager: getCellLocation calling app is com.huawei.lbs
03-06 14:55:52.374  1815  2253 W PhoneInterfaceManager: shouldBlockLocation running ...
03-06 14:55:52.376  1317  1317 I MQoS    : received cell-signal:5
03-06 14:55:52.374  1815  2253 I PhoneInterfaceManager: shouldBlockLocation  ret:false
03-06 14:55:52.381  1728  1728 D DaemonMessageAdapter: onMobileSignalStrengthChanged, subId: 0, signalStrength: SignalStrength: 0 1458560376 0 0 32767 -1 32767 -1 -98 -3 26 -1 0 2147483647 0 120 2147483647 255 gsm|lte use_rsrp_and_rssnr_for_lte_level rscp [-128, -118, -108, -98] [-115, -105, -95, -85] 0 0 0 0 0 0
03-06 14:55:52.383  1728  1728 D DaemonMessageAdapter: SignalStrength update result, ss: SignalStrengthInfo: 241574675 mGsmSignalStrength: 0 mWcdmaRscp: 2147483647 mWcdmaEcio: 255 mLteRsrp: -98 mLteRsrq: -3 mCdmaDbm: 0 mCdmaEcio: 0 mEvdoDbm: 32767 mEvdoEcio: -1 mLteRssnr: 26
03-06 14:55:52.391  1728  1728 D Hicom_SysEnvMonitor: onMobileSignalStrengthChanged
03-06 14:55:52.391  1714 24183 D TelephonyManager: getAllCellInfo calling app is com.huawei.lbs
03-06 14:55:52.394  1815  2253 W PhoneInterfaceManager: shouldBlockLocation running ...
03-06 14:55:52.394  1815  2253 I PhoneInterfaceManager: shouldBlockLocation  ret:false
03-06 14:55:52.397  1619  1758 I HwMobileSignalController(0): subId:0 phoneType:1 networktype:13 targetClass:3 masterLevel:4 slaveLevel:-1
03-06 14:55:52.397  1317  3782 E RMS.HwSysResManagerService: Process Permission error! pid:1815 uid:1001 Process.myPid:1317
03-06 14:55:52.398  1317  3782 D HwMSDPDeviceStatus: getCurrentDeviceStatus
03-06 14:55:52.398  1781  2665 D ARMoudle.HwActivityRecognition: getCurrentActivityExtend
03-06 14:55:52.399   596  2198 I ArHal   : (ar_data_get_state:1235):id[2]
03-06 14:55:52.404  1781  2665 D ARMoudle.HwActivityRecognition: hwActivityEvent:[ ActivityChangedExtendEvent:
03-06 14:55:52.404  1781  2665 D ARMoudle.HwActivityRecognition:     Activity='android.activity_recognition.still', EventType=1, TimestampNs=93678292169549, Confidence=-1
03-06 14:55:52.404  1781  2665 D ARMoudle.HwActivityRecognition: ]
03-06 14:55:52.408   588   658 E HwNetBoosterController: nb_send_nlmsg_to_kernel:socket not open
03-06 14:55:52.411  1619  1619 D HwCustMobileSignalControllerImpl: updateDataType, mDataNetType: 13, isCAstate: false
03-06 14:55:52.411  1619  1619 D NetWorkUtils: is3GCalling is false,mCdmaSlot is -1
03-06 14:55:52.411  1619  1619 D NetWorkUtils: mVSimCurCardType is -1
03-06 14:55:52.416  1619  1619 D NetWorkUtils: is3GCalling is false,mCdmaSlot is -1
03-06 14:55:52.416  1619  1619 D NetWorkUtils: mVSimCurCardType is -1
03-06 14:55:52.416   722 26811 I GRALLOC : LockFlexLayout: baseFormat: 11, yStride: 1920, ySize: 2073600, uOffset: 2073600,  uStride: 1920
03-06 14:55:52.417   722 26805 I Camera3-Stream: getBuffer: Stream 0, 0xf3d6c080: Already dequeued max output buffers (7), wait for next returned one.
03-06 14:55:52.417  1619  1619 D NetWorkUtils: is3GCalling is false,mCdmaSlot is -1
03-06 14:55:52.417  1619  1619 D NetWorkUtils: mVSimCurCardType is -1
03-06 14:55:52.431  1619  1866 I EventCenter: ContentChange for slot: 1
03-06 14:55:52.432  1619  1619 I HwBrightnessUtils: APS brightness=67.0,ConvertToPercentage=0.4639611
03-06 14:55:52.438  1619  1866 I EventCenter: ContentChange for slot: 1
03-06 14:55:52.440  1714 24183 D TelephonyManager: getNeighboringCellInfo calling app is com.huawei.lbs
03-06 14:55:52.442  1815  2253 W PhoneInterfaceManager: shouldBlockLocation running ...
03-06 14:55:52.443  1815  2253 I PhoneInterfaceManager: shouldBlockLocation  ret:false
03-06 14:55:52.460   722 26805 I Camera3-Stream: getBuffer: Stream 2, 0xf392bf00: Already dequeued max output buffers (7), wait for next returned one.
03-06 14:55:52.461   722 26811 I GRALLOC : LockFlexLayout: baseFormat: 11, yStride: 1920, ySize: 2073600, uOffset: 2073600,  uStride: 1920
03-06 14:55:52.516   722 26805 I Camera3-Stream: getBuffer: Stream 2, 0xf392bf00: Already dequeued max output buffers (7), wait for next returned one.
03-06 14:55:52.518   722 26811 I GRALLOC : LockFlexLayout: baseFormat: 11, yStride: 1920, ySize: 2073600, uOffset: 2073600,  uStride: 1920
03-06 14:55:52.566   722 26811 I GRALLOC : LockFlexLayout: baseFormat: 11, yStride: 1920, ySize: 2073600, uOffset: 2073600,  uStride: 1920
03-06 14:55:52.569   722 26805 I Camera3-Stream: getBuffer: Stream 0, 0xf3d6c080: Already dequeued max output buffers (7), wait for next returned one.
03-06 14:55:52.580  1619  1619 I HwBrightnessUtils: APS brightness=68.0,ConvertToPercentage=0.46803814
03-06 14:55:52.581  1619  1866 I EventCenter: ContentChange for slot: 1
03-06 14:55:52.581  1619  1866 I EventCenter: ContentChange for slot: 1
03-06 14:55:52.610   722 26805 I Camera3-Stream: getBuffer: Stream 2, 0xf392bf00: Already dequeued max output buffers (7), wait for next returned one.
03-06 14:55:52.610   722 26805 I Camera3-Stream: getBuffer: Stream 0, 0xf3d6c080: Already dequeued max output buffers (7), wait for next returned one.
03-06 14:55:52.611   722 26811 I GRALLOC : LockFlexLayout: baseFormat: 11, yStride: 1920, ySize: 2073600, uOffset: 2073600,  uStride: 1920
03-06 14:55:52.660   722 26811 I GRALLOC : LockFlexLayout: baseFormat: 11, yStride: 1920, ySize: 2073600, uOffset: 2073600,  uStride: 1920
03-06 14:55:52.662   722 26805 I Camera3-Stream: getBuffer: Stream 0, 0xf3d6c080: Already dequeued max output buffers (7), wait for next returned one.
03-06 14:55:52.715   722 26805 I Camera3-Stream: getBuffer: Stream 2, 0xf392bf00: Already dequeued max output buffers (7), wait for next returned one.
03-06 14:55:52.716   722 26811 I GRALLOC : LockFlexLayout: baseFormat: 11, yStride: 1920, ySize: 2073600, uOffset: 2073600,  uStride: 1920
03-06 14:55:52.730  1619  1866 I EventCenter: ContentChange for slot: 1
03-06 14:55:52.731  1619  1866 I EventCenter: ContentChange for slot: 1
03-06 14:55:52.731  1619  1619 I HwBrightnessUtils: APS brightness=69.0,ConvertToPercentage=0.47208697
03-06 14:55:52.760   722 26805 I Camera3-Stream: getBuffer: Stream 0, 0xf3d6c080: Already dequeued max output buffers (7), wait for next returned one.
03-06 14:55:52.761   722 26811 I GRALLOC : LockFlexLayout: baseFormat: 11, yStride: 1920, ySize: 2073600, uOffset: 2073600,  uStride: 1920
03-06 14:55:52.812   722 26805 I Camera3-Stream: getBuffer: Stream 2, 0xf392bf00: Already dequeued max output buffers (7), wait for next returned one.
03-06 14:55:52.812   722 26805 I Camera3-Stream: getBuffer: Stream 0, 0xf3d6c080: Already dequeued max output buffers (7), wait for next returned one.
03-06 14:55:52.812   722 26811 I GRALLOC : LockFlexLayout: baseFormat: 11, yStride: 1920, ySize: 2073600, uOffset: 2073600,  uStride: 1920
03-06 14:55:52.839   754  2938 E LOGSERVER_UTILS: [Erecovery]readEvent: eRecEventManager readEvent 0
03-06 14:55:52.867   722 26805 I Camera3-Stream: getBuffer: Stream 2, 0xf392bf00: Already dequeued max output buffers (7), wait for next returned one.
03-06 14:55:52.868   722 26811 I GRALLOC : LockFlexLayout: baseFormat: 11, yStride: 1920, ySize: 2073600, uOffset: 2073600,  uStride: 1920
03-06 14:55:52.896  1619  1866 I EventCenter: ContentChange for slot: 1
03-06 14:55:52.896  1619  1866 I EventCenter: ContentChange for slot: 1
03-06 14:55:52.898  1619  1619 I HwBrightnessUtils: APS brightness=70.0,ConvertToPercentage=0.47610822
03-06 14:55:52.913   722 26805 I Camera3-Stream: getBuffer: Stream 2, 0xf392bf00: Already dequeued max output buffers (7), wait for next returned one.
03-06 14:55:52.913   722 26811 I GRALLOC : LockFlexLayout: baseFormat: 11, yStride: 1920, ySize: 2073600, uOffset: 2073600,  uStride: 1920
03-06 14:55:52.964   722 26805 I Camera3-Stream: getBuffer: Stream 2, 0xf392bf00: Already dequeued max output buffers (7), wait for next returned one.
03-06 14:55:52.965   722 26811 I GRALLOC : LockFlexLayout: baseFormat: 11, yStride: 1920, ySize: 2073600, uOffset: 2073600,  uStride: 1920
03-06 14:55:53.012   722 26805 I Camera3-Stream: getBuffer: Stream 2, 0xf392bf00: Already dequeued max output buffers (7), wait for next returned one.
03-06 14:55:53.015   722 26811 I GRALLOC : LockFlexLayout: baseFormat: 11, yStride: 1920, ySize: 2073600, uOffset: 2073600,  uStride: 1920
03-06 14:55:53.042  1619  1866 I EventCenter: ContentChange for slot: 1
03-06 14:55:53.045  1619  1619 I HwBrightnessUtils: APS brightness=71.0,ConvertToPercentage=0.48010245
03-06 14:55:53.045  1619  1866 I EventCenter: ContentChange for slot: 1
03-06 14:55:53.064   722 26811 I GRALLOC : LockFlexLayout: baseFormat: 11, yStride: 1920, ySize: 2073600, uOffset: 2073600,  uStride: 1920
03-06 14:55:53.066   722 26805 I Camera3-Stream: getBuffer: Stream 0, 0xf3d6c080: Already dequeued max output buffers (7), wait for next returned one.
03-06 14:55:53.114   722 26805 I Camera3-Stream: getBuffer: Stream 0, 0xf3d6c080: Already dequeued max output buffers (7), wait for next returned one.
03-06 14:55:53.114   722 26811 I GRALLOC : LockFlexLayout: baseFormat: 11, yStride: 1920, ySize: 2073600, uOffset: 2073600,  uStride: 1920
03-06 14:55:53.125   588   653 I PreDnsController: canPreDnsQuery,persist.sys.predns is false!
03-06 14:55:53.160   722 26811 I GRALLOC : LockFlexLayout: baseFormat: 11, yStride: 1920, ySize: 2073600, uOffset: 2073600,  uStride: 1920
03-06 14:55:53.194  1619  1866 I EventCenter: ContentChange for slot: 1
03-06 14:55:53.194  1619  1619 I HwBrightnessUtils: APS brightness=72.0,ConvertToPercentage=0.4840703
03-06 14:55:53.197  1619  1866 I EventCenter: ContentChange for slot: 1
03-06 14:55:53.215   722 26805 I Camera3-Stream: getBuffer: Stream 2, 0xf392bf00: Already dequeued max output buffers (7), wait for next returned one.
03-06 14:55:53.217   722 26811 I GRALLOC : LockFlexLayout: baseFormat: 11, yStride: 1920, ySize: 2073600, uOffset: 2073600,  uStride: 1920
03-06 14:55:53.220 26576 26972 I chatty  : uid=10216(io.framework7.classroom) expire 10 lines
03-06 14:55:53.221 26576 26973 I chatty  : uid=10216(io.framework7.classroom) expire 10 lines
03-06 14:55:53.228 26576 26974 I chatty  : uid=10216(io.framework7.classroom) expire 10 lines
03-06 14:55:53.229 26576 26975 I chatty  : uid=10216(io.framework7.classroom) expire 10 lines
03-06 14:55:53.235 26576 26976 I chatty  : uid=10216(io.framework7.classroom) expire 10 lines
03-06 14:55:53.236 26576 26977 I chatty  : uid=10216(io.framework7.classroom) expire 10 lines
03-06 14:55:53.240 26576 26978 I chatty  : uid=10216(io.framework7.classroom) expire 10 lines
03-06 14:55:53.245 26576 26979 I chatty  : uid=10216(io.framework7.classroom) expire 10 lines
03-06 14:55:53.256 26576 26980 I chatty  : uid=10216(io.framework7.classroom) expire 10 lines
03-06 14:55:53.262   722 26805 I Camera3-Stream: getBuffer: Stream 2, 0xf392bf00: Already dequeued max output buffers (7), wait for next returned one.
03-06 14:55:53.264   722 26811 I GRALLOC : LockFlexLayout: baseFormat: 11, yStride: 1920, ySize: 2073600, uOffset: 2073600,  uStride: 1920
03-06 14:55:53.318   722 26805 I Camera3-Stream: getBuffer: Stream 2, 0xf392bf00: Already dequeued max output buffers (7), wait for next returned one.
03-06 14:55:53.319   722 26811 I GRALLOC : LockFlexLayout: baseFormat: 11, yStride: 1920, ySize: 2073600, uOffset: 2073600,  uStride: 1920
03-06 14:55:53.328  1619  1866 I EventCenter: ContentChange for slot: 1
03-06 14:55:53.331  1619  1619 I HwBrightnessUtils: APS brightness=73.0,ConvertToPercentage=0.48801228
03-06 14:55:53.335  1619  1866 I EventCenter: ContentChange for slot: 1
03-06 14:55:53.362   722 26805 I Camera3-Stream: getBuffer: Stream 2, 0xf392bf00: Already dequeued max output buffers (7), wait for next returned one.
03-06 14:55:53.365   722 26811 I GRALLOC : LockFlexLayout: baseFormat: 11, yStride: 1920, ySize: 2073600, uOffset: 2073600,  uStride: 1920
03-06 14:55:53.365   722 26805 I Camera3-Stream: getBuffer: Stream 0, 0xf3d6c080: Already dequeued max output buffers (7), wait for next returned one.
03-06 14:55:53.392  1728  2205 D Hicom_PolicyCenterService: MESSAGE_NETSTATE_CHANGED_PATHSELECTION received
03-06 14:55:53.415   722 26805 I Camera3-Stream: getBuffer: Stream 2, 0xf392bf00: Already dequeued max output buffers (7), wait for next returned one.
03-06 14:55:53.416   722 26811 I GRALLOC : LockFlexLayout: baseFormat: 11, yStride: 1920, ySize: 2073600, uOffset: 2073600,  uStride: 1920
03-06 14:55:53.463   722 26811 I GRALLOC : LockFlexLayout: baseFormat: 11, yStride: 1920, ySize: 2073600, uOffset: 2073600,  uStride: 1920
03-06 14:55:53.464   722 26805 I Camera3-Stream: getBuffer: Stream 0, 0xf3d6c080: Already dequeued max output buffers (7), wait for next returned one.
03-06 14:55:53.474  1317  1355 D FpDataCollector: case xxx, not a fingerprint unlock 
03-06 14:55:53.484  1619  1980 D NetworkController.MobileSignalController(0): mSimSubId:0 onDataActivity: direction=2
03-06 14:55:53.494  1619  1619 D HwCustMobileSignalControllerImpl: updateDataType, mDataNetType: 13, isCAstate: false
03-06 14:55:53.494  1619  1619 D NetWorkUtils: is3GCalling is false,mCdmaSlot is -1
03-06 14:55:53.494  1619  1619 D NetWorkUtils: mVSimCurCardType is -1
03-06 14:55:53.497  1619  1619 D NetWorkUtils: is3GCalling is false,mCdmaSlot is -1
03-06 14:55:53.497  1619  1619 D NetWorkUtils: mVSimCurCardType is -1
03-06 14:55:53.497  1619  1619 D NetWorkUtils: is3GCalling is false,mCdmaSlot is -1
03-06 14:55:53.498  1619  1619 D NetWorkUtils: mVSimCurCardType is -1
03-06 14:55:53.516   722 26805 I Camera3-Stream: getBuffer: Stream 2, 0xf392bf00: Already dequeued max output buffers (7), wait for next returned one.
03-06 14:55:53.517   722 26811 I GRALLOC : LockFlexLayout: baseFormat: 11, yStride: 1920, ySize: 2073600, uOffset: 2073600,  uStride: 1920
03-06 14:55:53.562   722 26805 I Camera3-Stream: getBuffer: Stream 2, 0xf392bf00: Already dequeued max output buffers (7), wait for next returned one.
03-06 14:55:53.564   722 26811 I GRALLOC : LockFlexLayout: baseFormat: 11, yStride: 1920, ySize: 2073600, uOffset: 2073600,  uStride: 1920
03-06 14:55:53.611   722 26805 I Camera3-Stream: getBuffer: Stream 2, 0xf392bf00: Already dequeued max output buffers (7), wait for next returned one.
03-06 14:55:53.613   722 26811 I GRALLOC : LockFlexLayout: baseFormat: 11, yStride: 1920, ySize: 2073600, uOffset: 2073600,  uStride: 1920
03-06 14:55:53.642   738   738 E Thermal-daemon: [charger_ic] temp_new :39  temp_old :40
03-06 14:55:53.643   738   738 E Thermal-daemon: Report temperature: [charger_ic] temp :39  report_threshold:1
03-06 14:55:53.643  1800  2826 D HwThermalStateManager: Thermal type: 2 cur_temperature:39
