03-06 14:55:58.807   740 26838 I contrastCal: [smartAf]array[ 440, 2550]
03-06 14:55:58.807   740 26838 I contrastCal: [smartAf]Zone:
03-06 14:55:58.807   740 26838 I contrastCal: [smartAf]array[ 328, 8538]
03-06 14:55:58.807   740 26838 I contrastCal: [smartAf]array[ 328, 8562]
03-06 14:55:58.807   740 26838 I contrastCal: [smartAf]array[ 384, 8091]
03-06 14:55:58.807   740 26838 I contrastCal: [smartAf]array[ 440, 7352]
03-06 14:55:58.807   740 26838 I contrastCal: [smartAf]Enlarge:
03-06 14:55:58.807   740 26838 I contrastCal: [smartAf]array[ 328, 2568]
03-06 14:55:58.807   740 26838 I contrastCal: [smartAf]array[ 328, 2548]
03-06 14:55:58.807   740 26838 I contrastCal: [smartAf]array[ 384, 2318]
03-06 14:55:58.807   740 26838 I contrastCal: [smartAf]array[ 440, 2124]
03-06 14:55:58.807   740 26826 I YuvCalculate: mono_mode: 0, ae_stable: [1, 0], colorDis: 0, buf_cnt:1
03-06 14:55:58.809   740  1158 D EnvImpl : [HWA_CAM3]getPackageName :  io.framework7.classroom
03-06 14:55:58.809   740  1158 I HwaUtils: [ff00962_64I] getProductExtendName() path=MHA
03-06 14:55:58.809   740  1158 I HwaUtils: [ff00962_64I] getOneCfgFile() path=NULL
03-06 14:55:58.809   740  1158 I HwaDMapIpp: [ff00962_64I] checkNeedSwapCalibrationData() ConfigFile NULL
03-06 14:55:58.809   740  1158 D Misc____: [ff00962_64D] enter loadRequest
03-06 14:55:58.809   740  1158 D EnvImpl : [HWA_CAM3]getPackageName :  io.framework7.classroom
03-06 14:55:58.809   740  1158 D IppAlgoFilter: [HWA_CAM3]loadPreviewRequest() REQUEST_DMAP_SWAP, status:0
03-06 14:55:58.809   740  1158 D EnvImpl : [HWA_CAM3]getPackageName :  io.framework7.classroom
03-06 14:55:58.809   740  1158 I chatty  : uid=1013(media) pl#2 identical 1 line
03-06 14:55:58.809   740  1158 D EnvImpl : [HWA_CAM3]getPackageName :  io.framework7.classroom
03-06 14:55:58.811   740 26824 E DeviceBaseImpl: [HWA_CAM3]getAfObjectDistance get ANDROID_HW_AF_OBJECT_DISTANCD fail
03-06 14:55:58.811   740 26824 D Misc____: [ff00962_64D] onProcessFrame(666), afDistance(0.000000)
03-06 14:55:58.811   740 26828 I GRALLOC : LockFlexLayout: baseFormat: 11, yStride: 1920, ySize: 2073600, uOffset: 2073600,  uStride: 1920
03-06 14:55:58.813   740 26828 I GRALLOC : LockFlexLayout: baseFormat: 11, yStride: 1920, ySize: 2073600, uOffset: 2073600,  uStride: 1920
03-06 14:55:58.816   722 26805 I Camera3-Stream: getBuffer: Stream 2, 0xf392bf00: Already dequeued max output buffers (7), wait for next returned one.
03-06 14:55:58.817   722 26811 I GRALLOC : LockFlexLayout: baseFormat: 11, yStride: 1920, ySize: 2073600, uOffset: 2073600,  uStride: 1920
03-06 14:55:58.857   740  1158 D EnvImpl : [HWA_CAM3]getPackageName :  io.framework7.classroom
03-06 14:55:58.857   740  1158 I HwaUtils: [ff00962_64I] getProductExtendName() path=MHA
03-06 14:55:58.857   740  1158 I HwaUtils: [ff00962_64I] getOneCfgFile() path=NULL
03-06 14:55:58.857   740  1158 I HwaDMapIpp: [ff00962_64I] checkNeedSwapCalibrationData() ConfigFile NULL
03-06 14:55:58.857   740  1158 D Misc____: [ff00962_64D] enter loadRequest
03-06 14:55:58.857   740  1158 D EnvImpl : [HWA_CAM3]getPackageName :  io.framework7.classroom
03-06 14:55:58.857   740  1158 D IppAlgoFilter: [HWA_CAM3]loadPreviewRequest() REQUEST_DMAP_SWAP, status:0
03-06 14:55:58.857   740  1158 D EnvImpl : [HWA_CAM3]getPackageName :  io.framework7.classroom
03-06 14:55:58.857   740  1158 D EnvImpl : [HWA_CAM3]getPackageName :  io.framework7.classroom
03-06 14:55:58.857   740 26838 E IppAlgoSmartAE: [ff00962_64E] doSmartAEAlgo() failed to getSceneMode
03-06 14:55:58.857   740  1158 D EnvImpl : [HWA_CAM3]getPackageName :  io.framework7.classroom
03-06 14:55:58.857   740 26838 D contrastCal: ae_gain:256, ae_iso:50, frame_rate:20, frameWidth:1280, frameHeight:720
03-06 14:55:58.857   740 26838 I contrastCal: [smartAf]contrast_cal_process: giNumFlagDoAF = 1, focus_stage = 0
03-06 14:55:58.858   740 26826 I YuvCalculate: mono_mode: 0, ae_stable: [1, 0], colorDis: 0, buf_cnt:1
03-06 14:55:58.860   740 26824 E DeviceBaseImpl: [HWA_CAM3]getAfObjectDistance get ANDROID_HW_AF_OBJECT_DISTANCD fail
03-06 14:55:58.860   740 26824 D Misc____: [ff00962_64D] onProcessFrame(666), afDistance(0.000000)
03-06 14:55:58.867   740 26828 I GRALLOC : LockFlexLayout: baseFormat: 11, yStride: 1920, ySize: 2073600, uOffset: 2073600,  uStride: 1920
03-06 14:55:58.868   740 26828 I GRALLOC : LockFlexLayout: baseFormat: 11, yStride: 1920, ySize: 2073600, uOffset: 2073600,  uStride: 1920
03-06 14:55:58.869   722 26805 I Camera3-Stream: getBuffer: Stream 2, 0xf392bf00: Already dequeued max output buffers (7), wait for next returned one.
03-06 14:55:58.869   722 26811 I GRALLOC : LockFlexLayout: baseFormat: 11, yStride: 1920, ySize: 2073600, uOffset: 2073600,  uStride: 1920
03-06 14:55:58.900  1619  1866 I EventCenter: ContentChange for slot: 1
03-06 14:55:58.901  1619  1866 I chatty  : uid=10040(com.huawei.HwMultiScreenShot) KG_Background_H identical 1 line
03-06 14:55:58.904  1619  1866 I EventCenter: ContentChange for slot: 1
03-06 14:55:58.907   740  1158 D EnvImpl : [HWA_CAM3]getPackageName :  io.framework7.classroom
03-06 14:55:58.907   740  1158 I HwaUtils: [ff00962_64I] getProductExtendName() path=MHA
03-06 14:55:58.907   740  1158 I HwaUtils: [ff00962_64I] getOneCfgFile() path=NULL
03-06 14:55:58.907   740  1158 I HwaDMapIpp: [ff00962_64I] checkNeedSwapCalibrationData() ConfigFile NULL
03-06 14:55:58.907   740  1158 D Misc____: [ff00962_64D] enter loadRequest
03-06 14:55:58.907   740  1158 D EnvImpl : [HWA_CAM3]getPackageName :  io.framework7.classroom
03-06 14:55:58.907   740  1158 D IppAlgoFilter: [HWA_CAM3]loadPreviewRequest() REQUEST_DMAP_SWAP, status:0
03-06 14:55:58.907   740  1158 D EnvImpl : [HWA_CAM3]getPackageName :  io.framework7.classroom
03-06 14:55:58.907   740  1158 I chatty  : uid=1013(media) pl#2 identical 1 line
03-06 14:55:58.907   740  1158 D EnvImpl : [HWA_CAM3]getPackageName :  io.framework7.classroom
03-06 14:55:58.908  1619  1866 I EventCenter: ContentChange for slot: 1
03-06 14:55:58.909   740 26838 E IppAlgoSmartAE: [ff00962_64E] doSmartAEAlgo() failed to getSceneMode
03-06 14:55:58.910   740 26838 D contrastCal: ae_gain:256, ae_iso:50, frame_rate:20, frameWidth:1280, frameHeight:720
03-06 14:55:58.910   740 26838 I contrastCal: [smartAf]contrast_cal_process: giNumFlagDoAF = 2, focus_stage = 0
03-06 14:55:58.910   740 26826 I YuvCalculate: mono_mode: 0, ae_stable: [1, 0], colorDis: 0, buf_cnt:1
03-06 14:55:58.912   740 26824 E DeviceBaseImpl: [HWA_CAM3]getAfObjectDistance get ANDROID_HW_AF_OBJECT_DISTANCD fail
03-06 14:55:58.912   740 26824 D Misc____: [ff00962_64D] onProcessFrame(666), afDistance(0.000000)
03-06 14:55:58.913  1619  1866 I EventCenter: ContentChange for slot: 1
03-06 14:55:58.913   740 26828 I GRALLOC : LockFlexLayout: baseFormat: 11, yStride: 1920, ySize: 2073600, uOffset: 2073600,  uStride: 1920
03-06 14:55:58.914   740 26828 I GRALLOC : LockFlexLayout: baseFormat: 11, yStride: 1920, ySize: 2073600, uOffset: 2073600,  uStride: 1920
03-06 14:55:58.917  1619  1866 I EventCenter: ContentChange for slot: 1
03-06 14:55:58.918   722 26805 I Camera3-Stream: getBuffer: Stream 2, 0xf392bf00: Already dequeued max output buffers (7), wait for next returned one.
03-06 14:55:58.920  1619  1866 I EventCenter: ContentChange for slot: 1
03-06 14:55:58.920   722 26811 I GRALLOC : LockFlexLayout: baseFormat: 11, yStride: 1920, ySize: 2073600, uOffset: 2073600,  uStride: 1920
03-06 14:55:58.957   740  1158 D EnvImpl : [HWA_CAM3]getPackageName :  io.framework7.classroom
03-06 14:55:58.957   740  1158 I HwaUtils: [ff00962_64I] getProductExtendName() path=MHA
03-06 14:55:58.957   740 26838 E IppAlgoSmartAE: [ff00962_64E] doSmartAEAlgo() failed to getSceneMode
03-06 14:55:58.957   740  1158 I HwaUtils: [ff00962_64I] getOneCfgFile() path=NULL
03-06 14:55:58.957   740  1158 I HwaDMapIpp: [ff00962_64I] checkNeedSwapCalibrationData() ConfigFile NULL
03-06 14:55:58.957   740  1158 D Misc____: [ff00962_64D] enter loadRequest
03-06 14:55:58.957   740  1158 D EnvImpl : [HWA_CAM3]getPackageName :  io.framework7.classroom
03-06 14:55:58.957   740 26838 D contrastCal: ae_gain:256, ae_iso:50, frame_rate:20, frameWidth:1280, frameHeight:720
03-06 14:55:58.957   740  1158 D IppAlgoFilter: [HWA_CAM3]loadPreviewRequest() REQUEST_DMAP_SWAP, status:0
03-06 14:55:58.958   740 26838 I contrastCal: [smartAf]contrast_cal_process: giNumFlagDoAF = 3, focus_stage = 0
03-06 14:55:58.958   740  1158 D EnvImpl : [HWA_CAM3]getPackageName :  io.framework7.classroom
03-06 14:55:58.958   740  1158 I chatty  : uid=1013(media) pl#2 identical 1 line
03-06 14:55:58.958   740  1158 D EnvImpl : [HWA_CAM3]getPackageName :  io.framework7.classroom
03-06 14:55:58.959   740 26824 E DeviceBaseImpl: [HWA_CAM3]getAfObjectDistance get ANDROID_HW_AF_OBJECT_DISTANCD fail
03-06 14:55:58.959   740 26824 D Misc____: [ff00962_64D] onProcessFrame(666), afDistance(0.000000)
03-06 14:55:58.960   740 26826 I YuvCalculate: mono_mode: 0, ae_stable: [1, 0], colorDis: 0, buf_cnt:1
03-06 14:55:58.965   740 26826 I AntiBanding: onSubAlgoProcess() mAlgoCtx.continue_detect_cnt :1, mAlgoCtx.succ_detect_cnt : 0, mAlgoCtx.motion_flag = 0, detect_result:0, frequency_detected = 7,cur_expo = 1407
03-06 14:55:58.965   740 26828 I GRALLOC : LockFlexLayout: baseFormat: 11, yStride: 1920, ySize: 2073600, uOffset: 2073600,  uStride: 1920
03-06 14:55:58.966   740 26828 I GRALLOC : LockFlexLayout: baseFormat: 11, yStride: 1920, ySize: 2073600, uOffset: 2073600,  uStride: 1920
03-06 14:55:58.967   722 26805 I Camera3-Stream: getBuffer: Stream 2, 0xf392bf00: Already dequeued max output buffers (7), wait for next returned one.
03-06 14:55:58.968   722 26811 I GRALLOC : LockFlexLayout: baseFormat: 11, yStride: 1920, ySize: 2073600, uOffset: 2073600,  uStride: 1920
03-06 14:55:59.007   740 26838 E IppAlgoSmartAE: [ff00962_64E] doSmartAEAlgo() failed to getSceneMode
03-06 14:55:59.007   740 26838 D contrastCal: ae_gain:256, ae_iso:50, frame_rate:20, frameWidth:1280, frameHeight:720
03-06 14:55:59.007   740  1158 D EnvImpl : [HWA_CAM3]getPackageName :  io.framework7.classroom
03-06 14:55:59.007   740 26838 I contrastCal: [smartAf]contrast_cal_process: giNumFlagDoAF = 4, focus_stage = 0
03-06 14:55:59.007   740  1158 I HwaUtils: [ff00962_64I] getProductExtendName() path=MHA
03-06 14:55:59.007   740  1158 I HwaUtils: [ff00962_64I] getOneCfgFile() path=NULL
03-06 14:55:59.007   740  1158 I HwaDMapIpp: [ff00962_64I] checkNeedSwapCalibrationData() ConfigFile NULL
03-06 14:55:59.008   740  1158 D Misc____: [ff00962_64D] enter loadRequest
03-06 14:55:59.008   740  1158 D EnvImpl : [HWA_CAM3]getPackageName :  io.framework7.classroom
03-06 14:55:59.008   740  1158 D IppAlgoFilter: [HWA_CAM3]loadPreviewRequest() REQUEST_DMAP_SWAP, status:0
03-06 14:55:59.008   740  1158 D EnvImpl : [HWA_CAM3]getPackageName :  io.framework7.classroom
03-06 14:55:59.008   740  1158 I chatty  : uid=1013(media) pl#2 identical 1 line
03-06 14:55:59.008   740  1158 D EnvImpl : [HWA_CAM3]getPackageName :  io.framework7.classroom
03-06 14:55:59.009   740 26826 I YuvCalculate: mono_mode: 0, ae_stable: [1, 0], colorDis: 0, buf_cnt:1
03-06 14:55:59.009   740 26824 E DeviceBaseImpl: [HWA_CAM3]getAfObjectDistance get ANDROID_HW_AF_OBJECT_DISTANCD fail
03-06 14:55:59.010   740 26824 D Misc____: [ff00962_64D] onProcessFrame(666), afDistance(0.000000)
03-06 14:55:59.014   740 26828 I GRALLOC : LockFlexLayout: baseFormat: 11, yStride: 1920, ySize: 2073600, uOffset: 2073600,  uStride: 1920
03-06 14:55:59.016   740 26828 I GRALLOC : LockFlexLayout: baseFormat: 11, yStride: 1920, ySize: 2073600, uOffset: 2073600,  uStride: 1920
03-06 14:55:59.016   722 26805 I Camera3-Stream: getBuffer: Stream 2, 0xf392bf00: Already dequeued max output buffers (7), wait for next returned one.
03-06 14:55:59.017   722 26811 I GRALLOC : LockFlexLayout: baseFormat: 11, yStride: 1920, ySize: 2073600, uOffset: 2073600,  uStride: 1920
03-06 14:55:59.057   740  1158 D EnvImpl : [HWA_CAM3]getPackageName :  io.framework7.classroom
03-06 14:55:59.057   740  1158 I HwaUtils: [ff00962_64I] getProductExtendName() path=MHA
03-06 14:55:59.057   740  1158 I HwaUtils: [ff00962_64I] getOneCfgFile() path=NULL
03-06 14:55:59.057   740  1158 I HwaDMapIpp: [ff00962_64I] checkNeedSwapCalibrationData() ConfigFile NULL
03-06 14:55:59.058   740  1158 D Misc____: [ff00962_64D] enter loadRequest
03-06 14:55:59.058   740  1158 D EnvImpl : [HWA_CAM3]getPackageName :  io.framework7.classroom
03-06 14:55:59.058   740  1158 D IppAlgoFilter: [HWA_CAM3]loadPreviewRequest() REQUEST_DMAP_SWAP, status:0
03-06 14:55:59.058   740  1158 D EnvImpl : [HWA_CAM3]getPackageName :  io.framework7.classroom
03-06 14:55:59.058   740  1158 I chatty  : uid=1013(media) pl#2 identical 1 line
03-06 14:55:59.058   740  1158 D EnvImpl : [HWA_CAM3]getPackageName :  io.framework7.classroom
03-06 14:55:59.059   740 26838 E IppAlgoSmartAE: [ff00962_64E] doSmartAEAlgo() failed to getSceneMode
03-06 14:55:59.059   754  2938 E LOGSERVER_UTILS: [Erecovery]readEvent: eRecEventManager readEvent 0
03-06 14:55:59.059   740 26838 D contrastCal: ae_gain:256, ae_iso:50, frame_rate:20, frameWidth:1280, frameHeight:720
03-06 14:55:59.059   740 26838 I contrastCal: [smartAf]contrast_cal_process: giNumFlagDoAF = 5, focus_stage = 0
03-06 14:55:59.060   740 26826 I YuvCalculate: mono_mode: 0, ae_stable: [1, 0], colorDis: 0, buf_cnt:1
03-06 14:55:59.062   740 26824 E DeviceBaseImpl: [HWA_CAM3]getAfObjectDistance get ANDROID_HW_AF_OBJECT_DISTANCD fail
03-06 14:55:59.062   740 26824 D Misc____: [ff00962_64D] onProcessFrame(666), afDistance(0.000000)
03-06 14:55:59.065   740 26828 I GRALLOC : LockFlexLayout: baseFormat: 11, yStride: 1920, ySize: 2073600, uOffset: 2073600,  uStride: 1920
03-06 14:55:59.066   740 26828 I GRALLOC : LockFlexLayout: baseFormat: 11, yStride: 1920, ySize: 2073600, uOffset: 2073600,  uStride: 1920
03-06 14:55:59.067   722 26805 I Camera3-Stream: getBuffer: Stream 2, 0xf392bf00: Already dequeued max output buffers (7), wait for next returned one.
03-06 14:55:59.068   722 26811 I GRALLOC : LockFlexLayout: baseFormat: 11, yStride: 1920, ySize: 2073600, uOffset: 2073600,  uStride: 1920
03-06 14:55:59.108   740  1158 D EnvImpl : [HWA_CAM3]getPackageName :  io.framework7.classroom
03-06 14:55:59.108   740  1158 I HwaUtils: [ff00962_64I] getProductExtendName() path=MHA
03-06 14:55:59.109   740 26838 E IppAlgoSmartAE: [ff00962_64E] doSmartAEAlgo() failed to getSceneMode
03-06 14:55:59.110   740 26838 D contrastCal: ae_gain:256, ae_iso:50, frame_rate:20, frameWidth:1280, frameHeight:720
03-06 14:55:59.110   740 26838 I contrastCal: [smartAf]contrast_cal_process: giNumFlagDoAF = 6, focus_stage = 0
03-06 14:55:59.110   740  1158 I HwaUtils: [ff00962_64I] getOneCfgFile() path=NULL
03-06 14:55:59.110   740  1158 I HwaDMapIpp: [ff00962_64I] checkNeedSwapCalibrationData() ConfigFile NULL
03-06 14:55:59.110   740  1158 D Misc____: [ff00962_64D] enter loadRequest
03-06 14:55:59.110   740  1158 D EnvImpl : [HWA_CAM3]getPackageName :  io.framework7.classroom
03-06 14:55:59.110   740  1158 D IppAlgoFilter: [HWA_CAM3]loadPreviewRequest() REQUEST_DMAP_SWAP, status:0
03-06 14:55:59.110   740 26826 I YuvCalculate: mono_mode: 0, ae_stable: [1, 0], colorDis: 0, buf_cnt:1
03-06 14:55:59.110   740  1158 D EnvImpl : [HWA_CAM3]getPackageName :  io.framework7.classroom
03-06 14:55:59.110   740  1158 I chatty  : uid=1013(media) pl#2 identical 1 line
03-06 14:55:59.110   740  1158 D EnvImpl : [HWA_CAM3]getPackageName :  io.framework7.classroom
03-06 14:55:59.110   740 26824 E DeviceBaseImpl: [HWA_CAM3]getAfObjectDistance get ANDROID_HW_AF_OBJECT_DISTANCD fail
03-06 14:55:59.110   740 26824 D Misc____: [ff00962_64D] onProcessFrame(666), afDistance(0.000000)
03-06 14:55:59.113   740 26828 I GRALLOC : LockFlexLayout: baseFormat: 11, yStride: 1920, ySize: 2073600, uOffset: 2073600,  uStride: 1920
03-06 14:55:59.114   740 26828 I GRALLOC : LockFlexLayout: baseFormat: 11, yStride: 1920, ySize: 2073600, uOffset: 2073600,  uStride: 1920
03-06 14:55:59.116   722 26805 I Camera3-Stream: getBuffer: Stream 2, 0xf392bf00: Already dequeued max output buffers (7), wait for next returned one.
03-06 14:55:59.117   722 26811 I GRALLOC : LockFlexLayout: baseFormat: 11, yStride: 1920, ySize: 2073600, uOffset: 2073600,  uStride: 1920
03-06 14:55:59.128  1619  1866 I EventCenter: ContentChange for slot: 1
03-06 14:55:59.130  1619  1619 I HwBrightnessUtils: APS brightness=60.0,ConvertToPercentage=0.43457377
03-06 14:55:59.131  1619  1866 I EventCenter: ContentChange for slot: 1
03-06 14:55:59.157   740  1158 D EnvImpl : [HWA_CAM3]getPackageName :  io.framework7.classroom
03-06 14:55:59.158   740  1158 I HwaUtils: [ff00962_64I] getProductExtendName() path=MHA
03-06 14:55:59.158   740  1158 I HwaUtils: [ff00962_64I] getOneCfgFile() path=NULL
03-06 14:55:59.158   740  1158 I HwaDMapIpp: [ff00962_64I] checkNeedSwapCalibrationData() ConfigFile NULL
03-06 14:55:59.158   740  1158 D Misc____: [ff00962_64D] enter loadRequest
03-06 14:55:59.158   740  1158 D EnvImpl : [HWA_CAM3]getPackageName :  io.framework7.classroom
03-06 14:55:59.158   740  1158 D IppAlgoFilter: [HWA_CAM3]loadPreviewRequest() REQUEST_DMAP_SWAP, status:0
03-06 14:55:59.158   740  1158 D EnvImpl : [HWA_CAM3]getPackageName :  io.framework7.classroom
03-06 14:55:59.158   740  1158 I chatty  : uid=1013(media) pl#2 identical 1 line
03-06 14:55:59.158   740  1158 D EnvImpl : [HWA_CAM3]getPackageName :  io.framework7.classroom
03-06 14:55:59.159   740 26838 E IppAlgoSmartAE: [ff00962_64E] doSmartAEAlgo() failed to getSceneMode
03-06 14:55:59.159   740 26838 D contrastCal: ae_gain:256, ae_iso:50, frame_rate:20, frameWidth:1280, frameHeight:720
03-06 14:55:59.159   740 26838 I contrastCal: [smartAf]contrast_cal_process: giNumFlagDoAF = 7, focus_stage = 0
03-06 14:55:59.160   740 26824 E DeviceBaseImpl: [HWA_CAM3]getAfObjectDistance get ANDROID_HW_AF_OBJECT_DISTANCD fail
03-06 14:55:59.160   740 26824 D Misc____: [ff00962_64D] onProcessFrame(666), afDistance(0.000000)
03-06 14:55:59.160   740 26826 I YuvCalculate: mono_mode: 0, ae_stable: [1, 0], colorDis: 0, buf_cnt:1
03-06 14:55:59.162   740 26828 I GRALLOC : LockFlexLayout: baseFormat: 11, yStride: 1920, ySize: 2073600, uOffset: 2073600,  uStride: 1920
03-06 14:55:59.163   740 26828 I GRALLOC : LockFlexLayout: baseFormat: 11, yStride: 1920, ySize: 2073600, uOffset: 2073600,  uStride: 1920
03-06 14:55:59.165   722 26805 I Camera3-Stream: getBuffer: Stream 2, 0xf392bf00: Already dequeued max output buffers (7), wait for next returned one.
03-06 14:55:59.166   722 26811 I GRALLOC : LockFlexLayout: baseFormat: 11, yStride: 1920, ySize: 2073600, uOffset: 2073600,  uStride: 1920
03-06 14:55:59.167   722 26805 I Camera3-Stream: getBuffer: Stream 0, 0xf3d6c080: Already dequeued max output buffers (7), wait for next returned one.
03-06 14:55:59.207   740  1158 D EnvImpl : [HWA_CAM3]getPackageName :  io.framework7.classroom
03-06 14:55:59.207   740  1158 I HwaUtils: [ff00962_64I] getProductExtendName() path=MHA
03-06 14:55:59.207   740  1158 I HwaUtils: [ff00962_64I] getOneCfgFile() path=NULL
03-06 14:55:59.207   740  1158 I HwaDMapIpp: [ff00962_64I] checkNeedSwapCalibrationData() ConfigFile NULL
03-06 14:55:59.207   740  1158 D Misc____: [ff00962_64D] enter loadRequest
03-06 14:55:59.207   740 26838 E IppAlgoSmartAE: [ff00962_64E] doSmartAEAlgo() failed to getSceneMode
03-06 14:55:59.207   740  1158 D EnvImpl : [HWA_CAM3]getPackageName :  io.framework7.classroom
03-06 14:55:59.207   740  1158 D IppAlgoFilter: [HWA_CAM3]loadPreviewRequest() REQUEST_DMAP_SWAP, status:0
03-06 14:55:59.207   740  1158 D EnvImpl : [HWA_CAM3]getPackageName :  io.framework7.classroom
03-06 14:55:59.207   740  1158 I chatty  : uid=1013(media) pl#2 identical 1 line
03-06 14:55:59.207   740  1158 D EnvImpl : [HWA_CAM3]getPackageName :  io.framework7.classroom
03-06 14:55:59.207   740 26838 D contrastCal: ae_gain:256, ae_iso:50, frame_rate:20, frameWidth:1280, frameHeight:720
03-06 14:55:59.207   740 26838 I contrastCal: [smartAf]contrast_cal_process: giNumFlagDoAF = 8, focus_stage = 0
03-06 14:55:59.209   740 26824 E DeviceBaseImpl: [HWA_CAM3]getAfObjectDistance get ANDROID_HW_AF_OBJECT_DISTANCD fail
03-06 14:55:59.209   740 26824 D Misc____: [ff00962_64D] onProcessFrame(666), afDistance(0.000000)
03-06 14:55:59.210   740 26826 I YuvCalculate: mono_mode: 0, ae_stable: [1, 0], colorDis: 0, buf_cnt:1
03-06 14:55:59.212   740 26828 I GRALLOC : LockFlexLayout: baseFormat: 11, yStride: 1920, ySize: 2073600, uOffset: 2073600,  uStride: 1920
03-06 14:55:59.213   740 26828 I GRALLOC : LockFlexLayout: baseFormat: 11, yStride: 1920, ySize: 2073600, uOffset: 2073600,  uStride: 1920
03-06 14:55:59.214   722 26805 I Camera3-Stream: getBuffer: Stream 2, 0xf392bf00: Already dequeued max output buffers (7), wait for next returned one.
03-06 14:55:59.216   722 26811 I GRALLOC : LockFlexLayout: baseFormat: 11, yStride: 1920, ySize: 2073600, uOffset: 2073600,  uStride: 1920
03-06 14:55:59.236 26576 27050 W System.err: java.io.IOException: Cleartext HTTP traffic to global.talk-cloud.net not permitted
03-06 14:55:59.237 26576 27050 W System.err: 	at com.android.okhttp.HttpHandler$CleartextURLFilter.checkURLPermitted(HttpHandler.java:115)
03-06 14:55:59.237 26576 27050 W System.err: 	at com.android.okhttp.internal.huc.HttpURLConnectionImpl.execute(HttpURLConnectionImpl.java:458)
03-06 14:55:59.237 26576 27050 W System.err: 	at com.android.okhttp.internal.huc.HttpURLConnectionImpl.connect(HttpURLConnectionImpl.java:127)
03-06 14:55:59.237 26576 27050 W System.err: 	at com.android.okhttp.internal.huc.HttpURLConnectionImpl.getOutputStream(HttpURLConnectionImpl.java:258)
03-06 14:55:59.237 26576 27050 W System.err: 	at com.talkcloud.utils.AsyncHttpURLConnection.sendHttpMessage(AsyncHttpURLConnection.java:105)
03-06 14:55:59.237 26576 27050 W System.err: 	at com.talkcloud.utils.AsyncHttpURLConnection.access$000(AsyncHttpURLConnection.java:26)
03-06 14:55:59.237 26576 27050 W System.err: 	at com.talkcloud.utils.AsyncHttpURLConnection$1.run(AsyncHttpURLConnection.java:63)
03-06 14:55:59.237 26576 27050 W System.err: 	at java.lang.Thread.run(Thread.java:784)
03-06 14:55:59.237 26576 27050 E [tk-sdk]: sendHttpMessage exceptionhttp://global.talk-cloud.net:80/ClientAPI/checkroomCleartext HTTP traffic to global.talk-cloud.net not permitted
03-06 14:55:59.237 26576 27051 W System.err: java.io.IOException: Cleartext HTTP traffic to global.talk-cloud.net not permitted
03-06 14:55:59.237 26576 27051 W System.err: 	at com.android.okhttp.HttpHandler$CleartextURLFilter.checkURLPermitted(HttpHandler.java:115)
03-06 14:55:59.237 26576 27051 W System.err: 	at com.android.okhttp.internal.huc.HttpURLConnectionImpl.execute(HttpURLConnectionImpl.java:458)
03-06 14:55:59.237 26576 27051 W System.err: 	at com.android.okhttp.internal.huc.HttpURLConnectionImpl.connect(HttpURLConnectionImpl.java:127)
03-06 14:55:59.238 26576 27051 W System.err: 	at com.android.okhttp.internal.huc.HttpURLConnectionImpl.getOutputStream(HttpURLConnectionImpl.java:258)
03-06 14:55:59.238 26576 27051 W System.err: 	at com.talkcloud.utils.AsyncHttpURLConnection.sendHttpMessage(AsyncHttpURLConnection.java:105)
03-06 14:55:59.238 26576 27051 W System.err: 	at com.talkcloud.utils.AsyncHttpURLConnection.access$000(AsyncHttpURLConnection.java:26)
03-06 14:55:59.238 26576 27051 W System.err: 	at com.talkcloud.utils.AsyncHttpURLConnection$1.run(AsyncHttpURLConnection.java:63)
03-06 14:55:59.238 26576 27051 W System.err: 	at java.lang.Thread.run(Thread.java:784)
03-06 14:55:59.238 26576 27051 E [tk-sdk]: sendHttpMessage exceptionhttp://global.talk-cloud.net:80/ClientAPI/checkroomCleartext HTTP traffic to global.talk-cloud.net not permitted
03-06 14:55:59.238 26576 27052 W System.err: java.io.IOException: Cleartext HTTP traffic to global.talk-cloud.net not permitted
03-06 14:55:59.238 26576 27052 W System.err: 	at com.android.okhttp.HttpHandler$CleartextURLFilter.checkURLPermitted(HttpHandler.java:115)
03-06 14:55:59.238 26576 27052 W System.err: 	at com.android.okhttp.internal.huc.HttpURLConnectionImpl.execute(HttpURLConnectionImpl.java:458)
03-06 14:55:59.238 26576 27052 W System.err: 	at com.android.okhttp.internal.huc.HttpURLConnectionImpl.connect(HttpURLConnectionImpl.java:127)
03-06 14:55:59.238 26576 27052 W System.err: 	at com.android.okhttp.internal.huc.HttpURLConnectionImpl.getOutputStream(HttpURLConnectionImpl.java:258)
03-06 14:55:59.238 26576 27052 W System.err: 	at com.talkcloud.utils.AsyncHttpURLConnection.sendHttpMessage(AsyncHttpURLConnection.java:105)
03-06 14:55:59.238 26576 27052 W System.err: 	at com.talkcloud.utils.AsyncHttpURLConnection.access$000(AsyncHttpURLConnection.java:26)
03-06 14:55:59.238 26576 27052 W System.err: 	at com.talkcloud.utils.AsyncHttpURLConnection$1.run(AsyncHttpURLConnection.java:63)
03-06 14:55:59.238 26576 27052 W System.err: 	at java.lang.Thread.run(Thread.java:784)
03-06 14:55:59.239 26576 27052 E [tk-sdk]: sendHttpMessage exceptionhttp://global.talk-cloud.net:80/ClientAPI/checkroomCleartext HTTP traffic to global.talk-cloud.net not permitted
03-06 14:55:59.240 26576 26576 I [tk-sdk]: step1Checkroom ret=11
03-06 14:55:59.242 26576 27053 W System.err: java.io.IOException: Cleartext HTTP traffic to global.talk-cloud.net not permitted
03-06 14:55:59.242 26576 27053 W System.err: 	at com.android.okhttp.HttpHandler$CleartextURLFilter.checkURLPermitted(HttpHandler.java:115)
03-06 14:55:59.242 26576 27053 W System.err: 	at com.android.okhttp.internal.huc.HttpURLConnectionImpl.execute(HttpURLConnectionImpl.java:458)
03-06 14:55:59.242 26576 27053 W System.err: 	at com.android.okhttp.internal.huc.HttpURLConnectionImpl.connect(HttpURLConnectionImpl.java:127)
03-06 14:55:59.242 26576 27053 W System.err: 	at com.android.okhttp.internal.huc.HttpURLConnectionImpl.getOutputStream(HttpURLConnectionImpl.java:258)
03-06 14:55:59.242 26576 27053 W System.err: 	at com.talkcloud.utils.AsyncHttpURLConnection.sendHttpMessage(AsyncHttpURLConnection.java:105)
03-06 14:55:59.242 26576 27053 W System.err: 	at com.talkcloud.utils.AsyncHttpURLConnection.access$000(AsyncHttpURLConnection.java:26)
03-06 14:55:59.242 26576 27053 W System.err: 	at com.talkcloud.utils.AsyncHttpURLConnection$1.run(AsyncHttpURLConnection.java:63)
03-06 14:55:59.242 26576 27053 W System.err: 	at java.lang.Thread.run(Thread.java:784)
03-06 14:55:59.242 26576 27053 E [tk-sdk]: sendHttpMessage exceptionhttp://global.talk-cloud.net:80/ClientAPI/checkroomCleartext HTTP traffic to global.talk-cloud.net not permitted
03-06 14:55:59.243 26576 27054 W System.err: java.io.IOException: Cleartext HTTP traffic to global.talk-cloud.net not permitted
03-06 14:55:59.243 26576 27054 W System.err: 	at com.android.okhttp.HttpHandler$CleartextURLFilter.checkURLPermitted(HttpHandler.java:115)
03-06 14:55:59.243 26576 27054 W System.err: 	at com.android.okhttp.internal.huc.HttpURLConnectionImpl.execute(HttpURLConnectionImpl.java:458)
03-06 14:55:59.243 26576 27054 W System.err: 	at com.android.okhttp.internal.huc.HttpURLConnectionImpl.connect(HttpURLConnectionImpl.java:127)
03-06 14:55:59.243 26576 27054 W System.err: 	at com.android.okhttp.internal.huc.HttpURLConnectionImpl.getOutputStream(HttpURLConnectionImpl.java:258)
03-06 14:55:59.243 26576 27054 W System.err: 	at com.talkcloud.utils.AsyncHttpURLConnection.sendHttpMessage(AsyncHttpURLConnection.java:105)
03-06 14:55:59.243 26576 27054 W System.err: 	at com.talkcloud.utils.AsyncHttpURLConnection.access$000(AsyncHttpURLConnection.java:26)
03-06 14:55:59.243 26576 27054 W System.err: 	at com.talkcloud.utils.AsyncHttpURLConnection$1.run(AsyncHttpURLConnection.java:63)
03-06 14:55:59.243 26576 27054 W System.err: 	at java.lang.Thread.run(Thread.java:784)
03-06 14:55:59.243 26576 27054 E [tk-sdk]: sendHttpMessage exceptionhttp://global.talk-cloud.net:80/ClientAPI/checkroomCleartext HTTP traffic to global.talk-cloud.net not permitted
03-06 14:55:59.244 26576 27055 W System.err: java.io.IOException: Cleartext HTTP traffic to global.talk-cloud.net not permitted
03-06 14:55:59.244 26576 27055 W System.err: 	at com.android.okhttp.HttpHandler$CleartextURLFilter.checkURLPermitted(HttpHandler.java:115)
03-06 14:55:59.244 26576 27055 W System.err: 	at com.android.okhttp.internal.huc.HttpURLConnectionImpl.execute(HttpURLConnectionImpl.java:458)
03-06 14:55:59.244 26576 27055 W System.err: 	at com.android.okhttp.internal.huc.HttpURLConnectionImpl.connect(HttpURLConnectionImpl.java:127)
03-06 14:55:59.244 26576 27055 W System.err: 	at com.android.okhttp.internal.huc.HttpURLConnectionImpl.getOutputStream(HttpURLConnectionImpl.java:258)
03-06 14:55:59.244 26576 27055 W System.err: 	at com.talkcloud.utils.AsyncHttpURLConnection.sendHttpMessage(AsyncHttpURLConnection.java:105)
03-06 14:55:59.244 26576 27055 W System.err: 	at com.talkcloud.utils.AsyncHttpURLConnection.access$000(AsyncHttpURLConnection.java:26)
03-06 14:55:59.244 26576 27055 W System.err: 	at com.talkcloud.utils.AsyncHttpURLConnection$1.run(AsyncHttpURLConnection.java:63)
03-06 14:55:59.244 26576 27055 W System.err: 	at java.lang.Thread.run(Thread.java:784)
03-06 14:55:59.244 26576 27055 E [tk-sdk]: sendHttpMessage exceptionhttp://global.talk-cloud.net:80/ClientAPI/checkroomCleartext HTTP traffic to global.talk-cloud.net not permitted
03-06 14:55:59.247 26576 26576 I [tk-sdk]: step1Checkroom ret=11
03-06 14:55:59.247 26576 27056 W System.err: java.io.IOException: Cleartext HTTP traffic to global.talk-cloud.net not permitted
03-06 14:55:59.247 26576 27056 W System.err: 	at com.android.okhttp.HttpHandler$CleartextURLFilter.checkURLPermitted(HttpHandler.java:115)
03-06 14:55:59.247 26576 27056 W System.err: 	at com.android.okhttp.internal.huc.HttpURLConnectionImpl.execute(HttpURLConnectionImpl.java:458)
03-06 14:55:59.248 26576 27056 W System.err: 	at com.android.okhttp.internal.huc.HttpURLConnectionImpl.connect(HttpURLConnectionImpl.java:127)
03-06 14:55:59.248 26576 27056 W System.err: 	at com.android.okhttp.internal.huc.HttpURLConnectionImpl.getOutputStream(HttpURLConnectionImpl.java:258)
03-06 14:55:59.248 26576 27056 W System.err: 	at com.talkcloud.utils.AsyncHttpURLConnection.sendHttpMessage(AsyncHttpURLConnection.java:105)
03-06 14:55:59.248 26576 27056 W System.err: 	at com.talkcloud.utils.AsyncHttpURLConnection.access$000(AsyncHttpURLConnection.java:26)
03-06 14:55:59.248 26576 27056 W System.err: 	at com.talkcloud.utils.AsyncHttpURLConnection$1.run(AsyncHttpURLConnection.java:63)
03-06 14:55:59.248 26576 27056 W System.err: 	at java.lang.Thread.run(Thread.java:784)
03-06 14:55:59.248 26576 27056 E [tk-sdk]: sendHttpMessage exceptionhttp://global.talk-cloud.net:80/ClientAPI/checkroomCleartext HTTP traffic to global.talk-cloud.net not permitted
03-06 14:55:59.248 26576 27057 W System.err: java.io.IOException: Cleartext HTTP traffic to global.talk-cloud.net not permitted
03-06 14:55:59.248 26576 27057 W System.err: 	at com.android.okhttp.HttpHandler$CleartextURLFilter.checkURLPermitted(HttpHandler.java:115)
03-06 14:55:59.248 26576 27057 W System.err: 	at com.android.okhttp.internal.huc.HttpURLConnectionImpl.execute(HttpURLConnectionImpl.java:458)
03-06 14:55:59.248 26576 27057 W System.err: 	at com.android.okhttp.internal.huc.HttpURLConnectionImpl.connect(HttpURLConnectionImpl.java:127)
03-06 14:55:59.248 26576 27057 W System.err: 	at com.android.okhttp.internal.huc.HttpURLConnectionImpl.getOutputStream(HttpURLConnectionImpl.java:258)
03-06 14:55:59.248 26576 27057 W System.err: 	at com.talkcloud.utils.AsyncHttpURLConnection.sendHttpMessage(AsyncHttpURLConnection.java:105)
03-06 14:55:59.248 26576 27057 W System.err: 	at com.talkcloud.utils.AsyncHttpURLConnection.access$000(AsyncHttpURLConnection.java:26)
03-06 14:55:59.249 26576 27057 W System.err: 	at com.talkcloud.utils.AsyncHttpURLConnection$1.run(AsyncHttpURLConnection.java:63)
03-06 14:55:59.249 26576 27057 W System.err: 	at java.lang.Thread.run(Thread.java:784)
03-06 14:55:59.249 26576 27057 E [tk-sdk]: sendHttpMessage exceptionhttp://global.talk-cloud.net:80/ClientAPI/checkroomCleartext HTTP traffic to global.talk-cloud.net not permitted
03-06 14:55:59.251 26576 27058 W System.err: java.io.IOException: Cleartext HTTP traffic to global.talk-cloud.net not permitted
03-06 14:55:59.251 26576 27058 W System.err: 	at com.android.okhttp.HttpHandler$CleartextURLFilter.checkURLPermitted(HttpHandler.java:115)
03-06 14:55:59.251 26576 27058 W System.err: 	at com.android.okhttp.internal.huc.HttpURLConnectionImpl.execute(HttpURLConnectionImpl.java:458)
03-06 14:55:59.251 26576 27058 W System.err: 	at com.android.okhttp.internal.huc.HttpURLConnectionImpl.connect(HttpURLConnectionImpl.java:127)
03-06 14:55:59.251 26576 27058 W System.err: 	at com.android.okhttp.internal.huc.HttpURLConnectionImpl.getOutputStream(HttpURLConnectionImpl.java:258)
03-06 14:55:59.251 26576 27058 W System.err: 	at com.talkcloud.utils.AsyncHttpURLConnection.sendHttpMessage(AsyncHttpURLConnection.java:105)
03-06 14:55:59.251 26576 27058 W System.err: 	at com.talkcloud.utils.AsyncHttpURLConnection.access$000(AsyncHttpURLConnection.java:26)
03-06 14:55:59.251 26576 27058 W System.err: 	at com.talkcloud.utils.AsyncHttpURLConnection$1.run(AsyncHttpURLConnection.java:63)
03-06 14:55:59.251 26576 27058 W System.err: 	at java.lang.Thread.run(Thread.java:784)
03-06 14:55:59.251 26576 27058 E [tk-sdk]: sendHttpMessage exceptionhttp://global.talk-cloud.net:80/ClientAPI/checkroomCleartext HTTP traffic to global.talk-cloud.net not permitted
03-06 14:55:59.251 26576 26576 I [tk-sdk]: step1Checkroom ret=11
03-06 14:55:59.251 26576 27059 W System.err: java.io.IOException: Cleartext HTTP traffic to global.talk-cloud.net not permitted
03-06 14:55:59.251 26576 27059 W System.err: 	at com.android.okhttp.HttpHandler$CleartextURLFilter.checkURLPermitted(HttpHandler.java:115)
03-06 14:55:59.251 26576 27059 W System.err: 	at com.android.okhttp.internal.huc.HttpURLConnectionImpl.execute(HttpURLConnectionImpl.java:458)
03-06 14:55:59.251 26576 27059 W System.err: 	at com.android.okhttp.internal.huc.HttpURLConnectionImpl.connect(HttpURLConnectionImpl.java:127)
03-06 14:55:59.251 26576 27059 W System.err: 	at com.android.okhttp.internal.huc.HttpURLConnectionImpl.getOutputStream(HttpURLConnectionImpl.java:258)
03-06 14:55:59.252 26576 27059 W System.err: 	at com.talkcloud.utils.AsyncHttpURLConnection.sendHttpMessage(AsyncHttpURLConnection.java:105)
03-06 14:55:59.252 26576 27059 W System.err: 	at com.talkcloud.utils.AsyncHttpURLConnection.access$000(AsyncHttpURLConnection.java:26)
03-06 14:55:59.252 26576 27059 W System.err: 	at com.talkcloud.utils.AsyncHttpURLConnection$1.run(AsyncHttpURLConnection.java:63)
03-06 14:55:59.252 26576 27059 W System.err: 	at java.lang.Thread.run(Thread.java:784)
03-06 14:55:59.252 26576 27059 E [tk-sdk]: sendHttpMessage exceptionhttp://global.talk-cloud.net:80/ClientAPI/checkroomCleartext HTTP traffic to global.talk-cloud.net not permitted
03-06 14:55:59.252 26576 27060 W System.err: java.io.IOException: Cleartext HTTP traffic to global.talk-cloud.net not permitted
03-06 14:55:59.252 26576 27060 W System.err: 	at com.android.okhttp.HttpHandler$CleartextURLFilter.checkURLPermitted(HttpHandler.java:115)
03-06 14:55:59.252 26576 27060 W System.err: 	at com.android.okhttp.internal.huc.HttpURLConnectionImpl.execute(HttpURLConnectionImpl.java:458)
03-06 14:55:59.252 26576 27060 W System.err: 	at com.android.okhttp.internal.huc.HttpURLConnectionImpl.connect(HttpURLConnectionImpl.java:127)
03-06 14:55:59.253 26576 27060 W System.err: 	at com.android.okhttp.internal.huc.HttpURLConnectionImpl.getOutputStream(HttpURLConnectionImpl.java:258)
03-06 14:55:59.253 26576 27060 W System.err: 	at com.talkcloud.utils.AsyncHttpURLConnection.sendHttpMessage(AsyncHttpURLConnection.java:105)
03-06 14:55:59.253 26576 27060 W System.err: 	at com.talkcloud.utils.AsyncHttpURLConnection.access$000(AsyncHttpURLConnection.java:26)
03-06 14:55:59.253 26576 27060 W System.err: 	at com.talkcloud.utils.AsyncHttpURLConnection$1.run(AsyncHttpURLConnection.java:63)
03-06 14:55:59.253 26576 27060 W System.err: 	at java.lang.Thread.run(Thread.java:784)
03-06 14:55:59.253 26576 27060 E [tk-sdk]: sendHttpMessage exceptionhttp://global.talk-cloud.net:80/ClientAPI/checkroomCleartext HTTP traffic to global.talk-cloud.net not permitted
03-06 14:55:59.254 26576 27061 W System.err: java.io.IOException: Cleartext HTTP traffic to global.talk-cloud.net not permitted
03-06 14:55:59.254 26576 27061 W System.err: 	at com.android.okhttp.HttpHandler$CleartextURLFilter.checkURLPermitted(HttpHandler.java:115)
03-06 14:55:59.254 26576 27061 W System.err: 	at com.android.okhttp.internal.huc.HttpURLConnectionImpl.execute(HttpURLConnectionImpl.java:458)
03-06 14:55:59.254 26576 27061 W System.err: 	at com.android.okhttp.internal.huc.HttpURLConnectionImpl.connect(HttpURLConnectionImpl.java:127)
03-06 14:55:59.254 26576 27061 W System.err: 	at com.android.okhttp.internal.huc.HttpURLConnectionImpl.getOutputStream(HttpURLConnectionImpl.java:258)
03-06 14:55:59.254 26576 27061 W System.err: 	at com.talkcloud.utils.AsyncHttpURLConnection.sendHttpMessage(AsyncHttpURLConnection.java:105)
03-06 14:55:59.254 26576 27061 W System.err: 	at com.talkcloud.utils.AsyncHttpURLConnection.access$000(AsyncHttpURLConnection.java:26)
03-06 14:55:59.254 26576 27061 W System.err: 	at com.talkcloud.utils.AsyncHttpURLConnection$1.run(AsyncHttpURLConnection.java:63)
03-06 14:55:59.255 26576 27061 W System.err: 	at java.lang.Thread.run(Thread.java:784)
03-06 14:55:59.255 26576 27061 E [tk-sdk]: sendHttpMessage exceptionhttp://global.talk-cloud.net:80/ClientAPI/checkroomCleartext HTTP traffic to global.talk-cloud.net not permitted
03-06 14:55:59.255 26576 26576 I [tk-sdk]: step1Checkroom ret=11
03-06 14:55:59.255 26576 27062 W System.err: java.io.IOException: Cleartext HTTP traffic to global.talk-cloud.net not permitted
03-06 14:55:59.255 26576 27062 W System.err: 	at com.android.okhttp.HttpHandler$CleartextURLFilter.checkURLPermitted(HttpHandler.java:115)
03-06 14:55:59.255 26576 27062 W System.err: 	at com.android.okhttp.internal.huc.HttpURLConnectionImpl.execute(HttpURLConnectionImpl.java:458)
03-06 14:55:59.255 26576 27062 W System.err: 	at com.android.okhttp.internal.huc.HttpURLConnectionImpl.connect(HttpURLConnectionImpl.java:127)
03-06 14:55:59.255 26576 27062 W System.err: 	at com.android.okhttp.internal.huc.HttpURLConnectionImpl.getOutputStream(HttpURLConnectionImpl.java:258)
03-06 14:55:59.255 26576 27062 W System.err: 	at com.talkcloud.utils.AsyncHttpURLConnection.sendHttpMessage(AsyncHttpURLConnection.java:105)
03-06 14:55:59.255 26576 27062 W System.err: 	at com.talkcloud.utils.AsyncHttpURLConnection.access$000(AsyncHttpURLConnection.java:26)
03-06 14:55:59.255 26576 27062 W System.err: 	at com.talkcloud.utils.AsyncHttpURLConnection$1.run(AsyncHttpURLConnection.java:63)
03-06 14:55:59.256 26576 27062 W System.err: 	at java.lang.Thread.run(Thread.java:784)
03-06 14:55:59.256 26576 27062 E [tk-sdk]: sendHttpMessage exceptionhttp://global.talk-cloud.net:80/ClientAPI/checkroomCleartext HTTP traffic to global.talk-cloud.net not permitted
03-06 14:55:59.258 26576 27063 W System.err: java.io.IOException: Cleartext HTTP traffic to global.talk-cloud.net not permitted
03-06 14:55:59.258 26576 27063 W System.err: 	at com.android.okhttp.HttpHandler$CleartextURLFilter.checkURLPermitted(HttpHandler.java:115)
03-06 14:55:59.258   740  1158 D EnvImpl : [HWA_CAM3]getPackageName :  io.framework7.classroom
03-06 14:55:59.258 26576 27063 W System.err: 	at com.android.okhttp.internal.huc.HttpURLConnectionImpl.execute(HttpURLConnectionImpl.java:458)
03-06 14:55:59.258   740  1158 I HwaUtils: [ff00962_64I] getProductExtendName() path=MHA
03-06 14:55:59.258 26576 27063 W System.err: 	at com.android.okhttp.internal.huc.HttpURLConnectionImpl.connect(HttpURLConnectionImpl.java:127)
03-06 14:55:59.258   740  1158 I HwaUtils: [ff00962_64I] getOneCfgFile() path=NULL
03-06 14:55:59.258   740  1158 I HwaDMapIpp: [ff00962_64I] checkNeedSwapCalibrationData() ConfigFile NULL
03-06 14:55:59.258 26576 27063 W System.err: 	at com.android.okhttp.internal.huc.HttpURLConnectionImpl.getOutputStream(HttpURLConnectionImpl.java:258)
03-06 14:55:59.258 26576 27063 W System.err: 	at com.talkcloud.utils.AsyncHttpURLConnection.sendHttpMessage(AsyncHttpURLConnection.java:105)
03-06 14:55:59.259   740  1158 D Misc____: [ff00962_64D] enter loadRequest
03-06 14:55:59.259 26576 27063 W System.err: 	at com.talkcloud.utils.AsyncHttpURLConnection.access$000(AsyncHttpURLConnection.java:26)
03-06 14:55:59.259   740 26838 E IppAlgoSmartAE: [ff00962_64E] doSmartAEAlgo() failed to getSceneMode
03-06 14:55:59.259   740  1158 D EnvImpl : [HWA_CAM3]getPackageName :  io.framework7.classroom
03-06 14:55:59.259 26576 27063 W System.err: 	at com.talkcloud.utils.AsyncHttpURLConnection$1.run(AsyncHttpURLConnection.java:63)
03-06 14:55:59.259   740  1158 D IppAlgoFilter: [HWA_CAM3]loadPreviewRequest() REQUEST_DMAP_SWAP, status:0
03-06 14:55:59.259 26576 27063 W System.err: 	at java.lang.Thread.run(Thread.java:784)
03-06 14:55:59.259   740  1158 D EnvImpl : [HWA_CAM3]getPackageName :  io.framework7.classroom
03-06 14:55:59.259   740  1158 I chatty  : uid=1013(media) pl#2 identical 1 line
03-06 14:55:59.259   740  1158 D EnvImpl : [HWA_CAM3]getPackageName :  io.framework7.classroom
03-06 14:55:59.259 26576 27063 E [tk-sdk]: sendHttpMessage exceptionhttp://global.talk-cloud.net:80/ClientAPI/checkroomCleartext HTTP traffic to global.talk-cloud.net not permitted
03-06 14:55:59.259   740 26838 D contrastCal: ae_gain:256, ae_iso:50, frame_rate:20, frameWidth:1280, frameHeight:720
03-06 14:55:59.259   740 26838 I contrastCal: [smartAf]contrast_cal_process: giNumFlagDoAF = 9, focus_stage = 0
03-06 14:55:59.259   740 26826 I YuvCalculate: mono_mode: 0, ae_stable: [1, 0], colorDis: 0, buf_cnt:1
03-06 14:55:59.259 26576 26576 I [tk-sdk]: step1Checkroom ret=11
03-06 14:55:59.263   740 26824 E DeviceBaseImpl: [HWA_CAM3]getAfObjectDistance get ANDROID_HW_AF_OBJECT_DISTANCD fail
03-06 14:55:59.263   740 26824 D Misc____: [ff00962_64D] onProcessFrame(666), afDistance(0.000000)
03-06 14:55:59.264 26576 27064 W System.err: java.io.IOException: Cleartext HTTP traffic to global.talk-cloud.net not permitted
03-06 14:55:59.264 26576 27064 W System.err: 	at com.android.okhttp.HttpHandler$CleartextURLFilter.checkURLPermitted(HttpHandler.java:115)
03-06 14:55:59.264 26576 27064 W System.err: 	at com.android.okhttp.internal.huc.HttpURLConnectionImpl.execute(HttpURLConnectionImpl.java:458)
03-06 14:55:59.264 26576 27064 W System.err: 	at com.android.okhttp.internal.huc.HttpURLConnectionImpl.connect(HttpURLConnectionImpl.java:127)
03-06 14:55:59.264 26576 27064 W System.err: 	at com.android.okhttp.internal.huc.HttpURLConnectionImpl.getOutputStream(HttpURLConnectionImpl.java:258)
03-06 14:55:59.264 26576 27064 W System.err: 	at com.talkcloud.utils.AsyncHttpURLConnection.sendHttpMessage(AsyncHttpURLConnection.java:105)
03-06 14:55:59.264 26576 27064 W System.err: 	at com.talkcloud.utils.AsyncHttpURLConnection.access$000(AsyncHttpURLConnection.java:26)
03-06 14:55:59.264 26576 27064 W System.err: 	at com.talkcloud.utils.AsyncHttpURLConnection$1.run(AsyncHttpURLConnection.java:63)
03-06 14:55:59.264 26576 27064 W System.err: 	at java.lang.Thread.run(Thread.java:784)
03-06 14:55:59.264 26576 27064 E [tk-sdk]: sendHttpMessage exceptionhttp://global.talk-cloud.net:80/ClientAPI/checkroomCleartext HTTP traffic to global.talk-cloud.net not permitted
03-06 14:55:59.266 26576 27065 W System.err: java.io.IOException: Cleartext HTTP traffic to global.talk-cloud.net not permitted
03-06 14:55:59.266 26576 27065 W System.err: 	at com.android.okhttp.HttpHandler$CleartextURLFilter.checkURLPermitted(HttpHandler.java:115)
03-06 14:55:59.266 26576 27065 W System.err: 	at com.android.okhttp.internal.huc.HttpURLConnectionImpl.execute(HttpURLConnectionImpl.java:458)
03-06 14:55:59.266 26576 27065 W System.err: 	at com.android.okhttp.internal.huc.HttpURLConnectionImpl.connect(HttpURLConnectionImpl.java:127)
03-06 14:55:59.267 26576 27065 W System.err: 	at com.android.okhttp.internal.huc.HttpURLConnectionImpl.getOutputStream(HttpURLConnectionImpl.java:258)
03-06 14:55:59.267 26576 27065 W System.err: 	at com.talkcloud.utils.AsyncHttpURLConnection.sendHttpMessage(AsyncHttpURLConnection.java:105)
03-06 14:55:59.267 26576 27065 W System.err: 	at com.talkcloud.utils.AsyncHttpURLConnection.access$000(AsyncHttpURLConnection.java:26)
03-06 14:55:59.267 26576 27065 W System.err: 	at com.talkcloud.utils.AsyncHttpURLConnection$1.run(AsyncHttpURLConnection.java:63)
03-06 14:55:59.267 26576 27065 W System.err: 	at java.lang.Thread.run(Thread.java:784)
03-06 14:55:59.267 26576 27065 E [tk-sdk]: sendHttpMessage exceptionhttp://global.talk-cloud.net:80/ClientAPI/checkroomCleartext HTTP traffic to global.talk-cloud.net not permitted
03-06 14:55:59.267 26576 27066 W System.err: java.io.IOException: Cleartext HTTP traffic to global.talk-cloud.net not permitted
03-06 14:55:59.267 26576 27066 W System.err: 	at com.android.okhttp.HttpHandler$CleartextURLFilter.checkURLPermitted(HttpHandler.java:115)
03-06 14:55:59.267 26576 27066 W System.err: 	at com.android.okhttp.internal.huc.HttpURLConnectionImpl.execute(HttpURLConnectionImpl.java:458)
03-06 14:55:59.267 26576 27066 W System.err: 	at com.android.okhttp.internal.huc.HttpURLConnectionImpl.connect(HttpURLConnectionImpl.java:127)
03-06 14:55:59.267 26576 27066 W System.err: 	at com.android.okhttp.internal.huc.HttpURLConnectionImpl.getOutputStream(HttpURLConnectionImpl.java:258)
03-06 14:55:59.267 26576 27066 W System.err: 	at com.talkcloud.utils.AsyncHttpURLConnection.sendHttpMessage(AsyncHttpURLConnection.java:105)
03-06 14:55:59.267 26576 27066 W System.err: 	at com.talkcloud.utils.AsyncHttpURLConnection.access$000(AsyncHttpURLConnection.java:26)
03-06 14:55:59.267 26576 27066 W System.err: 	at com.talkcloud.utils.AsyncHttpURLConnection$1.run(AsyncHttpURLConnection.java:63)
03-06 14:55:59.268 26576 27066 W System.err: 	at java.lang.Thread.run(Thread.java:784)
03-06 14:55:59.268 26576 27066 E [tk-sdk]: sendHttpMessage exceptionhttp://global.talk-cloud.net:80/ClientAPI/checkroomCleartext HTTP traffic to global.talk-cloud.net not permitted
03-06 14:55:59.268 26576 26576 I [tk-sdk]: step1Checkroom ret=11
03-06 14:55:59.269 26576 27067 W System.err: java.io.IOException: Cleartext HTTP traffic to global.talk-cloud.net not permitted
03-06 14:55:59.269 26576 27067 W System.err: 	at com.android.okhttp.HttpHandler$CleartextURLFilter.checkURLPermitted(HttpHandler.java:115)
03-06 14:55:59.269 26576 27067 W System.err: 	at com.android.okhttp.internal.huc.HttpURLConnectionImpl.execute(HttpURLConnectionImpl.java:458)
03-06 14:55:59.269 26576 27067 W System.err: 	at com.android.okhttp.internal.huc.HttpURLConnectionImpl.connect(HttpURLConnectionImpl.java:127)
03-06 14:55:59.269 26576 27067 W System.err: 	at com.android.okhttp.internal.huc.HttpURLConnectionImpl.getOutputStream(HttpURLConnectionImpl.java:258)
03-06 14:55:59.269 26576 27067 W System.err: 	at com.talkcloud.utils.AsyncHttpURLConnection.sendHttpMessage(AsyncHttpURLConnection.java:105)
03-06 14:55:59.269 26576 27067 W System.err: 	at com.talkcloud.utils.AsyncHttpURLConnection.access$000(AsyncHttpURLConnection.java:26)
03-06 14:55:59.269 26576 27067 W System.err: 	at com.talkcloud.utils.AsyncHttpURLConnection$1.run(AsyncHttpURLConnection.java:63)
03-06 14:55:59.269 26576 27067 W System.err: 	at java.lang.Thread.run(Thread.java:784)
03-06 14:55:59.269 26576 27067 E [tk-sdk]: sendHttpMessage exceptionhttp://global.talk-cloud.net:80/ClientAPI/checkroomCleartext HTTP traffic to global.talk-cloud.net not permitted
03-06 14:55:59.269   740 26828 I GRALLOC : LockFlexLayout: baseFormat: 11, yStride: 1920, ySize: 2073600, uOffset: 2073600,  uStride: 1920
03-06 14:55:59.270   740 26828 I GRALLOC : LockFlexLayout: baseFormat: 11, yStride: 1920, ySize: 2073600, uOffset: 2073600,  uStride: 1920
03-06 14:55:59.271   722 26805 I Camera3-Stream: getBuffer: Stream 2, 0xf392bf00: Already dequeued max output buffers (7), wait for next returned one.
03-06 14:55:59.271   722 26805 I Camera3-Stream: getBuffer: Stream 0, 0xf3d6c080: Already dequeued max output buffers (7), wait for next returned one.
03-06 14:55:59.272   722 26811 I GRALLOC : LockFlexLayout: baseFormat: 11, yStride: 1920, ySize: 2073600, uOffset: 2073600,  uStride: 1920
03-06 14:55:59.274 26576 27068 W System.err: java.io.IOException: Cleartext HTTP traffic to global.talk-cloud.net not permitted
03-06 14:55:59.274 26576 27068 W System.err: 	at com.android.okhttp.HttpHandler$CleartextURLFilter.checkURLPermitted(HttpHandler.java:115)
03-06 14:55:59.274 26576 27068 W System.err: 	at com.android.okhttp.internal.huc.HttpURLConnectionImpl.execute(HttpURLConnectionImpl.java:458)
03-06 14:55:59.274 26576 27068 W System.err: 	at com.android.okhttp.internal.huc.HttpURLConnectionImpl.connect(HttpURLConnectionImpl.java:127)
03-06 14:55:59.274 26576 27068 W System.err: 	at com.android.okhttp.internal.huc.HttpURLConnectionImpl.getOutputStream(HttpURLConnectionImpl.java:258)
03-06 14:55:59.275 26576 27068 W System.err: 	at com.talkcloud.utils.AsyncHttpURLConnection.sendHttpMessage(AsyncHttpURLConnection.java:105)
03-06 14:55:59.275 26576 27068 W System.err: 	at com.talkcloud.utils.AsyncHttpURLConnection.access$000(AsyncHttpURLConnection.java:26)
03-06 14:55:59.275 26576 27068 W System.err: 	at com.talkcloud.utils.AsyncHttpURLConnection$1.run(AsyncHttpURLConnection.java:63)
03-06 14:55:59.275 26576 27068 W System.err: 	at java.lang.Thread.run(Thread.java:784)
03-06 14:55:59.275 26576 27068 E [tk-sdk]: sendHttpMessage exceptionhttp://global.talk-cloud.net:80/ClientAPI/checkroomCleartext HTTP traffic to global.talk-cloud.net not permitted
03-06 14:55:59.306   740  1158 D EnvImpl : [HWA_CAM3]getPackageName :  io.framework7.classroom
