03-06 14:55:58.237 26576 27036 W System.err: 	at com.android.okhttp.internal.huc.HttpURLConnectionImpl.execute(HttpURLConnectionImpl.java:458)
03-06 14:55:58.237 26576 27036 W System.err: 	at com.android.okhttp.internal.huc.HttpURLConnectionImpl.connect(HttpURLConnectionImpl.java:127)
03-06 14:55:58.237 26576 27036 W System.err: 	at com.android.okhttp.internal.huc.HttpURLConnectionImpl.getOutputStream(HttpURLConnectionImpl.java:258)
03-06 14:55:58.237 26576 27036 W System.err: 	at com.talkcloud.utils.AsyncHttpURLConnection.sendHttpMessage(AsyncHttpURLConnection.java:105)
03-06 14:55:58.237 26576 27036 W System.err: 	at com.talkcloud.utils.AsyncHttpURLConnection.access$000(AsyncHttpURLConnection.java:26)
03-06 14:55:58.237 26576 27036 W System.err: 	at com.talkcloud.utils.AsyncHttpURLConnection$1.run(AsyncHttpURLConnection.java:63)
03-06 14:55:58.237 26576 27036 W System.err: 	at java.lang.Thread.run(Thread.java:784)
03-06 14:55:58.237 26576 27036 E [tk-sdk]: sendHttpMessage exceptionhttp://global.talk-cloud.net:80/ClientAPI/checkroomCleartext HTTP traffic to global.talk-cloud.net not permitted
03-06 14:55:58.238 26576 26576 I [tk-sdk]: step1Checkroom ret=11
03-06 14:55:58.241 26576 27037 W System.err: java.io.IOException: Cleartext HTTP traffic to global.talk-cloud.net not permitted
03-06 14:55:58.241 26576 27037 W System.err: 	at com.android.okhttp.HttpHandler$CleartextURLFilter.checkURLPermitted(HttpHandler.java:115)
03-06 14:55:58.241 26576 27037 W System.err: 	at com.android.okhttp.internal.huc.HttpURLConnectionImpl.execute(HttpURLConnectionImpl.java:458)
03-06 14:55:58.242 26576 27037 W System.err: 	at com.android.okhttp.internal.huc.HttpURLConnectionImpl.connect(HttpURLConnectionImpl.java:127)
03-06 14:55:58.242 26576 27037 W System.err: 	at com.android.okhttp.internal.huc.HttpURLConnectionImpl.getOutputStream(HttpURLConnectionImpl.java:258)
03-06 14:55:58.242 26576 27037 W System.err: 	at com.talkcloud.utils.AsyncHttpURLConnection.sendHttpMessage(AsyncHttpURLConnection.java:105)
03-06 14:55:58.242 26576 27037 W System.err: 	at com.talkcloud.utils.AsyncHttpURLConnection.access$000(AsyncHttpURLConnection.java:26)
03-06 14:55:58.242 26576 27037 W System.err: 	at com.talkcloud.utils.AsyncHttpURLConnection$1.run(AsyncHttpURLConnection.java:63)
03-06 14:55:58.242 26576 27037 W System.err: 	at java.lang.Thread.run(Thread.java:784)
03-06 14:55:58.242 26576 27037 E [tk-sdk]: sendHttpMessage exceptionhttp://global.talk-cloud.net:80/ClientAPI/checkroomCleartext HTTP traffic to global.talk-cloud.net not permitted
03-06 14:55:58.243 26576 27038 W System.err: java.io.IOException: Cleartext HTTP traffic to global.talk-cloud.net not permitted
03-06 14:55:58.243 26576 27038 W System.err: 	at com.android.okhttp.HttpHandler$CleartextURLFilter.checkURLPermitted(HttpHandler.java:115)
03-06 14:55:58.243 26576 27038 W System.err: 	at com.android.okhttp.internal.huc.HttpURLConnectionImpl.execute(HttpURLConnectionImpl.java:458)
03-06 14:55:58.243 26576 27038 W System.err: 	at com.android.okhttp.internal.huc.HttpURLConnectionImpl.connect(HttpURLConnectionImpl.java:127)
03-06 14:55:58.243 26576 27038 W System.err: 	at com.android.okhttp.internal.huc.HttpURLConnectionImpl.getOutputStream(HttpURLConnectionImpl.java:258)
03-06 14:55:58.243 26576 27038 W System.err: 	at com.talkcloud.utils.AsyncHttpURLConnection.sendHttpMessage(AsyncHttpURLConnection.java:105)
03-06 14:55:58.243 26576 27038 W System.err: 	at com.talkcloud.utils.AsyncHttpURLConnection.access$000(AsyncHttpURLConnection.java:26)
03-06 14:55:58.243 26576 27038 W System.err: 	at com.talkcloud.utils.AsyncHttpURLConnection$1.run(AsyncHttpURLConnection.java:63)
03-06 14:55:58.243 26576 27038 W System.err: 	at java.lang.Thread.run(Thread.java:784)
03-06 14:55:58.243 26576 27038 E [tk-sdk]: sendHttpMessage exceptionhttp://global.talk-cloud.net:80/ClientAPI/checkroomCleartext HTTP traffic to global.talk-cloud.net not permitted
03-06 14:55:58.243 26576 27039 W System.err: java.io.IOException: Cleartext HTTP traffic to global.talk-cloud.net not permitted
03-06 14:55:58.243 26576 27039 W System.err: 	at com.android.okhttp.HttpHandler$CleartextURLFilter.checkURLPermitted(HttpHandler.java:115)
03-06 14:55:58.244 26576 27039 W System.err: 	at com.android.okhttp.internal.huc.HttpURLConnectionImpl.execute(HttpURLConnectionImpl.java:458)
03-06 14:55:58.244 26576 27039 W System.err: 	at com.android.okhttp.internal.huc.HttpURLConnectionImpl.connect(HttpURLConnectionImpl.java:127)
03-06 14:55:58.244 26576 27039 W System.err: 	at com.android.okhttp.internal.huc.HttpURLConnectionImpl.getOutputStream(HttpURLConnectionImpl.java:258)
03-06 14:55:58.244 26576 27039 W System.err: 	at com.talkcloud.utils.AsyncHttpURLConnection.sendHttpMessage(AsyncHttpURLConnection.java:105)
03-06 14:55:58.244 26576 27039 W System.err: 	at com.talkcloud.utils.AsyncHttpURLConnection.access$000(AsyncHttpURLConnection.java:26)
03-06 14:55:58.244 26576 27039 W System.err: 	at com.talkcloud.utils.AsyncHttpURLConnection$1.run(AsyncHttpURLConnection.java:63)
03-06 14:55:58.244 26576 27039 W System.err: 	at java.lang.Thread.run(Thread.java:784)
03-06 14:55:58.244 26576 27039 E [tk-sdk]: sendHttpMessage exceptionhttp://global.talk-cloud.net:80/ClientAPI/checkroomCleartext HTTP traffic to global.talk-cloud.net not permitted
03-06 14:55:58.246 26576 27040 W System.err: java.io.IOException: Cleartext HTTP traffic to global.talk-cloud.net not permitted
03-06 14:55:58.246 26576 27040 W System.err: 	at com.android.okhttp.HttpHandler$CleartextURLFilter.checkURLPermitted(HttpHandler.java:115)
03-06 14:55:58.246 26576 27040 W System.err: 	at com.android.okhttp.internal.huc.HttpURLConnectionImpl.execute(HttpURLConnectionImpl.java:458)
03-06 14:55:58.246 26576 27040 W System.err: 	at com.android.okhttp.internal.huc.HttpURLConnectionImpl.connect(HttpURLConnectionImpl.java:127)
03-06 14:55:58.246 26576 27040 W System.err: 	at com.android.okhttp.internal.huc.HttpURLConnectionImpl.getOutputStream(HttpURLConnectionImpl.java:258)
03-06 14:55:58.246 26576 27040 W System.err: 	at com.talkcloud.utils.AsyncHttpURLConnection.sendHttpMessage(AsyncHttpURLConnection.java:105)
03-06 14:55:58.246 26576 27040 W System.err: 	at com.talkcloud.utils.AsyncHttpURLConnection.access$000(AsyncHttpURLConnection.java:26)
03-06 14:55:58.246 26576 27040 W System.err: 	at com.talkcloud.utils.AsyncHttpURLConnection$1.run(AsyncHttpURLConnection.java:63)
03-06 14:55:58.246 26576 27040 W System.err: 	at java.lang.Thread.run(Thread.java:784)
03-06 14:55:58.247 26576 27040 E [tk-sdk]: sendHttpMessage exceptionhttp://global.talk-cloud.net:80/ClientAPI/checkroomCleartext HTTP traffic to global.talk-cloud.net not permitted
03-06 14:55:58.247 26576 26576 I [tk-sdk]: step1Checkroom ret=11
03-06 14:55:58.248 26576 27041 W System.err: java.io.IOException: Cleartext HTTP traffic to global.talk-cloud.net not permitted
03-06 14:55:58.248 26576 27041 W System.err: 	at com.android.okhttp.HttpHandler$CleartextURLFilter.checkURLPermitted(HttpHandler.java:115)
03-06 14:55:58.248 26576 27041 W System.err: 	at com.android.okhttp.internal.huc.HttpURLConnectionImpl.execute(HttpURLConnectionImpl.java:458)
03-06 14:55:58.248 26576 27041 W System.err: 	at com.android.okhttp.internal.huc.HttpURLConnectionImpl.connect(HttpURLConnectionImpl.java:127)
03-06 14:55:58.248 26576 27041 W System.err: 	at com.android.okhttp.internal.huc.HttpURLConnectionImpl.getOutputStream(HttpURLConnectionImpl.java:258)
03-06 14:55:58.248 26576 27041 W System.err: 	at com.talkcloud.utils.AsyncHttpURLConnection.sendHttpMessage(AsyncHttpURLConnection.java:105)
03-06 14:55:58.248 26576 27041 W System.err: 	at com.talkcloud.utils.AsyncHttpURLConnection.access$000(AsyncHttpURLConnection.java:26)
03-06 14:55:58.248 26576 27041 W System.err: 	at com.talkcloud.utils.AsyncHttpURLConnection$1.run(AsyncHttpURLConnection.java:63)
03-06 14:55:58.248 26576 27041 W System.err: 	at java.lang.Thread.run(Thread.java:784)
03-06 14:55:58.248 26576 27041 E [tk-sdk]: sendHttpMessage exceptionhttp://global.talk-cloud.net:80/ClientAPI/checkroomCleartext HTTP traffic to global.talk-cloud.net not permitted
03-06 14:55:58.249  1619  1619 I HwBrightnessUtils: APS brightness=61.0,ConvertToPercentage=0.43886805
03-06 14:55:58.249  1619  1866 I EventCenter: ContentChange for slot: 1
03-06 14:55:58.250 26576 27042 W System.err: java.io.IOException: Cleartext HTTP traffic to global.talk-cloud.net not permitted
03-06 14:55:58.250 26576 27042 W System.err: 	at com.android.okhttp.HttpHandler$CleartextURLFilter.checkURLPermitted(HttpHandler.java:115)
03-06 14:55:58.250 26576 27042 W System.err: 	at com.android.okhttp.internal.huc.HttpURLConnectionImpl.execute(HttpURLConnectionImpl.java:458)
03-06 14:55:58.250 26576 27042 W System.err: 	at com.android.okhttp.internal.huc.HttpURLConnectionImpl.connect(HttpURLConnectionImpl.java:127)
03-06 14:55:58.250 26576 27042 W System.err: 	at com.android.okhttp.internal.huc.HttpURLConnectionImpl.getOutputStream(HttpURLConnectionImpl.java:258)
03-06 14:55:58.250 26576 27042 W System.err: 	at com.talkcloud.utils.AsyncHttpURLConnection.sendHttpMessage(AsyncHttpURLConnection.java:105)
03-06 14:55:58.250 26576 27042 W System.err: 	at com.talkcloud.utils.AsyncHttpURLConnection.access$000(AsyncHttpURLConnection.java:26)
03-06 14:55:58.250 26576 27042 W System.err: 	at com.talkcloud.utils.AsyncHttpURLConnection$1.run(AsyncHttpURLConnection.java:63)
03-06 14:55:58.250 26576 27042 W System.err: 	at java.lang.Thread.run(Thread.java:784)
03-06 14:55:58.251 26576 27042 E [tk-sdk]: sendHttpMessage exceptionhttp://global.talk-cloud.net:80/ClientAPI/checkroomCleartext HTTP traffic to global.talk-cloud.net not permitted
03-06 14:55:58.251 26576 27043 W System.err: java.io.IOException: Cleartext HTTP traffic to global.talk-cloud.net not permitted
03-06 14:55:58.251 26576 27043 W System.err: 	at com.android.okhttp.HttpHandler$CleartextURLFilter.checkURLPermitted(HttpHandler.java:115)
03-06 14:55:58.251 26576 27043 W System.err: 	at com.android.okhttp.internal.huc.HttpURLConnectionImpl.execute(HttpURLConnectionImpl.java:458)
03-06 14:55:58.252 26576 27043 W System.err: 	at com.android.okhttp.internal.huc.HttpURLConnectionImpl.connect(HttpURLConnectionImpl.java:127)
03-06 14:55:58.252 26576 27043 W System.err: 	at com.android.okhttp.internal.huc.HttpURLConnectionImpl.getOutputStream(HttpURLConnectionImpl.java:258)
03-06 14:55:58.252 26576 27043 W System.err: 	at com.talkcloud.utils.AsyncHttpURLConnection.sendHttpMessage(AsyncHttpURLConnection.java:105)
03-06 14:55:58.252 26576 27043 W System.err: 	at com.talkcloud.utils.AsyncHttpURLConnection.access$000(AsyncHttpURLConnection.java:26)
03-06 14:55:58.252 26576 27043 W System.err: 	at com.talkcloud.utils.AsyncHttpURLConnection$1.run(AsyncHttpURLConnection.java:63)
03-06 14:55:58.252 26576 27043 W System.err: 	at java.lang.Thread.run(Thread.java:784)
03-06 14:55:58.252 26576 27043 E [tk-sdk]: sendHttpMessage exceptionhttp://global.talk-cloud.net:80/ClientAPI/checkroomCleartext HTTP traffic to global.talk-cloud.net not permitted
03-06 14:55:58.252 26576 26576 I [tk-sdk]: step1Checkroom ret=11
03-06 14:55:58.252  1619  1866 I EventCenter: ContentChange for slot: 1
03-06 14:55:58.253 26576 27044 W System.err: java.io.IOException: Cleartext HTTP traffic to global.talk-cloud.net not permitted
03-06 14:55:58.254 26576 27044 W System.err: 	at com.android.okhttp.HttpHandler$CleartextURLFilter.checkURLPermitted(HttpHandler.java:115)
03-06 14:55:58.254 26576 27044 W System.err: 	at com.android.okhttp.internal.huc.HttpURLConnectionImpl.execute(HttpURLConnectionImpl.java:458)
03-06 14:55:58.254 26576 27044 W System.err: 	at com.android.okhttp.internal.huc.HttpURLConnectionImpl.connect(HttpURLConnectionImpl.java:127)
03-06 14:55:58.254 26576 27044 W System.err: 	at com.android.okhttp.internal.huc.HttpURLConnectionImpl.getOutputStream(HttpURLConnectionImpl.java:258)
03-06 14:55:58.254 26576 27044 W System.err: 	at com.talkcloud.utils.AsyncHttpURLConnection.sendHttpMessage(AsyncHttpURLConnection.java:105)
03-06 14:55:58.254 26576 27044 W System.err: 	at com.talkcloud.utils.AsyncHttpURLConnection.access$000(AsyncHttpURLConnection.java:26)
03-06 14:55:58.254 26576 27044 W System.err: 	at com.talkcloud.utils.AsyncHttpURLConnection$1.run(AsyncHttpURLConnection.java:63)
03-06 14:55:58.254 26576 27044 W System.err: 	at java.lang.Thread.run(Thread.java:784)
03-06 14:55:58.254 26576 27044 E [tk-sdk]: sendHttpMessage exceptionhttp://global.talk-cloud.net:80/ClientAPI/checkroomCleartext HTTP traffic to global.talk-cloud.net not permitted
03-06 14:55:58.259   740 26838 E IppAlgoSmartAE: [ff00962_64E] doSmartAEAlgo() failed to getSceneMode
03-06 14:55:58.259   740 26838 D contrastCal: ae_gain:256, ae_iso:50, frame_rate:20, frameWidth:1280, frameHeight:720
03-06 14:55:58.259   740 26838 I contrastCal: [smartAf]contrast_cal_process: giNumFlagDoAF = 211, focus_stage = 0
03-06 14:55:58.259   740 26826 I YuvCalculate: mono_mode: 0, ae_stable: [0, 0], colorDis: 0, buf_cnt:1
03-06 14:55:58.264 26576 27046 W System.err: java.io.IOException: Cleartext HTTP traffic to global.talk-cloud.net not permitted
03-06 14:55:58.264 26576 27046 W System.err: 	at com.android.okhttp.HttpHandler$CleartextURLFilter.checkURLPermitted(HttpHandler.java:115)
03-06 14:55:58.264   740  1158 D EnvImpl : [HWA_CAM3]getPackageName :  io.framework7.classroom
03-06 14:55:58.264 26576 27046 W System.err: 	at com.android.okhttp.internal.huc.HttpURLConnectionImpl.execute(HttpURLConnectionImpl.java:458)
03-06 14:55:58.264   740  1158 I HwaUtils: [ff00962_64I] getProductExtendName() path=MHA
03-06 14:55:58.264 26576 27046 W System.err: 	at com.android.okhttp.internal.huc.HttpURLConnectionImpl.connect(HttpURLConnectionImpl.java:127)
03-06 14:55:58.264 26576 27046 W System.err: 	at com.android.okhttp.internal.huc.HttpURLConnectionImpl.getOutputStream(HttpURLConnectionImpl.java:258)
03-06 14:55:58.264   740  1158 I HwaUtils: [ff00962_64I] getOneCfgFile() path=NULL
03-06 14:55:58.264   740  1158 I HwaDMapIpp: [ff00962_64I] checkNeedSwapCalibrationData() ConfigFile NULL
03-06 14:55:58.264 26576 27046 W System.err: 	at com.talkcloud.utils.AsyncHttpURLConnection.sendHttpMessage(AsyncHttpURLConnection.java:105)
03-06 14:55:58.264 26576 27046 W System.err: 	at com.talkcloud.utils.AsyncHttpURLConnection.access$000(AsyncHttpURLConnection.java:26)
03-06 14:55:58.264 26576 27046 W System.err: 	at com.talkcloud.utils.AsyncHttpURLConnection$1.run(AsyncHttpURLConnection.java:63)
03-06 14:55:58.264   740  1158 D Misc____: [ff00962_64D] enter loadRequest
03-06 14:55:58.264 26576 27046 W System.err: 	at java.lang.Thread.run(Thread.java:784)
03-06 14:55:58.265   740  1158 D EnvImpl : [HWA_CAM3]getPackageName :  io.framework7.classroom
03-06 14:55:58.265   740  1158 D IppAlgoFilter: [HWA_CAM3]loadPreviewRequest() REQUEST_DMAP_SWAP, status:0
03-06 14:55:58.265   740  1158 D EnvImpl : [HWA_CAM3]getPackageName :  io.framework7.classroom
03-06 14:55:58.265 26576 27047 W System.err: java.io.IOException: Cleartext HTTP traffic to global.talk-cloud.net not permitted
03-06 14:55:58.265   740  1158 D EnvImpl : [HWA_CAM3]getPackageName :  io.framework7.classroom
03-06 14:55:58.265 26576 27046 E [tk-sdk]: sendHttpMessage exceptionhttp://global.talk-cloud.net:80/ClientAPI/checkroomCleartext HTTP traffic to global.talk-cloud.net not permitted
03-06 14:55:58.265   740  1158 D EnvImpl : [HWA_CAM3]getPackageName :  io.framework7.classroom
03-06 14:55:58.265 26576 27047 W System.err: 	at com.android.okhttp.HttpHandler$CleartextURLFilter.checkURLPermitted(HttpHandler.java:115)
03-06 14:55:58.265 26576 27047 W System.err: 	at com.android.okhttp.internal.huc.HttpURLConnectionImpl.execute(HttpURLConnectionImpl.java:458)
03-06 14:55:58.265 26576 27047 W System.err: 	at com.android.okhttp.internal.huc.HttpURLConnectionImpl.connect(HttpURLConnectionImpl.java:127)
03-06 14:55:58.265 26576 27047 W System.err: 	at com.android.okhttp.internal.huc.HttpURLConnectionImpl.getOutputStream(HttpURLConnectionImpl.java:258)
03-06 14:55:58.265 26576 27047 W System.err: 	at com.talkcloud.utils.AsyncHttpURLConnection.sendHttpMessage(AsyncHttpURLConnection.java:105)
03-06 14:55:58.265 26576 27047 W System.err: 	at com.talkcloud.utils.AsyncHttpURLConnection.access$000(AsyncHttpURLConnection.java:26)
03-06 14:55:58.265 26576 27047 W System.err: 	at com.talkcloud.utils.AsyncHttpURLConnection$1.run(AsyncHttpURLConnection.java:63)
03-06 14:55:58.265 26576 27047 W System.err: 	at java.lang.Thread.run(Thread.java:784)
03-06 14:55:58.265 26576 27047 E [tk-sdk]: sendHttpMessage exceptionhttp://global.talk-cloud.net:80/ClientAPI/checkroomCleartext HTTP traffic to global.talk-cloud.net not permitted
03-06 14:55:58.266 26576 26576 I [tk-sdk]: step1Checkroom ret=11
03-06 14:55:58.266 26576 27045 W System.err: java.io.IOException: Cleartext HTTP traffic to global.talk-cloud.net not permitted
03-06 14:55:58.266 26576 27045 W System.err: 	at com.android.okhttp.HttpHandler$CleartextURLFilter.checkURLPermitted(HttpHandler.java:115)
03-06 14:55:58.266 26576 27045 W System.err: 	at com.android.okhttp.internal.huc.HttpURLConnectionImpl.execute(HttpURLConnectionImpl.java:458)
03-06 14:55:58.266 26576 27045 W System.err: 	at com.android.okhttp.internal.huc.HttpURLConnectionImpl.connect(HttpURLConnectionImpl.java:127)
03-06 14:55:58.266 26576 27045 W System.err: 	at com.android.okhttp.internal.huc.HttpURLConnectionImpl.getOutputStream(HttpURLConnectionImpl.java:258)
03-06 14:55:58.266 26576 27045 W System.err: 	at com.talkcloud.utils.AsyncHttpURLConnection.sendHttpMessage(AsyncHttpURLConnection.java:105)
03-06 14:55:58.266 26576 27045 W System.err: 	at com.talkcloud.utils.AsyncHttpURLConnection.access$000(AsyncHttpURLConnection.java:26)
03-06 14:55:58.266 26576 27045 W System.err: 	at com.talkcloud.utils.AsyncHttpURLConnection$1.run(AsyncHttpURLConnection.java:63)
03-06 14:55:58.267 26576 27045 W System.err: 	at java.lang.Thread.run(Thread.java:784)
03-06 14:55:58.267 26576 27045 E [tk-sdk]: sendHttpMessage exceptionhttp://global.talk-cloud.net:80/ClientAPI/checkroomCleartext HTTP traffic to global.talk-cloud.net not permitted
03-06 14:55:58.267 26576 27048 W System.err: java.io.IOException: Cleartext HTTP traffic to global.talk-cloud.net not permitted
03-06 14:55:58.267 26576 27048 W System.err: 	at com.android.okhttp.HttpHandler$CleartextURLFilter.checkURLPermitted(HttpHandler.java:115)
03-06 14:55:58.267 26576 27048 W System.err: 	at com.android.okhttp.internal.huc.HttpURLConnectionImpl.execute(HttpURLConnectionImpl.java:458)
03-06 14:55:58.267 26576 27048 W System.err: 	at com.android.okhttp.internal.huc.HttpURLConnectionImpl.connect(HttpURLConnectionImpl.java:127)
03-06 14:55:58.267 26576 27048 W System.err: 	at com.android.okhttp.internal.huc.HttpURLConnectionImpl.getOutputStream(HttpURLConnectionImpl.java:258)
03-06 14:55:58.267 26576 27048 W System.err: 	at com.talkcloud.utils.AsyncHttpURLConnection.sendHttpMessage(AsyncHttpURLConnection.java:105)
03-06 14:55:58.267 26576 27048 W System.err: 	at com.talkcloud.utils.AsyncHttpURLConnection.access$000(AsyncHttpURLConnection.java:26)
03-06 14:55:58.267 26576 27048 W System.err: 	at com.talkcloud.utils.AsyncHttpURLConnection$1.run(AsyncHttpURLConnection.java:63)
03-06 14:55:58.267 26576 27048 W System.err: 	at java.lang.Thread.run(Thread.java:784)
03-06 14:55:58.267   740 26828 I GRALLOC : LockFlexLayout: baseFormat: 11, yStride: 1920, ySize: 2073600, uOffset: 2073600,  uStride: 1920
03-06 14:55:58.267 26576 27048 E [tk-sdk]: sendHttpMessage exceptionhttp://global.talk-cloud.net:80/ClientAPI/checkroomCleartext HTTP traffic to global.talk-cloud.net not permitted
03-06 14:55:58.268 26576 26576 I [tk-sdk]: step1Checkroom ret=11
03-06 14:55:58.268   740 26828 I GRALLOC : LockFlexLayout: baseFormat: 11, yStride: 1920, ySize: 2073600, uOffset: 2073600,  uStride: 1920
03-06 14:55:58.268   740 26824 E DeviceBaseImpl: [HWA_CAM3]getAfObjectDistance get ANDROID_HW_AF_OBJECT_DISTANCD fail
03-06 14:55:58.268   740 26824 D Misc____: [ff00962_64D] onProcessFrame(666), afDistance(0.000000)
03-06 14:55:58.270   722 26811 I GRALLOC : LockFlexLayout: baseFormat: 11, yStride: 1920, ySize: 2073600, uOffset: 2073600,  uStride: 1920
03-06 14:55:58.270 26576 27049 W System.err: java.io.IOException: Cleartext HTTP traffic to global.talk-cloud.net not permitted
03-06 14:55:58.270 26576 27049 W System.err: 	at com.android.okhttp.HttpHandler$CleartextURLFilter.checkURLPermitted(HttpHandler.java:115)
03-06 14:55:58.270   722 26805 I Camera3-Stream: getBuffer: Stream 0, 0xf3d6c080: Already dequeued max output buffers (7), wait for next returned one.
03-06 14:55:58.270 26576 27049 W System.err: 	at com.android.okhttp.internal.huc.HttpURLConnectionImpl.execute(HttpURLConnectionImpl.java:458)
03-06 14:55:58.270 26576 27049 W System.err: 	at com.android.okhttp.internal.huc.HttpURLConnectionImpl.connect(HttpURLConnectionImpl.java:127)
03-06 14:55:58.270 26576 27049 W System.err: 	at com.android.okhttp.internal.huc.HttpURLConnectionImpl.getOutputStream(HttpURLConnectionImpl.java:258)
03-06 14:55:58.270 26576 27049 W System.err: 	at com.talkcloud.utils.AsyncHttpURLConnection.sendHttpMessage(AsyncHttpURLConnection.java:105)
03-06 14:55:58.270 26576 27049 W System.err: 	at com.talkcloud.utils.AsyncHttpURLConnection.access$000(AsyncHttpURLConnection.java:26)
03-06 14:55:58.270 26576 27049 W System.err: 	at com.talkcloud.utils.AsyncHttpURLConnection$1.run(AsyncHttpURLConnection.java:63)
03-06 14:55:58.270 26576 27049 W System.err: 	at java.lang.Thread.run(Thread.java:784)
03-06 14:55:58.271 26576 27049 E [tk-sdk]: sendHttpMessage exceptionhttp://global.talk-cloud.net:80/ClientAPI/checkroomCleartext HTTP traffic to global.talk-cloud.net not permitted
03-06 14:55:58.307   740  1158 D EnvImpl : [HWA_CAM3]getPackageName :  io.framework7.classroom
03-06 14:55:58.307   740  1158 I HwaUtils: [ff00962_64I] getProductExtendName() path=MHA
03-06 14:55:58.307   740 26838 E IppAlgoSmartAE: [ff00962_64E] doSmartAEAlgo() failed to getSceneMode
03-06 14:55:58.307   740  1158 I HwaUtils: [ff00962_64I] getOneCfgFile() path=NULL
03-06 14:55:58.307   740  1158 I HwaDMapIpp: [ff00962_64I] checkNeedSwapCalibrationData() ConfigFile NULL
03-06 14:55:58.307   740  1158 D Misc____: [ff00962_64D] enter loadRequest
03-06 14:55:58.307   740  1158 D EnvImpl : [HWA_CAM3]getPackageName :  io.framework7.classroom
03-06 14:55:58.307   740  1158 D IppAlgoFilter: [HWA_CAM3]loadPreviewRequest() REQUEST_DMAP_SWAP, status:0
03-06 14:55:58.307   740 26838 D contrastCal: ae_gain:256, ae_iso:50, frame_rate:20, frameWidth:1280, frameHeight:720
03-06 14:55:58.307   740 26838 I contrastCal: [smartAf]contrast_cal_process: giNumFlagDoAF = 212, focus_stage = 0
03-06 14:55:58.307   740  1158 D EnvImpl : [HWA_CAM3]getPackageName :  io.framework7.classroom
03-06 14:55:58.307   740  1158 I chatty  : uid=1013(media) pl#2 identical 1 line
03-06 14:55:58.307   740  1158 D EnvImpl : [HWA_CAM3]getPackageName :  io.framework7.classroom
03-06 14:55:58.308   740 26826 I YuvCalculate: mono_mode: 0, ae_stable: [1, 0], colorDis: 0, buf_cnt:1
03-06 14:55:58.309   740 26824 E DeviceBaseImpl: [HWA_CAM3]getAfObjectDistance get ANDROID_HW_AF_OBJECT_DISTANCD fail
03-06 14:55:58.309   740 26824 D Misc____: [ff00962_64D] onProcessFrame(666), afDistance(0.000000)
03-06 14:55:58.312   740 26826 I AntiBanding: onSubAlgoProcess() mAlgoCtx.continue_detect_cnt :1, mAlgoCtx.succ_detect_cnt : 0, mAlgoCtx.motion_flag = 0, detect_result:0, frequency_detected = 7,cur_expo = 1407
03-06 14:55:58.316   740 26828 I GRALLOC : LockFlexLayout: baseFormat: 11, yStride: 1920, ySize: 2073600, uOffset: 2073600,  uStride: 1920
03-06 14:55:58.318   740 26828 I GRALLOC : LockFlexLayout: baseFormat: 11, yStride: 1920, ySize: 2073600, uOffset: 2073600,  uStride: 1920
03-06 14:55:58.319   722 26805 I Camera3-Stream: getBuffer: Stream 2, 0xf392bf00: Already dequeued max output buffers (7), wait for next returned one.
03-06 14:55:58.320   722 26811 I GRALLOC : LockFlexLayout: baseFormat: 11, yStride: 1920, ySize: 2073600, uOffset: 2073600,  uStride: 1920
03-06 14:55:58.357   740  1158 D EnvImpl : [HWA_CAM3]getPackageName :  io.framework7.classroom
03-06 14:55:58.357   740  1158 I HwaUtils: [ff00962_64I] getProductExtendName() path=MHA
03-06 14:55:58.357   740  1158 I HwaUtils: [ff00962_64I] getOneCfgFile() path=NULL
03-06 14:55:58.357   740  1158 I HwaDMapIpp: [ff00962_64I] checkNeedSwapCalibrationData() ConfigFile NULL
03-06 14:55:58.357   740  1158 D Misc____: [ff00962_64D] enter loadRequest
03-06 14:55:58.357   740  1158 D EnvImpl : [HWA_CAM3]getPackageName :  io.framework7.classroom
03-06 14:55:58.357   740  1158 D IppAlgoFilter: [HWA_CAM3]loadPreviewRequest() REQUEST_DMAP_SWAP, status:0
03-06 14:55:58.357   740  1158 D EnvImpl : [HWA_CAM3]getPackageName :  io.framework7.classroom
03-06 14:55:58.357   740  1158 I chatty  : uid=1013(media) pl#2 identical 1 line
03-06 14:55:58.357   740  1158 D EnvImpl : [HWA_CAM3]getPackageName :  io.framework7.classroom
03-06 14:55:58.360   740 26838 E IppAlgoSmartAE: [ff00962_64E] doSmartAEAlgo() failed to getSceneMode
03-06 14:55:58.360   740 26838 D contrastCal: ae_gain:256, ae_iso:50, frame_rate:20, frameWidth:1280, frameHeight:720
03-06 14:55:58.361   740 26838 I contrastCal: [smartAf]contrast_cal_process: giNumFlagDoAF = 213, focus_stage = 0
03-06 14:55:58.361   740 26826 I YuvCalculate: mono_mode: 0, ae_stable: [1, 0], colorDis: 0, buf_cnt:1
03-06 14:55:58.363   740 26824 E DeviceBaseImpl: [HWA_CAM3]getAfObjectDistance get ANDROID_HW_AF_OBJECT_DISTANCD fail
03-06 14:55:58.364   740 26824 D Misc____: [ff00962_64D] onProcessFrame(666), afDistance(0.000000)
03-06 14:55:58.367   740 26828 I GRALLOC : LockFlexLayout: baseFormat: 11, yStride: 1920, ySize: 2073600, uOffset: 2073600,  uStride: 1920
03-06 14:55:58.368   740 26828 I GRALLOC : LockFlexLayout: baseFormat: 11, yStride: 1920, ySize: 2073600, uOffset: 2073600,  uStride: 1920
03-06 14:55:58.370   722 26811 I GRALLOC : LockFlexLayout: baseFormat: 11, yStride: 1920, ySize: 2073600, uOffset: 2073600,  uStride: 1920
03-06 14:55:58.376  1317  1317 I MQoS    : onSignal: mSubId=0,currDataSubID=0
03-06 14:55:58.378   722 26805 I Camera3-Stream: getBuffer: Stream 0, 0xf3d6c080: Already dequeued max output buffers (7), wait for next returned one.
03-06 14:55:58.380  1714 24183 D TelephonyManager: getCellLocation calling app is com.huawei.lbs
03-06 14:55:58.383  1815  2253 W PhoneInterfaceManager: shouldBlockLocation running ...
03-06 14:55:58.383  1815  2253 I PhoneInterfaceManager: shouldBlockLocation  ret:false
03-06 14:55:58.383  1317  1317 I MQoS    : received cell-signal:5
03-06 14:55:58.394  1714 24183 D TelephonyManager: getAllCellInfo calling app is com.huawei.lbs
03-06 14:55:58.398  1619  1758 I HwMobileSignalController(0): subId:0 phoneType:1 networktype:13 targetClass:3 masterLevel:4 slaveLevel:-1
03-06 14:55:58.398  1815  2253 W PhoneInterfaceManager: shouldBlockLocation running ...
03-06 14:55:58.398  1815  2253 I PhoneInterfaceManager: shouldBlockLocation  ret:false
03-06 14:55:58.401  1317 14165 E RMS.HwSysResManagerService: Process Permission error! pid:1815 uid:1001 Process.myPid:1317
03-06 14:55:58.401  1317 14165 D HwMSDPDeviceStatus: getCurrentDeviceStatus
03-06 14:55:58.402  1728  1728 D DaemonMessageAdapter: onMobileSignalStrengthChanged, subId: 0, signalStrength: SignalStrength: 0 1458560376 0 0 32767 -1 32767 -1 -98 -3 26 -1 0 2147483647 0 120 2147483647 255 gsm|lte use_rsrp_and_rssnr_for_lte_level rscp [-128, -118, -108, -98] [-115, -105, -95, -85] 0 0 0 0 0 0
03-06 14:55:58.402  1781  2665 D ARMoudle.HwActivityRecognition: getCurrentActivityExtend
03-06 14:55:58.402   596  2198 I ArHal   : (ar_data_get_state:1235):id[2]
03-06 14:55:58.403  1728  1728 D DaemonMessageAdapter: SignalStrength update result, ss: SignalStrengthInfo: 241574675 mGsmSignalStrength: 0 mWcdmaRscp: 2147483647 mWcdmaEcio: 255 mLteRsrp: -98 mLteRsrq: -3 mCdmaDbm: 0 mCdmaEcio: 0 mEvdoDbm: 32767 mEvdoEcio: -1 mLteRssnr: 26
03-06 14:55:58.407   740  1158 D EnvImpl : [HWA_CAM3]getPackageName :  io.framework7.classroom
03-06 14:55:58.407   740  1158 I HwaUtils: [ff00962_64I] getProductExtendName() path=MHA
03-06 14:55:58.407   740  1158 I HwaUtils: [ff00962_64I] getOneCfgFile() path=NULL
03-06 14:55:58.407   740  1158 I HwaDMapIpp: [ff00962_64I] checkNeedSwapCalibrationData() ConfigFile NULL
03-06 14:55:58.407   740  1158 D Misc____: [ff00962_64D] enter loadRequest
03-06 14:55:58.407   740  1158 D EnvImpl : [HWA_CAM3]getPackageName :  io.framework7.classroom
03-06 14:55:58.407   740  1158 D IppAlgoFilter: [HWA_CAM3]loadPreviewRequest() REQUEST_DMAP_SWAP, status:0
03-06 14:55:58.407   740  1158 D EnvImpl : [HWA_CAM3]getPackageName :  io.framework7.classroom
03-06 14:55:58.407   740  1158 I chatty  : uid=1013(media) pl#2 identical 1 line
03-06 14:55:58.407   740  1158 D EnvImpl : [HWA_CAM3]getPackageName :  io.framework7.classroom
03-06 14:55:58.410   740 26838 E IppAlgoSmartAE: [ff00962_64E] doSmartAEAlgo() failed to getSceneMode
03-06 14:55:58.410   740 26838 D contrastCal: ae_gain:256, ae_iso:50, frame_rate:20, frameWidth:1280, frameHeight:720
03-06 14:55:58.410   740 26838 I contrastCal: [smartAf]contrast_cal_process: giNumFlagDoAF = 214, focus_stage = 0
03-06 14:55:58.411   740 26828 I GRALLOC : LockFlexLayout: baseFormat: 11, yStride: 1920, ySize: 2073600, uOffset: 2073600,  uStride: 1920
03-06 14:55:58.412   740 26826 I YuvCalculate: mono_mode: 0, ae_stable: [1, 0], colorDis: 0, buf_cnt:1
03-06 14:55:58.412   740 26828 I GRALLOC : LockFlexLayout: baseFormat: 11, yStride: 1920, ySize: 2073600, uOffset: 2073600,  uStride: 1920
03-06 14:55:58.413   740 26824 E DeviceBaseImpl: [HWA_CAM3]getAfObjectDistance get ANDROID_HW_AF_OBJECT_DISTANCD fail
03-06 14:55:58.413   740 26824 D Misc____: [ff00962_64D] onProcessFrame(666), afDistance(0.000000)
03-06 14:55:58.416  1781  2665 D ARMoudle.HwActivityRecognition: hwActivityEvent:[ ActivityChangedExtendEvent:
03-06 14:55:58.416  1781  2665 D ARMoudle.HwActivityRecognition:     Activity='android.activity_recognition.still', EventType=1, TimestampNs=93678292169549, Confidence=-1
03-06 14:55:58.416  1781  2665 D ARMoudle.HwActivityRecognition: ]
03-06 14:55:58.417   722 26811 I GRALLOC : LockFlexLayout: baseFormat: 11, yStride: 1920, ySize: 2073600, uOffset: 2073600,  uStride: 1920
03-06 14:55:58.419   722 26805 I Camera3-Stream: getBuffer: Stream 0, 0xf3d6c080: Already dequeued max output buffers (7), wait for next returned one.
03-06 14:55:58.439  1714 24183 D TelephonyManager: getNeighboringCellInfo calling app is com.huawei.lbs
03-06 14:55:58.442  1815  2253 W PhoneInterfaceManager: shouldBlockLocation running ...
03-06 14:55:58.443  1815  2253 I PhoneInterfaceManager: shouldBlockLocation  ret:false
03-06 14:55:58.457   740  1158 D EnvImpl : [HWA_CAM3]getPackageName :  io.framework7.classroom
03-06 14:55:58.457   740  1158 I HwaUtils: [ff00962_64I] getProductExtendName() path=MHA
03-06 14:55:58.457   740  1158 I HwaUtils: [ff00962_64I] getOneCfgFile() path=NULL
03-06 14:55:58.457   740  1158 I HwaDMapIpp: [ff00962_64I] checkNeedSwapCalibrationData() ConfigFile NULL
03-06 14:55:58.457   740  1158 D Misc____: [ff00962_64D] enter loadRequest
03-06 14:55:58.457   740  1158 D EnvImpl : [HWA_CAM3]getPackageName :  io.framework7.classroom
03-06 14:55:58.457   740  1158 D IppAlgoFilter: [HWA_CAM3]loadPreviewRequest() REQUEST_DMAP_SWAP, status:0
03-06 14:55:58.457   740  1158 D EnvImpl : [HWA_CAM3]getPackageName :  io.framework7.classroom
03-06 14:55:58.457   740  1158 I chatty  : uid=1013(media) pl#2 identical 1 line
03-06 14:55:58.457   740  1158 D EnvImpl : [HWA_CAM3]getPackageName :  io.framework7.classroom
03-06 14:55:58.457   740 26838 E IppAlgoSmartAE: [ff00962_64E] doSmartAEAlgo() failed to getSceneMode
03-06 14:55:58.457   740 26838 D contrastCal: ae_gain:256, ae_iso:50, frame_rate:20, frameWidth:1280, frameHeight:720
03-06 14:55:58.457   740 26838 I contrastCal: [smartAf]contrast_cal_process: giNumFlagDoAF = 215, focus_stage = 0
03-06 14:55:58.458   740 26826 I YuvCalculate: mono_mode: 0, ae_stable: [1, 0], colorDis: 0, buf_cnt:1
03-06 14:55:58.458   740 26824 E DeviceBaseImpl: [HWA_CAM3]getAfObjectDistance get ANDROID_HW_AF_OBJECT_DISTANCD fail
03-06 14:55:58.458   740 26824 D Misc____: [ff00962_64D] onProcessFrame(666), afDistance(0.000000)
03-06 14:55:58.466   740 26828 I GRALLOC : LockFlexLayout: baseFormat: 11, yStride: 1920, ySize: 2073600, uOffset: 2073600,  uStride: 1920
03-06 14:55:58.467   740 26828 I GRALLOC : LockFlexLayout: baseFormat: 11, yStride: 1920, ySize: 2073600, uOffset: 2073600,  uStride: 1920
03-06 14:55:58.467   722 26805 I Camera3-Stream: getBuffer: Stream 2, 0xf392bf00: Already dequeued max output buffers (7), wait for next returned one.
03-06 14:55:58.468   722 26811 I GRALLOC : LockFlexLayout: baseFormat: 11, yStride: 1920, ySize: 2073600, uOffset: 2073600,  uStride: 1920
03-06 14:55:58.476  1619  1866 I EventCenter: ContentChange for slot: 1
03-06 14:55:58.478  1619  1619 I HwBrightnessUtils: APS brightness=60.0,ConvertToPercentage=0.43457377
03-06 14:55:58.481  1619  1866 I EventCenter: ContentChange for slot: 1
03-06 14:55:58.502  1619  1980 D NetworkController.MobileSignalController(0): mSimSubId:0 onDataActivity: direction=0
03-06 14:55:58.507   740  1158 D EnvImpl : [HWA_CAM3]getPackageName :  io.framework7.classroom
03-06 14:55:58.507   740  1158 I HwaUtils: [ff00962_64I] getProductExtendName() path=MHA
03-06 14:55:58.507   740  1158 I HwaUtils: [ff00962_64I] getOneCfgFile() path=NULL
03-06 14:55:58.507   740  1158 I HwaDMapIpp: [ff00962_64I] checkNeedSwapCalibrationData() ConfigFile NULL
03-06 14:55:58.508   740  1158 D Misc____: [ff00962_64D] enter loadRequest
03-06 14:55:58.508   740  1158 D EnvImpl : [HWA_CAM3]getPackageName :  io.framework7.classroom
03-06 14:55:58.508   740  1158 D IppAlgoFilter: [HWA_CAM3]loadPreviewRequest() REQUEST_DMAP_SWAP, status:0
03-06 14:55:58.508   740  1158 D EnvImpl : [HWA_CAM3]getPackageName :  io.framework7.classroom
03-06 14:55:58.508   740  1158 I chatty  : uid=1013(media) pl#2 identical 1 line
03-06 14:55:58.508   740  1158 D EnvImpl : [HWA_CAM3]getPackageName :  io.framework7.classroom
03-06 14:55:58.508   740 26838 E IppAlgoSmartAE: [ff00962_64E] doSmartAEAlgo() failed to getSceneMode
03-06 14:55:58.508   740 26838 D contrastCal: ae_gain:256, ae_iso:50, frame_rate:20, frameWidth:1280, frameHeight:720
03-06 14:55:58.508   740 26838 I contrastCal: [smartAf]contrast_cal_process: giNumFlagDoAF = 216, focus_stage = 0
03-06 14:55:58.509   740 26826 I YuvCalculate: mono_mode: 0, ae_stable: [1, 0], colorDis: 0, buf_cnt:1
03-06 14:55:58.510   740 26824 E DeviceBaseImpl: [HWA_CAM3]getAfObjectDistance get ANDROID_HW_AF_OBJECT_DISTANCD fail
03-06 14:55:58.510   740 26824 D Misc____: [ff00962_64D] onProcessFrame(666), afDistance(0.000000)
03-06 14:55:58.513  1619  1619 D HwCustMobileSignalControllerImpl: updateDataType, mDataNetType: 13, isCAstate: false
03-06 14:55:58.513  1619  1619 D NetWorkUtils: is3GCalling is false,mCdmaSlot is -1
03-06 14:55:58.513  1619  1619 D NetWorkUtils: mVSimCurCardType is -1
03-06 14:55:58.514  1619  1619 D NetWorkUtils: is3GCalling is false,mCdmaSlot is -1
03-06 14:55:58.514  1619  1619 D NetWorkUtils: mVSimCurCardType is -1
03-06 14:55:58.514  1619  1619 D NetWorkUtils: is3GCalling is false,mCdmaSlot is -1
03-06 14:55:58.514  1619  1619 D NetWorkUtils: mVSimCurCardType is -1
03-06 14:55:58.518   740 26828 I GRALLOC : LockFlexLayout: baseFormat: 11, yStride: 1920, ySize: 2073600, uOffset: 2073600,  uStride: 1920
03-06 14:55:58.519   740 26828 I GRALLOC : LockFlexLayout: baseFormat: 11, yStride: 1920, ySize: 2073600, uOffset: 2073600,  uStride: 1920
03-06 14:55:58.519   722 26805 I Camera3-Stream: getBuffer: Stream 2, 0xf392bf00: Already dequeued max output buffers (7), wait for next returned one.
03-06 14:55:58.521   722 26811 I GRALLOC : LockFlexLayout: baseFormat: 11, yStride: 1920, ySize: 2073600, uOffset: 2073600,  uStride: 1920
03-06 14:55:58.557   740 26838 E IppAlgoSmartAE: [ff00962_64E] doSmartAEAlgo() failed to getSceneMode
03-06 14:55:58.557   740  1158 D EnvImpl : [HWA_CAM3]getPackageName :  io.framework7.classroom
03-06 14:55:58.557   740  1158 I HwaUtils: [ff00962_64I] getProductExtendName() path=MHA
03-06 14:55:58.557   740  1158 I HwaUtils: [ff00962_64I] getOneCfgFile() path=NULL
03-06 14:55:58.557   740  1158 I HwaDMapIpp: [ff00962_64I] checkNeedSwapCalibrationData() ConfigFile NULL
03-06 14:55:58.557   740 26838 D contrastCal: ae_gain:256, ae_iso:50, frame_rate:20, frameWidth:1280, frameHeight:720
03-06 14:55:58.557   740 26838 I contrastCal: [smartAf]contrast_cal_process: giNumFlagDoAF = 217, focus_stage = 0
03-06 14:55:58.557   740  1158 D Misc____: [ff00962_64D] enter loadRequest
03-06 14:55:58.557   740  1158 D EnvImpl : [HWA_CAM3]getPackageName :  io.framework7.classroom
03-06 14:55:58.557   740  1158 D IppAlgoFilter: [HWA_CAM3]loadPreviewRequest() REQUEST_DMAP_SWAP, status:0
03-06 14:55:58.557   740  1158 D EnvImpl : [HWA_CAM3]getPackageName :  io.framework7.classroom
03-06 14:55:58.557   740  1158 I chatty  : uid=1013(media) pl#2 identical 1 line
03-06 14:55:58.557   740  1158 D EnvImpl : [HWA_CAM3]getPackageName :  io.framework7.classroom
03-06 14:55:58.557   740 26826 I YuvCalculate: mono_mode: 0, ae_stable: [1, 0], colorDis: 0, buf_cnt:1
03-06 14:55:58.559   740 26824 E DeviceBaseImpl: [HWA_CAM3]getAfObjectDistance get ANDROID_HW_AF_OBJECT_DISTANCD fail
03-06 14:55:58.559   740 26824 D Misc____: [ff00962_64D] onProcessFrame(666), afDistance(0.000000)
03-06 14:55:58.566   740 26828 I GRALLOC : LockFlexLayout: baseFormat: 11, yStride: 1920, ySize: 2073600, uOffset: 2073600,  uStride: 1920
03-06 14:55:58.567   740 26828 I GRALLOC : LockFlexLayout: baseFormat: 11, yStride: 1920, ySize: 2073600, uOffset: 2073600,  uStride: 1920
03-06 14:55:58.568   722 26805 I Camera3-Stream: getBuffer: Stream 2, 0xf392bf00: Already dequeued max output buffers (7), wait for next returned one.
03-06 14:55:58.568   722 26811 I GRALLOC : LockFlexLayout: baseFormat: 11, yStride: 1920, ySize: 2073600, uOffset: 2073600,  uStride: 1920
03-06 14:55:58.607   740  1158 D EnvImpl : [HWA_CAM3]getPackageName :  io.framework7.classroom
03-06 14:55:58.607   740 26838 E IppAlgoSmartAE: [ff00962_64E] doSmartAEAlgo() failed to getSceneMode
03-06 14:55:58.607   740  1158 I HwaUtils: [ff00962_64I] getProductExtendName() path=MHA
03-06 14:55:58.607   740  1158 I HwaUtils: [ff00962_64I] getOneCfgFile() path=NULL
03-06 14:55:58.607   740  1158 I HwaDMapIpp: [ff00962_64I] checkNeedSwapCalibrationData() ConfigFile NULL
03-06 14:55:58.607   740 26838 D contrastCal: ae_gain:256, ae_iso:50, frame_rate:20, frameWidth:1280, frameHeight:720
03-06 14:55:58.607   740 26838 I contrastCal: [smartAf]contrast_cal_process: giNumFlagDoAF = 218, focus_stage = 4
03-06 14:55:58.607   740 26838 E contrastCal: [smartAf]AFGetAdjustFactor: adjust_factor 65187
03-06 14:55:58.607   740  1158 D Misc____: [ff00962_64D] enter loadRequest
03-06 14:55:58.607   740  1158 D EnvImpl : [HWA_CAM3]getPackageName :  io.framework7.classroom
03-06 14:55:58.607   740  1158 D IppAlgoFilter: [HWA_CAM3]loadPreviewRequest() REQUEST_DMAP_SWAP, status:0
03-06 14:55:58.607   740  1158 D EnvImpl : [HWA_CAM3]getPackageName :  io.framework7.classroom
03-06 14:55:58.607   740  1158 I chatty  : uid=1013(media) pl#2 identical 1 line
03-06 14:55:58.607   740  1158 D EnvImpl : [HWA_CAM3]getPackageName :  io.framework7.classroom
03-06 14:55:58.607   740 26838 I contrastCal: FocusRect =(w141, h141)
03-06 14:55:58.607   740 26838 I contrastCal: rect[top:290, left:570, width:141, height:141]
03-06 14:55:58.608   740 26838 I contrastCal: full win contrast:3011
03-06 14:55:58.608   740 26838 E contrastCal: [smartAf]AFGetAdjustFactor: adjust_factor 65187
03-06 14:55:58.608   740 26838 E contrastCal: [smartAf]AFGetAdjustFactor: adjust_factor 65187
03-06 14:55:58.609   740 26838 I contrastCal: debug_af, point_light_flag:0, curr[code:328, fv:3011, light num:0]
03-06 14:55:58.612   740 26828 I GRALLOC : LockFlexLayout: baseFormat: 11, yStride: 1920, ySize: 2073600, uOffset: 2073600,  uStride: 1920
03-06 14:55:58.612   740 26824 E DeviceBaseImpl: [HWA_CAM3]getAfObjectDistance get ANDROID_HW_AF_OBJECT_DISTANCD fail
03-06 14:55:58.612   740 26824 D Misc____: [ff00962_64D] onProcessFrame(666), afDistance(0.000000)
03-06 14:55:58.612   740 26828 I GRALLOC : LockFlexLayout: baseFormat: 11, yStride: 1920, ySize: 2073600, uOffset: 2073600,  uStride: 1920
03-06 14:55:58.613   740 26826 I YuvCalculate: mono_mode: 0, ae_stable: [1, 0], colorDis: 0, buf_cnt:1
03-06 14:55:58.615   722 26811 I GRALLOC : LockFlexLayout: baseFormat: 11, yStride: 1920, ySize: 2073600, uOffset: 2073600,  uStride: 1920
03-06 14:55:58.618   722 26805 I Camera3-Stream: getBuffer: Stream 0, 0xf3d6c080: Already dequeued max output buffers (7), wait for next returned one.
03-06 14:55:58.646   738   738 E Thermal-daemon: [charger_ic] temp_new :40  temp_old :39
03-06 14:55:58.646   738   738 E Thermal-daemon: Report temperature: [charger_ic] temp :40  report_threshold:1
03-06 14:55:58.647  1800  2826 D HwThermalStateManager: Thermal type: 2 cur_temperature:40
03-06 14:55:58.657   740 26838 E IppAlgoSmartAE: [ff00962_64E] doSmartAEAlgo() failed to getSceneMode
03-06 14:55:58.657   740 26838 D contrastCal: ae_gain:256, ae_iso:50, frame_rate:20, frameWidth:1280, frameHeight:720
03-06 14:55:58.658   740 26838 I contrastCal: [smartAf]contrast_cal_process: giNumFlagDoAF = 219, focus_stage = 4
03-06 14:55:58.658   740 26838 I contrastCal: FocusRect =(w141, h141)
03-06 14:55:58.658   740 26838 I contrastCal: rect[top:290, left:570, width:141, height:141]
03-06 14:55:58.658   740 26824 E DeviceBaseImpl: [HWA_CAM3]getAfObjectDistance get ANDROID_HW_AF_OBJECT_DISTANCD fail
03-06 14:55:58.658   740 26824 D Misc____: [ff00962_64D] onProcessFrame(666), afDistance(0.000000)
03-06 14:55:58.659   740 26838 I contrastCal: full win contrast:3014
03-06 14:55:58.660   740  1158 D EnvImpl : [HWA_CAM3]getPackageName :  io.framework7.classroom
03-06 14:55:58.660   740  1158 I HwaUtils: [ff00962_64I] getProductExtendName() path=MHA
03-06 14:55:58.660   740  1158 I HwaUtils: [ff00962_64I] getOneCfgFile() path=NULL
03-06 14:55:58.660   740  1158 I HwaDMapIpp: [ff00962_64I] checkNeedSwapCalibrationData() ConfigFile NULL
03-06 14:55:58.660   740  1158 D Misc____: [ff00962_64D] enter loadRequest
03-06 14:55:58.660   740  1158 D EnvImpl : [HWA_CAM3]getPackageName :  io.framework7.classroom
03-06 14:55:58.660   740  1158 D IppAlgoFilter: [HWA_CAM3]loadPreviewRequest() REQUEST_DMAP_SWAP, status:0
03-06 14:55:58.660   740  1158 D EnvImpl : [HWA_CAM3]getPackageName :  io.framework7.classroom
03-06 14:55:58.660   740  1158 I chatty  : uid=1013(media) pl#2 identical 1 line
03-06 14:55:58.660   740  1158 D EnvImpl : [HWA_CAM3]getPackageName :  io.framework7.classroom
03-06 14:55:58.660   740 26838 I contrastCal: debug_af, point_light_flag:0, curr[code:328, fv:3014, light num:0]
03-06 14:55:58.660   740 26826 I YuvCalculate: mono_mode: 0, ae_stable: [1, 0], colorDis: 0, buf_cnt:1
03-06 14:55:58.665   740 26826 I AntiBanding: onSubAlgoProcess() mAlgoCtx.continue_detect_cnt :1, mAlgoCtx.succ_detect_cnt : 0, mAlgoCtx.motion_flag = 0, detect_result:0, frequency_detected = 7,cur_expo = 1407
03-06 14:55:58.667   740 26828 I GRALLOC : LockFlexLayout: baseFormat: 11, yStride: 1920, ySize: 2073600, uOffset: 2073600,  uStride: 1920
03-06 14:55:58.668   740 26828 I GRALLOC : LockFlexLayout: baseFormat: 11, yStride: 1920, ySize: 2073600, uOffset: 2073600,  uStride: 1920
03-06 14:55:58.669   722 26805 I Camera3-Stream: getBuffer: Stream 2, 0xf392bf00: Already dequeued max output buffers (7), wait for next returned one.
03-06 14:55:58.670   722 26811 I GRALLOC : LockFlexLayout: baseFormat: 11, yStride: 1920, ySize: 2073600, uOffset: 2073600,  uStride: 1920
03-06 14:55:58.707   740 26838 E IppAlgoSmartAE: [ff00962_64E] doSmartAEAlgo() failed to getSceneMode
03-06 14:55:58.708   740 26838 D contrastCal: ae_gain:256, ae_iso:50, frame_rate:20, frameWidth:1280, frameHeight:720
03-06 14:55:58.708   740 26838 I contrastCal: [smartAf]contrast_cal_process: giNumFlagDoAF = 220, focus_stage = 4
03-06 14:55:58.708   740 26838 I contrastCal: FocusRect =(w141, h141)
03-06 14:55:58.708   740 26838 I contrastCal: rect[top:290, left:570, width:141, height:141]
03-06 14:55:58.709   740 26838 I contrastCal: full win contrast:2856
03-06 14:55:58.709   740 26824 E DeviceBaseImpl: [HWA_CAM3]getAfObjectDistance get ANDROID_HW_AF_OBJECT_DISTANCD fail
03-06 14:55:58.709   740 26824 D Misc____: [ff00962_64D] onProcessFrame(666), afDistance(0.000000)
03-06 14:55:58.713   740  1158 D EnvImpl : [HWA_CAM3]getPackageName :  io.framework7.classroom
03-06 14:55:58.714   740  1158 I HwaUtils: [ff00962_64I] getProductExtendName() path=MHA
03-06 14:55:58.714   740  1158 I HwaUtils: [ff00962_64I] getOneCfgFile() path=NULL
03-06 14:55:58.714   740  1158 I HwaDMapIpp: [ff00962_64I] checkNeedSwapCalibrationData() ConfigFile NULL
03-06 14:55:58.714   740  1158 D Misc____: [ff00962_64D] enter loadRequest
03-06 14:55:58.714   740  1158 D EnvImpl : [HWA_CAM3]getPackageName :  io.framework7.classroom
03-06 14:55:58.714   740  1158 D IppAlgoFilter: [HWA_CAM3]loadPreviewRequest() REQUEST_DMAP_SWAP, status:0
03-06 14:55:58.714   740  1158 D EnvImpl : [HWA_CAM3]getPackageName :  io.framework7.classroom
03-06 14:55:58.714   740  1158 I chatty  : uid=1013(media) pl#2 identical 1 line
03-06 14:55:58.714   740  1158 D EnvImpl : [HWA_CAM3]getPackageName :  io.framework7.classroom
03-06 14:55:58.714   740 26828 I GRALLOC : LockFlexLayout: baseFormat: 11, yStride: 1920, ySize: 2073600, uOffset: 2073600,  uStride: 1920
03-06 14:55:58.717   740 26838 I contrastCal: debug_af, point_light_flag:0, curr[code:384, fv:2856, light num:0]
03-06 14:55:58.717   740 26828 I GRALLOC : LockFlexLayout: baseFormat: 11, yStride: 1920, ySize: 2073600, uOffset: 2073600,  uStride: 1920
03-06 14:55:58.717  1619  1866 I EventCenter: ContentChange for slot: 1
03-06 14:55:58.718  1619  1619 I HwBrightnessUtils: APS brightness=59.0,ConvertToPercentage=0.43024525
03-06 14:55:58.718   740 26826 I YuvCalculate: mono_mode: 0, ae_stable: [1, 0], colorDis: 0, buf_cnt:1
03-06 14:55:58.720  1619  1866 I EventCenter: ContentChange for slot: 1
03-06 14:55:58.721   722 26811 I GRALLOC : LockFlexLayout: baseFormat: 11, yStride: 1920, ySize: 2073600, uOffset: 2073600,  uStride: 1920
03-06 14:55:58.722   722 26805 I Camera3-Stream: getBuffer: Stream 0, 0xf3d6c080: Already dequeued max output buffers (7), wait for next returned one.
03-06 14:55:58.725   740 26826 I AntiBanding: onSubAlgoProcess() mAlgoCtx.continue_detect_cnt :1, mAlgoCtx.succ_detect_cnt : 0, mAlgoCtx.motion_flag = 0, detect_result:0, frequency_detected = 7,cur_expo = 1407
03-06 14:55:58.757   740 26838 E IppAlgoSmartAE: [ff00962_64E] doSmartAEAlgo() failed to getSceneMode
03-06 14:55:58.757   740  1158 D EnvImpl : [HWA_CAM3]getPackageName :  io.framework7.classroom
03-06 14:55:58.757   740 26838 D contrastCal: ae_gain:256, ae_iso:50, frame_rate:20, frameWidth:1280, frameHeight:720
03-06 14:55:58.757   740 26838 I contrastCal: [smartAf]contrast_cal_process: giNumFlagDoAF = 221, focus_stage = 4
03-06 14:55:58.757   740  1158 I HwaUtils: [ff00962_64I] getProductExtendName() path=MHA
03-06 14:55:58.757   740  1158 I HwaUtils: [ff00962_64I] getOneCfgFile() path=NULL
03-06 14:55:58.757   740  1158 I HwaDMapIpp: [ff00962_64I] checkNeedSwapCalibrationData() ConfigFile NULL
03-06 14:55:58.757   740  1158 D Misc____: [ff00962_64D] enter loadRequest
03-06 14:55:58.757   740  1158 D EnvImpl : [HWA_CAM3]getPackageName :  io.framework7.classroom
03-06 14:55:58.757   740  1158 D IppAlgoFilter: [HWA_CAM3]loadPreviewRequest() REQUEST_DMAP_SWAP, status:0
03-06 14:55:58.758   740  1158 D EnvImpl : [HWA_CAM3]getPackageName :  io.framework7.classroom
03-06 14:55:58.758   740  1158 I chatty  : uid=1013(media) pl#2 identical 1 line
03-06 14:55:58.758   740  1158 D EnvImpl : [HWA_CAM3]getPackageName :  io.framework7.classroom
03-06 14:55:58.758   740 26838 I contrastCal: FocusRect =(w143, h143)
03-06 14:55:58.758   740 26838 I contrastCal: rect[top:289, left:569, width:143, height:143]
03-06 14:55:58.758   740 26838 I contrastCal: full win contrast:2550
03-06 14:55:58.760   740 26824 E DeviceBaseImpl: [HWA_CAM3]getAfObjectDistance get ANDROID_HW_AF_OBJECT_DISTANCD fail
03-06 14:55:58.760   740 26824 D Misc____: [ff00962_64D] onProcessFrame(666), afDistance(0.000000)
03-06 14:55:58.762   740 26838 I contrastCal: debug_af, point_light_flag:0, curr[code:440, fv:2550, light num:0]
03-06 14:55:58.762   740 26826 I YuvCalculate: mono_mode: 0, ae_stable: [1, 0], colorDis: 0, buf_cnt:1
03-06 14:55:58.763   740 26828 I GRALLOC : LockFlexLayout: baseFormat: 11, yStride: 1920, ySize: 2073600, uOffset: 2073600,  uStride: 1920
03-06 14:55:58.764   740 26828 I GRALLOC : LockFlexLayout: baseFormat: 11, yStride: 1920, ySize: 2073600, uOffset: 2073600,  uStride: 1920
03-06 14:55:58.765   722 26805 I Camera3-Stream: getBuffer: Stream 2, 0xf392bf00: Already dequeued max output buffers (7), wait for next returned one.
03-06 14:55:58.768   722 26811 I GRALLOC : LockFlexLayout: baseFormat: 11, yStride: 1920, ySize: 2073600, uOffset: 2073600,  uStride: 1920
03-06 14:55:58.806   740 26838 E IppAlgoSmartAE: [ff00962_64E] doSmartAEAlgo() failed to getSceneMode
03-06 14:55:58.807   740 26838 D contrastCal: ae_gain:256, ae_iso:50, frame_rate:20, frameWidth:1280, frameHeight:720
03-06 14:55:58.807   740 26838 I contrastCal: [smartAf]contrast_cal_process: giNumFlagDoAF = 222, focus_stage = 0
03-06 14:55:58.807   740 26838 I contrastCal: [smartAf]Normal:
03-06 14:55:58.807   740 26838 I contrastCal: [smartAf]array[ 328, 3011]
03-06 14:55:58.807   740 26838 I contrastCal: [smartAf]array[ 328, 3014]
03-06 14:55:58.807   740 26838 I contrastCal: [smartAf]array[ 384, 2856]
