03-06 14:55:59.308   740 26838 E IppAlgoSmartAE: [ff00962_64E] doSmartAEAlgo() failed to getSceneMode
03-06 14:55:59.308   740 26838 D contrastCal: ae_gain:256, ae_iso:50, frame_rate:20, frameWidth:1280, frameHeight:720
03-06 14:55:59.308   740 26838 I contrastCal: [smartAf]contrast_cal_process: giNumFlagDoAF = 10, focus_stage = 0
03-06 14:55:59.309   740 26826 I YuvCalculate: mono_mode: 0, ae_stable: [1, 0], colorDis: 0, buf_cnt:1
03-06 14:55:59.310   740 26824 E DeviceBaseImpl: [HWA_CAM3]getAfObjectDistance get ANDROID_HW_AF_OBJECT_DISTANCD fail
03-06 14:55:59.310   740 26824 D Misc____: [ff00962_64D] onProcessFrame(666), afDistance(0.000000)
03-06 14:55:59.310   740  1158 I HwaUtils: [ff00962_64I] getProductExtendName() path=MHA
03-06 14:55:59.310   740  1158 I HwaUtils: [ff00962_64I] getOneCfgFile() path=NULL
03-06 14:55:59.310   740  1158 I HwaDMapIpp: [ff00962_64I] checkNeedSwapCalibrationData() ConfigFile NULL
03-06 14:55:59.310   740  1158 D Misc____: [ff00962_64D] enter loadRequest
03-06 14:55:59.310   740  1158 D EnvImpl : [HWA_CAM3]getPackageName :  io.framework7.classroom
03-06 14:55:59.310   740  1158 D IppAlgoFilter: [HWA_CAM3]loadPreviewRequest() REQUEST_DMAP_SWAP, status:0
03-06 14:55:59.311   740  1158 D EnvImpl : [HWA_CAM3]getPackageName :  io.framework7.classroom
03-06 14:55:59.311   740  1158 I chatty  : uid=1013(media) pl#2 identical 1 line
03-06 14:55:59.311   740  1158 D EnvImpl : [HWA_CAM3]getPackageName :  io.framework7.classroom
03-06 14:55:59.313   740 26826 I AntiBanding: onSubAlgoProcess() mAlgoCtx.continue_detect_cnt :1, mAlgoCtx.succ_detect_cnt : 0, mAlgoCtx.motion_flag = 0, detect_result:0, frequency_detected = 7,cur_expo = 1407
03-06 14:55:59.317   740 26828 I GRALLOC : LockFlexLayout: baseFormat: 11, yStride: 1920, ySize: 2073600, uOffset: 2073600,  uStride: 1920
03-06 14:55:59.318   740 26828 I GRALLOC : LockFlexLayout: baseFormat: 11, yStride: 1920, ySize: 2073600, uOffset: 2073600,  uStride: 1920
03-06 14:55:59.318   722 26805 I Camera3-Stream: getBuffer: Stream 2, 0xf392bf00: Already dequeued max output buffers (7), wait for next returned one.
03-06 14:55:59.319   722 26811 I GRALLOC : LockFlexLayout: baseFormat: 11, yStride: 1920, ySize: 2073600, uOffset: 2073600,  uStride: 1920
03-06 14:55:59.341  1619  1866 I EventCenter: ContentChange for slot: 1
03-06 14:55:59.342  1619  1619 I HwBrightnessUtils: APS brightness=61.0,ConvertToPercentage=0.43886805
03-06 14:55:59.344  1619  1866 I EventCenter: ContentChange for slot: 1
03-06 14:55:59.357   740  1158 D EnvImpl : [HWA_CAM3]getPackageName :  io.framework7.classroom
03-06 14:55:59.357   740  1158 I HwaUtils: [ff00962_64I] getProductExtendName() path=MHA
03-06 14:55:59.358   740  1158 I HwaUtils: [ff00962_64I] getOneCfgFile() path=NULL
03-06 14:55:59.358   740  1158 I HwaDMapIpp: [ff00962_64I] checkNeedSwapCalibrationData() ConfigFile NULL
03-06 14:55:59.358   740  1158 D Misc____: [ff00962_64D] enter loadRequest
03-06 14:55:59.358   740  1158 D EnvImpl : [HWA_CAM3]getPackageName :  io.framework7.classroom
03-06 14:55:59.358   740  1158 D IppAlgoFilter: [HWA_CAM3]loadPreviewRequest() REQUEST_DMAP_SWAP, status:0
03-06 14:55:59.358   740  1158 D EnvImpl : [HWA_CAM3]getPackageName :  io.framework7.classroom
03-06 14:55:59.358   740  1158 I chatty  : uid=1013(media) pl#2 identical 1 line
03-06 14:55:59.358   740  1158 D EnvImpl : [HWA_CAM3]getPackageName :  io.framework7.classroom
03-06 14:55:59.359   740 26838 E IppAlgoSmartAE: [ff00962_64E] doSmartAEAlgo() failed to getSceneMode
03-06 14:55:59.359   740 26838 D contrastCal: ae_gain:256, ae_iso:50, frame_rate:20, frameWidth:1280, frameHeight:720
03-06 14:55:59.359   740 26838 I contrastCal: [smartAf]contrast_cal_process: giNumFlagDoAF = 11, focus_stage = 0
03-06 14:55:59.359   740 26826 I YuvCalculate: mono_mode: 0, ae_stable: [1, 0], colorDis: 0, buf_cnt:1
03-06 14:55:59.362   740 26828 I GRALLOC : LockFlexLayout: baseFormat: 11, yStride: 1920, ySize: 2073600, uOffset: 2073600,  uStride: 1920
03-06 14:55:59.363   740 26824 E DeviceBaseImpl: [HWA_CAM3]getAfObjectDistance get ANDROID_HW_AF_OBJECT_DISTANCD fail
03-06 14:55:59.363   740 26824 D Misc____: [ff00962_64D] onProcessFrame(666), afDistance(0.000000)
03-06 14:55:59.365   740 26828 I GRALLOC : LockFlexLayout: baseFormat: 11, yStride: 1920, ySize: 2073600, uOffset: 2073600,  uStride: 1920
03-06 14:55:59.366   722 26805 I Camera3-Stream: getBuffer: Stream 2, 0xf392bf00: Already dequeued max output buffers (7), wait for next returned one.
03-06 14:55:59.369   722 26811 I GRALLOC : LockFlexLayout: baseFormat: 11, yStride: 1920, ySize: 2073600, uOffset: 2073600,  uStride: 1920
03-06 14:55:59.407   740 26838 E IppAlgoSmartAE: [ff00962_64E] doSmartAEAlgo() failed to getSceneMode
03-06 14:55:59.407   740  1158 D EnvImpl : [HWA_CAM3]getPackageName :  io.framework7.classroom
03-06 14:55:59.407   740 26838 D contrastCal: ae_gain:256, ae_iso:50, frame_rate:20, frameWidth:1280, frameHeight:720
03-06 14:55:59.407   740 26838 I contrastCal: [smartAf]contrast_cal_process: giNumFlagDoAF = 12, focus_stage = 0
03-06 14:55:59.407   740  1158 I HwaUtils: [ff00962_64I] getProductExtendName() path=MHA
03-06 14:55:59.407   740  1158 I HwaUtils: [ff00962_64I] getOneCfgFile() path=NULL
03-06 14:55:59.408   740  1158 I HwaDMapIpp: [ff00962_64I] checkNeedSwapCalibrationData() ConfigFile NULL
03-06 14:55:59.408   740  1158 D Misc____: [ff00962_64D] enter loadRequest
03-06 14:55:59.408   740 26826 I YuvCalculate: mono_mode: 0, ae_stable: [1, 0], colorDis: 0, buf_cnt:1
03-06 14:55:59.408   740  1158 D EnvImpl : [HWA_CAM3]getPackageName :  io.framework7.classroom
03-06 14:55:59.408   740  1158 D IppAlgoFilter: [HWA_CAM3]loadPreviewRequest() REQUEST_DMAP_SWAP, status:0
03-06 14:55:59.408   740  1158 D EnvImpl : [HWA_CAM3]getPackageName :  io.framework7.classroom
03-06 14:55:59.408   740  1158 I chatty  : uid=1013(media) pl#2 identical 1 line
03-06 14:55:59.408   740  1158 D EnvImpl : [HWA_CAM3]getPackageName :  io.framework7.classroom
03-06 14:55:59.412   740 26824 E DeviceBaseImpl: [HWA_CAM3]getAfObjectDistance get ANDROID_HW_AF_OBJECT_DISTANCD fail
03-06 14:55:59.412   740 26824 D Misc____: [ff00962_64D] onProcessFrame(666), afDistance(0.000000)
03-06 14:55:59.413   740 26828 I GRALLOC : LockFlexLayout: baseFormat: 11, yStride: 1920, ySize: 2073600, uOffset: 2073600,  uStride: 1920
03-06 14:55:59.415   740 26828 I GRALLOC : LockFlexLayout: baseFormat: 11, yStride: 1920, ySize: 2073600, uOffset: 2073600,  uStride: 1920
03-06 14:55:59.416   722 26805 I Camera3-Stream: getBuffer: Stream 2, 0xf392bf00: Already dequeued max output buffers (7), wait for next returned one.
03-06 14:55:59.417   740 26826 I AntiBanding: onSubAlgoProcess() mAlgoCtx.continue_detect_cnt :1, mAlgoCtx.succ_detect_cnt : 0, mAlgoCtx.motion_flag = 0, detect_result:0, frequency_detected = 0,cur_expo = 1407
03-06 14:55:59.418   722 26811 I GRALLOC : LockFlexLayout: baseFormat: 11, yStride: 1920, ySize: 2073600, uOffset: 2073600,  uStride: 1920
03-06 14:55:59.457   740  1158 D EnvImpl : [HWA_CAM3]getPackageName :  io.framework7.classroom
03-06 14:55:59.457   740  1158 I HwaUtils: [ff00962_64I] getProductExtendName() path=MHA
03-06 14:55:59.457   740  1158 I HwaUtils: [ff00962_64I] getOneCfgFile() path=NULL
03-06 14:55:59.457   740  1158 I HwaDMapIpp: [ff00962_64I] checkNeedSwapCalibrationData() ConfigFile NULL
03-06 14:55:59.457   740  1158 D Misc____: [ff00962_64D] enter loadRequest
03-06 14:55:59.457   740  1158 D EnvImpl : [HWA_CAM3]getPackageName :  io.framework7.classroom
03-06 14:55:59.457   740  1158 D IppAlgoFilter: [HWA_CAM3]loadPreviewRequest() REQUEST_DMAP_SWAP, status:0
03-06 14:55:59.457   740  1158 D EnvImpl : [HWA_CAM3]getPackageName :  io.framework7.classroom
03-06 14:55:59.457   740  1158 I chatty  : uid=1013(media) pl#2 identical 1 line
03-06 14:55:59.457   740  1158 D EnvImpl : [HWA_CAM3]getPackageName :  io.framework7.classroom
03-06 14:55:59.457   740 26838 E IppAlgoSmartAE: [ff00962_64E] doSmartAEAlgo() failed to getSceneMode
03-06 14:55:59.458   740 26838 D contrastCal: ae_gain:256, ae_iso:50, frame_rate:20, frameWidth:1280, frameHeight:720
03-06 14:55:59.458   740 26838 I contrastCal: [smartAf]contrast_cal_process: giNumFlagDoAF = 13, focus_stage = 0
03-06 14:55:59.458   740 26826 I YuvCalculate: mono_mode: 0, ae_stable: [1, 0], colorDis: 0, buf_cnt:1
03-06 14:55:59.459   740 26824 E DeviceBaseImpl: [HWA_CAM3]getAfObjectDistance get ANDROID_HW_AF_OBJECT_DISTANCD fail
03-06 14:55:59.459   740 26824 D Misc____: [ff00962_64D] onProcessFrame(666), afDistance(0.000000)
03-06 14:55:59.462   740 26828 I GRALLOC : LockFlexLayout: baseFormat: 11, yStride: 1920, ySize: 2073600, uOffset: 2073600,  uStride: 1920
03-06 14:55:59.463   740 26828 I GRALLOC : LockFlexLayout: baseFormat: 11, yStride: 1920, ySize: 2073600, uOffset: 2073600,  uStride: 1920
03-06 14:55:59.464   722 26805 I Camera3-Stream: getBuffer: Stream 2, 0xf392bf00: Already dequeued max output buffers (7), wait for next returned one.
03-06 14:55:59.468   722 26811 I GRALLOC : LockFlexLayout: baseFormat: 11, yStride: 1920, ySize: 2073600, uOffset: 2073600,  uStride: 1920
03-06 14:55:59.468   740 26826 I AntiBanding: onSubAlgoProcess() mAlgoCtx.continue_detect_cnt :1, mAlgoCtx.succ_detect_cnt : 0, mAlgoCtx.motion_flag = 0, detect_result:0, frequency_detected = 0,cur_expo = 1407
03-06 14:55:59.507   740  1158 D EnvImpl : [HWA_CAM3]getPackageName :  io.framework7.classroom
03-06 14:55:59.507   740 26838 E IppAlgoSmartAE: [ff00962_64E] doSmartAEAlgo() failed to getSceneMode
03-06 14:55:59.507   740  1158 I HwaUtils: [ff00962_64I] getProductExtendName() path=MHA
03-06 14:55:59.507   740  1158 I HwaUtils: [ff00962_64I] getOneCfgFile() path=NULL
03-06 14:55:59.507   740  1158 I HwaDMapIpp: [ff00962_64I] checkNeedSwapCalibrationData() ConfigFile NULL
03-06 14:55:59.507   740 26838 D contrastCal: ae_gain:256, ae_iso:50, frame_rate:20, frameWidth:1280, frameHeight:720
03-06 14:55:59.507   740 26838 I contrastCal: [smartAf]contrast_cal_process: giNumFlagDoAF = 14, focus_stage = 0
03-06 14:55:59.507   740  1158 D Misc____: [ff00962_64D] enter loadRequest
03-06 14:55:59.507   740  1158 D EnvImpl : [HWA_CAM3]getPackageName :  io.framework7.classroom
03-06 14:55:59.507   740  1158 D IppAlgoFilter: [HWA_CAM3]loadPreviewRequest() REQUEST_DMAP_SWAP, status:0
03-06 14:55:59.507   740  1158 D EnvImpl : [HWA_CAM3]getPackageName :  io.framework7.classroom
03-06 14:55:59.507   740  1158 I chatty  : uid=1013(media) pl#2 identical 1 line
03-06 14:55:59.507   740  1158 D EnvImpl : [HWA_CAM3]getPackageName :  io.framework7.classroom
03-06 14:55:59.508   740 26826 I YuvCalculate: mono_mode: 0, ae_stable: [1, 0], colorDis: 0, buf_cnt:1
03-06 14:55:59.508   740 26824 E DeviceBaseImpl: [HWA_CAM3]getAfObjectDistance get ANDROID_HW_AF_OBJECT_DISTANCD fail
03-06 14:55:59.508   740 26824 D Misc____: [ff00962_64D] onProcessFrame(666), afDistance(0.000000)
03-06 14:55:59.511   740 26828 I GRALLOC : LockFlexLayout: baseFormat: 11, yStride: 1920, ySize: 2073600, uOffset: 2073600,  uStride: 1920
03-06 14:55:59.513   740 26826 I AntiBanding: onSubAlgoProcess() mAlgoCtx.continue_detect_cnt :1, mAlgoCtx.succ_detect_cnt : 0, mAlgoCtx.motion_flag = 0, detect_result:0, frequency_detected = 0,cur_expo = 1407
03-06 14:55:59.516   740 26828 I GRALLOC : LockFlexLayout: baseFormat: 11, yStride: 1920, ySize: 2073600, uOffset: 2073600,  uStride: 1920
03-06 14:55:59.517   722 26805 I Camera3-Stream: getBuffer: Stream 2, 0xf392bf00: Already dequeued max output buffers (7), wait for next returned one.
03-06 14:55:59.518   722 26811 I GRALLOC : LockFlexLayout: baseFormat: 11, yStride: 1920, ySize: 2073600, uOffset: 2073600,  uStride: 1920
03-06 14:55:59.557   740 26838 E IppAlgoSmartAE: [ff00962_64E] doSmartAEAlgo() failed to getSceneMode
03-06 14:55:59.557   740 26838 D contrastCal: ae_gain:256, ae_iso:50, frame_rate:20, frameWidth:1280, frameHeight:720
03-06 14:55:59.557   740  1158 D EnvImpl : [HWA_CAM3]getPackageName :  io.framework7.classroom
03-06 14:55:59.557   740 26838 I contrastCal: [smartAf]contrast_cal_process: giNumFlagDoAF = 15, focus_stage = 0
03-06 14:55:59.558   740  1158 I HwaUtils: [ff00962_64I] getProductExtendName() path=MHA
03-06 14:55:59.558   740  1158 I HwaUtils: [ff00962_64I] getOneCfgFile() path=NULL
03-06 14:55:59.558   740  1158 I HwaDMapIpp: [ff00962_64I] checkNeedSwapCalibrationData() ConfigFile NULL
03-06 14:55:59.558   740 26826 I YuvCalculate: mono_mode: 0, ae_stable: [1, 0], colorDis: 0, buf_cnt:1
03-06 14:55:59.558   740  1158 D Misc____: [ff00962_64D] enter loadRequest
03-06 14:55:59.558   740  1158 D EnvImpl : [HWA_CAM3]getPackageName :  io.framework7.classroom
03-06 14:55:59.558   740  1158 D IppAlgoFilter: [HWA_CAM3]loadPreviewRequest() REQUEST_DMAP_SWAP, status:0
03-06 14:55:59.558   740  1158 D EnvImpl : [HWA_CAM3]getPackageName :  io.framework7.classroom
03-06 14:55:59.558   740  1158 I chatty  : uid=1013(media) pl#2 identical 1 line
03-06 14:55:59.558   740  1158 D EnvImpl : [HWA_CAM3]getPackageName :  io.framework7.classroom
03-06 14:55:59.560   740 26824 E DeviceBaseImpl: [HWA_CAM3]getAfObjectDistance get ANDROID_HW_AF_OBJECT_DISTANCD fail
03-06 14:55:59.560   740 26824 D Misc____: [ff00962_64D] onProcessFrame(666), afDistance(0.000000)
03-06 14:55:59.560  1619  1866 I EventCenter: ContentChange for slot: 1
03-06 14:55:59.564   740 26826 I AntiBanding: onSubAlgoProcess() mAlgoCtx.continue_detect_cnt :1, mAlgoCtx.succ_detect_cnt : 0, mAlgoCtx.motion_flag = 0, detect_result:0, frequency_detected = 0,cur_expo = 1407
03-06 14:55:59.565   740 26828 I GRALLOC : LockFlexLayout: baseFormat: 11, yStride: 1920, ySize: 2073600, uOffset: 2073600,  uStride: 1920
03-06 14:55:59.565  1619  1619 I HwBrightnessUtils: APS brightness=62.0,ConvertToPercentage=0.44312897
03-06 14:55:59.566   740 26828 I GRALLOC : LockFlexLayout: baseFormat: 11, yStride: 1920, ySize: 2073600, uOffset: 2073600,  uStride: 1920
03-06 14:55:59.568   722 26805 I Camera3-Stream: getBuffer: Stream 2, 0xf392bf00: Already dequeued max output buffers (7), wait for next returned one.
03-06 14:55:59.569   722 26811 I GRALLOC : LockFlexLayout: baseFormat: 11, yStride: 1920, ySize: 2073600, uOffset: 2073600,  uStride: 1920
03-06 14:55:59.571  1619  1866 I EventCenter: ContentChange for slot: 1
03-06 14:55:59.607   740  1158 D EnvImpl : [HWA_CAM3]getPackageName :  io.framework7.classroom
03-06 14:55:59.607   740  1158 I HwaUtils: [ff00962_64I] getProductExtendName() path=MHA
03-06 14:55:59.607   740  1158 I HwaUtils: [ff00962_64I] getOneCfgFile() path=NULL
03-06 14:55:59.607   740  1158 I HwaDMapIpp: [ff00962_64I] checkNeedSwapCalibrationData() ConfigFile NULL
03-06 14:55:59.607   740  1158 D Misc____: [ff00962_64D] enter loadRequest
03-06 14:55:59.607   740  1158 D EnvImpl : [HWA_CAM3]getPackageName :  io.framework7.classroom
03-06 14:55:59.607   740  1158 D IppAlgoFilter: [HWA_CAM3]loadPreviewRequest() REQUEST_DMAP_SWAP, status:0
03-06 14:55:59.607   740  1158 D EnvImpl : [HWA_CAM3]getPackageName :  io.framework7.classroom
03-06 14:55:59.607   740  1158 I chatty  : uid=1013(media) pl#2 identical 1 line
03-06 14:55:59.607   740  1158 D EnvImpl : [HWA_CAM3]getPackageName :  io.framework7.classroom
03-06 14:55:59.609   740 26838 E IppAlgoSmartAE: [ff00962_64E] doSmartAEAlgo() failed to getSceneMode
03-06 14:55:59.609   740 26838 D contrastCal: ae_gain:256, ae_iso:50, frame_rate:20, frameWidth:1280, frameHeight:720
03-06 14:55:59.609   740 26838 I contrastCal: [smartAf]contrast_cal_process: giNumFlagDoAF = 16, focus_stage = 0
03-06 14:55:59.610   740 26826 I YuvCalculate: mono_mode: 0, ae_stable: [1, 0], colorDis: 0, buf_cnt:1
03-06 14:55:59.611   740 26828 I GRALLOC : LockFlexLayout: baseFormat: 11, yStride: 1920, ySize: 2073600, uOffset: 2073600,  uStride: 1920
03-06 14:55:59.612   740 26824 E DeviceBaseImpl: [HWA_CAM3]getAfObjectDistance get ANDROID_HW_AF_OBJECT_DISTANCD fail
03-06 14:55:59.612   740 26824 D Misc____: [ff00962_64D] onProcessFrame(666), afDistance(0.000000)
03-06 14:55:59.612   740 26828 I GRALLOC : LockFlexLayout: baseFormat: 11, yStride: 1920, ySize: 2073600, uOffset: 2073600,  uStride: 1920
03-06 14:55:59.614   722 26805 I Camera3-Stream: getBuffer: Stream 2, 0xf392bf00: Already dequeued max output buffers (7), wait for next returned one.
03-06 14:55:59.617   740 26826 I AntiBanding: onSubAlgoProcess() mAlgoCtx.continue_detect_cnt :1, mAlgoCtx.succ_detect_cnt : 0, mAlgoCtx.motion_flag = 0, detect_result:0, frequency_detected = 7,cur_expo = 1407
03-06 14:55:59.618   722 26811 I GRALLOC : LockFlexLayout: baseFormat: 11, yStride: 1920, ySize: 2073600, uOffset: 2073600,  uStride: 1920
03-06 14:55:59.657   740  1158 D EnvImpl : [HWA_CAM3]getPackageName :  io.framework7.classroom
03-06 14:55:59.657   740  1158 I HwaUtils: [ff00962_64I] getProductExtendName() path=MHA
03-06 14:55:59.657   740  1158 I HwaUtils: [ff00962_64I] getOneCfgFile() path=NULL
03-06 14:55:59.657   740  1158 I HwaDMapIpp: [ff00962_64I] checkNeedSwapCalibrationData() ConfigFile NULL
03-06 14:55:59.657   740  1158 D Misc____: [ff00962_64D] enter loadRequest
03-06 14:55:59.657   740  1158 D EnvImpl : [HWA_CAM3]getPackageName :  io.framework7.classroom
03-06 14:55:59.657   740  1158 D IppAlgoFilter: [HWA_CAM3]loadPreviewRequest() REQUEST_DMAP_SWAP, status:0
03-06 14:55:59.657   740  1158 D EnvImpl : [HWA_CAM3]getPackageName :  io.framework7.classroom
03-06 14:55:59.657   740  1158 I chatty  : uid=1013(media) pl#2 identical 1 line
03-06 14:55:59.657   740  1158 D EnvImpl : [HWA_CAM3]getPackageName :  io.framework7.classroom
03-06 14:55:59.659   740 26838 E IppAlgoSmartAE: [ff00962_64E] doSmartAEAlgo() failed to getSceneMode
03-06 14:55:59.659   740 26838 D contrastCal: ae_gain:256, ae_iso:50, frame_rate:20, frameWidth:1280, frameHeight:720
03-06 14:55:59.659   740 26838 I contrastCal: [smartAf]contrast_cal_process: giNumFlagDoAF = 17, focus_stage = 0
03-06 14:55:59.659   740 26826 I YuvCalculate: mono_mode: 0, ae_stable: [1, 0], colorDis: 0, buf_cnt:1
03-06 14:55:59.660   740 26824 E DeviceBaseImpl: [HWA_CAM3]getAfObjectDistance get ANDROID_HW_AF_OBJECT_DISTANCD fail
03-06 14:55:59.660   740 26824 D Misc____: [ff00962_64D] onProcessFrame(666), afDistance(0.000000)
03-06 14:55:59.661   740 26828 I GRALLOC : LockFlexLayout: baseFormat: 11, yStride: 1920, ySize: 2073600, uOffset: 2073600,  uStride: 1920
03-06 14:55:59.662   740 26828 I GRALLOC : LockFlexLayout: baseFormat: 11, yStride: 1920, ySize: 2073600, uOffset: 2073600,  uStride: 1920
03-06 14:55:59.662   722 26805 I Camera3-Stream: getBuffer: Stream 2, 0xf392bf00: Already dequeued max output buffers (7), wait for next returned one.
03-06 14:55:59.664   740 26826 I AntiBanding: onSubAlgoProcess() mAlgoCtx.continue_detect_cnt :1, mAlgoCtx.succ_detect_cnt : 0, mAlgoCtx.motion_flag = 0, detect_result:0, frequency_detected = 7,cur_expo = 1407
03-06 14:55:59.665   722 26811 I GRALLOC : LockFlexLayout: baseFormat: 11, yStride: 1920, ySize: 2073600, uOffset: 2073600,  uStride: 1920
03-06 14:55:59.707   740  1158 D EnvImpl : [HWA_CAM3]getPackageName :  io.framework7.classroom
03-06 14:55:59.707   740  1158 I HwaUtils: [ff00962_64I] getProductExtendName() path=MHA
03-06 14:55:59.708   740 26838 E IppAlgoSmartAE: [ff00962_64E] doSmartAEAlgo() failed to getSceneMode
03-06 14:55:59.708   740  1158 I HwaUtils: [ff00962_64I] getOneCfgFile() path=NULL
03-06 14:55:59.708   740  1158 I HwaDMapIpp: [ff00962_64I] checkNeedSwapCalibrationData() ConfigFile NULL
03-06 14:55:59.708   740  1158 D Misc____: [ff00962_64D] enter loadRequest
03-06 14:55:59.708   740 26838 D contrastCal: ae_gain:256, ae_iso:50, frame_rate:20, frameWidth:1280, frameHeight:720
03-06 14:55:59.708   740 26838 I contrastCal: [smartAf]contrast_cal_process: giNumFlagDoAF = 18, focus_stage = 0
03-06 14:55:59.708   740  1158 D EnvImpl : [HWA_CAM3]getPackageName :  io.framework7.classroom
03-06 14:55:59.708   740  1158 D IppAlgoFilter: [HWA_CAM3]loadPreviewRequest() REQUEST_DMAP_SWAP, status:0
03-06 14:55:59.708   740  1158 D EnvImpl : [HWA_CAM3]getPackageName :  io.framework7.classroom
03-06 14:55:59.708   740  1158 I chatty  : uid=1013(media) pl#2 identical 1 line
03-06 14:55:59.708   740  1158 D EnvImpl : [HWA_CAM3]getPackageName :  io.framework7.classroom
03-06 14:55:59.709   740 26826 I YuvCalculate: mono_mode: 0, ae_stable: [1, 0], colorDis: 0, buf_cnt:1
03-06 14:55:59.710   740 26824 E DeviceBaseImpl: [HWA_CAM3]getAfObjectDistance get ANDROID_HW_AF_OBJECT_DISTANCD fail
03-06 14:55:59.710   740 26824 D Misc____: [ff00962_64D] onProcessFrame(666), afDistance(0.000000)
03-06 14:55:59.714   740 26826 I AntiBanding: onSubAlgoProcess() mAlgoCtx.continue_detect_cnt :1, mAlgoCtx.succ_detect_cnt : 0, mAlgoCtx.motion_flag = 0, detect_result:0, frequency_detected = 35,cur_expo = 1407
03-06 14:55:59.714   740 26828 I GRALLOC : LockFlexLayout: baseFormat: 11, yStride: 1920, ySize: 2073600, uOffset: 2073600,  uStride: 1920
03-06 14:55:59.715   740 26828 I GRALLOC : LockFlexLayout: baseFormat: 11, yStride: 1920, ySize: 2073600, uOffset: 2073600,  uStride: 1920
03-06 14:55:59.719   722 26805 I Camera3-Stream: getBuffer: Stream 2, 0xf392bf00: Already dequeued max output buffers (7), wait for next returned one.
03-06 14:55:59.720   722 26811 I GRALLOC : LockFlexLayout: baseFormat: 11, yStride: 1920, ySize: 2073600, uOffset: 2073600,  uStride: 1920
03-06 14:55:59.757   740  1158 D EnvImpl : [HWA_CAM3]getPackageName :  io.framework7.classroom
03-06 14:55:59.757   740  1158 I HwaUtils: [ff00962_64I] getProductExtendName() path=MHA
03-06 14:55:59.757   740  1158 I HwaUtils: [ff00962_64I] getOneCfgFile() path=NULL
03-06 14:55:59.757   740  1158 I HwaDMapIpp: [ff00962_64I] checkNeedSwapCalibrationData() ConfigFile NULL
03-06 14:55:59.757   740  1158 D Misc____: [ff00962_64D] enter loadRequest
03-06 14:55:59.757   740  1158 D EnvImpl : [HWA_CAM3]getPackageName :  io.framework7.classroom
03-06 14:55:59.757   740  1158 D IppAlgoFilter: [HWA_CAM3]loadPreviewRequest() REQUEST_DMAP_SWAP, status:0
03-06 14:55:59.757   740  1158 D EnvImpl : [HWA_CAM3]getPackageName :  io.framework7.classroom
03-06 14:55:59.757   740  1158 I chatty  : uid=1013(media) pl#2 identical 1 line
03-06 14:55:59.757   740  1158 D EnvImpl : [HWA_CAM3]getPackageName :  io.framework7.classroom
03-06 14:55:59.759   740 26838 E IppAlgoSmartAE: [ff00962_64E] doSmartAEAlgo() failed to getSceneMode
03-06 14:55:59.759   740 26838 D contrastCal: ae_gain:256, ae_iso:50, frame_rate:20, frameWidth:1280, frameHeight:720
03-06 14:55:59.759   740 26838 I contrastCal: [smartAf]contrast_cal_process: giNumFlagDoAF = 19, focus_stage = 0
03-06 14:55:59.760   740 26824 E DeviceBaseImpl: [HWA_CAM3]getAfObjectDistance get ANDROID_HW_AF_OBJECT_DISTANCD fail
03-06 14:55:59.760   740 26824 D Misc____: [ff00962_64D] onProcessFrame(666), afDistance(0.000000)
03-06 14:55:59.763   740 26826 I YuvCalculate: mono_mode: 0, ae_stable: [1, 0], colorDis: 0, buf_cnt:1
03-06 14:55:59.772  1619  1866 I EventCenter: ContentChange for slot: 1
03-06 14:55:59.777   740 26828 I GRALLOC : LockFlexLayout: baseFormat: 11, yStride: 1920, ySize: 2073600, uOffset: 2073600,  uStride: 1920
03-06 14:55:59.781  1619  1866 I EventCenter: ContentChange for slot: 1
03-06 14:55:59.785  1619  1619 I HwBrightnessUtils: APS brightness=63.0,ConvertToPercentage=0.4473574
03-06 14:55:59.785   740 26828 I GRALLOC : LockFlexLayout: baseFormat: 11, yStride: 1920, ySize: 2073600, uOffset: 2073600,  uStride: 1920
03-06 14:55:59.787   722 26805 I Camera3-Stream: getBuffer: Stream 2, 0xf392bf00: Already dequeued max output buffers (7), wait for next returned one.
03-06 14:55:59.787   722 26811 I GRALLOC : LockFlexLayout: baseFormat: 11, yStride: 1920, ySize: 2073600, uOffset: 2073600,  uStride: 1920
03-06 14:55:59.807   740  1158 D EnvImpl : [HWA_CAM3]getPackageName :  io.framework7.classroom
03-06 14:55:59.807   740  1158 I HwaUtils: [ff00962_64I] getProductExtendName() path=MHA
03-06 14:55:59.807   740  1158 I HwaUtils: [ff00962_64I] getOneCfgFile() path=NULL
03-06 14:55:59.807   740  1158 I HwaDMapIpp: [ff00962_64I] checkNeedSwapCalibrationData() ConfigFile NULL
03-06 14:55:59.808   740  1158 D Misc____: [ff00962_64D] enter loadRequest
03-06 14:55:59.808   740  1158 D EnvImpl : [HWA_CAM3]getPackageName :  io.framework7.classroom
03-06 14:55:59.808   740  1158 D IppAlgoFilter: [HWA_CAM3]loadPreviewRequest() REQUEST_DMAP_SWAP, status:0
03-06 14:55:59.808   740  1158 D EnvImpl : [HWA_CAM3]getPackageName :  io.framework7.classroom
03-06 14:55:59.808   740  1158 I chatty  : uid=1013(media) pl#2 identical 1 line
03-06 14:55:59.808   740  1158 D EnvImpl : [HWA_CAM3]getPackageName :  io.framework7.classroom
03-06 14:55:59.809   740 26838 E IppAlgoSmartAE: [ff00962_64E] doSmartAEAlgo() failed to getSceneMode
03-06 14:55:59.809   740 26838 D contrastCal: ae_gain:256, ae_iso:50, frame_rate:20, frameWidth:1280, frameHeight:720
03-06 14:55:59.809   740 26838 I contrastCal: [smartAf]contrast_cal_process: giNumFlagDoAF = 20, focus_stage = 0
03-06 14:55:59.809   740 26826 I YuvCalculate: mono_mode: 0, ae_stable: [1, 0], colorDis: 0, buf_cnt:1
03-06 14:55:59.811   740 26824 E DeviceBaseImpl: [HWA_CAM3]getAfObjectDistance get ANDROID_HW_AF_OBJECT_DISTANCD fail
03-06 14:55:59.811   740 26824 D Misc____: [ff00962_64D] onProcessFrame(666), afDistance(0.000000)
03-06 14:55:59.817   740 26828 I GRALLOC : LockFlexLayout: baseFormat: 11, yStride: 1920, ySize: 2073600, uOffset: 2073600,  uStride: 1920
03-06 14:55:59.818   740 26828 I GRALLOC : LockFlexLayout: baseFormat: 11, yStride: 1920, ySize: 2073600, uOffset: 2073600,  uStride: 1920
03-06 14:55:59.820   722 26811 I GRALLOC : LockFlexLayout: baseFormat: 11, yStride: 1920, ySize: 2073600, uOffset: 2073600,  uStride: 1920
03-06 14:55:59.820   722 26805 I Camera3-Stream: getBuffer: Stream 0, 0xf3d6c080: Already dequeued max output buffers (7), wait for next returned one.
